Archive member included to satisfy reference by file (symbol)

C:/Users/Danfi/OneDrive/Documents/arm-gnu-toolchain-14.2.rel1-mingw-w64-i686-arm-none-eabi/bin/../lib/gcc/arm-none-eabi/14.2.1/thumb/v6-m/nofp\libm.a(libm_a-wf_exp.o)
                              build/default/production/fis.o (expf)
C:/Users/Danfi/OneDrive/Documents/arm-gnu-toolchain-14.2.rel1-mingw-w64-i686-arm-none-eabi/bin/../lib/gcc/arm-none-eabi/14.2.1/thumb/v6-m/nofp\libm.a(libm_a-wf_log.o)
                              build/default/production/cal_temp.o (logf)
C:/Users/Danfi/OneDrive/Documents/arm-gnu-toolchain-14.2.rel1-mingw-w64-i686-arm-none-eabi/bin/../lib/gcc/arm-none-eabi/14.2.1/thumb/v6-m/nofp\libm.a(libm_a-wf_pow.o)
                              build/default/production/cal_temp.o (powf)
C:/Users/Danfi/OneDrive/Documents/arm-gnu-toolchain-14.2.rel1-mingw-w64-i686-arm-none-eabi/bin/../lib/gcc/arm-none-eabi/14.2.1/thumb/v6-m/nofp\libm.a(libm_a-sf_finite.o)
                              C:/Users/Danfi/OneDrive/Documents/arm-gnu-toolchain-14.2.rel1-mingw-w64-i686-arm-none-eabi/bin/../lib/gcc/arm-none-eabi/14.2.1/thumb/v6-m/nofp\libm.a(libm_a-wf_exp.o) (finitef)
C:/Users/Danfi/OneDrive/Documents/arm-gnu-toolchain-14.2.rel1-mingw-w64-i686-arm-none-eabi/bin/../lib/gcc/arm-none-eabi/14.2.1/thumb/v6-m/nofp\libm.a(libm_a-sf_nan.o)
                              C:/Users/Danfi/OneDrive/Documents/arm-gnu-toolchain-14.2.rel1-mingw-w64-i686-arm-none-eabi/bin/../lib/gcc/arm-none-eabi/14.2.1/thumb/v6-m/nofp\libm.a(libm_a-wf_log.o) (nanf)
C:/Users/Danfi/OneDrive/Documents/arm-gnu-toolchain-14.2.rel1-mingw-w64-i686-arm-none-eabi/bin/../lib/gcc/arm-none-eabi/14.2.1/thumb/v6-m/nofp\libm.a(libm_a-sf_round.o)
                              build/default/production/fis.o (roundf)
C:/Users/Danfi/OneDrive/Documents/arm-gnu-toolchain-14.2.rel1-mingw-w64-i686-arm-none-eabi/bin/../lib/gcc/arm-none-eabi/14.2.1/thumb/v6-m/nofp\libm.a(libm_a-ef_exp.o)
                              C:/Users/Danfi/OneDrive/Documents/arm-gnu-toolchain-14.2.rel1-mingw-w64-i686-arm-none-eabi/bin/../lib/gcc/arm-none-eabi/14.2.1/thumb/v6-m/nofp\libm.a(libm_a-wf_exp.o) (__ieee754_expf)
C:/Users/Danfi/OneDrive/Documents/arm-gnu-toolchain-14.2.rel1-mingw-w64-i686-arm-none-eabi/bin/../lib/gcc/arm-none-eabi/14.2.1/thumb/v6-m/nofp\libm.a(libm_a-ef_log.o)
                              C:/Users/Danfi/OneDrive/Documents/arm-gnu-toolchain-14.2.rel1-mingw-w64-i686-arm-none-eabi/bin/../lib/gcc/arm-none-eabi/14.2.1/thumb/v6-m/nofp\libm.a(libm_a-wf_log.o) (__ieee754_logf)
C:/Users/Danfi/OneDrive/Documents/arm-gnu-toolchain-14.2.rel1-mingw-w64-i686-arm-none-eabi/bin/../lib/gcc/arm-none-eabi/14.2.1/thumb/v6-m/nofp\libm.a(libm_a-ef_pow.o)
                              C:/Users/Danfi/OneDrive/Documents/arm-gnu-toolchain-14.2.rel1-mingw-w64-i686-arm-none-eabi/bin/../lib/gcc/arm-none-eabi/14.2.1/thumb/v6-m/nofp\libm.a(libm_a-wf_pow.o) (__ieee754_powf)
C:/Users/Danfi/OneDrive/Documents/arm-gnu-toolchain-14.2.rel1-mingw-w64-i686-arm-none-eabi/bin/../lib/gcc/arm-none-eabi/14.2.1/thumb/v6-m/nofp\libm.a(libm_a-sf_fabs.o)
                              C:/Users/Danfi/OneDrive/Documents/arm-gnu-toolchain-14.2.rel1-mingw-w64-i686-arm-none-eabi/bin/../lib/gcc/arm-none-eabi/14.2.1/thumb/v6-m/nofp\libm.a(libm_a-ef_pow.o) (fabsf)
C:/Users/Danfi/OneDrive/Documents/arm-gnu-toolchain-14.2.rel1-mingw-w64-i686-arm-none-eabi/bin/../lib/gcc/arm-none-eabi/14.2.1/thumb/v6-m/nofp\libm.a(libm_a-sf_scalbn.o)
                              C:/Users/Danfi/OneDrive/Documents/arm-gnu-toolchain-14.2.rel1-mingw-w64-i686-arm-none-eabi/bin/../lib/gcc/arm-none-eabi/14.2.1/thumb/v6-m/nofp\libm.a(libm_a-ef_pow.o) (scalbnf)
C:/Users/Danfi/OneDrive/Documents/arm-gnu-toolchain-14.2.rel1-mingw-w64-i686-arm-none-eabi/bin/../lib/gcc/arm-none-eabi/14.2.1/thumb/v6-m/nofp\libm.a(libm_a-math_errf.o)
                              C:/Users/Danfi/OneDrive/Documents/arm-gnu-toolchain-14.2.rel1-mingw-w64-i686-arm-none-eabi/bin/../lib/gcc/arm-none-eabi/14.2.1/thumb/v6-m/nofp\libm.a(libm_a-ef_exp.o) (__math_uflowf)
C:/Users/Danfi/OneDrive/Documents/arm-gnu-toolchain-14.2.rel1-mingw-w64-i686-arm-none-eabi/bin/../lib/gcc/arm-none-eabi/14.2.1/thumb/v6-m/nofp\libm.a(libm_a-ef_sqrt.o)
                              C:/Users/Danfi/OneDrive/Documents/arm-gnu-toolchain-14.2.rel1-mingw-w64-i686-arm-none-eabi/bin/../lib/gcc/arm-none-eabi/14.2.1/thumb/v6-m/nofp\libm.a(libm_a-ef_pow.o) (__ieee754_sqrtf)
C:/Users/Danfi/OneDrive/Documents/arm-gnu-toolchain-14.2.rel1-mingw-w64-i686-arm-none-eabi/bin/../lib/gcc/arm-none-eabi/14.2.1/thumb/v6-m/nofp\libgcc.a(_arm_cmpdf2.o)
                              build/default/production/main.o (__aeabi_dcmplt)
C:/Users/Danfi/OneDrive/Documents/arm-gnu-toolchain-14.2.rel1-mingw-w64-i686-arm-none-eabi/bin/../lib/gcc/arm-none-eabi/14.2.1/thumb/v6-m/nofp\libgcc.a(_arm_cmpsf2.o)
                              build/default/production/fis.o (__aeabi_fcmpeq)
[...]
Memory Configuration

Name             Origin             Length             Attributes
rom              0x00000000         0x00040000         xr
ram              0x20000000         0x00008000         xrw
*default*        0x00000000         0xffffffff

Linker script and memory map

LOAD C:/Users/Danfi/OneDrive/Documents/arm-gnu-toolchain-14.2.rel1-mingw-w64-i686-arm-none-eabi/bin/../lib/gcc/arm-none-eabi/14.2.1/thumb/v6-m/nofp/crti.o
LOAD C:/Users/Danfi/OneDrive/Documents/arm-gnu-toolchain-14.2.rel1-mingw-w64-i686-arm-none-eabi/bin/../lib/gcc/arm-none-eabi/14.2.1/thumb/v6-m/nofp/crtbegin.o
LOAD C:/Users/Danfi/OneDrive/Documents/arm-gnu-toolchain-14.2.rel1-mingw-w64-i686-arm-none-eabi/bin/../lib/gcc/arm-none-eabi/14.2.1/thumb/v6-m/nofp/crt0.o
LOAD build/default/production/startup_samc21e18a.o
LOAD build/default/production/system_samc21e18a.o
LOAD build/default/production/main.o
LOAD build/default/production/analog.o
LOAD build/default/production/cal_temp.o
LOAD build/default/production/dac.o
LOAD build/default/production/fis.o
LOAD build/default/production/flash.o
LOAD build/default/production/port.o
LOAD build/default/production/spi.o
LOAD build/default/production/system.o
LOAD build/default/production/systick.o
LOAD build/default/production/timer.o
LOAD build/default/production/uart.o
                0x00000001                        __MPLAB_BUILD = 0x1
                0x00000001                        __printf_float = 0x1
LOAD C:/Users/Danfi/OneDrive/Documents/arm-gnu-toolchain-14.2.rel1-mingw-w64-i686-arm-none-eabi/bin/../lib/gcc/arm-none-eabi/14.2.1/thumb/v6-m/nofp\libm.a
START GROUP
LOAD C:/Users/Danfi/OneDrive/Documents/arm-gnu-toolchain-14.2.rel1-mingw-w64-i686-arm-none-eabi/bin/../lib/gcc/arm-none-eabi/14.2.1/thumb/v6-m/nofp\libgcc.a
LOAD C:/Users/Danfi/OneDrive/Documents/arm-gnu-toolchain-14.2.rel1-mingw-w64-i686-arm-none-eabi/bin/../lib/gcc/arm-none-eabi/14.2.1/thumb/v6-m/nofp\libc.a
END GROUP
START GROUP
LOAD C:/Users/Danfi/OneDrive/Documents/arm-gnu-toolchain-14.2.rel1-mingw-w64-i686-arm-none-eabi/bin/../lib/gcc/arm-none-eabi/14.2.1/thumb/v6-m/nofp\libgcc.a
LOAD C:/Users/Danfi/OneDrive/Documents/arm-gnu-toolchain-14.2.rel1-mingw-w64-i686-arm-none-eabi/bin/../lib/gcc/arm-none-eabi/14.2.1/thumb/v6-m/nofp\libc.a
LOAD C:/Users/Danfi/OneDrive/Documents/arm-gnu-toolchain-14.2.rel1-mingw-w64-i686-arm-none-eabi/bin/../lib/gcc/arm-none-eabi/14.2.1/thumb/v6-m/nofp\libnosys.a
END GROUP
LOAD C:/Users/Danfi/OneDrive/Documents/arm-gnu-toolchain-14.2.rel1-mingw-w64-i686-arm-none-eabi/bin/../lib/gcc/arm-none-eabi/14.2.1/thumb/v6-m/nofp/crtend.o
LOAD C:/Users/Danfi/OneDrive/Documents/arm-gnu-toolchain-14.2.rel1-mingw-w64-i686-arm-none-eabi/bin/../lib/gcc/arm-none-eabi/14.2.1/thumb/v6-m/nofp/crtn.o
                0x00002000                        STACK_SIZE = DEFINED (STACK_SIZE)?STACK_SIZE:DEFINED (__stack_size__)?__stack_size__:0x2000

.text           0x00000000     0xdd74
                0x00000000                        . = ALIGN (0x4)
                0x00000000                        _sfixed = .
 *(.vectors .vectors.*)
 .vectors       0x00000000       0xbc build/default/production/startup_samc21e18a.o
                0x00000000                exception_table
 *(.text .text.* .gnu.linkonce.t.*)
 .text.deregister_tm_clones
                0x000000bc       0x20 C:/Users/Danfi/OneDrive/Documents/arm-gnu-toolchain-14.2.rel1-mingw-w64-i686-arm-none-eabi/bin/../lib/gcc/arm-none-eabi/14.2.1/thumb/v6-m/nofp/crtbegin.o
 .text.register_tm_clones
                0x000000dc       0x28 C:/Users/Danfi/OneDrive/Documents/arm-gnu-toolchain-14.2.rel1-mingw-w64-i686-arm-none-eabi/bin/../lib/gcc/arm-none-eabi/14.2.1/thumb/v6-m/nofp/crtbegin.o
 .text.__do_global_dtors_aux
                0x00000104       0x2c C:/Users/Danfi/OneDrive/Documents/arm-gnu-toolchain-14.2.rel1-mingw-w64-i686-arm-none-eabi/bin/../lib/gcc/arm-none-eabi/14.2.1/thumb/v6-m/nofp/crtbegin.o
 .text.frame_dummy
                0x00000130       0x24 C:/Users/Danfi/OneDrive/Documents/arm-gnu-toolchain-14.2.rel1-mingw-w64-i686-arm-none-eabi/bin/../lib/gcc/arm-none-eabi/14.2.1/thumb/v6-m/nofp/crtbegin.o
 .text.Reset_Handler
                0x00000154       0xa4 build/default/production/startup_samc21e18a.o
                0x00000154                Reset_Handler
 .text.Dummy_Handler
                0x000001f8        0x8 build/default/production/startup_samc21e18a.o
                0x000001f8                SVCall_Handler
                0x000001f8                DMAC_Handler
                0x000001f8                HardFault_Handler
                0x000001f8                TC2_Handler
                0x000001f8                AC_Handler
                0x000001f8                PendSV_Handler
                0x000001f8                SERCOM1_Handler
                0x000001f8                NonMaskableInt_Handler
                0x000001f8                TCC1_Handler
                0x000001f8                SERCOM2_Handler
                0x000001f8                TCC0_Handler
                0x000001f8                RTC_Handler
                0x000001f8                ADC1_Handler
                0x000001f8                EIC_Handler
                0x000001f8                WDT_Handler
                0x000001f8                CAN0_Handler
                0x000001f8                TC4_Handler
                0x000001f8                TC1_Handler
                0x000001f8                TC3_Handler
                0x000001f8                Dummy_Handler
                0x000001f8                ADC0_Handler
                0x000001f8                TSENS_Handler
                0x000001f8                TCC2_Handler
                0x000001f8                EVSYS_Handler
                0x000001f8                SERCOM3_Handler
                0x000001f8                NVMCTRL_Handler
                0x000001f8                SYSTEM_Handler
                0x000001f8                DAC_Handler
                0x000001f8                PTC_Handler
                0x000001f8                FREQM_Handler
                0x000001f8                TC0_Handler
 .text.main     0x00000200      0x25c build/default/production/main.o
                0x00000200                main
 .text.sdadc_flush
                0x0000045c       0x2c build/default/production/analog.o
                0x0000045c                sdadc_flush
 .text.sdadc_init
                0x00000488       0x84 build/default/production/analog.o
                0x00000488                sdadc_init
 .text.sdadc_start
                0x0000050c       0x64 build/default/production/analog.o
                0x0000050c                sdadc_start
 .text.sdadc_stop
                0x00000570       0x38 build/default/production/analog.o
                0x00000570                sdadc_stop
 .text.SDADC_Handler
                0x000005a8       0x98 build/default/production/analog.o
                0x000005a8                SDADC_Handler
 .text.myLn     0x00000640       0x20 build/default/production/cal_temp.o
                0x00000640                myLn
 .text.raw_to_voltage
                0x00000660       0x90 build/default/production/cal_temp.o
                0x00000660                raw_to_voltage
 .text.find_average
                0x000006f0       0x6c build/default/production/cal_temp.o
                0x000006f0                find_average
 .text.voltage_to_temp
                0x0000075c       0xd4 build/default/production/cal_temp.o
                0x0000075c                voltage_to_temp
 .text.get_temp_inputs
                0x00000830       0x44 build/default/production/cal_temp.o
                0x00000830                get_temp_inputs
 .text.dac_init
                0x00000874       0x58 build/default/production/dac.o
                0x00000874                dac_init
 .text.dac_write
                0x000008cc       0x38 build/default/production/dac.o
                0x000008cc                dac_write
 .text.initFuzzyVars
                0x00000904       0x8c build/default/production/fis.o
                0x00000904                initFuzzyVars
 .text.compute_gaussian_value
                0x00000990      0x120 build/default/production/fis.o
                0x00000990                compute_gaussian_value
 .text.generate_gaussianLUT_dev
                0x00000ab0       0x90 build/default/production/fis.o
                0x00000ab0                generate_gaussianLUT_dev
 .text.interpolate_LUT
                0x00000b40      0x16c build/default/production/fis.o
                0x00000b40                interpolate_LUT
 .text.evaluate_ruleset
                0x00000cac       0xf0 build/default/production/fis.o
                0x00000cac                evaluate_ruleset
 .text.defuzzify
                0x00000d9c       0xc8 build/default/production/fis.o
                0x00000d9c                defuzzify
 .text.nvm_init
                0x00000e64       0x14 build/default/production/flash.o
                0x00000e64                nvm_init
 .text.pin_init
                0x00000e78      0x16c build/default/production/port.o
                0x00000e78                pin_init
 .text.__NVIC_EnableIRQ
                0x00000fe4       0x34 build/default/production/system.o
 .text.__NVIC_SetPriority
                0x00001018       0xdc build/default/production/system.o
 .text.osc48m_init
                0x000010f4       0x64 build/default/production/system.o
 .text.gclk0_init
                0x00001158       0x28 build/default/production/system.o
 .text.mclk_init
                0x00001180       0x28 build/default/production/system.o
 .text.peripheral_clk_init
                0x000011a8       0x90 build/default/production/system.o
 .text.system_init
                0x00001238       0x2c build/default/production/system.o
                0x00001238                system_init
 .text.nvic_init
                0x00001264       0x2c build/default/production/system.o
                0x00001264                nvic_init
 .text.nvic_int_enable
                0x00001290       0x14 build/default/production/system.o
                0x00001290                nvic_int_enable
 .text.systick_init
                0x000012a4       0x2c build/default/production/systick.o
                0x000012a4                systick_init
 .text.SysTick_Handler
                0x000012d0       0x20 build/default/production/systick.o
                0x000012d0                SysTick_Handler
 .text.tc3_init
                0x000012f0       0x3c build/default/production/timer.o
                0x000012f0                tc3_init
 .text._write   0x0000132c       0x3c build/default/production/uart.o
                0x0000132c                _write
 .text._read    0x00001368       0x16 build/default/production/uart.o
                0x00001368                _read
 .text._close   0x0000137e       0x12 build/default/production/uart.o
                0x0000137e                _close
 .text._fstat   0x00001390       0x14 build/default/production/uart.o
                0x00001390                _fstat
 .text._isatty  0x000013a4       0x12 build/default/production/uart.o
                0x000013a4                _isatty
 .text._lseek   0x000013b6       0x16 build/default/production/uart.o
                0x000013b6                _lseek
 .text._kill    0x000013cc       0x14 build/default/production/uart.o
                0x000013cc                _kill
 .text._getpid  0x000013e0        0xc build/default/production/uart.o
                0x000013e0                _getpid
 .text.uart_init
                0x000013ec       0x4c build/default/production/uart.o
                0x000013ec                uart_init
 .text.tx_byte  0x00001438       0x48 build/default/production/uart.o
                0x00001438                tx_byte
 .text.SERCOM0_Handler
                0x00001480       0xf4 build/default/production/uart.o
                0x00001480                SERCOM0_Handler
 .text.expf     0x00001574       0x54 C:/Users/Danfi/OneDrive/Documents/arm-gnu-toolchain-14.2.rel1-mingw-w64-i686-arm-none-eabi/bin/../lib/gcc/arm-none-eabi/14.2.1/thumb/v6-m/nofp\libm.a(libm_a-wf_exp.o)
                0x00001574                expf
 .text.logf     0x000015c8       0x58 C:/Users/Danfi/OneDrive/Documents/arm-gnu-toolchain-14.2.rel1-mingw-w64-i686-arm-none-eabi/bin/../lib/gcc/arm-none-eabi/14.2.1/thumb/v6-m/nofp\libm.a(libm_a-wf_log.o)
                0x000015c8                logf
 .text.powf     0x00001620       0xb0 C:/Users/Danfi/OneDrive/Documents/arm-gnu-toolchain-14.2.rel1-mingw-w64-i686-arm-none-eabi/bin/../lib/gcc/arm-none-eabi/14.2.1/thumb/v6-m/nofp\libm.a(libm_a-wf_pow.o)
                0x00001620                powf
 .text.finitef  0x000016d0       0x10 C:/Users/Danfi/OneDrive/Documents/arm-gnu-toolchain-14.2.rel1-mingw-w64-i686-arm-none-eabi/bin/../lib/gcc/arm-none-eabi/14.2.1/thumb/v6-m/nofp\libm.a(libm_a-sf_finite.o)
                0x000016d0                finitef
 .text.nanf     0x000016e0        0x8 C:/Users/Danfi/OneDrive/Documents/arm-gnu-toolchain-14.2.rel1-mingw-w64-i686-arm-none-eabi/bin/../lib/gcc/arm-none-eabi/14.2.1/thumb/v6-m/nofp\libm.a(libm_a-sf_nan.o)
                0x000016e0                nanf
 .text.roundf   0x000016e8       0x48 C:/Users/Danfi/OneDrive/Documents/arm-gnu-toolchain-14.2.rel1-mingw-w64-i686-arm-none-eabi/bin/../lib/gcc/arm-none-eabi/14.2.1/thumb/v6-m/nofp\libm.a(libm_a-sf_round.o)
                0x000016e8                roundf
 .text.__ieee754_expf
                0x00001730      0x248 C:/Users/Danfi/OneDrive/Documents/arm-gnu-toolchain-14.2.rel1-mingw-w64-i686-arm-none-eabi/bin/../lib/gcc/arm-none-eabi/14.2.1/thumb/v6-m/nofp\libm.a(libm_a-ef_exp.o)
                0x00001730                __ieee754_expf
 .text.__ieee754_logf
                0x00001978      0x28c C:/Users/Danfi/OneDrive/Documents/arm-gnu-toolchain-14.2.rel1-mingw-w64-i686-arm-none-eabi/bin/../lib/gcc/arm-none-eabi/14.2.1/thumb/v6-m/nofp\libm.a(libm_a-ef_log.o)
                0x00001978                __ieee754_logf
 .text.__ieee754_powf
                0x00001c04      0x804 C:/Users/Danfi/OneDrive/Documents/arm-gnu-toolchain-14.2.rel1-mingw-w64-i686-arm-none-eabi/bin/../lib/gcc/arm-none-eabi/14.2.1/thumb/v6-m/nofp\libm.a(libm_a-ef_pow.o)
                0x00001c04                __ieee754_powf
 .text.fabsf    0x00002408        0x8 C:/Users/Danfi/OneDrive/Documents/arm-gnu-toolchain-14.2.rel1-mingw-w64-i686-arm-none-eabi/bin/../lib/gcc/arm-none-eabi/14.2.1/thumb/v6-m/nofp\libm.a(libm_a-sf_fabs.o)
                0x00002408                fabsf
 .text.scalbnf  0x00002410       0xc4 C:/Users/Danfi/OneDrive/Documents/arm-gnu-toolchain-14.2.rel1-mingw-w64-i686-arm-none-eabi/bin/../lib/gcc/arm-none-eabi/14.2.1/thumb/v6-m/nofp\libm.a(libm_a-sf_scalbn.o)
                0x00002410                scalbnf
 .text.with_errnof
                0x000024d4       0x10 C:/Users/Danfi/OneDrive/Documents/arm-gnu-toolchain-14.2.rel1-mingw-w64-i686-arm-none-eabi/bin/../lib/gcc/arm-none-eabi/14.2.1/thumb/v6-m/nofp\libm.a(libm_a-math_errf.o)
 .text.xflowf   0x000024e4       0x1c C:/Users/Danfi/OneDrive/Documents/arm-gnu-toolchain-14.2.rel1-mingw-w64-i686-arm-none-eabi/bin/../lib/gcc/arm-none-eabi/14.2.1/thumb/v6-m/nofp\libm.a(libm_a-math_errf.o)
 .text.__math_uflowf
                0x00002500        0xc C:/Users/Danfi/OneDrive/Documents/arm-gnu-toolchain-14.2.rel1-mingw-w64-i686-arm-none-eabi/bin/../lib/gcc/arm-none-eabi/14.2.1/thumb/v6-m/nofp\libm.a(libm_a-math_errf.o)
                0x00002500                __math_uflowf
 .text.__math_oflowf
                0x0000250c        0xc C:/Users/Danfi/OneDrive/Documents/arm-gnu-toolchain-14.2.rel1-mingw-w64-i686-arm-none-eabi/bin/../lib/gcc/arm-none-eabi/14.2.1/thumb/v6-m/nofp\libm.a(libm_a-math_errf.o)
                0x0000250c                __math_oflowf
 .text.__ieee754_sqrtf
                0x00002518       0xec C:/Users/Danfi/OneDrive/Documents/arm-gnu-toolchain-14.2.rel1-mingw-w64-i686-arm-none-eabi/bin/../lib/gcc/arm-none-eabi/14.2.1/thumb/v6-m/nofp\libm.a(libm_a-ef_sqrt.o)
                0x00002518                __ieee754_sqrtf
 .text          0x00002604       0x7c C:/Users/Danfi/OneDrive/Documents/arm-gnu-toolchain-14.2.rel1-mingw-w64-i686-arm-none-eabi/bin/../lib/gcc/arm-none-eabi/14.2.1/thumb/v6-m/nofp\libgcc.a(_arm_cmpdf2.o)
                0x00002604                __aeabi_cdrcmple
                0x00002614                __aeabi_cdcmple
                0x00002614                __aeabi_cdcmpeq
                0x00002624                __aeabi_dcmpeq
                0x00002630                __aeabi_dcmplt
                0x00002644                __aeabi_dcmple
                0x00002658                __aeabi_dcmpgt
                0x0000266c                __aeabi_dcmpge
 .text          0x00002680       0x74 C:/Users/Danfi/OneDrive/Documents/arm-gnu-toolchain-14.2.rel1-mingw-w64-i686-arm-none-eabi/bin/../lib/gcc/arm-none-eabi/14.2.1/thumb/v6-m/nofp\libgcc.a(_arm_cmpsf2.o)
                0x00002680                __aeabi_cfrcmple
                0x00002688                __aeabi_cfcmpeq
                0x00002688                __aeabi_cfcmple
                0x00002698                __aeabi_fcmpeq
                0x000026a4                __aeabi_fcmplt
                0x000026b8                __aeabi_fcmple
                0x000026cc                __aeabi_fcmpgt
                0x000026e0                __aeabi_fcmpge
 .text.__fixunssfsi
                0x000026f4       0x30 C:/Users/Danfi/OneDrive/Documents/arm-gnu-toolchain-14.2.rel1-mingw-w64-i686-arm-none-eabi/bin/../lib/gcc/arm-none-eabi/14.2.1/thumb/v6-m/nofp\libgcc.a(_fixunssfsi.o)
                0x000026f4                __fixunssfsi
                0x000026f4                __aeabi_f2uiz
 .text.__aeabi_fadd
                0x00002724      0x41c C:/Users/Danfi/OneDrive/Documents/arm-gnu-toolchain-14.2.rel1-mingw-w64-i686-arm-none-eabi/bin/../lib/gcc/arm-none-eabi/14.2.1/thumb/v6-m/nofp\libgcc.a(addsf3.o)
                0x00002724                __aeabi_fadd
 .text.__aeabi_fdiv
                0x00002b40      0x22c C:/Users/Danfi/OneDrive/Documents/arm-gnu-toolchain-14.2.rel1-mingw-w64-i686-arm-none-eabi/bin/../lib/gcc/arm-none-eabi/14.2.1/thumb/v6-m/nofp\libgcc.a(divsf3.o)
                0x00002b40                __aeabi_fdiv
 .text.__eqsf2  0x00002d6c       0x50 C:/Users/Danfi/OneDrive/Documents/arm-gnu-toolchain-14.2.rel1-mingw-w64-i686-arm-none-eabi/bin/../lib/gcc/arm-none-eabi/14.2.1/thumb/v6-m/nofp\libgcc.a(eqsf2.o)
                0x00002d6c                __eqsf2
                0x00002d6c                __nesf2
 .text.__gesf2  0x00002dbc       0x90 C:/Users/Danfi/OneDrive/Documents/arm-gnu-toolchain-14.2.rel1-mingw-w64-i686-arm-none-eabi/bin/../lib/gcc/arm-none-eabi/14.2.1/thumb/v6-m/nofp\libgcc.a(gesf2.o)
                0x00002dbc                __gesf2
                0x00002dbc                __gtsf2
 .text.__lesf2  0x00002e4c       0x90 C:/Users/Danfi/OneDrive/Documents/arm-gnu-toolchain-14.2.rel1-mingw-w64-i686-arm-none-eabi/bin/../lib/gcc/arm-none-eabi/14.2.1/thumb/v6-m/nofp\libgcc.a(lesf2.o)
                0x00002e4c                __ltsf2
                0x00002e4c                __lesf2
 .text.__aeabi_fmul
                0x00002edc      0x2a4 C:/Users/Danfi/OneDrive/Documents/arm-gnu-toolchain-14.2.rel1-mingw-w64-i686-arm-none-eabi/bin/../lib/gcc/arm-none-eabi/14.2.1/thumb/v6-m/nofp\libgcc.a(mulsf3.o)
                0x00002edc                __aeabi_fmul
 .text.__aeabi_fsub
                0x00003180      0x484 C:/Users/Danfi/OneDrive/Documents/arm-gnu-toolchain-14.2.rel1-mingw-w64-i686-arm-none-eabi/bin/../lib/gcc/arm-none-eabi/14.2.1/thumb/v6-m/nofp\libgcc.a(subsf3.o)
                0x00003180                __aeabi_fsub
 .text.__aeabi_fcmpun
                0x00003604       0x2c C:/Users/Danfi/OneDrive/Documents/arm-gnu-toolchain-14.2.rel1-mingw-w64-i686-arm-none-eabi/bin/../lib/gcc/arm-none-eabi/14.2.1/thumb/v6-m/nofp\libgcc.a(unordsf2.o)
                0x00003604                __aeabi_fcmpun
 .text.__aeabi_f2iz
                0x00003630       0x40 C:/Users/Danfi/OneDrive/Documents/arm-gnu-toolchain-14.2.rel1-mingw-w64-i686-arm-none-eabi/bin/../lib/gcc/arm-none-eabi/14.2.1/thumb/v6-m/nofp\libgcc.a(fixsfsi.o)
                0x00003630                __aeabi_f2iz
 .text.__aeabi_i2f
                0x00003670       0xa0 C:/Users/Danfi/OneDrive/Documents/arm-gnu-toolchain-14.2.rel1-mingw-w64-i686-arm-none-eabi/bin/../lib/gcc/arm-none-eabi/14.2.1/thumb/v6-m/nofp\libgcc.a(floatsisf.o)
                0x00003670                __aeabi_i2f
 .text.__eqdf2  0x00003710       0x8c C:/Users/Danfi/OneDrive/Documents/arm-gnu-toolchain-14.2.rel1-mingw-w64-i686-arm-none-eabi/bin/../lib/gcc/arm-none-eabi/14.2.1/thumb/v6-m/nofp\libgcc.a(eqdf2.o)
                0x00003710                __nedf2
                0x00003710                __eqdf2
 .text.__gedf2  0x0000379c       0xe0 C:/Users/Danfi/OneDrive/Documents/arm-gnu-toolchain-14.2.rel1-mingw-w64-i686-arm-none-eabi/bin/../lib/gcc/arm-none-eabi/14.2.1/thumb/v6-m/nofp\libgcc.a(gedf2.o)
                0x0000379c                __gedf2
                0x0000379c                __gtdf2
 .text.__ledf2  0x0000387c       0xdc C:/Users/Danfi/OneDrive/Documents/arm-gnu-toolchain-14.2.rel1-mingw-w64-i686-arm-none-eabi/bin/../lib/gcc/arm-none-eabi/14.2.1/thumb/v6-m/nofp\libgcc.a(ledf2.o)
                0x0000387c                __ledf2
                0x0000387c                __ltdf2
 .text.__aeabi_f2d
                0x00003958       0x90 C:/Users/Danfi/OneDrive/Documents/arm-gnu-toolchain-14.2.rel1-mingw-w64-i686-arm-none-eabi/bin/../lib/gcc/arm-none-eabi/14.2.1/thumb/v6-m/nofp\libgcc.a(extendsfdf2.o)
                0x00003958                __aeabi_f2d
 .text          0x000039e8       0x3c C:/Users/Danfi/OneDrive/Documents/arm-gnu-toolchain-14.2.rel1-mingw-w64-i686-arm-none-eabi/bin/../lib/gcc/arm-none-eabi/14.2.1/thumb/v6-m/nofp\libgcc.a(_clzsi2.o)
                0x000039e8                __clzsi2
 .text.stdio_exit_handler
                0x00003a24       0x1c C:/Users/Danfi/OneDrive/Documents/arm-gnu-toolchain-14.2.rel1-mingw-w64-i686-arm-none-eabi/bin/../lib/gcc/arm-none-eabi/14.2.1/thumb/v6-m/nofp\libc.a(libc_a-findfp.o)
 .text.cleanup_stdio
                0x00003a40       0x3c C:/Users/Danfi/OneDrive/Documents/arm-gnu-toolchain-14.2.rel1-mingw-w64-i686-arm-none-eabi/bin/../lib/gcc/arm-none-eabi/14.2.1/thumb/v6-m/nofp\libc.a(libc_a-findfp.o)
 .text.global_stdio_init.part.0
                0x00003a7c      0x118 C:/Users/Danfi/OneDrive/Documents/arm-gnu-toolchain-14.2.rel1-mingw-w64-i686-arm-none-eabi/bin/../lib/gcc/arm-none-eabi/14.2.1/thumb/v6-m/nofp\libc.a(libc_a-findfp.o)
 .text.__sinit  0x00003b94       0x38 C:/Users/Danfi/OneDrive/Documents/arm-gnu-toolchain-14.2.rel1-mingw-w64-i686-arm-none-eabi/bin/../lib/gcc/arm-none-eabi/14.2.1/thumb/v6-m/nofp\libc.a(libc_a-findfp.o)
                0x00003b94                __sinit
 .text.__sfp_lock_acquire
                0x00003bcc       0x10 C:/Users/Danfi/OneDrive/Documents/arm-gnu-toolchain-14.2.rel1-mingw-w64-i686-arm-none-eabi/bin/../lib/gcc/arm-none-eabi/14.2.1/thumb/v6-m/nofp\libc.a(libc_a-findfp.o)
                0x00003bcc                __sfp_lock_acquire
 .text.__sfp_lock_release
                0x00003bdc       0x10 C:/Users/Danfi/OneDrive/Documents/arm-gnu-toolchain-14.2.rel1-mingw-w64-i686-arm-none-eabi/bin/../lib/gcc/arm-none-eabi/14.2.1/thumb/v6-m/nofp\libc.a(libc_a-findfp.o)
                0x00003bdc                __sfp_lock_release
 .text._fwalk_sglue
                0x00003bec       0x44 C:/Users/Danfi/OneDrive/Documents/arm-gnu-toolchain-14.2.rel1-mingw-w64-i686-arm-none-eabi/bin/../lib/gcc/arm-none-eabi/14.2.1/thumb/v6-m/nofp\libc.a(libc_a-fwalk.o)
                0x00003bec                _fwalk_sglue
 .text.printf   0x00003c30       0x24 C:/Users/Danfi/OneDrive/Documents/arm-gnu-toolchain-14.2.rel1-mingw-w64-i686-arm-none-eabi/bin/../lib/gcc/arm-none-eabi/14.2.1/thumb/v6-m/nofp\libc.a(libc_a-printf.o)
                0x00003c30                printf
 .text._puts_r  0x00003c54       0xc8 C:/Users/Danfi/OneDrive/Documents/arm-gnu-toolchain-14.2.rel1-mingw-w64-i686-arm-none-eabi/bin/../lib/gcc/arm-none-eabi/14.2.1/thumb/v6-m/nofp\libc.a(libc_a-puts.o)
                0x00003c54                _puts_r
 .text.puts     0x00003d1c       0x14 C:/Users/Danfi/OneDrive/Documents/arm-gnu-toolchain-14.2.rel1-mingw-w64-i686-arm-none-eabi/bin/../lib/gcc/arm-none-eabi/14.2.1/thumb/v6-m/nofp\libc.a(libc_a-puts.o)
                0x00003d1c                puts
 .text.__sread  0x00003d30       0x28 C:/Users/Danfi/OneDrive/Documents/arm-gnu-toolchain-14.2.rel1-mingw-w64-i686-arm-none-eabi/bin/../lib/gcc/arm-none-eabi/14.2.1/thumb/v6-m/nofp\libc.a(libc_a-stdio.o)
                0x00003d30                __sread
 .text.__swrite
                0x00003d58       0x40 C:/Users/Danfi/OneDrive/Documents/arm-gnu-toolchain-14.2.rel1-mingw-w64-i686-arm-none-eabi/bin/../lib/gcc/arm-none-eabi/14.2.1/thumb/v6-m/nofp\libc.a(libc_a-stdio.o)
                0x00003d58                __swrite
 .text.__sseek  0x00003d98       0x2c C:/Users/Danfi/OneDrive/Documents/arm-gnu-toolchain-14.2.rel1-mingw-w64-i686-arm-none-eabi/bin/../lib/gcc/arm-none-eabi/14.2.1/thumb/v6-m/nofp\libc.a(libc_a-stdio.o)
                0x00003d98                __sseek
 .text.__sclose
                0x00003dc4        0xc C:/Users/Danfi/OneDrive/Documents/arm-gnu-toolchain-14.2.rel1-mingw-w64-i686-arm-none-eabi/bin/../lib/gcc/arm-none-eabi/14.2.1/thumb/v6-m/nofp\libc.a(libc_a-stdio.o)
                0x00003dc4                __sclose
 .text.memset   0x00003dd0       0x94 C:/Users/Danfi/OneDrive/Documents/arm-gnu-toolchain-14.2.rel1-mingw-w64-i686-arm-none-eabi/bin/../lib/gcc/arm-none-eabi/14.2.1/thumb/v6-m/nofp\libc.a(libc_a-memset.o)
                0x00003dd0                memset
 .text.__locale_mb_cur_max
                0x00003e64       0x10 C:/Users/Danfi/OneDrive/Documents/arm-gnu-toolchain-14.2.rel1-mingw-w64-i686-arm-none-eabi/bin/../lib/gcc/arm-none-eabi/14.2.1/thumb/v6-m/nofp\libc.a(libc_a-locale.o)
                0x00003e64                __locale_mb_cur_max
 .text._close_r
                0x00003e74       0x24 C:/Users/Danfi/OneDrive/Documents/arm-gnu-toolchain-14.2.rel1-mingw-w64-i686-arm-none-eabi/bin/../lib/gcc/arm-none-eabi/14.2.1/thumb/v6-m/nofp\libc.a(libc_a-closer.o)
                0x00003e74                _close_r
 .text._lseek_r
                0x00003e98       0x28 C:/Users/Danfi/OneDrive/Documents/arm-gnu-toolchain-14.2.rel1-mingw-w64-i686-arm-none-eabi/bin/../lib/gcc/arm-none-eabi/14.2.1/thumb/v6-m/nofp\libc.a(libc_a-lseekr.o)
                0x00003e98                _lseek_r
 .text._read_r  0x00003ec0       0x28 C:/Users/Danfi/OneDrive/Documents/arm-gnu-toolchain-14.2.rel1-mingw-w64-i686-arm-none-eabi/bin/../lib/gcc/arm-none-eabi/14.2.1/thumb/v6-m/nofp\libc.a(libc_a-readr.o)
                0x00003ec0                _read_r
 .text._write_r
                0x00003ee8       0x28 C:/Users/Danfi/OneDrive/Documents/arm-gnu-toolchain-14.2.rel1-mingw-w64-i686-arm-none-eabi/bin/../lib/gcc/arm-none-eabi/14.2.1/thumb/v6-m/nofp\libc.a(libc_a-writer.o)
                0x00003ee8                _write_r
 .text.__errno  0x00003f10        0xc C:/Users/Danfi/OneDrive/Documents/arm-gnu-toolchain-14.2.rel1-mingw-w64-i686-arm-none-eabi/bin/../lib/gcc/arm-none-eabi/14.2.1/thumb/v6-m/nofp\libc.a(libc_a-errno.o)
                0x00003f10                __errno
 .text.__libc_init_array
                0x00003f1c       0x48 C:/Users/Danfi/OneDrive/Documents/arm-gnu-toolchain-14.2.rel1-mingw-w64-i686-arm-none-eabi/bin/../lib/gcc/arm-none-eabi/14.2.1/thumb/v6-m/nofp\libc.a(libc_a-init.o)
                0x00003f1c                __libc_init_array
 .text.__retarget_lock_init_recursive
                0x00003f64        0x4 C:/Users/Danfi/OneDrive/Documents/arm-gnu-toolchain-14.2.rel1-mingw-w64-i686-arm-none-eabi/bin/../lib/gcc/arm-none-eabi/14.2.1/thumb/v6-m/nofp\libc.a(libc_a-lock.o)
                0x00003f64                __retarget_lock_init_recursive
 .text.__retarget_lock_close_recursive
                0x00003f68        0x4 C:/Users/Danfi/OneDrive/Documents/arm-gnu-toolchain-14.2.rel1-mingw-w64-i686-arm-none-eabi/bin/../lib/gcc/arm-none-eabi/14.2.1/thumb/v6-m/nofp\libc.a(libc_a-lock.o)
                0x00003f68                __retarget_lock_close_recursive
 .text.__retarget_lock_acquire_recursive
                0x00003f6c        0x4 C:/Users/Danfi/OneDrive/Documents/arm-gnu-toolchain-14.2.rel1-mingw-w64-i686-arm-none-eabi/bin/../lib/gcc/arm-none-eabi/14.2.1/thumb/v6-m/nofp\libc.a(libc_a-lock.o)
                0x00003f6c                __retarget_lock_acquire_recursive
 .text.__retarget_lock_release_recursive
                0x00003f70        0x4 C:/Users/Danfi/OneDrive/Documents/arm-gnu-toolchain-14.2.rel1-mingw-w64-i686-arm-none-eabi/bin/../lib/gcc/arm-none-eabi/14.2.1/thumb/v6-m/nofp\libc.a(libc_a-lock.o)
                0x00003f70                __retarget_lock_release_recursive
 .text.memcpy   0x00003f74       0xac C:/Users/Danfi/OneDrive/Documents/arm-gnu-toolchain-14.2.rel1-mingw-w64-i686-arm-none-eabi/bin/../lib/gcc/arm-none-eabi/14.2.1/thumb/v6-m/nofp\libc.a(libc_a-memcpy-stub.o)
                0x00003f74                memcpy
 .text.strlen   0x00004020       0x5c C:/Users/Danfi/OneDrive/Documents/arm-gnu-toolchain-14.2.rel1-mingw-w64-i686-arm-none-eabi/bin/../lib/gcc/arm-none-eabi/14.2.1/thumb/v6-m/nofp\libc.a(libc_a-strlen-stub.o)
                0x00004020                strlen
 .text.startup.register_fini
                0x0000407c       0x18 C:/Users/Danfi/OneDrive/Documents/arm-gnu-toolchain-14.2.rel1-mingw-w64-i686-arm-none-eabi/bin/../lib/gcc/arm-none-eabi/14.2.1/thumb/v6-m/nofp\libc.a(libc_a-__call_atexit.o)
 .text.atexit   0x00004094       0x10 C:/Users/Danfi/OneDrive/Documents/arm-gnu-toolchain-14.2.rel1-mingw-w64-i686-arm-none-eabi/bin/../lib/gcc/arm-none-eabi/14.2.1/thumb/v6-m/nofp\libc.a(libc_a-atexit.o)
                0x00004094                atexit
 .text._malloc_trim_r
                0x000040a4       0xb4 C:/Users/Danfi/OneDrive/Documents/arm-gnu-toolchain-14.2.rel1-mingw-w64-i686-arm-none-eabi/bin/../lib/gcc/arm-none-eabi/14.2.1/thumb/v6-m/nofp\libc.a(libc_a-freer.o)
                0x000040a4                _malloc_trim_r
 .text._free_r  0x00004158      0x1f0 C:/Users/Danfi/OneDrive/Documents/arm-gnu-toolchain-14.2.rel1-mingw-w64-i686-arm-none-eabi/bin/../lib/gcc/arm-none-eabi/14.2.1/thumb/v6-m/nofp\libc.a(libc_a-freer.o)
                0x00004158                _free_r
 .text._malloc_r
                0x00004348      0x5cc C:/Users/Danfi/OneDrive/Documents/arm-gnu-toolchain-14.2.rel1-mingw-w64-i686-arm-none-eabi/bin/../lib/gcc/arm-none-eabi/14.2.1/thumb/v6-m/nofp\libc.a(libc_a-mallocr.o)
                0x00004348                _malloc_r
 .text.__ascii_mbtowc
                0x00004914       0x2c C:/Users/Danfi/OneDrive/Documents/arm-gnu-toolchain-14.2.rel1-mingw-w64-i686-arm-none-eabi/bin/../lib/gcc/arm-none-eabi/14.2.1/thumb/v6-m/nofp\libc.a(libc_a-mbtowc_r.o)
                0x00004914                __ascii_mbtowc
 .text.__malloc_lock
                0x00004940       0x10 C:/Users/Danfi/OneDrive/Documents/arm-gnu-toolchain-14.2.rel1-mingw-w64-i686-arm-none-eabi/bin/../lib/gcc/arm-none-eabi/14.2.1/thumb/v6-m/nofp\libc.a(libc_a-mlock.o)
                0x00004940                __malloc_lock
 .text.__malloc_unlock
                0x00004950       0x10 C:/Users/Danfi/OneDrive/Documents/arm-gnu-toolchain-14.2.rel1-mingw-w64-i686-arm-none-eabi/bin/../lib/gcc/arm-none-eabi/14.2.1/thumb/v6-m/nofp\libc.a(libc_a-mlock.o)
                0x00004950                __malloc_unlock
 .text._Balloc  0x00004960       0x50 C:/Users/Danfi/OneDrive/Documents/arm-gnu-toolchain-14.2.rel1-mingw-w64-i686-arm-none-eabi/bin/../lib/gcc/arm-none-eabi/14.2.1/thumb/v6-m/nofp\libc.a(libc_a-mprec.o)
                0x00004960                _Balloc
 .text._Bfree   0x000049b0       0x14 C:/Users/Danfi/OneDrive/Documents/arm-gnu-toolchain-14.2.rel1-mingw-w64-i686-arm-none-eabi/bin/../lib/gcc/arm-none-eabi/14.2.1/thumb/v6-m/nofp\libc.a(libc_a-mprec.o)
                0x000049b0                _Bfree
 .text.__multadd
                0x000049c4       0xa4 C:/Users/Danfi/OneDrive/Documents/arm-gnu-toolchain-14.2.rel1-mingw-w64-i686-arm-none-eabi/bin/../lib/gcc/arm-none-eabi/14.2.1/thumb/v6-m/nofp\libc.a(libc_a-mprec.o)
                0x000049c4                __multadd
 .text.__hi0bits
                0x00004a68       0x60 C:/Users/Danfi/OneDrive/Documents/arm-gnu-toolchain-14.2.rel1-mingw-w64-i686-arm-none-eabi/bin/../lib/gcc/arm-none-eabi/14.2.1/thumb/v6-m/nofp\libc.a(libc_a-mprec.o)
                0x00004a68                __hi0bits
 .text.__lo0bits
                0x00004ac8       0x90 C:/Users/Danfi/OneDrive/Documents/arm-gnu-toolchain-14.2.rel1-mingw-w64-i686-arm-none-eabi/bin/../lib/gcc/arm-none-eabi/14.2.1/thumb/v6-m/nofp\libc.a(libc_a-mprec.o)
                0x00004ac8                __lo0bits
 .text.__i2b    0x00004b58       0x60 C:/Users/Danfi/OneDrive/Documents/arm-gnu-toolchain-14.2.rel1-mingw-w64-i686-arm-none-eabi/bin/../lib/gcc/arm-none-eabi/14.2.1/thumb/v6-m/nofp\libc.a(libc_a-mprec.o)
                0x00004b58                __i2b
 .text.__multiply
                0x00004bb8      0x1b0 C:/Users/Danfi/OneDrive/Documents/arm-gnu-toolchain-14.2.rel1-mingw-w64-i686-arm-none-eabi/bin/../lib/gcc/arm-none-eabi/14.2.1/thumb/v6-m/nofp\libc.a(libc_a-mprec.o)
                0x00004bb8                __multiply
 .text.__pow5mult
                0x00004d68       0xd8 C:/Users/Danfi/OneDrive/Documents/arm-gnu-toolchain-14.2.rel1-mingw-w64-i686-arm-none-eabi/bin/../lib/gcc/arm-none-eabi/14.2.1/thumb/v6-m/nofp\libc.a(libc_a-mprec.o)
                0x00004d68                __pow5mult
 .text.__lshift
                0x00004e40       0xfc C:/Users/Danfi/OneDrive/Documents/arm-gnu-toolchain-14.2.rel1-mingw-w64-i686-arm-none-eabi/bin/../lib/gcc/arm-none-eabi/14.2.1/thumb/v6-m/nofp\libc.a(libc_a-mprec.o)
                0x00004e40                __lshift
 .text.__mcmp   0x00004f3c       0x3c C:/Users/Danfi/OneDrive/Documents/arm-gnu-toolchain-14.2.rel1-mingw-w64-i686-arm-none-eabi/bin/../lib/gcc/arm-none-eabi/14.2.1/thumb/v6-m/nofp\libc.a(libc_a-mprec.o)
                0x00004f3c                __mcmp
 .text.__mdiff  0x00004f78      0x1a8 C:/Users/Danfi/OneDrive/Documents/arm-gnu-toolchain-14.2.rel1-mingw-w64-i686-arm-none-eabi/bin/../lib/gcc/arm-none-eabi/14.2.1/thumb/v6-m/nofp\libc.a(libc_a-mprec.o)
                0x00004f78                __mdiff
 .text.__d2b    0x00005120       0xc4 C:/Users/Danfi/OneDrive/Documents/arm-gnu-toolchain-14.2.rel1-mingw-w64-i686-arm-none-eabi/bin/../lib/gcc/arm-none-eabi/14.2.1/thumb/v6-m/nofp\libc.a(libc_a-mprec.o)
                0x00005120                __d2b
 .text.__ascii_wctomb
                0x000051e4       0x1c C:/Users/Danfi/OneDrive/Documents/arm-gnu-toolchain-14.2.rel1-mingw-w64-i686-arm-none-eabi/bin/../lib/gcc/arm-none-eabi/14.2.1/thumb/v6-m/nofp\libc.a(libc_a-wctomb_r.o)
                0x000051e4                __ascii_wctomb
 .text._vfprintf_r
                0x00005200     0x2554 C:/Users/Danfi/OneDrive/Documents/arm-gnu-toolchain-14.2.rel1-mingw-w64-i686-arm-none-eabi/bin/../lib/gcc/arm-none-eabi/14.2.1/thumb/v6-m/nofp\libc.a(libc_a-vfprintf.o)
                0x00005200                _vfprintf_r
 .text.__sbprintf
                0x00007754       0x8c C:/Users/Danfi/OneDrive/Documents/arm-gnu-toolchain-14.2.rel1-mingw-w64-i686-arm-none-eabi/bin/../lib/gcc/arm-none-eabi/14.2.1/thumb/v6-m/nofp\libc.a(libc_a-vfprintf.o)
 .text.__sprint_r
                0x000077e0       0x20 C:/Users/Danfi/OneDrive/Documents/arm-gnu-toolchain-14.2.rel1-mingw-w64-i686-arm-none-eabi/bin/../lib/gcc/arm-none-eabi/14.2.1/thumb/v6-m/nofp\libc.a(libc_a-sprint_r.o)
                0x000077e0                __sprint_r
 .text._fclose_r
                0x00007800       0xcc C:/Users/Danfi/OneDrive/Documents/arm-gnu-toolchain-14.2.rel1-mingw-w64-i686-arm-none-eabi/bin/../lib/gcc/arm-none-eabi/14.2.1/thumb/v6-m/nofp\libc.a(libc_a-fclose.o)
                0x00007800                _fclose_r
 .text.__sflush_r
                0x000078cc      0x13c C:/Users/Danfi/OneDrive/Documents/arm-gnu-toolchain-14.2.rel1-mingw-w64-i686-arm-none-eabi/bin/../lib/gcc/arm-none-eabi/14.2.1/thumb/v6-m/nofp\libc.a(libc_a-fflush.o)
                0x000078cc                __sflush_r
 .text._fflush_r
                0x00007a08       0x68 C:/Users/Danfi/OneDrive/Documents/arm-gnu-toolchain-14.2.rel1-mingw-w64-i686-arm-none-eabi/bin/../lib/gcc/arm-none-eabi/14.2.1/thumb/v6-m/nofp\libc.a(libc_a-fflush.o)
                0x00007a08                _fflush_r
 .text.__sfvwrite_r
                0x00007a70      0x2e8 C:/Users/Danfi/OneDrive/Documents/arm-gnu-toolchain-14.2.rel1-mingw-w64-i686-arm-none-eabi/bin/../lib/gcc/arm-none-eabi/14.2.1/thumb/v6-m/nofp\libc.a(libc_a-fvwrite.o)
                0x00007a70                __sfvwrite_r
 .text.__swsetup_r
                0x00007d58       0xf8 C:/Users/Danfi/OneDrive/Documents/arm-gnu-toolchain-14.2.rel1-mingw-w64-i686-arm-none-eabi/bin/../lib/gcc/arm-none-eabi/14.2.1/thumb/v6-m/nofp\libc.a(libc_a-wsetup.o)
                0x00007d58                __swsetup_r
 .text.memmove  0x00007e50       0xc4 C:/Users/Danfi/OneDrive/Documents/arm-gnu-toolchain-14.2.rel1-mingw-w64-i686-arm-none-eabi/bin/../lib/gcc/arm-none-eabi/14.2.1/thumb/v6-m/nofp\libc.a(libc_a-memmove.o)
                0x00007e50                memmove
 .text.strncpy  0x00007f14       0x5c C:/Users/Danfi/OneDrive/Documents/arm-gnu-toolchain-14.2.rel1-mingw-w64-i686-arm-none-eabi/bin/../lib/gcc/arm-none-eabi/14.2.1/thumb/v6-m/nofp\libc.a(libc_a-strncpy.o)
                0x00007f14                strncpy
 .text._localeconv_r
                0x00007f70        0x8 C:/Users/Danfi/OneDrive/Documents/arm-gnu-toolchain-14.2.rel1-mingw-w64-i686-arm-none-eabi/bin/../lib/gcc/arm-none-eabi/14.2.1/thumb/v6-m/nofp\libc.a(libc_a-localeconv.o)
                0x00007f70                _localeconv_r
 .text._sbrk_r  0x00007f78       0x24 C:/Users/Danfi/OneDrive/Documents/arm-gnu-toolchain-14.2.rel1-mingw-w64-i686-arm-none-eabi/bin/../lib/gcc/arm-none-eabi/14.2.1/thumb/v6-m/nofp\libc.a(libc_a-sbrkr.o)
                0x00007f78                _sbrk_r
 .text.__libc_fini_array
                0x00007f9c       0x28 C:/Users/Danfi/OneDrive/Documents/arm-gnu-toolchain-14.2.rel1-mingw-w64-i686-arm-none-eabi/bin/../lib/gcc/arm-none-eabi/14.2.1/thumb/v6-m/nofp\libc.a(libc_a-fini.o)
                0x00007f9c                __libc_fini_array
 .text.sysconf  0x00007fc4       0x1c C:/Users/Danfi/OneDrive/Documents/arm-gnu-toolchain-14.2.rel1-mingw-w64-i686-arm-none-eabi/bin/../lib/gcc/arm-none-eabi/14.2.1/thumb/v6-m/nofp\libc.a(libc_a-sysconf.o)
                0x00007fc4                sysconf
 .text.memchr   0x00007fe0       0x7c C:/Users/Danfi/OneDrive/Documents/arm-gnu-toolchain-14.2.rel1-mingw-w64-i686-arm-none-eabi/bin/../lib/gcc/arm-none-eabi/14.2.1/thumb/v6-m/nofp\libc.a(libc_a-memchr-stub.o)
                0x00007fe0                memchr
 .text.frexp    0x0000805c       0x68 C:/Users/Danfi/OneDrive/Documents/arm-gnu-toolchain-14.2.rel1-mingw-w64-i686-arm-none-eabi/bin/../lib/gcc/arm-none-eabi/14.2.1/thumb/v6-m/nofp\libc.a(libm_a-s_frexp.o)
                0x0000805c                frexp
 .text.__register_exitproc
                0x000080c4       0xa8 C:/Users/Danfi/OneDrive/Documents/arm-gnu-toolchain-14.2.rel1-mingw-w64-i686-arm-none-eabi/bin/../lib/gcc/arm-none-eabi/14.2.1/thumb/v6-m/nofp\libc.a(libc_a-__atexit.o)
                0x000080c4                __register_exitproc
 .text.__assert_func
                0x0000816c       0x40 C:/Users/Danfi/OneDrive/Documents/arm-gnu-toolchain-14.2.rel1-mingw-w64-i686-arm-none-eabi/bin/../lib/gcc/arm-none-eabi/14.2.1/thumb/v6-m/nofp\libc.a(libc_a-assert.o)
                0x0000816c                __assert_func
 .text._calloc_r
                0x000081ac       0xa8 C:/Users/Danfi/OneDrive/Documents/arm-gnu-toolchain-14.2.rel1-mingw-w64-i686-arm-none-eabi/bin/../lib/gcc/arm-none-eabi/14.2.1/thumb/v6-m/nofp\libc.a(libc_a-callocr.o)
                0x000081ac                _calloc_r
 .text.quorem   0x00008254      0x150 C:/Users/Danfi/OneDrive/Documents/arm-gnu-toolchain-14.2.rel1-mingw-w64-i686-arm-none-eabi/bin/../lib/gcc/arm-none-eabi/14.2.1/thumb/v6-m/nofp\libc.a(libc_a-dtoa.o)
 .text._dtoa_r  0x000083a4     0x1110 C:/Users/Danfi/OneDrive/Documents/arm-gnu-toolchain-14.2.rel1-mingw-w64-i686-arm-none-eabi/bin/../lib/gcc/arm-none-eabi/14.2.1/thumb/v6-m/nofp\libc.a(libc_a-dtoa.o)
                0x000083a4                _dtoa_r
 .text._realloc_r
                0x000094b4      0x350 C:/Users/Danfi/OneDrive/Documents/arm-gnu-toolchain-14.2.rel1-mingw-w64-i686-arm-none-eabi/bin/../lib/gcc/arm-none-eabi/14.2.1/thumb/v6-m/nofp\libc.a(libc_a-reallocr.o)
                0x000094b4                _realloc_r
 .text._wcrtomb_r
                0x00009804       0x50 C:/Users/Danfi/OneDrive/Documents/arm-gnu-toolchain-14.2.rel1-mingw-w64-i686-arm-none-eabi/bin/../lib/gcc/arm-none-eabi/14.2.1/thumb/v6-m/nofp\libc.a(libc_a-wcrtomb.o)
                0x00009804                _wcrtomb_r
 .text._wcsrtombs_r
                0x00009854       0x18 C:/Users/Danfi/OneDrive/Documents/arm-gnu-toolchain-14.2.rel1-mingw-w64-i686-arm-none-eabi/bin/../lib/gcc/arm-none-eabi/14.2.1/thumb/v6-m/nofp\libc.a(libc_a-wcsrtombs.o)
                0x00009854                _wcsrtombs_r
 .text.fiprintf
                0x0000986c       0x24 C:/Users/Danfi/OneDrive/Documents/arm-gnu-toolchain-14.2.rel1-mingw-w64-i686-arm-none-eabi/bin/../lib/gcc/arm-none-eabi/14.2.1/thumb/v6-m/nofp\libc.a(libc_a-fiprintf.o)
                0x0000986c                fiprintf
 .text._vfiprintf_r
                0x00009890     0x1310 C:/Users/Danfi/OneDrive/Documents/arm-gnu-toolchain-14.2.rel1-mingw-w64-i686-arm-none-eabi/bin/../lib/gcc/arm-none-eabi/14.2.1/thumb/v6-m/nofp\libc.a(libc_a-vfiprintf.o)
                0x00009890                _vfiprintf_r
 .text.__sbprintf
                0x0000aba0       0x8c C:/Users/Danfi/OneDrive/Documents/arm-gnu-toolchain-14.2.rel1-mingw-w64-i686-arm-none-eabi/bin/../lib/gcc/arm-none-eabi/14.2.1/thumb/v6-m/nofp\libc.a(libc_a-vfiprintf.o)
 .text.__smakebuf_r
                0x0000ac2c       0xd4 C:/Users/Danfi/OneDrive/Documents/arm-gnu-toolchain-14.2.rel1-mingw-w64-i686-arm-none-eabi/bin/../lib/gcc/arm-none-eabi/14.2.1/thumb/v6-m/nofp\libc.a(libc_a-makebuf.o)
                0x0000ac2c                __smakebuf_r
 .text._fstat_r
                0x0000ad00       0x28 C:/Users/Danfi/OneDrive/Documents/arm-gnu-toolchain-14.2.rel1-mingw-w64-i686-arm-none-eabi/bin/../lib/gcc/arm-none-eabi/14.2.1/thumb/v6-m/nofp\libc.a(libc_a-fstatr.o)
                0x0000ad00                _fstat_r
 .text._isatty_r
                0x0000ad28       0x24 C:/Users/Danfi/OneDrive/Documents/arm-gnu-toolchain-14.2.rel1-mingw-w64-i686-arm-none-eabi/bin/../lib/gcc/arm-none-eabi/14.2.1/thumb/v6-m/nofp\libc.a(libc_a-isattyr.o)
                0x0000ad28                _isatty_r
 .text.abort    0x0000ad4c       0x10 C:/Users/Danfi/OneDrive/Documents/arm-gnu-toolchain-14.2.rel1-mingw-w64-i686-arm-none-eabi/bin/../lib/gcc/arm-none-eabi/14.2.1/thumb/v6-m/nofp\libc.a(libc_a-abort.o)
                0x0000ad4c                abort
 .text._wcsnrtombs_l
                0x0000ad5c      0x104 C:/Users/Danfi/OneDrive/Documents/arm-gnu-toolchain-14.2.rel1-mingw-w64-i686-arm-none-eabi/bin/../lib/gcc/arm-none-eabi/14.2.1/thumb/v6-m/nofp\libc.a(libc_a-wcsnrtombs.o)
                0x0000ad5c                _wcsnrtombs_l
 .text._wcsnrtombs_r
                0x0000ae60       0x24 C:/Users/Danfi/OneDrive/Documents/arm-gnu-toolchain-14.2.rel1-mingw-w64-i686-arm-none-eabi/bin/../lib/gcc/arm-none-eabi/14.2.1/thumb/v6-m/nofp\libc.a(libc_a-wcsnrtombs.o)
                0x0000ae60                _wcsnrtombs_r
 .text.raise    0x0000ae84       0x5c C:/Users/Danfi/OneDrive/Documents/arm-gnu-toolchain-14.2.rel1-mingw-w64-i686-arm-none-eabi/bin/../lib/gcc/arm-none-eabi/14.2.1/thumb/v6-m/nofp\libc.a(libc_a-signal.o)
                0x0000ae84                raise
 .text._kill_r  0x0000aee0       0x28 C:/Users/Danfi/OneDrive/Documents/arm-gnu-toolchain-14.2.rel1-mingw-w64-i686-arm-none-eabi/bin/../lib/gcc/arm-none-eabi/14.2.1/thumb/v6-m/nofp\libc.a(libc_a-signalr.o)
                0x0000aee0                _kill_r
 .text._getpid_r
                0x0000af08        0x8 C:/Users/Danfi/OneDrive/Documents/arm-gnu-toolchain-14.2.rel1-mingw-w64-i686-arm-none-eabi/bin/../lib/gcc/arm-none-eabi/14.2.1/thumb/v6-m/nofp\libc.a(libc_a-signalr.o)
                0x0000af08                _getpid_r
 .text          0x0000af10      0x114 C:/Users/Danfi/OneDrive/Documents/arm-gnu-toolchain-14.2.rel1-mingw-w64-i686-arm-none-eabi/bin/../lib/gcc/arm-none-eabi/14.2.1/thumb/v6-m/nofp\libgcc.a(_udivsi3.o)
                0x0000af10                __aeabi_uidiv
                0x0000af10                __udivsi3
                0x0000b01c                __aeabi_uidivmod
 .text          0x0000b024      0x1d4 C:/Users/Danfi/OneDrive/Documents/arm-gnu-toolchain-14.2.rel1-mingw-w64-i686-arm-none-eabi/bin/../lib/gcc/arm-none-eabi/14.2.1/thumb/v6-m/nofp\libgcc.a(_divsi3.o)
                0x0000b024                __divsi3
                0x0000b024                __aeabi_idiv
                0x0000b1f0                __aeabi_idivmod
 .text          0x0000b1f8        0x4 C:/Users/Danfi/OneDrive/Documents/arm-gnu-toolchain-14.2.rel1-mingw-w64-i686-arm-none-eabi/bin/../lib/gcc/arm-none-eabi/14.2.1/thumb/v6-m/nofp\libgcc.a(_dvmd_tls.o)
                0x0000b1f8                __aeabi_idiv0
                0x0000b1f8                __aeabi_ldiv0
 .text          0x0000b1fc       0x40 C:/Users/Danfi/OneDrive/Documents/arm-gnu-toolchain-14.2.rel1-mingw-w64-i686-arm-none-eabi/bin/../lib/gcc/arm-none-eabi/14.2.1/thumb/v6-m/nofp\libgcc.a(_aeabi_uldivmod.o)
                0x0000b1fc                __aeabi_uldivmod
 .text.__udivmoddi4
                0x0000b23c      0x198 C:/Users/Danfi/OneDrive/Documents/arm-gnu-toolchain-14.2.rel1-mingw-w64-i686-arm-none-eabi/bin/../lib/gcc/arm-none-eabi/14.2.1/thumb/v6-m/nofp\libgcc.a(_udivmoddi4.o)
                0x0000b23c                __udivmoddi4
 .text.__aeabi_dadd
                0x0000b3d4      0x834 C:/Users/Danfi/OneDrive/Documents/arm-gnu-toolchain-14.2.rel1-mingw-w64-i686-arm-none-eabi/bin/../lib/gcc/arm-none-eabi/14.2.1/thumb/v6-m/nofp\libgcc.a(adddf3.o)
                0x0000b3d4                __aeabi_dadd
 .text.__aeabi_ddiv
                0x0000bc08      0x63c C:/Users/Danfi/OneDrive/Documents/arm-gnu-toolchain-14.2.rel1-mingw-w64-i686-arm-none-eabi/bin/../lib/gcc/arm-none-eabi/14.2.1/thumb/v6-m/nofp\libgcc.a(divdf3.o)
                0x0000bc08                __aeabi_ddiv
 .text.__aeabi_dmul
                0x0000c244      0x590 C:/Users/Danfi/OneDrive/Documents/arm-gnu-toolchain-14.2.rel1-mingw-w64-i686-arm-none-eabi/bin/../lib/gcc/arm-none-eabi/14.2.1/thumb/v6-m/nofp\libgcc.a(muldf3.o)
                0x0000c244                __aeabi_dmul
 .text.__aeabi_dsub
                0x0000c7d4      0x870 C:/Users/Danfi/OneDrive/Documents/arm-gnu-toolchain-14.2.rel1-mingw-w64-i686-arm-none-eabi/bin/../lib/gcc/arm-none-eabi/14.2.1/thumb/v6-m/nofp\libgcc.a(subdf3.o)
                0x0000c7d4                __aeabi_dsub
 .text.__aeabi_dcmpun
                0x0000d044       0x44 C:/Users/Danfi/OneDrive/Documents/arm-gnu-toolchain-14.2.rel1-mingw-w64-i686-arm-none-eabi/bin/../lib/gcc/arm-none-eabi/14.2.1/thumb/v6-m/nofp\libgcc.a(unorddf2.o)
                0x0000d044                __aeabi_dcmpun
 .text.__aeabi_d2iz
                0x0000d088       0x78 C:/Users/Danfi/OneDrive/Documents/arm-gnu-toolchain-14.2.rel1-mingw-w64-i686-arm-none-eabi/bin/../lib/gcc/arm-none-eabi/14.2.1/thumb/v6-m/nofp\libgcc.a(fixdfsi.o)
                0x0000d088                __aeabi_d2iz
 .text.__aeabi_i2d
                0x0000d100       0x5c C:/Users/Danfi/OneDrive/Documents/arm-gnu-toolchain-14.2.rel1-mingw-w64-i686-arm-none-eabi/bin/../lib/gcc/arm-none-eabi/14.2.1/thumb/v6-m/nofp\libgcc.a(floatsidf.o)
                0x0000d100                __aeabi_i2d
 .text.__aeabi_ui2d
                0x0000d15c       0x48 C:/Users/Danfi/OneDrive/Documents/arm-gnu-toolchain-14.2.rel1-mingw-w64-i686-arm-none-eabi/bin/../lib/gcc/arm-none-eabi/14.2.1/thumb/v6-m/nofp\libgcc.a(floatunsidf.o)
                0x0000d15c                __aeabi_ui2d
 .text          0x0000d1a4       0x18 C:/Users/Danfi/OneDrive/Documents/arm-gnu-toolchain-14.2.rel1-mingw-w64-i686-arm-none-eabi/bin/../lib/gcc/arm-none-eabi/14.2.1/thumb/v6-m/nofp\libgcc.a(_clzdi2.o)
                0x0000d1a4                __clzdi2
 .text._sbrk    0x0000d1bc       0x1c C:/Users/Danfi/OneDrive/Documents/arm-gnu-toolchain-14.2.rel1-mingw-w64-i686-arm-none-eabi/bin/../lib/gcc/arm-none-eabi/14.2.1/thumb/v6-m/nofp\libnosys.a(sbrk.o)
                0x0000d1bc                _sbrk
 .text._exit    0x0000d1d8        0x4 C:/Users/Danfi/OneDrive/Documents/arm-gnu-toolchain-14.2.rel1-mingw-w64-i686-arm-none-eabi/bin/../lib/gcc/arm-none-eabi/14.2.1/thumb/v6-m/nofp\libnosys.a(_exit.o)
                0x0000d1d8                _exit
 *(.glue_7t)
 .glue_7t       0x0000d1dc        0x0 linker stubs
 *(.glue_7)
 .glue_7        0x0000d1dc        0x0 linker stubs
 *(.rodata .rodata* .gnu.linkonce.r.*)
 .rodata        0x0000d1dc       0x10 build/default/production/main.o
 .rodata        0x0000d1ec      0x328 build/default/production/uart.o
 .rodata.logf.str1.4
                0x0000d514      0x1a9 C:/Users/Danfi/OneDrive/Documents/arm-gnu-toolchain-14.2.rel1-mingw-w64-i686-arm-none-eabi/bin/../lib/gcc/arm-none-eabi/14.2.1/thumb/v6-m/nofp\libm.a(libm_a-wf_log.o)
                                  0x1 (size before relaxing)
 *fill*         0x0000d6bd        0x3 
 .rodata.ln2LO  0x0000d6c0        0x8 C:/Users/Danfi/OneDrive/Documents/arm-gnu-toolchain-14.2.rel1-mingw-w64-i686-arm-none-eabi/bin/../lib/gcc/arm-none-eabi/14.2.1/thumb/v6-m/nofp\libm.a(libm_a-ef_exp.o)
 .rodata.ln2HI  0x0000d6c8        0x8 C:/Users/Danfi/OneDrive/Documents/arm-gnu-toolchain-14.2.rel1-mingw-w64-i686-arm-none-eabi/bin/../lib/gcc/arm-none-eabi/14.2.1/thumb/v6-m/nofp\libm.a(libm_a-ef_exp.o)
 .rodata.halF   0x0000d6d0        0x8 C:/Users/Danfi/OneDrive/Documents/arm-gnu-toolchain-14.2.rel1-mingw-w64-i686-arm-none-eabi/bin/../lib/gcc/arm-none-eabi/14.2.1/thumb/v6-m/nofp\libm.a(libm_a-ef_exp.o)
 .rodata.tiny   0x0000d6d8        0x4 C:/Users/Danfi/OneDrive/Documents/arm-gnu-toolchain-14.2.rel1-mingw-w64-i686-arm-none-eabi/bin/../lib/gcc/arm-none-eabi/14.2.1/thumb/v6-m/nofp\libm.a(libm_a-ef_sqrt.o)
 .rodata.one    0x0000d6dc        0x4 C:/Users/Danfi/OneDrive/Documents/arm-gnu-toolchain-14.2.rel1-mingw-w64-i686-arm-none-eabi/bin/../lib/gcc/arm-none-eabi/14.2.1/thumb/v6-m/nofp\libm.a(libm_a-ef_sqrt.o)
 .rodata.__aeabi_fdiv
                0x0000d6e0       0x7c C:/Users/Danfi/OneDrive/Documents/arm-gnu-toolchain-14.2.rel1-mingw-w64-i686-arm-none-eabi/bin/../lib/gcc/arm-none-eabi/14.2.1/thumb/v6-m/nofp\libgcc.a(divsf3.o)
 .rodata._ctype_
                0x0000d75c      0x101 C:/Users/Danfi/OneDrive/Documents/arm-gnu-toolchain-14.2.rel1-mingw-w64-i686-arm-none-eabi/bin/../lib/gcc/arm-none-eabi/14.2.1/thumb/v6-m/nofp\libc.a(libc_a-ctype_.o)
                0x0000d75c                _ctype_
 .rodata._puts_r.str1.4
                0x0000d85d        0x2 C:/Users/Danfi/OneDrive/Documents/arm-gnu-toolchain-14.2.rel1-mingw-w64-i686-arm-none-eabi/bin/../lib/gcc/arm-none-eabi/14.2.1/thumb/v6-m/nofp\libc.a(libc_a-puts.o)
 .rodata.str1.4
                0x0000d85d       0x4c C:/Users/Danfi/OneDrive/Documents/arm-gnu-toolchain-14.2.rel1-mingw-w64-i686-arm-none-eabi/bin/../lib/gcc/arm-none-eabi/14.2.1/thumb/v6-m/nofp\libc.a(libc_a-locale.o)
 .rodata.__multadd.str1.4
                0x0000d85d       0x6e C:/Users/Danfi/OneDrive/Documents/arm-gnu-toolchain-14.2.rel1-mingw-w64-i686-arm-none-eabi/bin/../lib/gcc/arm-none-eabi/14.2.1/thumb/v6-m/nofp\libc.a(libc_a-mprec.o)
 *fill*         0x0000d85d        0x3 
 .rodata.p05.0  0x0000d860        0xc C:/Users/Danfi/OneDrive/Documents/arm-gnu-toolchain-14.2.rel1-mingw-w64-i686-arm-none-eabi/bin/../lib/gcc/arm-none-eabi/14.2.1/thumb/v6-m/nofp\libc.a(libc_a-mprec.o)
 *fill*         0x0000d86c        0x4 
 .rodata.__mprec_bigtens
                0x0000d870       0x28 C:/Users/Danfi/OneDrive/Documents/arm-gnu-toolchain-14.2.rel1-mingw-w64-i686-arm-none-eabi/bin/../lib/gcc/arm-none-eabi/14.2.1/thumb/v6-m/nofp\libc.a(libc_a-mprec.o)
                0x0000d870                __mprec_bigtens
 .rodata.__mprec_tens
                0x0000d898       0xc8 C:/Users/Danfi/OneDrive/Documents/arm-gnu-toolchain-14.2.rel1-mingw-w64-i686-arm-none-eabi/bin/../lib/gcc/arm-none-eabi/14.2.1/thumb/v6-m/nofp\libc.a(libc_a-mprec.o)
                0x0000d898                __mprec_tens
 .rodata._vfprintf_r.str1.4
                0x0000d960       0x42 C:/Users/Danfi/OneDrive/Documents/arm-gnu-toolchain-14.2.rel1-mingw-w64-i686-arm-none-eabi/bin/../lib/gcc/arm-none-eabi/14.2.1/thumb/v6-m/nofp\libc.a(libc_a-vfprintf.o)
 .rodata._vfprintf_r
                0x0000d960      0x204 C:/Users/Danfi/OneDrive/Documents/arm-gnu-toolchain-14.2.rel1-mingw-w64-i686-arm-none-eabi/bin/../lib/gcc/arm-none-eabi/14.2.1/thumb/v6-m/nofp\libc.a(libc_a-vfprintf.o)
 .rodata.zeroes.0
                0x0000db64       0x10 C:/Users/Danfi/OneDrive/Documents/arm-gnu-toolchain-14.2.rel1-mingw-w64-i686-arm-none-eabi/bin/../lib/gcc/arm-none-eabi/14.2.1/thumb/v6-m/nofp\libc.a(libc_a-vfprintf.o)
 .rodata.blanks.1
                0x0000db74       0x10 C:/Users/Danfi/OneDrive/Documents/arm-gnu-toolchain-14.2.rel1-mingw-w64-i686-arm-none-eabi/bin/../lib/gcc/arm-none-eabi/14.2.1/thumb/v6-m/nofp\libc.a(libc_a-vfprintf.o)
 .rodata.__assert_func.str1.4
                0x0000db84       0x43 C:/Users/Danfi/OneDrive/Documents/arm-gnu-toolchain-14.2.rel1-mingw-w64-i686-arm-none-eabi/bin/../lib/gcc/arm-none-eabi/14.2.1/thumb/v6-m/nofp\libc.a(libc_a-assert.o)
 .rodata._dtoa_r.str1.4
                0x0000db84       0x81 C:/Users/Danfi/OneDrive/Documents/arm-gnu-toolchain-14.2.rel1-mingw-w64-i686-arm-none-eabi/bin/../lib/gcc/arm-none-eabi/14.2.1/thumb/v6-m/nofp\libc.a(libc_a-dtoa.o)
 .rodata._vfiprintf_r.str1.4
                0x0000db84       0x2f C:/Users/Danfi/OneDrive/Documents/arm-gnu-toolchain-14.2.rel1-mingw-w64-i686-arm-none-eabi/bin/../lib/gcc/arm-none-eabi/14.2.1/thumb/v6-m/nofp\libc.a(libc_a-vfiprintf.o)
 .rodata._vfiprintf_r
                0x0000db84      0x16c C:/Users/Danfi/OneDrive/Documents/arm-gnu-toolchain-14.2.rel1-mingw-w64-i686-arm-none-eabi/bin/../lib/gcc/arm-none-eabi/14.2.1/thumb/v6-m/nofp\libc.a(libc_a-vfiprintf.o)
 .rodata.zeroes.0
                0x0000dcf0       0x10 C:/Users/Danfi/OneDrive/Documents/arm-gnu-toolchain-14.2.rel1-mingw-w64-i686-arm-none-eabi/bin/../lib/gcc/arm-none-eabi/14.2.1/thumb/v6-m/nofp\libc.a(libc_a-vfiprintf.o)
 .rodata.blanks.1
                0x0000dd00       0x10 C:/Users/Danfi/OneDrive/Documents/arm-gnu-toolchain-14.2.rel1-mingw-w64-i686-arm-none-eabi/bin/../lib/gcc/arm-none-eabi/14.2.1/thumb/v6-m/nofp\libc.a(libc_a-vfiprintf.o)
 .rodata.__aeabi_ddiv
                0x0000dd10       0x40 C:/Users/Danfi/OneDrive/Documents/arm-gnu-toolchain-14.2.rel1-mingw-w64-i686-arm-none-eabi/bin/../lib/gcc/arm-none-eabi/14.2.1/thumb/v6-m/nofp\libgcc.a(divdf3.o)
 *(.ARM.extab* .gnu.linkonce.armextab.*)
                0x0000dd50                        . = ALIGN (0x4)
 *(.init)
 .init          0x0000dd50        0x4 C:/Users/Danfi/OneDrive/Documents/arm-gnu-toolchain-14.2.rel1-mingw-w64-i686-arm-none-eabi/bin/../lib/gcc/arm-none-eabi/14.2.1/thumb/v6-m/nofp/crti.o
                0x0000dd50                _init
 .init          0x0000dd54        0x8 C:/Users/Danfi/OneDrive/Documents/arm-gnu-toolchain-14.2.rel1-mingw-w64-i686-arm-none-eabi/bin/../lib/gcc/arm-none-eabi/14.2.1/thumb/v6-m/nofp/crtn.o
                0x0000dd5c                        . = ALIGN (0x4)
                0x0000dd5c                        __preinit_array_start = .
 *(.preinit_array)
                0x0000dd5c                        __preinit_array_end = .
                0x0000dd5c                        . = ALIGN (0x4)
                0x0000dd5c                        __init_array_start = .
 *(SORT_BY_NAME(.init_array.*))
 .init_array.00000
                0x0000dd5c        0x4 C:/Users/Danfi/OneDrive/Documents/arm-gnu-toolchain-14.2.rel1-mingw-w64-i686-arm-none-eabi/bin/../lib/gcc/arm-none-eabi/14.2.1/thumb/v6-m/nofp\libc.a(libc_a-__call_atexit.o)
 *(.init_array)
 .init_array    0x0000dd60        0x4 C:/Users/Danfi/OneDrive/Documents/arm-gnu-toolchain-14.2.rel1-mingw-w64-i686-arm-none-eabi/bin/../lib/gcc/arm-none-eabi/14.2.1/thumb/v6-m/nofp/crtbegin.o
                0x0000dd64                        __init_array_end = .
                0x0000dd64                        . = ALIGN (0x4)
 *crtbegin.o(.ctors)
 *(EXCLUDE_FILE(*crtend.o) .ctors)
 *(SORT_BY_NAME(.ctors.*))
 *crtend.o(.ctors)
                0x0000dd64                        . = ALIGN (0x4)
 *(.fini)
 .fini          0x0000dd64        0x4 C:/Users/Danfi/OneDrive/Documents/arm-gnu-toolchain-14.2.rel1-mingw-w64-i686-arm-none-eabi/bin/../lib/gcc/arm-none-eabi/14.2.1/thumb/v6-m/nofp/crti.o
                0x0000dd64                _fini
 .fini          0x0000dd68        0x8 C:/Users/Danfi/OneDrive/Documents/arm-gnu-toolchain-14.2.rel1-mingw-w64-i686-arm-none-eabi/bin/../lib/gcc/arm-none-eabi/14.2.1/thumb/v6-m/nofp/crtn.o
                0x0000dd70                        . = ALIGN (0x4)
                0x0000dd70                        __fini_array_start = .
 *(.fini_array)
 .fini_array    0x0000dd70        0x4 C:/Users/Danfi/OneDrive/Documents/arm-gnu-toolchain-14.2.rel1-mingw-w64-i686-arm-none-eabi/bin/../lib/gcc/arm-none-eabi/14.2.1/thumb/v6-m/nofp/crtbegin.o
 *(SORT_BY_NAME(.fini_array.*))
                0x0000dd74                        __fini_array_end = .
 *crtbegin.o(.dtors)
 *(EXCLUDE_FILE(*crtend.o) .dtors)
 *(SORT_BY_NAME(.dtors.*))
 *crtend.o(.dtors)
                0x0000dd74                        . = ALIGN (0x4)
                0x0000dd74                        _efixed = .
                [!provide]                        PROVIDE (__exidx_start = .)

.vfp11_veneer   0x0000dd74        0x0
 .vfp11_veneer  0x0000dd74        0x0 linker stubs

.v4_bx          0x0000dd74        0x0
 .v4_bx         0x0000dd74        0x0 linker stubs

.iplt           0x0000dd74        0x0
 .iplt          0x0000dd74        0x0 C:/Users/Danfi/OneDrive/Documents/arm-gnu-toolchain-14.2.rel1-mingw-w64-i686-arm-none-eabi/bin/../lib/gcc/arm-none-eabi/14.2.1/thumb/v6-m/nofp/crtbegin.o

.ARM.exidx      0x0000dd74        0x8
 *(.ARM.exidx* .gnu.linkonce.armexidx.*)
 .ARM.exidx.text.__udivmoddi4
                0x0000dd74        0x8 C:/Users/Danfi/OneDrive/Documents/arm-gnu-toolchain-14.2.rel1-mingw-w64-i686-arm-none-eabi/bin/../lib/gcc/arm-none-eabi/14.2.1/thumb/v6-m/nofp\libgcc.a(_udivmoddi4.o)
                [!provide]                        PROVIDE (__exidx_end = .)

.eh_frame       0x0000dd7c        0x0
 .eh_frame      0x0000dd7c        0x0 C:/Users/Danfi/OneDrive/Documents/arm-gnu-toolchain-14.2.rel1-mingw-w64-i686-arm-none-eabi/bin/../lib/gcc/arm-none-eabi/14.2.1/thumb/v6-m/nofp/crtbegin.o

.rel.dyn        0x0000dd7c        0x0
 .rel.iplt      0x0000dd7c        0x0 C:/Users/Danfi/OneDrive/Documents/arm-gnu-toolchain-14.2.rel1-mingw-w64-i686-arm-none-eabi/bin/../lib/gcc/arm-none-eabi/14.2.1/thumb/v6-m/nofp/crtbegin.o

.tm_clone_table
                0x0000dd7c        0x0
 .tm_clone_table
                0x0000dd7c        0x0 C:/Users/Danfi/OneDrive/Documents/arm-gnu-toolchain-14.2.rel1-mingw-w64-i686-arm-none-eabi/bin/../lib/gcc/arm-none-eabi/14.2.1/thumb/v6-m/nofp/crtbegin.o
 .tm_clone_table
                0x0000dd7c        0x0 C:/Users/Danfi/OneDrive/Documents/arm-gnu-toolchain-14.2.rel1-mingw-w64-i686-arm-none-eabi/bin/../lib/gcc/arm-none-eabi/14.2.1/thumb/v6-m/nofp/crtend.o

.igot.plt       0x0000dd7c        0x0
 .igot.plt      0x0000dd7c        0x0 C:/Users/Danfi/OneDrive/Documents/arm-gnu-toolchain-14.2.rel1-mingw-w64-i686-arm-none-eabi/bin/../lib/gcc/arm-none-eabi/14.2.1/thumb/v6-m/nofp/crtbegin.o
                0x0000dd7c                        . = ALIGN (0x4)
                0x0000dd7c                        _etext = .

.relocate       0x20000000      0x6f0 load address 0x0000dd7c
                0x20000000                        . = ALIGN (0x4)
                0x20000000                        _srelocate = .
 *(.ramfunc .ramfunc.*)
 *(.data .data.*)
 .data          0x20000000       0x1c build/default/production/cal_temp.o
                0x20000000                constants
 .data.__sglue  0x2000001c        0xc C:/Users/Danfi/OneDrive/Documents/arm-gnu-toolchain-14.2.rel1-mingw-w64-i686-arm-none-eabi/bin/../lib/gcc/arm-none-eabi/14.2.1/thumb/v6-m/nofp\libc.a(libc_a-findfp.o)
                0x2000001c                __sglue
 .data.__global_locale
                0x20000028      0x16c C:/Users/Danfi/OneDrive/Documents/arm-gnu-toolchain-14.2.rel1-mingw-w64-i686-arm-none-eabi/bin/../lib/gcc/arm-none-eabi/14.2.1/thumb/v6-m/nofp\libc.a(libc_a-locale.o)
                0x20000028                __global_locale
 .data._impure_ptr
                0x20000194        0x4 C:/Users/Danfi/OneDrive/Documents/arm-gnu-toolchain-14.2.rel1-mingw-w64-i686-arm-none-eabi/bin/../lib/gcc/arm-none-eabi/14.2.1/thumb/v6-m/nofp\libc.a(libc_a-impure.o)
                0x20000194                _impure_ptr
 .data._impure_data
                0x20000198      0x140 C:/Users/Danfi/OneDrive/Documents/arm-gnu-toolchain-14.2.rel1-mingw-w64-i686-arm-none-eabi/bin/../lib/gcc/arm-none-eabi/14.2.1/thumb/v6-m/nofp\libc.a(libc_a-impure.o)
                0x20000198                _impure_data
 .data.__atexit_recursive_mutex
                0x200002d8        0x4 C:/Users/Danfi/OneDrive/Documents/arm-gnu-toolchain-14.2.rel1-mingw-w64-i686-arm-none-eabi/bin/../lib/gcc/arm-none-eabi/14.2.1/thumb/v6-m/nofp\libc.a(libc_a-__call_atexit.o)
                0x200002d8                __atexit_recursive_mutex
 .data.__malloc_sbrk_base
                0x200002dc        0x4 C:/Users/Danfi/OneDrive/Documents/arm-gnu-toolchain-14.2.rel1-mingw-w64-i686-arm-none-eabi/bin/../lib/gcc/arm-none-eabi/14.2.1/thumb/v6-m/nofp\libc.a(libc_a-mallocr.o)
                0x200002dc                __malloc_sbrk_base
 .data.__malloc_trim_threshold
                0x200002e0        0x4 C:/Users/Danfi/OneDrive/Documents/arm-gnu-toolchain-14.2.rel1-mingw-w64-i686-arm-none-eabi/bin/../lib/gcc/arm-none-eabi/14.2.1/thumb/v6-m/nofp\libc.a(libc_a-mallocr.o)
                0x200002e0                __malloc_trim_threshold
 *fill*         0x200002e4        0x4 
 .data.__malloc_av_
                0x200002e8      0x408 C:/Users/Danfi/OneDrive/Documents/arm-gnu-toolchain-14.2.rel1-mingw-w64-i686-arm-none-eabi/bin/../lib/gcc/arm-none-eabi/14.2.1/thumb/v6-m/nofp\libc.a(libc_a-mallocr.o)
                0x200002e8                __malloc_av_
                0x200006f0                        . = ALIGN (0x4)
                0x200006f0                        _erelocate = .

.bss            0x200006f0     0x36b0 load address 0x0000e46c
                0x200006f0                        . = ALIGN (0x4)
                0x200006f0                        _sbss = .
                0x200006f0                        _szero = .
 *(.bss .bss.*)
 .bss.completed.1
                0x200006f0        0x1 C:/Users/Danfi/OneDrive/Documents/arm-gnu-toolchain-14.2.rel1-mingw-w64-i686-arm-none-eabi/bin/../lib/gcc/arm-none-eabi/14.2.1/thumb/v6-m/nofp/crtbegin.o
 *fill*         0x200006f1        0x3 
 .bss.object.0  0x200006f4       0x18 C:/Users/Danfi/OneDrive/Documents/arm-gnu-toolchain-14.2.rel1-mingw-w64-i686-arm-none-eabi/bin/../lib/gcc/arm-none-eabi/14.2.1/thumb/v6-m/nofp/crtbegin.o
 .bss           0x2000070c      0x102 build/default/production/analog.o
                0x2000070c                sample_buffer
                0x2000080c                sample_index
                0x2000080d                bufferFullFlag
 *fill*         0x2000080e        0x2 
 .bss           0x20000810      0x210 build/default/production/cal_temp.o
                0x20000810                inputs
                0x20000820                voltage_samples
 .bss           0x20000a20     0x302c build/default/production/fis.o
                0x20000a20                T_set
                0x20000a24                COLD_C2
                0x20000a28                OPTIMAL_C1
                0x20000a2c                OPTIMAL_C2
                0x20000a30                HOT_C1
                0x20000a34                tempMembership
                0x20000a40                slopeMembership
                0x20000a4c                devLUTs
                0x2000224c                slopeLUTs
 .bss           0x20003a4c        0x4 build/default/production/systick.o
                0x20003a4c                counter
 .bss           0x20003a50       0x36 build/default/production/uart.o
                0x20003a68                receivedCommand
                0x20003a84                commandReady
                0x20003a85                verboseActiveFlag
 *fill*         0x20003a86        0x2 
 .bss.__sf      0x20003a88      0x138 C:/Users/Danfi/OneDrive/Documents/arm-gnu-toolchain-14.2.rel1-mingw-w64-i686-arm-none-eabi/bin/../lib/gcc/arm-none-eabi/14.2.1/thumb/v6-m/nofp\libc.a(libc_a-findfp.o)
                0x20003a88                __sf
 .bss.__stdio_exit_handler
                0x20003bc0        0x4 C:/Users/Danfi/OneDrive/Documents/arm-gnu-toolchain-14.2.rel1-mingw-w64-i686-arm-none-eabi/bin/../lib/gcc/arm-none-eabi/14.2.1/thumb/v6-m/nofp\libc.a(libc_a-findfp.o)
                0x20003bc0                __stdio_exit_handler
 .bss.errno     0x20003bc4        0x4 C:/Users/Danfi/OneDrive/Documents/arm-gnu-toolchain-14.2.rel1-mingw-w64-i686-arm-none-eabi/bin/../lib/gcc/arm-none-eabi/14.2.1/thumb/v6-m/nofp\libc.a(libc_a-reent.o)
                0x20003bc4                errno
 .bss.__lock___malloc_recursive_mutex
                0x20003bc8        0x1 C:/Users/Danfi/OneDrive/Documents/arm-gnu-toolchain-14.2.rel1-mingw-w64-i686-arm-none-eabi/bin/../lib/gcc/arm-none-eabi/14.2.1/thumb/v6-m/nofp\libc.a(libc_a-lock.o)
                0x20003bc8                __lock___malloc_recursive_mutex
 *fill*         0x20003bc9        0x3 
 .bss.__lock___atexit_recursive_mutex
                0x20003bcc        0x1 C:/Users/Danfi/OneDrive/Documents/arm-gnu-toolchain-14.2.rel1-mingw-w64-i686-arm-none-eabi/bin/../lib/gcc/arm-none-eabi/14.2.1/thumb/v6-m/nofp\libc.a(libc_a-lock.o)
                0x20003bcc                __lock___atexit_recursive_mutex
 *fill*         0x20003bcd        0x3 
 .bss.__lock___sfp_recursive_mutex
                0x20003bd0        0x1 C:/Users/Danfi/OneDrive/Documents/arm-gnu-toolchain-14.2.rel1-mingw-w64-i686-arm-none-eabi/bin/../lib/gcc/arm-none-eabi/14.2.1/thumb/v6-m/nofp\libc.a(libc_a-lock.o)
                0x20003bd0                __lock___sfp_recursive_mutex
 *fill*         0x20003bd1        0x3 
 .bss.__atexit  0x20003bd4        0x4 C:/Users/Danfi/OneDrive/Documents/arm-gnu-toolchain-14.2.rel1-mingw-w64-i686-arm-none-eabi/bin/../lib/gcc/arm-none-eabi/14.2.1/thumb/v6-m/nofp\libc.a(libc_a-__call_atexit.o)
                0x20003bd4                __atexit
 .bss.__malloc_current_mallinfo
                0x20003bd8       0x28 C:/Users/Danfi/OneDrive/Documents/arm-gnu-toolchain-14.2.rel1-mingw-w64-i686-arm-none-eabi/bin/../lib/gcc/arm-none-eabi/14.2.1/thumb/v6-m/nofp\libc.a(libc_a-mallocr.o)
                0x20003bd8                __malloc_current_mallinfo
 .bss.__malloc_max_total_mem
                0x20003c00        0x4 C:/Users/Danfi/OneDrive/Documents/arm-gnu-toolchain-14.2.rel1-mingw-w64-i686-arm-none-eabi/bin/../lib/gcc/arm-none-eabi/14.2.1/thumb/v6-m/nofp\libc.a(libc_a-mallocr.o)
                0x20003c00                __malloc_max_total_mem
 .bss.__malloc_max_sbrked_mem
                0x20003c04        0x4 C:/Users/Danfi/OneDrive/Documents/arm-gnu-toolchain-14.2.rel1-mingw-w64-i686-arm-none-eabi/bin/../lib/gcc/arm-none-eabi/14.2.1/thumb/v6-m/nofp\libc.a(libc_a-mallocr.o)
                0x20003c04                __malloc_max_sbrked_mem
 .bss.__malloc_top_pad
                0x20003c08        0x4 C:/Users/Danfi/OneDrive/Documents/arm-gnu-toolchain-14.2.rel1-mingw-w64-i686-arm-none-eabi/bin/../lib/gcc/arm-none-eabi/14.2.1/thumb/v6-m/nofp\libc.a(libc_a-mallocr.o)
                0x20003c08                __malloc_top_pad
 .bss.__atexit0
                0x20003c0c      0x190 C:/Users/Danfi/OneDrive/Documents/arm-gnu-toolchain-14.2.rel1-mingw-w64-i686-arm-none-eabi/bin/../lib/gcc/arm-none-eabi/14.2.1/thumb/v6-m/nofp\libc.a(libc_a-__atexit.o)
                0x20003c0c                __atexit0
 .bss.heap_end.0
                0x20003d9c        0x4 C:/Users/Danfi/OneDrive/Documents/arm-gnu-toolchain-14.2.rel1-mingw-w64-i686-arm-none-eabi/bin/../lib/gcc/arm-none-eabi/14.2.1/thumb/v6-m/nofp\libnosys.a(sbrk.o)
 *(COMMON)
                0x20003da0                        . = ALIGN (0x4)
                0x20003da0                        _ebss = .
                0x20003da0                        _ezero = .

.stack          0x20003da0     0x2000 load address 0x00011b1c
                0x20003da0                        . = ALIGN (0x8)
                0x20003da0                        _sstack = .
                0x20005da0                        . = (. + STACK_SIZE)
 *fill*         0x20003da0     0x2000 
                0x20005da0                        . = ALIGN (0x8)
                0x20005da0                        _estack = .
                0x20005da0                        . = ALIGN (0x4)
                0x20005da0                        _end = .
                0x20005da0                        PROVIDE (end = _end)
OUTPUT(dist/default/production/code_3.1.X.production.elf elf32-littlearm)
LOAD linker stubs

.ARM.attributes
                0x00000000       0x28
 .ARM.attributes
                0x00000000       0x1e C:/Users/Danfi/OneDrive/Documents/arm-gnu-toolchain-14.2.rel1-mingw-w64-i686-arm-none-eabi/bin/../lib/gcc/arm-none-eabi/14.2.1/thumb/v6-m/nofp/crti.o
 .ARM.attributes
                0x0000001e       0x2c C:/Users/Danfi/OneDrive/Documents/arm-gnu-toolchain-14.2.rel1-mingw-w64-i686-arm-none-eabi/bin/../lib/gcc/arm-none-eabi/14.2.1/thumb/v6-m/nofp/crtbegin.o
 .ARM.attributes
                0x0000004a       0x2c build/default/production/startup_samc21e18a.o
 .ARM.attributes
                0x00000076       0x2c build/default/production/main.o
 .ARM.attributes
                0x000000a2       0x2c build/default/production/analog.o
 .ARM.attributes
                0x000000ce       0x2c build/default/production/cal_temp.o
 .ARM.attributes
                0x000000fa       0x2c build/default/production/dac.o
 .ARM.attributes
                0x00000126       0x2c build/default/production/fis.o
 .ARM.attributes
                0x00000152       0x2c build/default/production/flash.o
 .ARM.attributes
                0x0000017e       0x2c build/default/production/port.o
 .ARM.attributes
                0x000001aa       0x2c build/default/production/system.o
 .ARM.attributes
                0x000001d6       0x2c build/default/production/systick.o
 .ARM.attributes
                0x00000202       0x2c build/default/production/timer.o
 .ARM.attributes
                0x0000022e       0x2c build/default/production/uart.o
 .ARM.attributes
                0x0000025a       0x2c C:/Users/Danfi/OneDrive/Documents/arm-gnu-toolchain-14.2.rel1-mingw-w64-i686-arm-none-eabi/bin/../lib/gcc/arm-none-eabi/14.2.1/thumb/v6-m/nofp\libm.a(libm_a-wf_exp.o)
 .ARM.attributes
                0x00000286       0x2c C:/Users/Danfi/OneDrive/Documents/arm-gnu-toolchain-14.2.rel1-mingw-w64-i686-arm-none-eabi/bin/../lib/gcc/arm-none-eabi/14.2.1/thumb/v6-m/nofp\libm.a(libm_a-wf_log.o)
 .ARM.attributes
                0x000002b2       0x2c C:/Users/Danfi/OneDrive/Documents/arm-gnu-toolchain-14.2.rel1-mingw-w64-i686-arm-none-eabi/bin/../lib/gcc/arm-none-eabi/14.2.1/thumb/v6-m/nofp\libm.a(libm_a-wf_pow.o)
 .ARM.attributes
                0x000002de       0x2c C:/Users/Danfi/OneDrive/Documents/arm-gnu-toolchain-14.2.rel1-mingw-w64-i686-arm-none-eabi/bin/../lib/gcc/arm-none-eabi/14.2.1/thumb/v6-m/nofp\libm.a(libm_a-sf_finite.o)
 .ARM.attributes
                0x0000030a       0x2c C:/Users/Danfi/OneDrive/Documents/arm-gnu-toolchain-14.2.rel1-mingw-w64-i686-arm-none-eabi/bin/../lib/gcc/arm-none-eabi/14.2.1/thumb/v6-m/nofp\libm.a(libm_a-sf_nan.o)
 .ARM.attributes
                0x00000336       0x2c C:/Users/Danfi/OneDrive/Documents/arm-gnu-toolchain-14.2.rel1-mingw-w64-i686-arm-none-eabi/bin/../lib/gcc/arm-none-eabi/14.2.1/thumb/v6-m/nofp\libm.a(libm_a-sf_round.o)
 .ARM.attributes
                0x00000362       0x2c C:/Users/Danfi/OneDrive/Documents/arm-gnu-toolchain-14.2.rel1-mingw-w64-i686-arm-none-eabi/bin/../lib/gcc/arm-none-eabi/14.2.1/thumb/v6-m/nofp\libm.a(libm_a-ef_exp.o)
 .ARM.attributes
                0x0000038e       0x2c C:/Users/Danfi/OneDrive/Documents/arm-gnu-toolchain-14.2.rel1-mingw-w64-i686-arm-none-eabi/bin/../lib/gcc/arm-none-eabi/14.2.1/thumb/v6-m/nofp\libm.a(libm_a-ef_log.o)
 .ARM.attributes
                0x000003ba       0x2c C:/Users/Danfi/OneDrive/Documents/arm-gnu-toolchain-14.2.rel1-mingw-w64-i686-arm-none-eabi/bin/../lib/gcc/arm-none-eabi/14.2.1/thumb/v6-m/nofp\libm.a(libm_a-ef_pow.o)
 .ARM.attributes
                0x000003e6       0x2c C:/Users/Danfi/OneDrive/Documents/arm-gnu-toolchain-14.2.rel1-mingw-w64-i686-arm-none-eabi/bin/../lib/gcc/arm-none-eabi/14.2.1/thumb/v6-m/nofp\libm.a(libm_a-sf_fabs.o)
 .ARM.attributes
                0x00000412       0x2c C:/Users/Danfi/OneDrive/Documents/arm-gnu-toolchain-14.2.rel1-mingw-w64-i686-arm-none-eabi/bin/../lib/gcc/arm-none-eabi/14.2.1/thumb/v6-m/nofp\libm.a(libm_a-sf_scalbn.o)
 .ARM.attributes
                0x0000043e       0x2c C:/Users/Danfi/OneDrive/Documents/arm-gnu-toolchain-14.2.rel1-mingw-w64-i686-arm-none-eabi/bin/../lib/gcc/arm-none-eabi/14.2.1/thumb/v6-m/nofp\libm.a(libm_a-math_errf.o)
 .ARM.attributes
                0x0000046a       0x2c C:/Users/Danfi/OneDrive/Documents/arm-gnu-toolchain-14.2.rel1-mingw-w64-i686-arm-none-eabi/bin/../lib/gcc/arm-none-eabi/14.2.1/thumb/v6-m/nofp\libm.a(libm_a-ef_sqrt.o)
 .ARM.attributes
                0x00000496       0x1e C:/Users/Danfi/OneDrive/Documents/arm-gnu-toolchain-14.2.rel1-mingw-w64-i686-arm-none-eabi/bin/../lib/gcc/arm-none-eabi/14.2.1/thumb/v6-m/nofp\libgcc.a(_arm_cmpdf2.o)
 .ARM.attributes
                0x000004b4       0x1e C:/Users/Danfi/OneDrive/Documents/arm-gnu-toolchain-14.2.rel1-mingw-w64-i686-arm-none-eabi/bin/../lib/gcc/arm-none-eabi/14.2.1/thumb/v6-m/nofp\libgcc.a(_arm_cmpsf2.o)
 .ARM.attributes
                0x000004d2       0x2c C:/Users/Danfi/OneDrive/Documents/arm-gnu-toolchain-14.2.rel1-mingw-w64-i686-arm-none-eabi/bin/../lib/gcc/arm-none-eabi/14.2.1/thumb/v6-m/nofp\libgcc.a(_fixunssfsi.o)
 .ARM.attributes
                0x000004fe       0x2c C:/Users/Danfi/OneDrive/Documents/arm-gnu-toolchain-14.2.rel1-mingw-w64-i686-arm-none-eabi/bin/../lib/gcc/arm-none-eabi/14.2.1/thumb/v6-m/nofp\libgcc.a(addsf3.o)
 .ARM.attributes
                0x0000052a       0x2c C:/Users/Danfi/OneDrive/Documents/arm-gnu-toolchain-14.2.rel1-mingw-w64-i686-arm-none-eabi/bin/../lib/gcc/arm-none-eabi/14.2.1/thumb/v6-m/nofp\libgcc.a(divsf3.o)
 .ARM.attributes
                0x00000556       0x2c C:/Users/Danfi/OneDrive/Documents/arm-gnu-toolchain-14.2.rel1-mingw-w64-i686-arm-none-eabi/bin/../lib/gcc/arm-none-eabi/14.2.1/thumb/v6-m/nofp\libgcc.a(eqsf2.o)
 .ARM.attributes
                0x00000582       0x2c C:/Users/Danfi/OneDrive/Documents/arm-gnu-toolchain-14.2.rel1-mingw-w64-i686-arm-none-eabi/bin/../lib/gcc/arm-none-eabi/14.2.1/thumb/v6-m/nofp\libgcc.a(gesf2.o)
 .ARM.attributes
                0x000005ae       0x2c C:/Users/Danfi/OneDrive/Documents/arm-gnu-toolchain-14.2.rel1-mingw-w64-i686-arm-none-eabi/bin/../lib/gcc/arm-none-eabi/14.2.1/thumb/v6-m/nofp\libgcc.a(lesf2.o)
 .ARM.attributes
                0x000005da       0x2c C:/Users/Danfi/OneDrive/Documents/arm-gnu-toolchain-14.2.rel1-mingw-w64-i686-arm-none-eabi/bin/../lib/gcc/arm-none-eabi/14.2.1/thumb/v6-m/nofp\libgcc.a(mulsf3.o)
 .ARM.attributes
                0x00000606       0x2c C:/Users/Danfi/OneDrive/Documents/arm-gnu-toolchain-14.2.rel1-mingw-w64-i686-arm-none-eabi/bin/../lib/gcc/arm-none-eabi/14.2.1/thumb/v6-m/nofp\libgcc.a(subsf3.o)
 .ARM.attributes
                0x00000632       0x2c C:/Users/Danfi/OneDrive/Documents/arm-gnu-toolchain-14.2.rel1-mingw-w64-i686-arm-none-eabi/bin/../lib/gcc/arm-none-eabi/14.2.1/thumb/v6-m/nofp\libgcc.a(unordsf2.o)
 .ARM.attributes
                0x0000065e       0x2c C:/Users/Danfi/OneDrive/Documents/arm-gnu-toolchain-14.2.rel1-mingw-w64-i686-arm-none-eabi/bin/../lib/gcc/arm-none-eabi/14.2.1/thumb/v6-m/nofp\libgcc.a(fixsfsi.o)
 .ARM.attributes
                0x0000068a       0x2c C:/Users/Danfi/OneDrive/Documents/arm-gnu-toolchain-14.2.rel1-mingw-w64-i686-arm-none-eabi/bin/../lib/gcc/arm-none-eabi/14.2.1/thumb/v6-m/nofp\libgcc.a(floatsisf.o)
 .ARM.attributes
                0x000006b6       0x2c C:/Users/Danfi/OneDrive/Documents/arm-gnu-toolchain-14.2.rel1-mingw-w64-i686-arm-none-eabi/bin/../lib/gcc/arm-none-eabi/14.2.1/thumb/v6-m/nofp\libgcc.a(eqdf2.o)
 .ARM.attributes
                0x000006e2       0x2c C:/Users/Danfi/OneDrive/Documents/arm-gnu-toolchain-14.2.rel1-mingw-w64-i686-arm-none-eabi/bin/../lib/gcc/arm-none-eabi/14.2.1/thumb/v6-m/nofp\libgcc.a(gedf2.o)
 .ARM.attributes
                0x0000070e       0x2c C:/Users/Danfi/OneDrive/Documents/arm-gnu-toolchain-14.2.rel1-mingw-w64-i686-arm-none-eabi/bin/../lib/gcc/arm-none-eabi/14.2.1/thumb/v6-m/nofp\libgcc.a(ledf2.o)
 .ARM.attributes
                0x0000073a       0x2c C:/Users/Danfi/OneDrive/Documents/arm-gnu-toolchain-14.2.rel1-mingw-w64-i686-arm-none-eabi/bin/../lib/gcc/arm-none-eabi/14.2.1/thumb/v6-m/nofp\libgcc.a(extendsfdf2.o)
 .ARM.attributes
                0x00000766       0x1e C:/Users/Danfi/OneDrive/Documents/arm-gnu-toolchain-14.2.rel1-mingw-w64-i686-arm-none-eabi/bin/../lib/gcc/arm-none-eabi/14.2.1/thumb/v6-m/nofp\libgcc.a(_clzsi2.o)
 .ARM.attributes
                0x00000784       0x2c C:/Users/Danfi/OneDrive/Documents/arm-gnu-toolchain-14.2.rel1-mingw-w64-i686-arm-none-eabi/bin/../lib/gcc/arm-none-eabi/14.2.1/thumb/v6-m/nofp\libc.a(libc_a-ctype_.o)
 .ARM.attributes
                0x000007b0       0x2c C:/Users/Danfi/OneDrive/Documents/arm-gnu-toolchain-14.2.rel1-mingw-w64-i686-arm-none-eabi/bin/../lib/gcc/arm-none-eabi/14.2.1/thumb/v6-m/nofp\libc.a(libc_a-findfp.o)
 .ARM.attributes
                0x000007dc       0x2c C:/Users/Danfi/OneDrive/Documents/arm-gnu-toolchain-14.2.rel1-mingw-w64-i686-arm-none-eabi/bin/../lib/gcc/arm-none-eabi/14.2.1/thumb/v6-m/nofp\libc.a(libc_a-fwalk.o)
 .ARM.attributes
                0x00000808       0x2c C:/Users/Danfi/OneDrive/Documents/arm-gnu-toolchain-14.2.rel1-mingw-w64-i686-arm-none-eabi/bin/../lib/gcc/arm-none-eabi/14.2.1/thumb/v6-m/nofp\libc.a(libc_a-printf.o)
 .ARM.attributes
                0x00000834       0x2c C:/Users/Danfi/OneDrive/Documents/arm-gnu-toolchain-14.2.rel1-mingw-w64-i686-arm-none-eabi/bin/../lib/gcc/arm-none-eabi/14.2.1/thumb/v6-m/nofp\libc.a(libc_a-puts.o)
 .ARM.attributes
                0x00000860       0x2c C:/Users/Danfi/OneDrive/Documents/arm-gnu-toolchain-14.2.rel1-mingw-w64-i686-arm-none-eabi/bin/../lib/gcc/arm-none-eabi/14.2.1/thumb/v6-m/nofp\libc.a(libc_a-stdio.o)
 .ARM.attributes
                0x0000088c       0x2c C:/Users/Danfi/OneDrive/Documents/arm-gnu-toolchain-14.2.rel1-mingw-w64-i686-arm-none-eabi/bin/../lib/gcc/arm-none-eabi/14.2.1/thumb/v6-m/nofp\libc.a(libc_a-memset.o)
 .ARM.attributes
                0x000008b8       0x2c C:/Users/Danfi/OneDrive/Documents/arm-gnu-toolchain-14.2.rel1-mingw-w64-i686-arm-none-eabi/bin/../lib/gcc/arm-none-eabi/14.2.1/thumb/v6-m/nofp\libc.a(libc_a-locale.o)
 .ARM.attributes
                0x000008e4       0x2c C:/Users/Danfi/OneDrive/Documents/arm-gnu-toolchain-14.2.rel1-mingw-w64-i686-arm-none-eabi/bin/../lib/gcc/arm-none-eabi/14.2.1/thumb/v6-m/nofp\libc.a(libc_a-closer.o)
 .ARM.attributes
                0x00000910       0x2c C:/Users/Danfi/OneDrive/Documents/arm-gnu-toolchain-14.2.rel1-mingw-w64-i686-arm-none-eabi/bin/../lib/gcc/arm-none-eabi/14.2.1/thumb/v6-m/nofp\libc.a(libc_a-reent.o)
 .ARM.attributes
                0x0000093c       0x2c C:/Users/Danfi/OneDrive/Documents/arm-gnu-toolchain-14.2.rel1-mingw-w64-i686-arm-none-eabi/bin/../lib/gcc/arm-none-eabi/14.2.1/thumb/v6-m/nofp\libc.a(libc_a-impure.o)
 .ARM.attributes
                0x00000968       0x2c C:/Users/Danfi/OneDrive/Documents/arm-gnu-toolchain-14.2.rel1-mingw-w64-i686-arm-none-eabi/bin/../lib/gcc/arm-none-eabi/14.2.1/thumb/v6-m/nofp\libc.a(libc_a-lseekr.o)
 .ARM.attributes
                0x00000994       0x2c C:/Users/Danfi/OneDrive/Documents/arm-gnu-toolchain-14.2.rel1-mingw-w64-i686-arm-none-eabi/bin/../lib/gcc/arm-none-eabi/14.2.1/thumb/v6-m/nofp\libc.a(libc_a-readr.o)
 .ARM.attributes
                0x000009c0       0x2c C:/Users/Danfi/OneDrive/Documents/arm-gnu-toolchain-14.2.rel1-mingw-w64-i686-arm-none-eabi/bin/../lib/gcc/arm-none-eabi/14.2.1/thumb/v6-m/nofp\libc.a(libc_a-writer.o)
 .ARM.attributes
                0x000009ec       0x2c C:/Users/Danfi/OneDrive/Documents/arm-gnu-toolchain-14.2.rel1-mingw-w64-i686-arm-none-eabi/bin/../lib/gcc/arm-none-eabi/14.2.1/thumb/v6-m/nofp\libc.a(libc_a-errno.o)
 .ARM.attributes
                0x00000a18       0x2c C:/Users/Danfi/OneDrive/Documents/arm-gnu-toolchain-14.2.rel1-mingw-w64-i686-arm-none-eabi/bin/../lib/gcc/arm-none-eabi/14.2.1/thumb/v6-m/nofp\libc.a(libc_a-init.o)
 .ARM.attributes
                0x00000a44       0x2c C:/Users/Danfi/OneDrive/Documents/arm-gnu-toolchain-14.2.rel1-mingw-w64-i686-arm-none-eabi/bin/../lib/gcc/arm-none-eabi/14.2.1/thumb/v6-m/nofp\libc.a(libc_a-lock.o)
 .ARM.attributes
                0x00000a70       0x2c C:/Users/Danfi/OneDrive/Documents/arm-gnu-toolchain-14.2.rel1-mingw-w64-i686-arm-none-eabi/bin/../lib/gcc/arm-none-eabi/14.2.1/thumb/v6-m/nofp\libc.a(libc_a-memcpy-stub.o)
 .ARM.attributes
                0x00000a9c       0x2c C:/Users/Danfi/OneDrive/Documents/arm-gnu-toolchain-14.2.rel1-mingw-w64-i686-arm-none-eabi/bin/../lib/gcc/arm-none-eabi/14.2.1/thumb/v6-m/nofp\libc.a(libc_a-strlen-stub.o)
 .ARM.attributes
                0x00000ac8       0x2c C:/Users/Danfi/OneDrive/Documents/arm-gnu-toolchain-14.2.rel1-mingw-w64-i686-arm-none-eabi/bin/../lib/gcc/arm-none-eabi/14.2.1/thumb/v6-m/nofp\libc.a(libc_a-__call_atexit.o)
 .ARM.attributes
                0x00000af4       0x2c C:/Users/Danfi/OneDrive/Documents/arm-gnu-toolchain-14.2.rel1-mingw-w64-i686-arm-none-eabi/bin/../lib/gcc/arm-none-eabi/14.2.1/thumb/v6-m/nofp\libc.a(libc_a-atexit.o)
 .ARM.attributes
                0x00000b20       0x2c C:/Users/Danfi/OneDrive/Documents/arm-gnu-toolchain-14.2.rel1-mingw-w64-i686-arm-none-eabi/bin/../lib/gcc/arm-none-eabi/14.2.1/thumb/v6-m/nofp\libc.a(libc_a-freer.o)
 .ARM.attributes
                0x00000b4c       0x2c C:/Users/Danfi/OneDrive/Documents/arm-gnu-toolchain-14.2.rel1-mingw-w64-i686-arm-none-eabi/bin/../lib/gcc/arm-none-eabi/14.2.1/thumb/v6-m/nofp\libc.a(libc_a-mallocr.o)
 .ARM.attributes
                0x00000b78       0x2c C:/Users/Danfi/OneDrive/Documents/arm-gnu-toolchain-14.2.rel1-mingw-w64-i686-arm-none-eabi/bin/../lib/gcc/arm-none-eabi/14.2.1/thumb/v6-m/nofp\libc.a(libc_a-mbtowc_r.o)
 .ARM.attributes
                0x00000ba4       0x2c C:/Users/Danfi/OneDrive/Documents/arm-gnu-toolchain-14.2.rel1-mingw-w64-i686-arm-none-eabi/bin/../lib/gcc/arm-none-eabi/14.2.1/thumb/v6-m/nofp\libc.a(libc_a-mlock.o)
 .ARM.attributes
                0x00000bd0       0x2c C:/Users/Danfi/OneDrive/Documents/arm-gnu-toolchain-14.2.rel1-mingw-w64-i686-arm-none-eabi/bin/../lib/gcc/arm-none-eabi/14.2.1/thumb/v6-m/nofp\libc.a(libc_a-mprec.o)
 .ARM.attributes
                0x00000bfc       0x2c C:/Users/Danfi/OneDrive/Documents/arm-gnu-toolchain-14.2.rel1-mingw-w64-i686-arm-none-eabi/bin/../lib/gcc/arm-none-eabi/14.2.1/thumb/v6-m/nofp\libc.a(libc_a-wctomb_r.o)
 .ARM.attributes
                0x00000c28       0x2c C:/Users/Danfi/OneDrive/Documents/arm-gnu-toolchain-14.2.rel1-mingw-w64-i686-arm-none-eabi/bin/../lib/gcc/arm-none-eabi/14.2.1/thumb/v6-m/nofp\libc.a(libc_a-vfprintf.o)
 .ARM.attributes
                0x00000c54       0x2c C:/Users/Danfi/OneDrive/Documents/arm-gnu-toolchain-14.2.rel1-mingw-w64-i686-arm-none-eabi/bin/../lib/gcc/arm-none-eabi/14.2.1/thumb/v6-m/nofp\libc.a(libc_a-sprint_r.o)
 .ARM.attributes
                0x00000c80       0x2c C:/Users/Danfi/OneDrive/Documents/arm-gnu-toolchain-14.2.rel1-mingw-w64-i686-arm-none-eabi/bin/../lib/gcc/arm-none-eabi/14.2.1/thumb/v6-m/nofp\libc.a(libc_a-fclose.o)
 .ARM.attributes
                0x00000cac       0x2c C:/Users/Danfi/OneDrive/Documents/arm-gnu-toolchain-14.2.rel1-mingw-w64-i686-arm-none-eabi/bin/../lib/gcc/arm-none-eabi/14.2.1/thumb/v6-m/nofp\libc.a(libc_a-fflush.o)
 .ARM.attributes
                0x00000cd8       0x2c C:/Users/Danfi/OneDrive/Documents/arm-gnu-toolchain-14.2.rel1-mingw-w64-i686-arm-none-eabi/bin/../lib/gcc/arm-none-eabi/14.2.1/thumb/v6-m/nofp\libc.a(libc_a-fvwrite.o)
 .ARM.attributes
                0x00000d04       0x2c C:/Users/Danfi/OneDrive/Documents/arm-gnu-toolchain-14.2.rel1-mingw-w64-i686-arm-none-eabi/bin/../lib/gcc/arm-none-eabi/14.2.1/thumb/v6-m/nofp\libc.a(libc_a-wsetup.o)
 .ARM.attributes
                0x00000d30       0x2c C:/Users/Danfi/OneDrive/Documents/arm-gnu-toolchain-14.2.rel1-mingw-w64-i686-arm-none-eabi/bin/../lib/gcc/arm-none-eabi/14.2.1/thumb/v6-m/nofp\libc.a(libc_a-memmove.o)
 .ARM.attributes
                0x00000d5c       0x2c C:/Users/Danfi/OneDrive/Documents/arm-gnu-toolchain-14.2.rel1-mingw-w64-i686-arm-none-eabi/bin/../lib/gcc/arm-none-eabi/14.2.1/thumb/v6-m/nofp\libc.a(libc_a-strncpy.o)
 .ARM.attributes
                0x00000d88       0x2c C:/Users/Danfi/OneDrive/Documents/arm-gnu-toolchain-14.2.rel1-mingw-w64-i686-arm-none-eabi/bin/../lib/gcc/arm-none-eabi/14.2.1/thumb/v6-m/nofp\libc.a(libc_a-localeconv.o)
 .ARM.attributes
                0x00000db4       0x2c C:/Users/Danfi/OneDrive/Documents/arm-gnu-toolchain-14.2.rel1-mingw-w64-i686-arm-none-eabi/bin/../lib/gcc/arm-none-eabi/14.2.1/thumb/v6-m/nofp\libc.a(libc_a-sbrkr.o)
 .ARM.attributes
                0x00000de0       0x2c C:/Users/Danfi/OneDrive/Documents/arm-gnu-toolchain-14.2.rel1-mingw-w64-i686-arm-none-eabi/bin/../lib/gcc/arm-none-eabi/14.2.1/thumb/v6-m/nofp\libc.a(libc_a-fini.o)
 .ARM.attributes
                0x00000e0c       0x2c C:/Users/Danfi/OneDrive/Documents/arm-gnu-toolchain-14.2.rel1-mingw-w64-i686-arm-none-eabi/bin/../lib/gcc/arm-none-eabi/14.2.1/thumb/v6-m/nofp\libc.a(libc_a-sysconf.o)
 .ARM.attributes
                0x00000e38       0x2c C:/Users/Danfi/OneDrive/Documents/arm-gnu-toolchain-14.2.rel1-mingw-w64-i686-arm-none-eabi/bin/../lib/gcc/arm-none-eabi/14.2.1/thumb/v6-m/nofp\libc.a(libc_a-memchr-stub.o)
 .ARM.attributes
                0x00000e64       0x2c C:/Users/Danfi/OneDrive/Documents/arm-gnu-toolchain-14.2.rel1-mingw-w64-i686-arm-none-eabi/bin/../lib/gcc/arm-none-eabi/14.2.1/thumb/v6-m/nofp\libc.a(libm_a-s_frexp.o)
 .ARM.attributes
                0x00000e90       0x2c C:/Users/Danfi/OneDrive/Documents/arm-gnu-toolchain-14.2.rel1-mingw-w64-i686-arm-none-eabi/bin/../lib/gcc/arm-none-eabi/14.2.1/thumb/v6-m/nofp\libc.a(libc_a-__atexit.o)
 .ARM.attributes
                0x00000ebc       0x2c C:/Users/Danfi/OneDrive/Documents/arm-gnu-toolchain-14.2.rel1-mingw-w64-i686-arm-none-eabi/bin/../lib/gcc/arm-none-eabi/14.2.1/thumb/v6-m/nofp\libc.a(libc_a-assert.o)
 .ARM.attributes
                0x00000ee8       0x2c C:/Users/Danfi/OneDrive/Documents/arm-gnu-toolchain-14.2.rel1-mingw-w64-i686-arm-none-eabi/bin/../lib/gcc/arm-none-eabi/14.2.1/thumb/v6-m/nofp\libc.a(libc_a-callocr.o)
 .ARM.attributes
                0x00000f14       0x2c C:/Users/Danfi/OneDrive/Documents/arm-gnu-toolchain-14.2.rel1-mingw-w64-i686-arm-none-eabi/bin/../lib/gcc/arm-none-eabi/14.2.1/thumb/v6-m/nofp\libc.a(libc_a-dtoa.o)
 .ARM.attributes
                0x00000f40       0x2c C:/Users/Danfi/OneDrive/Documents/arm-gnu-toolchain-14.2.rel1-mingw-w64-i686-arm-none-eabi/bin/../lib/gcc/arm-none-eabi/14.2.1/thumb/v6-m/nofp\libc.a(libc_a-reallocr.o)
 .ARM.attributes
                0x00000f6c       0x2c C:/Users/Danfi/OneDrive/Documents/arm-gnu-toolchain-14.2.rel1-mingw-w64-i686-arm-none-eabi/bin/../lib/gcc/arm-none-eabi/14.2.1/thumb/v6-m/nofp\libc.a(libc_a-wcrtomb.o)
 .ARM.attributes
                0x00000f98       0x2c C:/Users/Danfi/OneDrive/Documents/arm-gnu-toolchain-14.2.rel1-mingw-w64-i686-arm-none-eabi/bin/../lib/gcc/arm-none-eabi/14.2.1/thumb/v6-m/nofp\libc.a(libc_a-wcsrtombs.o)
 .ARM.attributes
                0x00000fc4       0x2c C:/Users/Danfi/OneDrive/Documents/arm-gnu-toolchain-14.2.rel1-mingw-w64-i686-arm-none-eabi/bin/../lib/gcc/arm-none-eabi/14.2.1/thumb/v6-m/nofp\libc.a(libc_a-fiprintf.o)
 .ARM.attributes
                0x00000ff0       0x2c C:/Users/Danfi/OneDrive/Documents/arm-gnu-toolchain-14.2.rel1-mingw-w64-i686-arm-none-eabi/bin/../lib/gcc/arm-none-eabi/14.2.1/thumb/v6-m/nofp\libc.a(libc_a-vfiprintf.o)
 .ARM.attributes
                0x0000101c       0x2c C:/Users/Danfi/OneDrive/Documents/arm-gnu-toolchain-14.2.rel1-mingw-w64-i686-arm-none-eabi/bin/../lib/gcc/arm-none-eabi/14.2.1/thumb/v6-m/nofp\libc.a(libc_a-makebuf.o)
 .ARM.attributes
                0x00001048       0x2c C:/Users/Danfi/OneDrive/Documents/arm-gnu-toolchain-14.2.rel1-mingw-w64-i686-arm-none-eabi/bin/../lib/gcc/arm-none-eabi/14.2.1/thumb/v6-m/nofp\libc.a(libc_a-fstatr.o)
 .ARM.attributes
                0x00001074       0x2c C:/Users/Danfi/OneDrive/Documents/arm-gnu-toolchain-14.2.rel1-mingw-w64-i686-arm-none-eabi/bin/../lib/gcc/arm-none-eabi/14.2.1/thumb/v6-m/nofp\libc.a(libc_a-isattyr.o)
 .ARM.attributes
                0x000010a0       0x2c C:/Users/Danfi/OneDrive/Documents/arm-gnu-toolchain-14.2.rel1-mingw-w64-i686-arm-none-eabi/bin/../lib/gcc/arm-none-eabi/14.2.1/thumb/v6-m/nofp\libc.a(libc_a-abort.o)
 .ARM.attributes
                0x000010cc       0x2c C:/Users/Danfi/OneDrive/Documents/arm-gnu-toolchain-14.2.rel1-mingw-w64-i686-arm-none-eabi/bin/../lib/gcc/arm-none-eabi/14.2.1/thumb/v6-m/nofp\libc.a(libc_a-wcsnrtombs.o)
 .ARM.attributes
                0x000010f8       0x2c C:/Users/Danfi/OneDrive/Documents/arm-gnu-toolchain-14.2.rel1-mingw-w64-i686-arm-none-eabi/bin/../lib/gcc/arm-none-eabi/14.2.1/thumb/v6-m/nofp\libc.a(libc_a-signal.o)
 .ARM.attributes
                0x00001124       0x2c C:/Users/Danfi/OneDrive/Documents/arm-gnu-toolchain-14.2.rel1-mingw-w64-i686-arm-none-eabi/bin/../lib/gcc/arm-none-eabi/14.2.1/thumb/v6-m/nofp\libc.a(libc_a-signalr.o)
 .ARM.attributes
                0x00001150       0x1e C:/Users/Danfi/OneDrive/Documents/arm-gnu-toolchain-14.2.rel1-mingw-w64-i686-arm-none-eabi/bin/../lib/gcc/arm-none-eabi/14.2.1/thumb/v6-m/nofp\libgcc.a(_udivsi3.o)
 .ARM.attributes
                0x0000116e       0x1e C:/Users/Danfi/OneDrive/Documents/arm-gnu-toolchain-14.2.rel1-mingw-w64-i686-arm-none-eabi/bin/../lib/gcc/arm-none-eabi/14.2.1/thumb/v6-m/nofp\libgcc.a(_divsi3.o)
 .ARM.attributes
                0x0000118c       0x1e C:/Users/Danfi/OneDrive/Documents/arm-gnu-toolchain-14.2.rel1-mingw-w64-i686-arm-none-eabi/bin/../lib/gcc/arm-none-eabi/14.2.1/thumb/v6-m/nofp\libgcc.a(_dvmd_tls.o)
 .ARM.attributes
                0x000011aa       0x1e C:/Users/Danfi/OneDrive/Documents/arm-gnu-toolchain-14.2.rel1-mingw-w64-i686-arm-none-eabi/bin/../lib/gcc/arm-none-eabi/14.2.1/thumb/v6-m/nofp\libgcc.a(_aeabi_uldivmod.o)
 .ARM.attributes
                0x000011c8       0x2c C:/Users/Danfi/OneDrive/Documents/arm-gnu-toolchain-14.2.rel1-mingw-w64-i686-arm-none-eabi/bin/../lib/gcc/arm-none-eabi/14.2.1/thumb/v6-m/nofp\libgcc.a(_udivmoddi4.o)
 .ARM.attributes
                0x000011f4       0x2c C:/Users/Danfi/OneDrive/Documents/arm-gnu-toolchain-14.2.rel1-mingw-w64-i686-arm-none-eabi/bin/../lib/gcc/arm-none-eabi/14.2.1/thumb/v6-m/nofp\libgcc.a(adddf3.o)
 .ARM.attributes
                0x00001220       0x2c C:/Users/Danfi/OneDrive/Documents/arm-gnu-toolchain-14.2.rel1-mingw-w64-i686-arm-none-eabi/bin/../lib/gcc/arm-none-eabi/14.2.1/thumb/v6-m/nofp\libgcc.a(divdf3.o)
 .ARM.attributes
                0x0000124c       0x2c C:/Users/Danfi/OneDrive/Documents/arm-gnu-toolchain-14.2.rel1-mingw-w64-i686-arm-none-eabi/bin/../lib/gcc/arm-none-eabi/14.2.1/thumb/v6-m/nofp\libgcc.a(muldf3.o)
 .ARM.attributes
                0x00001278       0x2c C:/Users/Danfi/OneDrive/Documents/arm-gnu-toolchain-14.2.rel1-mingw-w64-i686-arm-none-eabi/bin/../lib/gcc/arm-none-eabi/14.2.1/thumb/v6-m/nofp\libgcc.a(subdf3.o)
 .ARM.attributes
                0x000012a4       0x2c C:/Users/Danfi/OneDrive/Documents/arm-gnu-toolchain-14.2.rel1-mingw-w64-i686-arm-none-eabi/bin/../lib/gcc/arm-none-eabi/14.2.1/thumb/v6-m/nofp\libgcc.a(unorddf2.o)
 .ARM.attributes
                0x000012d0       0x2c C:/Users/Danfi/OneDrive/Documents/arm-gnu-toolchain-14.2.rel1-mingw-w64-i686-arm-none-eabi/bin/../lib/gcc/arm-none-eabi/14.2.1/thumb/v6-m/nofp\libgcc.a(fixdfsi.o)
 .ARM.attributes
                0x000012fc       0x2c C:/Users/Danfi/OneDrive/Documents/arm-gnu-toolchain-14.2.rel1-mingw-w64-i686-arm-none-eabi/bin/../lib/gcc/arm-none-eabi/14.2.1/thumb/v6-m/nofp\libgcc.a(floatsidf.o)
 .ARM.attributes
                0x00001328       0x2c C:/Users/Danfi/OneDrive/Documents/arm-gnu-toolchain-14.2.rel1-mingw-w64-i686-arm-none-eabi/bin/../lib/gcc/arm-none-eabi/14.2.1/thumb/v6-m/nofp\libgcc.a(floatunsidf.o)
 .ARM.attributes
                0x00001354       0x1e C:/Users/Danfi/OneDrive/Documents/arm-gnu-toolchain-14.2.rel1-mingw-w64-i686-arm-none-eabi/bin/../lib/gcc/arm-none-eabi/14.2.1/thumb/v6-m/nofp\libgcc.a(_clzdi2.o)
 .ARM.attributes
                0x00001372       0x2c C:/Users/Danfi/OneDrive/Documents/arm-gnu-toolchain-14.2.rel1-mingw-w64-i686-arm-none-eabi/bin/../lib/gcc/arm-none-eabi/14.2.1/thumb/v6-m/nofp\libnosys.a(sbrk.o)
 .ARM.attributes
                0x0000139e       0x2c C:/Users/Danfi/OneDrive/Documents/arm-gnu-toolchain-14.2.rel1-mingw-w64-i686-arm-none-eabi/bin/../lib/gcc/arm-none-eabi/14.2.1/thumb/v6-m/nofp\libnosys.a(_exit.o)
 .ARM.attributes