Archive member included to satisfy reference by file (symbol)

c:/program files/microchip/xc32/v2.40/bin/bin/../../lib/gcc/pic32c/6.2.1/../../../../pic32c/lib\libm_nano.a(lib_a-s_fmin.o)
                              build/default/production/Source/fis.o (fmin)
c:/program files/microchip/xc32/v2.40/bin/bin/../../lib/gcc/pic32c/6.2.1/../../../../pic32c/lib\libm_nano.a(lib_a-s_fpclassify.o)
                              c:/program files/microchip/xc32/v2.40/bin/bin/../../lib/gcc/pic32c/6.2.1/../../../../pic32c/lib\libm_nano.a(lib_a-s_fmin.o) (__fpclassifyd)
c:/program files/microchip/xc32/v2.40/bin/bin/../../lib/gcc/pic32c/6.2.1/../../../../pic32c/lib\libm_nano.a(lib_a-sf_round.o)
                              build/default/production/Source/fis.o (roundf)
c:/program files/microchip/xc32/v2.40/bin/bin/../../lib/gcc/pic32c/6.2.1/../../../../pic32c/lib\libm_nano.a(lib_a-wf_exp.o)
                              build/default/production/Source/fis.o (expf)
c:/program files/microchip/xc32/v2.40/bin/bin/../../lib/gcc/pic32c/6.2.1/../../../../pic32c/lib\libm_nano.a(lib_a-wf_log.o)
                              build/default/production/Source/cal_temp.o (logf)
c:/program files/microchip/xc32/v2.40/bin/bin/../../lib/gcc/pic32c/6.2.1/../../../../pic32c/lib\libm_nano.a(lib_a-wf_pow.o)
                              build/default/production/Source/cal_temp.o (powf)
c:/program files/microchip/xc32/v2.40/bin/bin/../../lib/gcc/pic32c/6.2.1/../../../../pic32c/lib\libm_nano.a(lib_a-ef_exp.o)
                              c:/program files/microchip/xc32/v2.40/bin/bin/../../lib/gcc/pic32c/6.2.1/../../../../pic32c/lib\libm_nano.a(lib_a-wf_exp.o) (__ieee754_expf)
c:/program files/microchip/xc32/v2.40/bin/bin/../../lib/gcc/pic32c/6.2.1/../../../../pic32c/lib\libm_nano.a(lib_a-ef_log.o)
                              c:/program files/microchip/xc32/v2.40/bin/bin/../../lib/gcc/pic32c/6.2.1/../../../../pic32c/lib\libm_nano.a(lib_a-wf_log.o) (__ieee754_logf)
c:/program files/microchip/xc32/v2.40/bin/bin/../../lib/gcc/pic32c/6.2.1/../../../../pic32c/lib\libm_nano.a(lib_a-ef_pow.o)
                              c:/program files/microchip/xc32/v2.40/bin/bin/../../lib/gcc/pic32c/6.2.1/../../../../pic32c/lib\libm_nano.a(lib_a-wf_pow.o) (__ieee754_powf)
c:/program files/microchip/xc32/v2.40/bin/bin/../../lib/gcc/pic32c/6.2.1/../../../../pic32c/lib\libm_nano.a(lib_a-ef_sqrt.o)
                              c:/program files/microchip/xc32/v2.40/bin/bin/../../lib/gcc/pic32c/6.2.1/../../../../pic32c/lib\libm_nano.a(lib_a-ef_pow.o) (__ieee754_sqrtf)
c:/program files/microchip/xc32/v2.40/bin/bin/../../lib/gcc/pic32c/6.2.1/../../../../pic32c/lib\libm_nano.a(lib_a-sf_fabs.o)
                              c:/program files/microchip/xc32/v2.40/bin/bin/../../lib/gcc/pic32c/6.2.1/../../../../pic32c/lib\libm_nano.a(lib_a-ef_pow.o) (fabsf)
c:/program files/microchip/xc32/v2.40/bin/bin/../../lib/gcc/pic32c/6.2.1/../../../../pic32c/lib\libm_nano.a(lib_a-sf_finite.o)
                              c:/program files/microchip/xc32/v2.40/bin/bin/../../lib/gcc/pic32c/6.2.1/../../../../pic32c/lib\libm_nano.a(lib_a-wf_exp.o) (finitef)
c:/program files/microchip/xc32/v2.40/bin/bin/../../lib/gcc/pic32c/6.2.1/../../../../pic32c/lib\libm_nano.a(lib_a-sf_nan.o)
                              c:/program files/microchip/xc32/v2.40/bin/bin/../../lib/gcc/pic32c/6.2.1/../../../../pic32c/lib\libm_nano.a(lib_a-ef_pow.o) (nanf)
c:/program files/microchip/xc32/v2.40/bin/bin/../../lib/gcc/pic32c/6.2.1/../../../../pic32c/lib\libm_nano.a(lib_a-sf_scalbn.o)
                              c:/program files/microchip/xc32/v2.40/bin/bin/../../lib/gcc/pic32c/6.2.1/../../../../pic32c/lib\libm_nano.a(lib_a-ef_pow.o) (scalbnf)
c:/program files/microchip/xc32/v2.40/bin/bin/../../lib/gcc/pic32c/6.2.1/../../../../pic32c/lib\libm_nano.a(lib_a-s_lib_ver.o)
                              c:/program files/microchip/xc32/v2.40/bin/bin/../../lib/gcc/pic32c/6.2.1/../../../../pic32c/lib\libm_nano.a(lib_a-wf_exp.o) (__fdlib_version)
c:/program files/microchip/xc32/v2.40/bin/bin/../../lib/gcc/pic32c/6.2.1/../../../../pic32c/lib\libm_nano.a(lib_a-s_matherr.o)
                              c:/program files/microchip/xc32/v2.40/bin/bin/../../lib/gcc/pic32c/6.2.1/../../../../pic32c/lib\libm_nano.a(lib_a-wf_exp.o) (matherr)
c:/program files/microchip/xc32/v2.40/bin/bin/../../lib/gcc/pic32c/6.2.1/../../../../pic32c/lib\libm_nano.a(lib_a-s_nan.o)
                              c:/program files/microchip/xc32/v2.40/bin/bin/../../lib/gcc/pic32c/6.2.1/../../../../pic32c/lib\libm_nano.a(lib_a-wf_log.o) (nan)
c:/program files/microchip/xc32/v2.40/bin/bin/../../lib/gcc/pic32c/6.2.1/../../../../pic32c/lib\libm_nano.a(lib_a-s_rint.o)
                              c:/program files/microchip/xc32/v2.40/bin/bin/../../lib/gcc/pic32c/6.2.1/../../../../pic32c/lib\libm_nano.a(lib_a-wf_pow.o) (rint)
c:/program files/microchip/xc32/v2.40/bin/bin/../../lib/gcc/pic32c/6.2.1/../../../../pic32c/lib\libm_nano.a(lib_a-sf_copysign.o)
[...]
Memory Configuration

Name             Origin             Length             Attributes
rom              0x00000000         0x00040000         xrl
ram              0x20000000         0x00008000         xw !r
config_00804000  0x00804000         0x00000004
config_00804004  0x00804004         0x00000004
*default*        0x00000000         0xffffffff

Linker script and memory map

LOAD c:/program files/microchip/xc32/v2.40/bin/bin/../../lib/gcc/pic32c/6.2.1/crti.o
LOAD c:/program files/microchip/xc32/v2.40/bin/bin/../../lib/gcc/pic32c/6.2.1/crtbegin.o
LOAD build/default/production/Source/startup_atsamc21a.o
LOAD build/default/production/Source/main.o
LOAD build/default/production/Source/system.o
LOAD build/default/production/Source/port.o
LOAD build/default/production/Source/uart.o
LOAD build/default/production/Source/timer.o
LOAD build/default/production/Source/analog.o
LOAD build/default/production/Source/cal_temp.o
LOAD build/default/production/Source/dac.o
LOAD build/default/production/Source/flash.o
LOAD build/default/production/Source/systick.o
LOAD build/default/production/Source/fis.o
LOAD build/default/production/Source/spi.o
                0x00000001                __MPLAB_BUILD = 0x1
                0x00040000                __rom_end = (ORIGIN (rom) + LENGTH (rom))
                0x20008000                __ram_end = (ORIGIN (ram) + LENGTH (ram))

.config_00804000
 *(.config_00804000)
 *(.config_00804000)

.config_00804004
 *(.config_00804004)
 *(.config_00804004)

.vectors        0x00000000      0x178
                0x00000000                . = ALIGN (0x4)
                0x00000000                _sfixed = .
 *(.vectors .vectors.* .vectors_default .vectors_default.*)
 .vectors.default
                0x00000000       0xbc build/default/production/Source/startup_atsamc21a.o
                0x00000000                exception_table
 .vectors.default
                0x000000bc       0xbc C:\Users\Danfi\AppData\Local\Temp\ccu3JCLg.o
 *(.isr_vector)
 *(.reset*)
 *(.after_vectors)
                0x00000178                . = ALIGN (0x4)
                0x00000178                _sfixed = .
 *(.vectors .vectors.* .vectors_default .vectors_default.*)
 *(.isr_vector)
 *(.reset*)
 *(.after_vectors)

.text           0x00000178       0x20
                0x00000178                . = ALIGN (0x4)
 *(.glue_7t)
 .glue_7t       0x00000178        0x0 linker stubs
 *(.glue_7)
 .glue_7        0x00000178        0x0 linker stubs
 *(.gnu.linkonce.r.*)
 *(.ARM.extab* .gnu.linkonce.armextab.*)
                0x00000178                . = ALIGN (0x4)
 *(.init)
 .init          0x00000178        0x4 c:/program files/microchip/xc32/v2.40/bin/bin/../../lib/gcc/pic32c/6.2.1/crti.o
                0x00000178                _init
 .init          0x0000017c        0x8 c:/program files/microchip/xc32/v2.40/bin/bin/../../lib/gcc/pic32c/6.2.1/crtn.o
                0x00000184                . = ALIGN (0x4)
                0x00000184                __preinit_array_start = .
 *(.preinit_array)
                0x00000184                __preinit_array_end = .
                0x00000184                . = ALIGN (0x4)
                0x00000184                __init_array_start = .
 *(SORT(.init_array.*))
 *(.init_array)
 .init_array    0x00000184        0x4 c:/program files/microchip/xc32/v2.40/bin/bin/../../lib/gcc/pic32c/6.2.1/crtbegin.o
                0x00000188                __init_array_end = .
                0x00000188                . = ALIGN (0x4)
 *crtbegin.o(.ctors)
 *(EXCLUDE_FILE(*crtend.o) .ctors)
 *(SORT(.ctors.*))
 *crtend.o(.ctors)
                0x00000188                . = ALIGN (0x4)
 *(.fini)
 .fini          0x00000188        0x4 c:/program files/microchip/xc32/v2.40/bin/bin/../../lib/gcc/pic32c/6.2.1/crti.o
                0x00000188                _fini
 .fini          0x0000018c        0x8 c:/program files/microchip/xc32/v2.40/bin/bin/../../lib/gcc/pic32c/6.2.1/crtn.o
                0x00000194                . = ALIGN (0x4)
                0x00000194                __fini_array_start = .
 *(.fini_array)
 .fini_array    0x00000194        0x4 c:/program files/microchip/xc32/v2.40/bin/bin/../../lib/gcc/pic32c/6.2.1/crtbegin.o
 *(SORT(.fini_array.*))
                0x00000198                __fini_array_end = .
 *crtbegin.o(.dtors)
 *(EXCLUDE_FILE(*crtend.o) .dtors)
 *(SORT(.dtors.*))
 *crtend.o(.dtors)
                0x00000198                . = ALIGN (0x4)
                0x00000198                _efixed = .
                0x00000198                . = ALIGN (0x4)
 *(.glue_7t)
 *(.glue_7)
 *(.gnu.linkonce.r.*)
 *(.ARM.extab* .gnu.linkonce.armextab.*)
                0x00000198                . = ALIGN (0x4)
 *(.init)
                0x00000198                . = ALIGN (0x4)
                0x00000198                __preinit_array_start = .
 *(.preinit_array)
                0x00000198                __preinit_array_end = .
                0x00000198                . = ALIGN (0x4)
                0x00000198                __init_array_start = .
 *(SORT(.init_array.*))
 *(.init_array)
                0x00000198                __init_array_end = .
                0x00000198                . = ALIGN (0x4)
 *crtbegin.o(.ctors)
 *(EXCLUDE_FILE(*crtend.o) .ctors)
 *(SORT(.ctors.*))
 *crtend.o(.ctors)
                0x00000198                . = ALIGN (0x4)
 *(.fini)
                0x00000198                . = ALIGN (0x4)
                0x00000198                __fini_array_start = .
 *(.fini_array)
 *(SORT(.fini_array.*))
                0x00000198                __fini_array_end = .
 *crtbegin.o(.dtors)
 *(EXCLUDE_FILE(*crtend.o) .dtors)
 *(SORT(.dtors.*))
 *crtend.o(.dtors)
                0x00000198                . = ALIGN (0x4)
                0x00000198                _efixed = .
                [!provide]                PROVIDE (__exidx_start, .)

.ARM.exidx
 *(.ARM.exidx* .gnu.linkonce.armexidx.*)
 *(.ARM.exidx* .gnu.linkonce.armexidx.*)
                [!provide]                PROVIDE (__exidx_end, .)
                0x00000198                . = ALIGN (0x4)
                0x00000198                _etext = .

.bss            0x20000000        0x4
                0x20000000                . = ALIGN (0x4)
                0x20000000                __bss_start__ = .
                0x20000000                _sbss = .
                0x20000000                _szero = .
 *(COMMON)
 COMMON         0x20000000        0x4 c:/program files/microchip/xc32/v2.40/bin/bin/../../lib/gcc/pic32c/6.2.1/../../../../pic32c/lib\libc_nano.a(lib_a-reent.o)
                0x20000000                errno
                0x20000004                . = ALIGN (0x4)
                0x20000004                __bss_end__ = .
                0x20000004                _ebss = .
                0x20000004                _ezero = .
                0x20000004                . = ALIGN (0x4)
                0x20000004                __bss_start__ = .
                0x20000004                _sbss = .
                0x20000004                _szero = .
 *(COMMON)
                0x20000004                . = ALIGN (0x4)
                0x20000004                __bss_end__ = .
                0x20000004                _ebss = .
                0x20000004                _ezero = .
                0x20000004                . = ALIGN (0x4)
                0x20000004                _end = .
                0x20007fff                _ram_end_ = ((ORIGIN (ram) + LENGTH (ram)) - 0x1)
                0x00000800                _min_heap_size = 0x800
                0x00040000                __rom_end = (ORIGIN (rom) + LENGTH (rom))
                0x20008000                __ram_end = (ORIGIN (ram) + LENGTH (ram))
                [!provide]                PROVIDE (__exidx_start, .)
                [!provide]                PROVIDE (__exidx_end, .)
                0x20000004                . = ALIGN (0x4)
                0x20000004                _etext = .
                0x20000004                . = ALIGN (0x4)
                0x20000004                _end = .
                0x20007fff                _ram_end_ = ((ORIGIN (ram) + LENGTH (ram)) - 0x1)
LOAD c:/program files/microchip/xc32/v2.40/bin/bin/../../lib/gcc/pic32c/6.2.1/../../../../pic32c/lib\libm_nano.a
LOAD C:\Users\Danfi\AppData\Local\Temp\ccu3JCLg.o
START GROUP
LOAD c:/program files/microchip/xc32/v2.40/bin/bin/../../lib/gcc/pic32c/6.2.1/../../../../pic32c/lib\libpic32c.a
LOAD c:/program files/microchip/xc32/v2.40/bin/bin/../../lib/gcc/pic32c/6.2.1\libgcc.a
LOAD c:/program files/microchip/xc32/v2.40/bin/bin/../../lib/gcc/pic32c/6.2.1/../../../../pic32c/lib\libm_nano.a
LOAD c:/program files/microchip/xc32/v2.40/bin/bin/../../lib/gcc/pic32c/6.2.1/../../../../pic32c/lib\libc_nano.a
END GROUP
LOAD c:/program files/microchip/xc32/v2.40/bin/bin/../../lib/gcc/pic32c/6.2.1/crtend.o
LOAD c:/program files/microchip/xc32/v2.40/bin/bin/../../lib/gcc/pic32c/6.2.1/crtn.o
OUTPUT(dist/default/production/code_2.1.production.elf elf32-littlearm)
LOAD stack
LOAD data_init

.ARM.attributes
                0x00000000       0x28
 .ARM.attributes
                0x00000000       0x1e c:/program files/microchip/xc32/v2.40/bin/bin/../../lib/gcc/pic32c/6.2.1/crti.o
 .ARM.attributes
                0x0000001e       0x2c c:/program files/microchip/xc32/v2.40/bin/bin/../../lib/gcc/pic32c/6.2.1/crtbegin.o
 .ARM.attributes
                0x0000004a       0x32 build/default/production/Source/startup_atsamc21a.o
 .ARM.attributes
                0x0000007c       0x32 build/default/production/Source/main.o
 .ARM.attributes
                0x000000ae       0x32 build/default/production/Source/system.o
 .ARM.attributes
                0x000000e0       0x32 build/default/production/Source/port.o
 .ARM.attributes
                0x00000112       0x32 build/default/production/Source/uart.o
 .ARM.attributes
                0x00000144       0x32 build/default/production/Source/timer.o
 .ARM.attributes
                0x00000176       0x32 build/default/production/Source/analog.o
 .ARM.attributes
                0x000001a8       0x32 build/default/production/Source/cal_temp.o
 .ARM.attributes
                0x000001da       0x32 build/default/production/Source/dac.o
 .ARM.attributes
                0x0000020c       0x32 build/default/production/Source/flash.o
 .ARM.attributes
                0x0000023e       0x32 build/default/production/Source/systick.o
 .ARM.attributes
                0x00000270       0x32 build/default/production/Source/fis.o
 .ARM.attributes
                0x000002a2       0x2c c:/program files/microchip/xc32/v2.40/bin/bin/../../lib/gcc/pic32c/6.2.1/../../../../pic32c/lib\libm_nano.a(lib_a-s_fmin.o)
 .ARM.attributes
                0x000002ce       0x2c c:/program files/microchip/xc32/v2.40/bin/bin/../../lib/gcc/pic32c/6.2.1/../../../../pic32c/lib\libm_nano.a(lib_a-s_fpclassify.o)
 .ARM.attributes
                0x000002fa       0x2c c:/program files/microchip/xc32/v2.40/bin/bin/../../lib/gcc/pic32c/6.2.1/../../../../pic32c/lib\libm_nano.a(lib_a-sf_round.o)
 .ARM.attributes
                0x00000326       0x2c c:/program files/microchip/xc32/v2.40/bin/bin/../../lib/gcc/pic32c/6.2.1/../../../../pic32c/lib\libm_nano.a(lib_a-wf_exp.o)
 .ARM.attributes
                0x00000352       0x2c c:/program files/microchip/xc32/v2.40/bin/bin/../../lib/gcc/pic32c/6.2.1/../../../../pic32c/lib\libm_nano.a(lib_a-wf_log.o)
 .ARM.attributes
                0x0000037e       0x2c c:/program files/microchip/xc32/v2.40/bin/bin/../../lib/gcc/pic32c/6.2.1/../../../../pic32c/lib\libm_nano.a(lib_a-wf_pow.o)
 .ARM.attributes
                0x000003aa       0x2c c:/program files/microchip/xc32/v2.40/bin/bin/../../lib/gcc/pic32c/6.2.1/../../../../pic32c/lib\libm_nano.a(lib_a-ef_exp.o)
 .ARM.attributes
                0x000003d6       0x2c c:/program files/microchip/xc32/v2.40/bin/bin/../../lib/gcc/pic32c/6.2.1/../../../../pic32c/lib\libm_nano.a(lib_a-ef_log.o)
 .ARM.attributes
                0x00000402       0x2c c:/program files/microchip/xc32/v2.40/bin/bin/../../lib/gcc/pic32c/6.2.1/../../../../pic32c/lib\libm_nano.a(lib_a-ef_pow.o)
 .ARM.attributes
                0x0000042e       0x2c c:/program files/microchip/xc32/v2.40/bin/bin/../../lib/gcc/pic32c/6.2.1/../../../../pic32c/lib\libm_nano.a(lib_a-ef_sqrt.o)
 .ARM.attributes
                0x0000045a       0x2c c:/program files/microchip/xc32/v2.40/bin/bin/../../lib/gcc/pic32c/6.2.1/../../../../pic32c/lib\libm_nano.a(lib_a-sf_fabs.o)
 .ARM.attributes
                0x00000486       0x2c c:/program files/microchip/xc32/v2.40/bin/bin/../../lib/gcc/pic32c/6.2.1/../../../../pic32c/lib\libm_nano.a(lib_a-sf_finite.o)
 .ARM.attributes
                0x000004b2       0x2c c:/program files/microchip/xc32/v2.40/bin/bin/../../lib/gcc/pic32c/6.2.1/../../../../pic32c/lib\libm_nano.a(lib_a-sf_nan.o)
 .ARM.attributes
                0x000004de       0x2c c:/program files/microchip/xc32/v2.40/bin/bin/../../lib/gcc/pic32c/6.2.1/../../../../pic32c/lib\libm_nano.a(lib_a-sf_scalbn.o)
 .ARM.attributes
                0x0000050a       0x2c c:/program files/microchip/xc32/v2.40/bin/bin/../../lib/gcc/pic32c/6.2.1/../../../../pic32c/lib\libm_nano.a(lib_a-s_lib_ver.o)
 .ARM.attributes
                0x00000536       0x2c c:/program files/microchip/xc32/v2.40/bin/bin/../../lib/gcc/pic32c/6.2.1/../../../../pic32c/lib\libm_nano.a(lib_a-s_matherr.o)
 .ARM.attributes
                0x00000562       0x2c c:/program files/microchip/xc32/v2.40/bin/bin/../../lib/gcc/pic32c/6.2.1/../../../../pic32c/lib\libm_nano.a(lib_a-s_nan.o)
 .ARM.attributes
                0x0000058e       0x2c c:/program files/microchip/xc32/v2.40/bin/bin/../../lib/gcc/pic32c/6.2.1/../../../../pic32c/lib\libm_nano.a(lib_a-s_rint.o)
 .ARM.attributes
                0x000005ba       0x2c c:/program files/microchip/xc32/v2.40/bin/bin/../../lib/gcc/pic32c/6.2.1/../../../../pic32c/lib\libm_nano.a(lib_a-sf_copysign.o)
 .ARM.attributes
                0x000005e6       0x32 C:\Users\Danfi\AppData\Local\Temp\ccu3JCLg.o
 .ARM.attributes
                0x00000618       0x2c c:/program files/microchip/xc32/v2.40/bin/bin/../../lib/gcc/pic32c/6.2.1/../../../../pic32c/lib\libpic32c.a(data_init.o)
 .ARM.attributes
                0x00000644       0x1e c:/program files/microchip/xc32/v2.40/bin/bin/../../lib/gcc/pic32c/6.2.1\libgcc.a(_arm_cmpdf2.o)
 .ARM.attributes
                0x00000662       0x1e c:/program files/microchip/xc32/v2.40/bin/bin/../../lib/gcc/pic32c/6.2.1\libgcc.a(_arm_cmpsf2.o)
 .ARM.attributes
                0x00000680       0x2c c:/program files/microchip/xc32/v2.40/bin/bin/../../lib/gcc/pic32c/6.2.1\libgcc.a(_fixunssfsi.o)
 .ARM.attributes
                0x000006ac       0x2c c:/program files/microchip/xc32/v2.40/bin/bin/../../lib/gcc/pic32c/6.2.1\libgcc.a(addsf3.o)
 .ARM.attributes
                0x000006d8       0x2c c:/program files/microchip/xc32/v2.40/bin/bin/../../lib/gcc/pic32c/6.2.1\libgcc.a(divsf3.o)
 .ARM.attributes
                0x00000704       0x2c c:/program files/microchip/xc32/v2.40/bin/bin/../../lib/gcc/pic32c/6.2.1\libgcc.a(eqsf2.o)
 .ARM.attributes
                0x00000730       0x2c c:/program files/microchip/xc32/v2.40/bin/bin/../../lib/gcc/pic32c/6.2.1\libgcc.a(gesf2.o)
 .ARM.attributes
                0x0000075c       0x2c c:/program files/microchip/xc32/v2.40/bin/bin/../../lib/gcc/pic32c/6.2.1\libgcc.a(lesf2.o)
 .ARM.attributes
                0x00000788       0x2c c:/program files/microchip/xc32/v2.40/bin/bin/../../lib/gcc/pic32c/6.2.1\libgcc.a(mulsf3.o)
 .ARM.attributes
                0x000007b4       0x2c c:/program files/microchip/xc32/v2.40/bin/bin/../../lib/gcc/pic32c/6.2.1\libgcc.a(subsf3.o)
 .ARM.attributes
                0x000007e0       0x2c c:/program files/microchip/xc32/v2.40/bin/bin/../../lib/gcc/pic32c/6.2.1\libgcc.a(unordsf2.o)
 .ARM.attributes
                0x0000080c       0x2c c:/program files/microchip/xc32/v2.40/bin/bin/../../lib/gcc/pic32c/6.2.1\libgcc.a(fixsfsi.o)
 .ARM.attributes
                0x00000838       0x2c c:/program files/microchip/xc32/v2.40/bin/bin/../../lib/gcc/pic32c/6.2.1\libgcc.a(floatsisf.o)
 .ARM.attributes
                0x00000864       0x2c c:/program files/microchip/xc32/v2.40/bin/bin/../../lib/gcc/pic32c/6.2.1\libgcc.a(floatunsisf.o)
 .ARM.attributes
                0x00000890       0x2c c:/program files/microchip/xc32/v2.40/bin/bin/../../lib/gcc/pic32c/6.2.1\libgcc.a(adddf3.o)
 .ARM.attributes
                0x000008bc       0x2c c:/program files/microchip/xc32/v2.40/bin/bin/../../lib/gcc/pic32c/6.2.1\libgcc.a(divdf3.o)
 .ARM.attributes
                0x000008e8       0x2c c:/program files/microchip/xc32/v2.40/bin/bin/../../lib/gcc/pic32c/6.2.1\libgcc.a(eqdf2.o)
 .ARM.attributes
                0x00000914       0x2c c:/program files/microchip/xc32/v2.40/bin/bin/../../lib/gcc/pic32c/6.2.1\libgcc.a(gedf2.o)
 .ARM.attributes
                0x00000940       0x2c c:/program files/microchip/xc32/v2.40/bin/bin/../../lib/gcc/pic32c/6.2.1\libgcc.a(ledf2.o)
 .ARM.attributes
                0x0000096c       0x2c c:/program files/microchip/xc32/v2.40/bin/bin/../../lib/gcc/pic32c/6.2.1\libgcc.a(subdf3.o)
 .ARM.attributes
                0x00000998       0x2c c:/program files/microchip/xc32/v2.40/bin/bin/../../lib/gcc/pic32c/6.2.1\libgcc.a(extendsfdf2.o)
 .ARM.attributes
                0x000009c4       0x2c c:/program files/microchip/xc32/v2.40/bin/bin/../../lib/gcc/pic32c/6.2.1\libgcc.a(truncdfsf2.o)
 .ARM.attributes
                0x000009f0       0x1e c:/program files/microchip/xc32/v2.40/bin/bin/../../lib/gcc/pic32c/6.2.1\libgcc.a(_thumb1_case_uqi.o)
 .ARM.attributes
                0x00000a0e       0x1e c:/program files/microchip/xc32/v2.40/bin/bin/../../lib/gcc/pic32c/6.2.1\libgcc.a(_thumb1_case_uhi.o)
 .ARM.attributes
                0x00000a2c       0x1e c:/program files/microchip/xc32/v2.40/bin/bin/../../lib/gcc/pic32c/6.2.1\libgcc.a(_udivsi3.o)
 .ARM.attributes
                0x00000a4a       0x1e c:/program files/microchip/xc32/v2.40/bin/bin/../../lib/gcc/pic32c/6.2.1\libgcc.a(_dvmd_tls.o)
 .ARM.attributes
                0x00000a68       0x1e c:/program files/microchip/xc32/v2.40/bin/bin/../../lib/gcc/pic32c/6.2.1\libgcc.a(_clzsi2.o)
 .ARM.attributes
                0x00000a86       0x2c c:/program files/microchip/xc32/v2.40/bin/bin/../../lib/gcc/pic32c/6.2.1/../../../../pic32c/lib\libc_nano.a(lib_a-errno.o)
 .ARM.attributes
                0x00000ab2       0x2c c:/program files/microchip/xc32/v2.40/bin/bin/../../lib/gcc/pic32c/6.2.1/../../../../pic32c/lib\libc_nano.a(lib_a-impure.o)
 .ARM.attributes
                0x00000ade       0x2c c:/program files/microchip/xc32/v2.40/bin/bin/../../lib/gcc/pic32c/6.2.1/../../../../pic32c/lib\libc_nano.a(lib_a-init.o)
 .ARM.attributes
                0x00000b0a       0x2c c:/program files/microchip/xc32/v2.40/bin/bin/../../lib/gcc/pic32c/6.2.1/../../../../pic32c/lib\libc_nano.a(lib_a-locale.o)
 .ARM.attributes
                0x00000b36       0x2c c:/program files/microchip/xc32/v2.40/bin/bin/../../lib/gcc/pic32c/6.2.1/../../../../pic32c/lib\libc_nano.a(lib_a-mbtowc_r.o)
 .ARM.attributes
                0x00000b62       0x2c c:/program files/microchip/xc32/v2.40/bin/bin/../../lib/gcc/pic32c/6.2.1/../../../../pic32c/lib\libc_nano.a(lib_a-memcpy-stub.o)
 .ARM.attributes
                0x00000b8e       0x2c c:/program files/microchip/xc32/v2.40/bin/bin/../../lib/gcc/pic32c/6.2.1/../../../../pic32c/lib\libc_nano.a(lib_a-memset.o)
 .ARM.attributes
                0x00000bba       0x2c c:/program files/microchip/xc32/v2.40/bin/bin/../../lib/gcc/pic32c/6.2.1/../../../../pic32c/lib\libc_nano.a(_lib_a-nano-vfprintf.cdeEfFgGnopsuxX.o)
 .ARM.attributes
                0x00000be6       0x2c c:/program files/microchip/xc32/v2.40/bin/bin/../../lib/gcc/pic32c/6.2.1/../../../../pic32c/lib\libc_nano.a(lib_a-nano-vfprintf_i.o)
 .ARM.attributes
                0x00000c12       0x2c c:/program files/microchip/xc32/v2.40/bin/bin/../../lib/gcc/pic32c/6.2.1/../../../../pic32c/lib\libc_nano.a(_lib_a-printf.fFgGs.o)
 .ARM.attributes
                0x00000c3e       0x2c c:/program files/microchip/xc32/v2.40/bin/bin/../../lib/gcc/pic32c/6.2.1/../../../../pic32c/lib\libc_nano.a(lib_a-puts.o)
 .ARM.attributes
                0x00000c6a       0x2c c:/program files/microchip/xc32/v2.40/bin/bin/../../lib/gcc/pic32c/6.2.1/../../../../pic32c/lib\libc_nano.a(lib_a-__ssfputs.o)
 .ARM.attributes
                0x00000c96       0x1c c:/program files/microchip/xc32/v2.40/bin/bin/../../lib/gcc/pic32c/6.2.1/../../../../pic32c/lib\libc_nano.a(lib_a-strlen.o)
 .ARM.attributes
                0x00000cb2       0x2c c:/program files/microchip/xc32/v2.40/bin/bin/../../lib/gcc/pic32c/6.2.1/../../../../pic32c/lib\libc_nano.a(lib_a-wbuf.o)
 .ARM.attributes
                0x00000cde       0x2c c:/program files/microchip/xc32/v2.40/bin/bin/../../lib/gcc/pic32c/6.2.1/../../../../pic32c/lib\libc_nano.a(lib_a-wctomb_r.o)
 .ARM.attributes
                0x00000d0a       0x2c c:/program files/microchip/xc32/v2.40/bin/bin/../../lib/gcc/pic32c/6.2.1/../../../../pic32c/lib\libc_nano.a(lib_a-wsetup.o)
 .ARM.attributes
                0x00000d36       0x2c c:/program files/microchip/xc32/v2.40/bin/bin/../../lib/gcc/pic32c/6.2.1/../../../../pic32c/lib\libc_nano.a(lib_a-ctype_.o)
 .ARM.attributes
                0x00000d62       0x2c c:/program files/microchip/xc32/v2.40/bin/bin/../../lib/gcc/pic32c/6.2.1/../../../../pic32c/lib\libc_nano.a(lib_a-dtoa.o)
 .ARM.attributes
                0x00000d8e       0x2c c:/program files/microchip/xc32/v2.40/bin/bin/../../lib/gcc/pic32c/6.2.1/../../../../pic32c/lib\libc_nano.a(lib_a-fflush.o)
 .ARM.attributes
                0x00000dba       0x2c c:/program files/microchip/xc32/v2.40/bin/bin/../../lib/gcc/pic32c/6.2.1/../../../../pic32c/lib\libc_nano.a(lib_a-findfp.o)
 .ARM.attributes
                0x00000de6       0x2c c:/program files/microchip/xc32/v2.40/bin/bin/../../lib/gcc/pic32c/6.2.1/../../../../pic32c/lib\libc_nano.a(lib_a-fputwc.o)
 .ARM.attributes
                0x00000e12       0x2c c:/program files/microchip/xc32/v2.40/bin/bin/../../lib/gcc/pic32c/6.2.1/../../../../pic32c/lib\libc_nano.a(lib_a-fwalk.o)
 .ARM.attributes
                0x00000e3e       0x2c c:/program files/microchip/xc32/v2.40/bin/bin/../../lib/gcc/pic32c/6.2.1/../../../../pic32c/lib\libc_nano.a(lib_a-localeconv.o)
 .ARM.attributes
                0x00000e6a       0x2c c:/program files/microchip/xc32/v2.40/bin/bin/../../lib/gcc/pic32c/6.2.1/../../../../pic32c/lib\libc_nano.a(lib_a-makebuf.o)
 .ARM.attributes
                0x00000e96       0x2c c:/program files/microchip/xc32/v2.40/bin/bin/../../lib/gcc/pic32c/6.2.1/../../../../pic32c/lib\libc_nano.a(lib_a-malloc.o)
 .ARM.attributes
                0x00000ec2       0x2c c:/program files/microchip/xc32/v2.40/bin/bin/../../lib/gcc/pic32c/6.2.1/../../../../pic32c/lib\libc_nano.a(lib_a-memchr-stub.o)
 .ARM.attributes
                0x00000eee       0x2c c:/program files/microchip/xc32/v2.40/bin/bin/../../lib/gcc/pic32c/6.2.1/../../../../pic32c/lib\libc_nano.a(lib_a-mprec.o)
 .ARM.attributes
                0x00000f1a       0x2c c:/program files/microchip/xc32/v2.40/bin/bin/../../lib/gcc/pic32c/6.2.1/../../../../pic32c/lib\libc_nano.a(lib_a-nano-callocr.o)
 .ARM.attributes
                0x00000f46       0x2c c:/program files/microchip/xc32/v2.40/bin/bin/../../lib/gcc/pic32c/6.2.1/../../../../pic32c/lib\libc_nano.a(lib_a-nano-freer.o)
 .ARM.attributes
                0x00000f72       0x2c c:/program files/microchip/xc32/v2.40/bin/bin/../../lib/gcc/pic32c/6.2.1/../../../../pic32c/lib\libc_nano.a(lib_a-nano-mallocr.o)
 .ARM.attributes
                0x00000f9e       0x2c c:/program files/microchip/xc32/v2.40/bin/bin/../../lib/gcc/pic32c/6.2.1/../../../../pic32c/lib\libc_nano.a(_lib_a-nano-vfprintf.fFgGs.o)
 .ARM.attributes
                0x00000fca       0x2c c:/program files/microchip/xc32/v2.40/bin/bin/../../lib/gcc/pic32c/6.2.1/../../../../pic32c/lib\libc_nano.a(lib_a-sbrkr.o)
 .ARM.attributes
                0x00000ff6       0x2c c:/program files/microchip/xc32/v2.40/bin/bin/../../lib/gcc/pic32c/6.2.1/../../../../pic32c/lib\libc_nano.a(lib_a-stdio.o)
 .ARM.attributes
                0x00001022       0x2c c:/program files/microchip/xc32/v2.40/bin/bin/../../lib/gcc/pic32c/6.2.1/../../../../pic32c/lib\libc_nano.a(lib_a-wcrtomb.o)
 .ARM.attributes
                0x0000104e       0x2c c:/program files/microchip/xc32/v2.40/bin/bin/../../lib/gcc/pic32c/6.2.1/../../../../pic32c/lib\libc_nano.a(lib_a-writer.o)
 .ARM.attributes
                0x0000107a       0x2c c:/program files/microchip/xc32/v2.40/bin/bin/../../lib/gcc/pic32c/6.2.1/../../../../pic32c/lib\libc_nano.a(lib_a-closer.o)
 .ARM.attributes
                0x000010a6       0x2c c:/program files/microchip/xc32/v2.40/bin/bin/../../lib/gcc/pic32c/6.2.1/../../../../pic32c/lib\libc_nano.a(lib_a-fstatr.o)
 .ARM.attributes
                0x000010d2       0x2c c:/program files/microchip/xc32/v2.40/bin/bin/../../lib/gcc/pic32c/6.2.1/../../../../pic32c/lib\libc_nano.a(lib_a-isattyr.o)
 .ARM.attributes
                0x000010fe       0x2c c:/program files/microchip/xc32/v2.40/bin/bin/../../lib/gcc/pic32c/6.2.1/../../../../pic32c/lib\libc_nano.a(lib_a-lseekr.o)
 .ARM.attributes
                0x0000112a       0x2c c:/program files/microchip/xc32/v2.40/bin/bin/../../lib/gcc/pic32c/6.2.1/../../../../pic32c/lib\libc_nano.a(lib_a-mlock.o)
 .ARM.attributes
                0x00001156       0x2c c:/program files/microchip/xc32/v2.40/bin/bin/../../lib/gcc/pic32c/6.2.1/../../../../pic32c/lib\libc_nano.a(lib_a-readr.o)
 .ARM.attributes
                0x00001182       0x2c c:/program files/microchip/xc32/v2.40/bin/bin/../../lib/gcc/pic32c/6.2.1/../../../../pic32c/lib\libc_nano.a(lib_a-reent.o)
 .ARM.attributes
                0x000011ae       0x2c c:/program files/microchip/xc32/v2.40/bin/bin/../../lib/gcc/pic32c/6.2.1/../../../../pic32c/lib\libpic32c.a(_close.o)
 .ARM.attributes
                0x000011da       0x2c c:/program files/microchip/xc32/v2.40/bin/bin/../../lib/gcc/pic32c/6.2.1/../../../../pic32c/lib\libpic32c.a(_fstat.o)
 .ARM.attributes
                0x00001206       0x2c c:/program files/microchip/xc32/v2.40/bin/bin/../../lib/gcc/pic32c/6.2.1/../../../../pic32c/lib\libpic32c.a(_isatty.o)
 .ARM.attributes
                0x00001232       0x2c c:/program files/microchip/xc32/v2.40/bin/bin/../../lib/gcc/pic32c/6.2.1/../../../../pic32c/lib\libpic32c.a(_lseek.o)
 .ARM.attributes
                0x0000125e       0x2c c:/program files/microchip/xc32/v2.40/bin/bin/../../lib/gcc/pic32c/6.2.1/../../../../pic32c/lib\libpic32c.a(_read.o)
 .ARM.attributes
                0x0000128a       0x2c c:/program files/microchip/xc32/v2.40/bin/bin/../../lib/gcc/pic32c/6.2.1/../../../../pic32c/lib\libpic32c.a(sbrk.o)
 .ARM.attributes
                0x000012b6       0x2c c:/program files/microchip/xc32/v2.40/bin/bin/../../lib/gcc/pic32c/6.2.1/../../../../pic32c/lib\libpic32c.a(close.o)
 .ARM.attributes
                0x000012e2       0x2c c:/program files/microchip/xc32/v2.40/bin/bin/../../lib/gcc/pic32c/6.2.1/../../../../pic32c/lib\libpic32c.a(fstat.o)
 .ARM.attributes
                0x0000130e       0x2c c:/program files/microchip/xc32/v2.40/bin/bin/../../lib/gcc/pic32c/6.2.1/../../../../pic32c/lib\libpic32c.a(isatty.o)
 .ARM.attributes
                0x0000133a       0x2c c:/program files/microchip/xc32/v2.40/bin/bin/../../lib/gcc/pic32c/6.2.1/../../../../pic32c/lib\libpic32c.a(lseek.o)
 .ARM.attributes
                0x00001366       0x2c c:/program files/microchip/xc32/v2.40/bin/bin/../../lib/gcc/pic32c/6.2.1/../../../../pic32c/lib\libpic32c.a(read.o)
 .ARM.attributes
                0x00001392       0x1e c:/program files/microchip/xc32/v2.40/bin/bin/../../lib/gcc/pic32c/6.2.1\libgcc.a(_divsi3.o)
 .ARM.attributes
                0x000013b0       0x2c c:/program files/microchip/xc32/v2.40/bin/bin/../../lib/gcc/pic32c/6.2.1\libgcc.a(muldf3.o)
 .ARM.attributes
                0x000013dc       0x2c c:/program files/microchip/xc32/v2.40/bin/bin/../../lib/gcc/pic32c/6.2.1\libgcc.a(unorddf2.o)
 .ARM.attributes
                0x00001408       0x2c c:/program files/microchip/xc32/v2.40/bin/bin/../../lib/gcc/pic32c/6.2.1\libgcc.a(fixdfsi.o)
 .ARM.attributes
                0x00001434       0x2c c:/program files/microchip/xc32/v2.40/bin/bin/../../lib/gcc/pic32c/6.2.1\libgcc.a(floatsidf.o)
 .ARM.attributes
                0x00001460       0x2c c:/program files/microchip/xc32/v2.40/bin/bin/../../lib/gcc/pic32c/6.2.1\libgcc.a(floatunsidf.o)
 .ARM.attributes
                0x0000148c       0x1e c:/program files/microchip/xc32/v2.40/bin/bin/../../lib/gcc/pic32c/6.2.1/crtn.o

.comment        0x00000000       0x3c
 .comment       0x00000000       0x3c c:/program files/microchip/xc32/v2.40/bin/bin/../../lib/gcc/pic32c/6.2.1/crtbegin.o
                                 0x3d (size before relaxing)
 .comment       0x0000003c       0x3d build/default/production/Source/startup_atsamc21a.o
 .comment       0x0000003c       0x3d build/default/production/Source/main.o
 .comment       0x0000003c       0x3d build/default/production/Source/system.o
 .comment       0x0000003c       0x3d build/default/production/Source/port.o
 .comment       0x0000003c       0x3d build/default/production/Source/uart.o
 .comment       0x0000003c       0x3d build/default/production/Source/timer.o
 .comment       0x0000003c       0x3d build/default/production/Source/analog.o
 .comment       0x0000003c       0x3d build/default/production/Source/cal_temp.o
 .comment       0x0000003c       0x3d build/default/production/Source/dac.o
 .comment       0x0000003c       0x3d build/default/production/Source/flash.o
 .comment       0x0000003c       0x3d build/default/production/Source/systick.o
 .comment       0x0000003c       0x3d build/default/production/Source/fis.o
 .comment       0x0000003c       0x3d c:/program files/microchip/xc32/v2.40/bin/bin/../../lib/gcc/pic32c/6.2.1/../../../../pic32c/lib\libm_nano.a(lib_a-s_fmin.o)
 .comment       0x0000003c       0x3d c:/program files/microchip/xc32/v2.40/bin/bin/../../lib/gcc/pic32c/6.2.1/../../../../pic32c/lib\libm_nano.a(lib_a-s_fpclassify.o)
 .comment       0x0000003c       0x3d c:/program files/microchip/xc32/v2.40/bin/bin/../../lib/gcc/pic32c/6.2.1/../../../../pic32c/lib\libm_nano.a(lib_a-sf_round.o)
 .comment       0x0000003c       0x3d c:/program files/microchip/xc32/v2.40/bin/bin/../../lib/gcc/pic32c/6.2.1/../../../../pic32c/lib\libm_nano.a(lib_a-wf_exp.o)
 .comment       0x0000003c       0x3d c:/program files/microchip/xc32/v2.40/bin/bin/../../lib/gcc/pic32c/6.2.1/../../../../pic32c/lib\libm_nano.a(lib_a-wf_log.o)
 .comment       0x0000003c       0x3d c:/program files/microchip/xc32/v2.40/bin/bin/../../lib/gcc/pic32c/6.2.1/../../../../pic32c/lib\libm_nano.a(lib_a-wf_pow.o)
 .comment       0x0000003c       0x3d c:/program files/microchip/xc32/v2.40/bin/bin/../../lib/gcc/pic32c/6.2.1/../../../../pic32c/lib\libm_nano.a(lib_a-ef_exp.o)
 .comment       0x0000003c       0x3d c:/program files/microchip/xc32/v2.40/bin/bin/../../lib/gcc/pic32c/6.2.1/../../../../pic32c/lib\libm_nano.a(lib_a-ef_log.o)
 .comment       0x0000003c       0x3d c:/program files/microchip/xc32/v2.40/bin/bin/../../lib/gcc/pic32c/6.2.1/../../../../pic32c/lib\libm_nano.a(lib_a-ef_pow.o)
 .comment       0x0000003c       0x3d c:/program files/microchip/xc32/v2.40/bin/bin/../../lib/gcc/pic32c/6.2.1/../../../../pic32c/lib\libm_nano.a(lib_a-ef_sqrt.o)
 .comment       0x0000003c       0x3d c:/program files/microchip/xc32/v2.40/bin/bin/../../lib/gcc/pic32c/6.2.1/../../../../pic32c/lib\libm_nano.a(lib_a-sf_fabs.o)
 .comment       0x0000003c       0x3d c:/program files/microchip/xc32/v2.40/bin/bin/../../lib/gcc/pic32c/6.2.1/../../../../pic32c/lib\libm_nano.a(lib_a-sf_finite.o)
 .comment       0x0000003c       0x3d c:/program files/microchip/xc32/v2.40/bin/bin/../../lib/gcc/pic32c/6.2.1/../../../../pic32c/lib\libm_nano.a(lib_a-sf_nan.o)
 .comment       0x0000003c       0x3d c:/program files/microchip/xc32/v2.40/bin/bin/../../lib/gcc/pic32c/6.2.1/../../../../pic32c/lib\libm_nano.a(lib_a-sf_scalbn.o)
 .comment       0x0000003c       0x3d c:/program files/microchip/xc32/v2.40/bin/bin/../../lib/gcc/pic32c/6.2.1/../../../../pic32c/lib\libm_nano.a(lib_a-s_lib_ver.o)
 .comment       0x0000003c       0x3d c:/program files/microchip/xc32/v2.40/bin/bin/../../lib/gcc/pic32c/6.2.1/../../../../pic32c/lib\libm_nano.a(lib_a-s_matherr.o)
 .comment       0x0000003c       0x3d c:/program files/microchip/xc32/v2.40/bin/bin/../../lib/gcc/pic32c/6.2.1/../../../../pic32c/lib\libm_nano.a(lib_a-s_nan.o)
 .comment       0x0000003c       0x3d c:/program files/microchip/xc32/v2.40/bin/bin/../../lib/gcc/pic32c/6.2.1/../../../../pic32c/lib\libm_nano.a(lib_a-s_rint.o)
 .comment       0x0000003c       0x3d c:/program files/microchip/xc32/v2.40/bin/bin/../../lib/gcc/pic32c/6.2.1/../../../../pic32c/lib\libm_nano.a(lib_a-sf_copysign.o)
 .comment       0x0000003c       0x3d C:\Users\Danfi\AppData\Local\Temp\ccu3JCLg.o
 .comment       0x0000003c       0x3d c:/program files/microchip/xc32/v2.40/bin/bin/../../lib/gcc/pic32c/6.2.1/../../../../pic32c/lib\libpic32c.a(data_init.o)
 .comment       0x0000003c       0x3d c:/program files/microchip/xc32/v2.40/bin/bin/../../lib/gcc/pic32c/6.2.1\libgcc.a(_fixunssfsi.o)
 .comment       0x0000003c       0x3d c:/program files/microchip/xc32/v2.40/bin/bin/../../lib/gcc/pic32c/6.2.1\libgcc.a(addsf3.o)
 .comment       0x0000003c       0x3d c:/program files/microchip/xc32/v2.40/bin/bin/../../lib/gcc/pic32c/6.2.1\libgcc.a(divsf3.o)
 .comment       0x0000003c       0x3d c:/program files/microchip/xc32/v2.40/bin/bin/../../lib/gcc/pic32c/6.2.1\libgcc.a(eqsf2.o)
 .comment       0x0000003c       0x3d c:/program files/microchip/xc32/v2.40/bin/bin/../../lib/gcc/pic32c/6.2.1\libgcc.a(gesf2.o)
 .comment       0x0000003c       0x3d c:/program files/microchip/xc32/v2.40/bin/bin/../../lib/gcc/pic32c/6.2.1\libgcc.a(lesf2.o)
 .comment       0x0000003c       0x3d c:/program files/microchip/xc32/v2.40/bin/bin/../../lib/gcc/pic32c/6.2.1\libgcc.a(mulsf3.o)
 .comment       0x0000003c       0x3d c:/program files/microchip/xc32/v2.40/bin/bin/../../lib/gcc/pic32c/6.2.1\libgcc.a(subsf3.o)
 .comment       0x0000003c       0x3d c:/program files/microchip/xc32/v2.40/bin/bin/../../lib/gcc/pic32c/6.2.1\libgcc.a(unordsf2.o)
 .comment       0x0000003c       0x3d c:/program files/microchip/xc32/v2.40/bin/bin/../../lib/gcc/pic32c/6.2.1\libgcc.a(fixsfsi.o)
 .comment       0x0000003c       0x3d c:/program files/microchip/xc32/v2.40/bin/bin/../../lib/gcc/pic32c/6.2.1\libgcc.a(floatsisf.o)
 .comment       0x0000003c       0x3d c:/program files/microchip/xc32/v2.40/bin/bin/../../lib/gcc/pic32c/6.2.1\libgcc.a(floatunsisf.o)
 .comment       0x0000003c       0x3d c:/program files/microchip/xc32/v2.40/bin/bin/../../lib/gcc/pic32c/6.2.1\libgcc.a(adddf3.o)
 .comment       0x0000003c       0x3d c:/program files/microchip/xc32/v2.40/bin/bin/../../lib/gcc/pic32c/6.2.1\libgcc.a(divdf3.o)
 .comment       0x0000003c       0x3d c:/program files/microchip/xc32/v2.40/bin/bin/../../lib/gcc/pic32c/6.2.1\libgcc.a(eqdf2.o)
 .comment       0x0000003c       0x3d c:/program files/microchip/xc32/v2.40/bin/bin/../../lib/gcc/pic32c/6.2.1\libgcc.a(gedf2.o)
 .comment       0x0000003c       0x3d c:/program files/microchip/xc32/v2.40/bin/bin/../../lib/gcc/pic32c/6.2.1\libgcc.a(ledf2.o)
 .comment       0x0000003c       0x3d c:/program files/microchip/xc32/v2.40/bin/bin/../../lib/gcc/pic32c/6.2.1\libgcc.a(subdf3.o)
 .comment       0x0000003c       0x3d c:/program files/microchip/xc32/v2.40/bin/bin/../../lib/gcc/pic32c/6.2.1\libgcc.a(extendsfdf2.o)
 .comment       0x0000003c       0x3d c:/program files/microchip/xc32/v2.40/bin/bin/../../lib/gcc/pic32c/6.2.1\libgcc.a(truncdfsf2.o)
 .comment       0x0000003c       0x3d c:/program files/microchip/xc32/v2.40/bin/bin/../../lib/gcc/pic32c/6.2.1/../../../../pic32c/lib\libc_nano.a(lib_a-errno.o)
 .comment       0x0000003c       0x3d c:/program files/microchip/xc32/v2.40/bin/bin/../../lib/gcc/pic32c/6.2.1/../../../../pic32c/lib\libc_nano.a(lib_a-impure.o)
 .comment       0x0000003c       0x3d c:/program files/microchip/xc32/v2.40/bin/bin/../../lib/gcc/pic32c/6.2.1/../../../../pic32c/lib\libc_nano.a(lib_a-init.o)
 .comment       0x0000003c       0x3d c:/program files/microchip/xc32/v2.40/bin/bin/../../lib/gcc/pic32c/6.2.1/../../../../pic32c/lib\libc_nano.a(lib_a-locale.o)
 .comment       0x0000003c       0x3d c:/program files/microchip/xc32/v2.40/bin/bin/../../lib/gcc/pic32c/6.2.1/../../../../pic32c/lib\libc_nano.a(lib_a-mbtowc_r.o)
 .comment       0x0000003c       0x3d c:/program files/microchip/xc32/v2.40/bin/bin/../../lib/gcc/pic32c/6.2.1/../../../../pic32c/lib\libc_nano.a(lib_a-memcpy-stub.o)
 .comment       0x0000003c       0x3d c:/program files/microchip/xc32/v2.40/bin/bin/../../lib/gcc/pic32c/6.2.1/../../../../pic32c/lib\libc_nano.a(lib_a-memset.o)
 .comment       0x0000003c       0x3d c:/program files/microchip/xc32/v2.40/bin/bin/../../lib/gcc/pic32c/6.2.1/../../../../pic32c/lib\libc_nano.a(_lib_a-nano-vfprintf.cdeEfFgGnopsuxX.o)
 .comment       0x0000003c       0x3d c:/program files/microchip/xc32/v2.40/bin/bin/../../lib/gcc/pic32c/6.2.1/../../../../pic32c/lib\libc_nano.a(lib_a-nano-vfprintf_i.o)
 .comment       0x0000003c       0x3d c:/program files/microchip/xc32/v2.40/bin/bin/../../lib/gcc/pic32c/6.2.1/../../../../pic32c/lib\libc_nano.a(_lib_a-printf.fFgGs.o)
 .comment       0x0000003c       0x3d c:/program files/microchip/xc32/v2.40/bin/bin/../../lib/gcc/pic32c/6.2.1/../../../../pic32c/lib\libc_nano.a(lib_a-puts.o)
 .comment       0x0000003c       0x3d c:/program files/microchip/xc32/v2.40/bin/bin/../../lib/gcc/pic32c/6.2.1/../../../../pic32c/lib\libc_nano.a(lib_a-__ssfputs.o)
 .comment       0x0000003c       0x3d c:/program files/microchip/xc32/v2.40/bin/bin/../../lib/gcc/pic32c/6.2.1/../../../../pic32c/lib\libc_nano.a(lib_a-wbuf.o)
 .comment       0x0000003c       0x3d c:/program files/microchip/xc32/v2.40/bin/bin/../../lib/gcc/pic32c/6.2.1/../../../../pic32c/lib\libc_nano.a(lib_a-wctomb_r.o)
 .comment       0x0000003c       0x3d c:/program files/microchip/xc32/v2.40/bin/bin/../../lib/gcc/pic32c/6.2.1/../../../../pic32c/lib\libc_nano.a(lib_a-wsetup.o)
 .comment       0x0000003c       0x3d c:/program files/microchip/xc32/v2.40/bin/bin/../../lib/gcc/pic32c/6.2.1/../../../../pic32c/lib\libc_nano.a(lib_a-ctype_.o)
 .comment       0x0000003c       0x3d c:/program files/microchip/xc32/v2.40/bin/bin/../../lib/gcc/pic32c/6.2.1/../../../../pic32c/lib\libc_nano.a(lib_a-dtoa.o)
 .comment       0x0000003c       0x3d c:/program files/microchip/xc32/v2.40/bin/bin/../../lib/gcc/pic32c/6.2.1/../../../../pic32c/lib\libc_nano.a(lib_a-fflush.o)
 .comment       0x0000003c       0x3d c:/program files/microchip/xc32/v2.40/bin/bin/../../lib/gcc/pic32c/6.2.1/../../../../pic32c/lib\libc_nano.a(lib_a-findfp.o)
 .comment       0x0000003c       0x3d c:/program files/microchip/xc32/v2.40/bin/bin/../../lib/gcc/pic32c/6.2.1/../../../../pic32c/lib\libc_nano.a(lib_a-fputwc.o)
 .comment       0x0000003c       0x3d c:/program files/microchip/xc32/v2.40/bin/bin/../../lib/gcc/pic32c/6.2.1/../../../../pic32c/lib\libc_nano.a(lib_a-fwalk.o)
 .comment       0x0000003c       0x3d c:/program files/microchip/xc32/v2.40/bin/bin/../../lib/gcc/pic32c/6.2.1/../../../../pic32c/lib\libc_nano.a(lib_a-localeconv.o)
 .comment       0x0000003c       0x3d c:/program files/microchip/xc32/v2.40/bin/bin/../../lib/gcc/pic32c/6.2.1/../../../../pic32c/lib\libc_nano.a(lib_a-makebuf.o)
 .comment       0x0000003c       0x3d c:/program files/microchip/xc32/v2.40/bin/bin/../../lib/gcc/pic32c/6.2.1/../../../../pic32c/lib\libc_nano.a(lib_a-malloc.o)
 .comment       0x0000003c       0x3d c:/program files/microchip/xc32/v2.40/bin/bin/../../lib/gcc/pic32c/6.2.1/../../../../pic32c/lib\libc_nano.a(lib_a-memchr-stub.o)
 .comment       0x0000003c       0x3d c:/program files/microchip/xc32/v2.40/bin/bin/../../lib/gcc/pic32c/6.2.1/../../../../pic32c/lib\libc_nano.a(lib_a-mprec.o)
 .comment       0x0000003c       0x3d c:/program files/microchip/xc32/v2.40/bin/bin/../../lib/gcc/pic32c/6.2.1/../../../../pic32c/lib\libc_nano.a(lib_a-nano-callocr.o)
 .comment       0x0000003c       0x3d c:/program files/microchip/xc32/v2.40/bin/bin/../../lib/gcc/pic32c/6.2.1/../../../../pic32c/lib\libc_nano.a(lib_a-nano-freer.o)
 .comment       0x0000003c       0x3d c:/program files/microchip/xc32/v2.40/bin/bin/../../lib/gcc/pic32c/6.2.1/../../../../pic32c/lib\libc_nano.a(lib_a-nano-mallocr.o)
 .comment       0x0000003c       0x3d c:/program files/microchip/xc32/v2.40/bin/bin/../../lib/gcc/pic32c/6.2.1/../../../../pic32c/lib\libc_nano.a(_lib_a-nano-vfprintf.fFgGs.o)
 .comment       0x0000003c       0x3d c:/program files/microchip/xc32/v2.40/bin/bin/../../lib/gcc/pic32c/6.2.1/../../../../pic32c/lib\libc_nano.a(lib_a-sbrkr.o)
 .comment       0x0000003c       0x3d c:/program files/microchip/xc32/v2.40/bin/bin/../../lib/gcc/pic32c/6.2.1/../../../../pic32c/lib\libc_nano.a(lib_a-stdio.o)
 .comment       0x0000003c       0x3d c:/program files/microchip/xc32/v2.40/bin/bin/../../lib/gcc/pic32c/6.2.1/../../../../pic32c/lib\libc_nano.a(lib_a-wcrtomb.o)
 .comment       0x0000003c       0x3d c:/program files/microchip/xc32/v2.40/bin/bin/../../lib/gcc/pic32c/6.2.1/../../../../pic32c/lib\libc_nano.a(lib_a-writer.o)
 .comment       0x0000003c       0x3d c:/program files/microchip/xc32/v2.40/bin/bin/../../lib/gcc/pic32c/6.2.1/../../../../pic32c/lib\libc_nano.a(lib_a-closer.o)
 .comment       0x0000003c       0x3d c:/program files/microchip/xc32/v2.40/bin/bin/../../lib/gcc/pic32c/6.2.1/../../../../pic32c/lib\libc_nano.a(lib_a-fstatr.o)
 .comment       0x0000003c       0x3d c:/program files/microchip/xc32/v2.40/bin/bin/../../lib/gcc/pic32c/6.2.1/../../../../pic32c/lib\libc_nano.a(lib_a-isattyr.o)
 .comment       0x0000003c       0x3d c:/program files/microchip/xc32/v2.40/bin/bin/../../lib/gcc/pic32c/6.2.1/../../../../pic32c/lib\libc_nano.a(lib_a-lseekr.o)
 .comment       0x0000003c       0x3d c:/program files/microchip/xc32/v2.40/bin/bin/../../lib/gcc/pic32c/6.2.1/../../../../pic32c/lib\libc_nano.a(lib_a-mlock.o)
 .comment       0x0000003c       0x3d c:/program files/microchip/xc32/v2.40/bin/bin/../../lib/gcc/pic32c/6.2.1/../../../../pic32c/lib\libc_nano.a(lib_a-readr.o)
 .comment       0x0000003c       0x3d c:/program files/microchip/xc32/v2.40/bin/bin/../../lib/gcc/pic32c/6.2.1/../../../../pic32c/lib\libc_nano.a(lib_a-reent.o)
 .comment       0x0000003c       0x3d c:/program files/microchip/xc32/v2.40/bin/bin/../../lib/gcc/pic32c/6.2.1/../../../../pic32c/lib\libpic32c.a(_close.o)
 .comment       0x0000003c       0x3d c:/program files/microchip/xc32/v2.40/bin/bin/../../lib/gcc/pic32c/6.2.1/../../../../pic32c/lib\libpic32c.a(_fstat.o)
 .comment       0x0000003c       0x3d c:/program files/microchip/xc32/v2.40/bin/bin/../../lib/gcc/pic32c/6.2.1/../../../../pic32c/lib\libpic32c.a(_isatty.o)
 .comment       0x0000003c       0x3d c:/program files/microchip/xc32/v2.40/bin/bin/../../lib/gcc/pic32c/6.2.1/../../../../pic32c/lib\libpic32c.a(_lseek.o)
 .comment       0x0000003c       0x3d c:/program files/microchip/xc32/v2.40/bin/bin/../../lib/gcc/pic32c/6.2.1/../../../../pic32c/lib\libpic32c.a(_read.o)
 .comment       0x0000003c       0x3d c:/program files/microchip/xc32/v2.40/bin/bin/../../lib/gcc/pic32c/6.2.1/../../../../pic32c/lib\libpic32c.a(sbrk.o)
 .comment       0x0000003c       0x3d c:/program files/microchip/xc32/v2.40/bin/bin/../../lib/gcc/pic32c/6.2.1/../../../../pic32c/lib\libpic32c.a(close.o)
 .comment       0x0000003c       0x3d c:/program files/microchip/xc32/v2.40/bin/bin/../../lib/gcc/pic32c/6.2.1/../../../../pic32c/lib\libpic32c.a(fstat.o)
 .comment       0x0000003c       0x3d c:/program files/microchip/xc32/v2.40/bin/bin/../../lib/gcc/pic32c/6.2.1/../../../../pic32c/lib\libpic32c.a(isatty.o)
 .comment       0x0000003c       0x3d c:/program files/microchip/xc32/v2.40/bin/bin/../../lib/gcc/pic32c/6.2.1/../../../../pic32c/lib\libpic32c.a(lseek.o)
 .comment       0x0000003c       0x3d c:/program files/microchip/xc32/v2.40/bin/bin/../../lib/gcc/pic32c/6.2.1/../../../../pic32c/lib\libpic32c.a(read.o)
 .comment       0x0000003c       0x3d c:/program files/microchip/xc32/v2.40/bin/bin/../../lib/gcc/pic32c/6.2.1\libgcc.a(muldf3.o)
 .comment       0x0000003c       0x3d c:/program files/microchip/xc32/v2.40/bin/bin/../../lib/gcc/pic32c/6.2.1\libgcc.a(unorddf2.o)
 .comment       0x0000003c       0x3d c:/program files/microchip/xc32/v2.40/bin/bin/../../lib/gcc/pic32c/6.2.1\libgcc.a(fixdfsi.o)
 .comment       0x0000003c       0x3d c:/program files/microchip/xc32/v2.40/bin/bin/../../lib/gcc/pic32c/6.2.1\libgcc.a(floatsidf.o)
 .comment       0x0000003c       0x3d c:/program files/microchip/xc32/v2.40/bin/bin/../../lib/gcc/pic32c/6.2.1\libgcc.a(floatunsidf.o)

.debug_info     0x00000000    0x5977d
 .debug_info    0x00000000      0x98a build/default/production/Source/startup_atsamc21a.o
 .debug_info    0x0000098a     0x15d2 build/default/production/Source/main.o
 .debug_info    0x00001f5c     0x12c7 build/default/production/Source/system.o
 .debug_info    0x00003223      0x529 build/default/production/Source/port.o
 .debug_info    0x0000374c     0x1b09 build/default/production/Source/uart.o
 .debug_info    0x00005255      0x94d build/default/production/Source/timer.o
 .debug_info    0x00005ba2     0x12c8 build/default/production/Source/analog.o
 .debug_info    0x00006e6a     0x1273 build/default/production/Source/cal_temp.o
 .debug_info    0x000080dd      0x52e build/default/production/Source/dac.o
 .debug_info    0x0000860b     0x1304 build/default/production/Source/flash.o
 .debug_info    0x0000990f      0x3d5 build/default/production/Source/systick.o
 .debug_info    0x00009ce4     0x15bd build/default/production/Source/fis.o
 .debug_info    0x0000b2a1      0xe16 c:/program files/microchip/xc32/v2.40/bin/bin/../../lib/gcc/pic32c/6.2.1/../../../../pic32c/lib\libm_nano.a(lib_a-s_fmin.o)
 .debug_info    0x0000c0b7      0xe8b c:/program files/microchip/xc32/v2.40/bin/bin/../../lib/gcc/pic32c/6.2.1/../../../../pic32c/lib\libm_nano.a(lib_a-s_fpclassify.o)
 .debug_info    0x0000cf42      0xead c:/program files/microchip/xc32/v2.40/bin/bin/../../lib/gcc/pic32c/6.2.1/../../../../pic32c/lib\libm_nano.a(lib_a-sf_round.o)
 .debug_info    0x0000ddef      0xf76 c:/program files/microchip/xc32/v2.40/bin/bin/../../lib/gcc/pic32c/6.2.1/../../../../pic32c/lib\libm_nano.a(lib_a-wf_exp.o)
 .debug_info    0x0000ed65      0xf55 c:/program files/microchip/xc32/v2.40/bin/bin/../../lib/gcc/pic32c/6.2.1/../../../../pic32c/lib\libm_nano.a(lib_a-wf_log.o)
 .debug_info    0x0000fcba      0xfff c:/program files/microchip/xc32/v2.40/bin/bin/../../lib/gcc/pic32c/6.2.1/../../../../pic32c/lib\libm_nano.a(lib_a-wf_pow.o)
 .debug_info    0x00010cb9     0x1031 c:/program files/microchip/xc32/v2.40/bin/bin/../../lib/gcc/pic32c/6.2.1/../../../../pic32c/lib\libm_nano.a(lib_a-ef_exp.o)
 .debug_info    0x00011cea      0xffb c:/program files/microchip/xc32/v2.40/bin/bin/../../lib/gcc/pic32c/6.2.1/../../../../pic32c/lib\libm_nano.a(lib_a-ef_log.o)
 .debug_info    0x00012ce5     0x1488 c:/program files/microchip/xc32/v2.40/bin/bin/../../lib/gcc/pic32c/6.2.1/../../../../pic32c/lib\libm_nano.a(lib_a-ef_pow.o)
 .debug_info    0x0001416d      0xf12 c:/program files/microchip/xc32/v2.40/bin/bin/../../lib/gcc/pic32c/6.2.1/../../../../pic32c/lib\libm_nano.a(lib_a-ef_sqrt.o)
 .debug_info    0x0001507f      0xe5c c:/program files/microchip/xc32/v2.40/bin/bin/../../lib/gcc/pic32c/6.2.1/../../../../pic32c/lib\libm_nano.a(lib_a-sf_fabs.o)
 .debug_info    0x00015edb      0xe58 c:/program files/microchip/xc32/v2.40/bin/bin/../../lib/gcc/pic32c/6.2.1/../../../../pic32c/lib\libm_nano.a(lib_a-sf_finite.o)
 .debug_info    0x00016d33      0xde4 c:/program files/microchip/xc32/v2.40/bin/bin/../../lib/gcc/pic32c/6.2.1/../../../../pic32c/lib\libm_nano.a(lib_a-sf_nan.o)
 .debug_info    0x00017b17      0xf4c c:/program files/microchip/xc32/v2.40/bin/bin/../../lib/gcc/pic32c/6.2.1/../../../../pic32c/lib\libm_nano.a(lib_a-sf_scalbn.o)
 .debug_info    0x00018a63      0xdac c:/program files/microchip/xc32/v2.40/bin/bin/../../lib/gcc/pic32c/6.2.1/../../../../pic32c/lib\libm_nano.a(lib_a-s_lib_ver.o)
 .debug_info    0x0001980f      0xe60 c:/program files/microchip/xc32/v2.40/bin/bin/../../lib/gcc/pic32c/6.2.1/../../../../pic32c/lib\libm_nano.a(lib_a-s_matherr.o)
 .debug_info    0x0001a66f      0xde6 c:/program files/microchip/xc32/v2.40/bin/bin/../../lib/gcc/pic32c/6.2.1/../../../../pic32c/lib\libm_nano.a(lib_a-s_nan.o)
 .debug_info    0x0001b455      0xf6d c:/program files/microchip/xc32/v2.40/bin/bin/../../lib/gcc/pic32c/6.2.1/../../../../pic32c/lib\libm_nano.a(lib_a-s_rint.o)
 .debug_info    0x0001c3c2      0xe93 c:/program files/microchip/xc32/v2.40/bin/bin/../../lib/gcc/pic32c/6.2.1/../../../../pic32c/lib\libm_nano.a(lib_a-sf_copysign.o)
 .debug_info    0x0001d255      0x1f0 c:/program files/microchip/xc32/v2.40/bin/bin/../../lib/gcc/pic32c/6.2.1/../../../../pic32c/lib\libpic32c.a(data_init.o)
 .debug_info    0x0001d445       0xee c:/program files/microchip/xc32/v2.40/bin/bin/../../lib/gcc/pic32c/6.2.1\libgcc.a(_arm_cmpdf2.o)
 .debug_info    0x0001d533       0xee c:/program files/microchip/xc32/v2.40/bin/bin/../../lib/gcc/pic32c/6.2.1\libgcc.a(_arm_cmpsf2.o)
 .debug_info    0x0001d621     0x12a0 c:/program files/microchip/xc32/v2.40/bin/bin/../../lib/gcc/pic32c/6.2.1\libgcc.a(_fixunssfsi.o)
 .debug_info    0x0001e8c1      0x556 c:/program files/microchip/xc32/v2.40/bin/bin/../../lib/gcc/pic32c/6.2.1\libgcc.a(addsf3.o)
 .debug_info    0x0001ee17      0x58b c:/program files/microchip/xc32/v2.40/bin/bin/../../lib/gcc/pic32c/6.2.1\libgcc.a(divsf3.o)
 .debug_info    0x0001f3a2      0x3e0 c:/program files/microchip/xc32/v2.40/bin/bin/../../lib/gcc/pic32c/6.2.1\libgcc.a(eqsf2.o)
 .debug_info    0x0001f782      0x404 c:/program files/microchip/xc32/v2.40/bin/bin/../../lib/gcc/pic32c/6.2.1\libgcc.a(gesf2.o)
 .debug_info    0x0001fb86      0x408 c:/program files/microchip/xc32/v2.40/bin/bin/../../lib/gcc/pic32c/6.2.1\libgcc.a(lesf2.o)
 .debug_info    0x0001ff8e      0x5d5 c:/program files/microchip/xc32/v2.40/bin/bin/../../lib/gcc/pic32c/6.2.1\libgcc.a(mulsf3.o)
 .debug_info    0x00020563      0x556 c:/program files/microchip/xc32/v2.40/bin/bin/../../lib/gcc/pic32c/6.2.1\libgcc.a(subsf3.o)
 .debug_info    0x00020ab9      0x3db c:/program files/microchip/xc32/v2.40/bin/bin/../../lib/gcc/pic32c/6.2.1\libgcc.a(unordsf2.o)
 .debug_info    0x00020e94      0x39d c:/program files/microchip/xc32/v2.40/bin/bin/../../lib/gcc/pic32c/6.2.1\libgcc.a(fixsfsi.o)
 .debug_info    0x00021231      0x477 c:/program files/microchip/xc32/v2.40/bin/bin/../../lib/gcc/pic32c/6.2.1\libgcc.a(floatsisf.o)
 .debug_info    0x000216a8      0x465 c:/program files/microchip/xc32/v2.40/bin/bin/../../lib/gcc/pic32c/6.2.1\libgcc.a(floatunsisf.o)
 .debug_info    0x00021b0d      0x7b0 c:/program files/microchip/xc32/v2.40/bin/bin/../../lib/gcc/pic32c/6.2.1\libgcc.a(adddf3.o)
 .debug_info    0x000222bd      0x9c6 c:/program files/microchip/xc32/v2.40/bin/bin/../../lib/gcc/pic32c/6.2.1\libgcc.a(divdf3.o)
 .debug_info    0x00022c83      0x413 c:/program files/microchip/xc32/v2.40/bin/bin/../../lib/gcc/pic32c/6.2.1\libgcc.a(eqdf2.o)
 .debug_info    0x00023096      0x43f c:/program files/microchip/xc32/v2.40/bin/bin/../../lib/gcc/pic32c/6.2.1\libgcc.a(gedf2.o)
 .debug_info    0x000234d5      0x437 c:/program files/microchip/xc32/v2.40/bin/bin/../../lib/gcc/pic32c/6.2.1\libgcc.a(ledf2.o)
 .debug_info    0x0002390c      0x7b0 c:/program files/microchip/xc32/v2.40/bin/bin/../../lib/gcc/pic32c/6.2.1\libgcc.a(subdf3.o)
 .debug_info    0x000240bc      0x47d c:/program files/microchip/xc32/v2.40/bin/bin/../../lib/gcc/pic32c/6.2.1\libgcc.a(extendsfdf2.o)
 .debug_info    0x00024539      0x4ee c:/program files/microchip/xc32/v2.40/bin/bin/../../lib/gcc/pic32c/6.2.1\libgcc.a(truncdfsf2.o)
 .debug_info    0x00024a27       0xee c:/program files/microchip/xc32/v2.40/bin/bin/../../lib/gcc/pic32c/6.2.1\libgcc.a(_thumb1_case_uqi.o)
 .debug_info    0x00024b15       0xee c:/program files/microchip/xc32/v2.40/bin/bin/../../lib/gcc/pic32c/6.2.1\libgcc.a(_thumb1_case_uhi.o)
 .debug_info    0x00024c03       0xee c:/program files/microchip/xc32/v2.40/bin/bin/../../lib/gcc/pic32c/6.2.1\libgcc.a(_udivsi3.o)
 .debug_info    0x00024cf1       0xee c:/program files/microchip/xc32/v2.40/bin/bin/../../lib/gcc/pic32c/6.2.1\libgcc.a(_dvmd_tls.o)
 .debug_info    0x00024ddf       0xee c:/program files/microchip/xc32/v2.40/bin/bin/../../lib/gcc/pic32c/6.2.1\libgcc.a(_clzsi2.o)
 .debug_info    0x00024ecd      0xd79 c:/program files/microchip/xc32/v2.40/bin/bin/../../lib/gcc/pic32c/6.2.1/../../../../pic32c/lib\libc_nano.a(lib_a-errno.o)
 .debug_info    0x00025c46      0xd3c c:/program files/microchip/xc32/v2.40/bin/bin/../../lib/gcc/pic32c/6.2.1/../../../../pic32c/lib\libc_nano.a(lib_a-impure.o)
 .debug_info    0x00026982      0x359 c:/program files/microchip/xc32/v2.40/bin/bin/../../lib/gcc/pic32c/6.2.1/../../../../pic32c/lib\libc_nano.a(lib_a-init.o)
 .debug_info    0x00026cdb     0x17cf c:/program files/microchip/xc32/v2.40/bin/bin/../../lib/gcc/pic32c/6.2.1/../../../../pic32c/lib\libc_nano.a(lib_a-locale.o)
 .debug_info    0x000284aa     0x16a8 c:/program files/microchip/xc32/v2.40/bin/bin/../../lib/gcc/pic32c/6.2.1/../../../../pic32c/lib\libc_nano.a(lib_a-mbtowc_r.o)
 .debug_info    0x00029b52      0xdb3 c:/program files/microchip/xc32/v2.40/bin/bin/../../lib/gcc/pic32c/6.2.1/../../../../pic32c/lib\libc_nano.a(lib_a-memcpy-stub.o)
 .debug_info    0x0002a905     0x14e8 c:/program files/microchip/xc32/v2.40/bin/bin/../../lib/gcc/pic32c/6.2.1/../../../../pic32c/lib\libc_nano.a(lib_a-memset.o)
 .debug_info    0x0002bded     0x26b3 c:/program files/microchip/xc32/v2.40/bin/bin/../../lib/gcc/pic32c/6.2.1/../../../../pic32c/lib\libc_nano.a(_lib_a-nano-vfprintf.cdeEfFgGnopsuxX.o)
 .debug_info    0x0002e4a0     0x1d15 c:/program files/microchip/xc32/v2.40/bin/bin/../../lib/gcc/pic32c/6.2.1/../../../../pic32c/lib\libc_nano.a(lib_a-nano-vfprintf_i.o)
 .debug_info    0x000301b5      0xdea c:/program files/microchip/xc32/v2.40/bin/bin/../../lib/gcc/pic32c/6.2.1/../../../../pic32c/lib\libc_nano.a(_lib_a-printf.fFgGs.o)
 .debug_info    0x00030f9f     0x1223 c:/program files/microchip/xc32/v2.40/bin/bin/../../lib/gcc/pic32c/6.2.1/../../../../pic32c/lib\libc_nano.a(lib_a-puts.o)
 .debug_info    0x000321c2     0x188d c:/program files/microchip/xc32/v2.40/bin/bin/../../lib/gcc/pic32c/6.2.1/../../../../pic32c/lib\libc_nano.a(lib_a-__ssfputs.o)
 .debug_info    0x00033a4f      0x117 c:/program files/microchip/xc32/v2.40/bin/bin/../../lib/gcc/pic32c/6.2.1/../../../../pic32c/lib\libc_nano.a(lib_a-strlen.o)
 .debug_info    0x00033b66     0x11b3 c:/program files/microchip/xc32/v2.40/bin/bin/../../lib/gcc/pic32c/6.2.1/../../../../pic32c/lib\libc_nano.a(lib_a-wbuf.o)
 .debug_info    0x00034d19     0x166c c:/program files/microchip/xc32/v2.40/bin/bin/../../lib/gcc/pic32c/6.2.1/../../../../pic32c/lib\libc_nano.a(lib_a-wctomb_r.o)
 .debug_info    0x00036385     0x112e c:/program files/microchip/xc32/v2.40/bin/bin/../../lib/gcc/pic32c/6.2.1/../../../../pic32c/lib\libc_nano.a(lib_a-wsetup.o)
 .debug_info    0x000374b3     0x14b9 c:/program files/microchip/xc32/v2.40/bin/bin/../../lib/gcc/pic32c/6.2.1/../../../../pic32c/lib\libc_nano.a(lib_a-ctype_.o)
 .debug_info    0x0003896c     0x2099 c:/program files/microchip/xc32/v2.40/bin/bin/../../lib/gcc/pic32c/6.2.1/../../../../pic32c/lib\libc_nano.a(lib_a-dtoa.o)
 .debug_info    0x0003aa05     0x1298 c:/program files/microchip/xc32/v2.40/bin/bin/../../lib/gcc/pic32c/6.2.1/../../../../pic32c/lib\libc_nano.a(lib_a-fflush.o)
 .debug_info    0x0003bc9d     0x1470 c:/program files/microchip/xc32/v2.40/bin/bin/../../lib/gcc/pic32c/6.2.1/../../../../pic32c/lib\libc_nano.a(lib_a-findfp.o)
 .debug_info    0x0003d10d     0x12ea c:/program files/microchip/xc32/v2.40/bin/bin/../../lib/gcc/pic32c/6.2.1/../../../../pic32c/lib\libc_nano.a(lib_a-fputwc.o)
 .debug_info    0x0003e3f7     0x11a9 c:/program files/microchip/xc32/v2.40/bin/bin/../../lib/gcc/pic32c/6.2.1/../../../../pic32c/lib\libc_nano.a(lib_a-fwalk.o)
 .debug_info    0x0003f5a0     0x1635 c:/program files/microchip/xc32/v2.40/bin/bin/../../lib/gcc/pic32c/6.2.1/../../../../pic32c/lib\libc_nano.a(lib_a-localeconv.o)
 .debug_info    0x00040bd5     0x14e5 c:/program files/microchip/xc32/v2.40/bin/bin/../../lib/gcc/pic32c/6.2.1/../../../../pic32c/lib\libc_nano.a(lib_a-makebuf.o)
 .debug_info    0x000420ba      0xddf c:/program files/microchip/xc32/v2.40/bin/bin/../../lib/gcc/pic32c/6.2.1/../../../../pic32c/lib\libc_nano.a(lib_a-malloc.o)
 .debug_info    0x00042e99      0xdb2 c:/program files/microchip/xc32/v2.40/bin/bin/../../lib/gcc/pic32c/6.2.1/../../../../pic32c/lib\libc_nano.a(lib_a-memchr-stub.o)
 .debug_info    0x00043c4b     0x24be c:/program files/microchip/xc32/v2.40/bin/bin/../../lib/gcc/pic32c/6.2.1/../../../../pic32c/lib\libc_nano.a(lib_a-mprec.o)
 .debug_info    0x00046109     0x101b c:/program files/microchip/xc32/v2.40/bin/bin/../../lib/gcc/pic32c/6.2.1/../../../../pic32c/lib\libc_nano.a(lib_a-nano-callocr.o)
 .debug_info    0x00047124     0x10ed c:/program files/microchip/xc32/v2.40/bin/bin/../../lib/gcc/pic32c/6.2.1/../../../../pic32c/lib\libc_nano.a(lib_a-nano-freer.o)
 .debug_info    0x00048211     0x119a c:/program files/microchip/xc32/v2.40/bin/bin/../../lib/gcc/pic32c/6.2.1/../../../../pic32c/lib\libc_nano.a(lib_a-nano-mallocr.o)
 .debug_info    0x000493ab     0x2629 c:/program files/microchip/xc32/v2.40/bin/bin/../../lib/gcc/pic32c/6.2.1/../../../../pic32c/lib\libc_nano.a(_lib_a-nano-vfprintf.fFgGs.o)
 .debug_info    0x0004b9d4      0xe2c c:/program files/microchip/xc32/v2.40/bin/bin/../../lib/gcc/pic32c/6.2.1/../../../../pic32c/lib\libc_nano.a(lib_a-sbrkr.o)
 .debug_info    0x0004c800     0x135a c:/program files/microchip/xc32/v2.40/bin/bin/../../lib/gcc/pic32c/6.2.1/../../../../pic32c/lib\libc_nano.a(lib_a-stdio.o)
 .debug_info    0x0004db5a     0x16a4 c:/program files/microchip/xc32/v2.40/bin/bin/../../lib/gcc/pic32c/6.2.1/../../../../pic32c/lib\libc_nano.a(lib_a-wcrtomb.o)
 .debug_info    0x0004f1fe      0xe4b c:/program files/microchip/xc32/v2.40/bin/bin/../../lib/gcc/pic32c/6.2.1/../../../../pic32c/lib\libc_nano.a(lib_a-writer.o)
 .debug_info    0x00050049      0xdfa c:/program files/microchip/xc32/v2.40/bin/bin/../../lib/gcc/pic32c/6.2.1/../../../../pic32c/lib\libc_nano.a(lib_a-closer.o)
 .debug_info    0x00050e43     0x10f5 c:/program files/microchip/xc32/v2.40/bin/bin/../../lib/gcc/pic32c/6.2.1/../../../../pic32c/lib\libc_nano.a(lib_a-fstatr.o)
 .debug_info    0x00051f38      0xe07 c:/program files/microchip/xc32/v2.40/bin/bin/../../lib/gcc/pic32c/6.2.1/../../../../pic32c/lib\libc_nano.a(lib_a-isattyr.o)
 .debug_info    0x00052d3f      0xe32 c:/program files/microchip/xc32/v2.40/bin/bin/../../lib/gcc/pic32c/6.2.1/../../../../pic32c/lib\libc_nano.a(lib_a-lseekr.o)
 .debug_info    0x00053b71      0xd79 c:/program files/microchip/xc32/v2.40/bin/bin/../../lib/gcc/pic32c/6.2.1/../../../../pic32c/lib\libc_nano.a(lib_a-mlock.o)
 .debug_info    0x000548ea      0xe49 c:/program files/microchip/xc32/v2.40/bin/bin/../../lib/gcc/pic32c/6.2.1/../../../../pic32c/lib\libc_nano.a(lib_a-readr.o)
 .debug_info    0x00055733      0xf2f c:/program files/microchip/xc32/v2.40/bin/bin/../../lib/gcc/pic32c/6.2.1/../../../../pic32c/lib\libc_nano.a(lib_a-reent.o)
 .debug_info    0x00056662      0x1d7 c:/program files/microchip/xc32/v2.40/bin/bin/../../lib/gcc/pic32c/6.2.1/../../../../pic32c/lib\libpic32c.a(_close.o)
 .debug_info    0x00056839      0x1d7 c:/program files/microchip/xc32/v2.40/bin/bin/../../lib/gcc/pic32c/6.2.1/../../../../pic32c/lib\libpic32c.a(_fstat.o)
 .debug_info    0x00056a10      0x1d9 c:/program files/microchip/xc32/v2.40/bin/bin/../../lib/gcc/pic32c/6.2.1/../../../../pic32c/lib\libpic32c.a(_isatty.o)
 .debug_info    0x00056be9      0x1d7 c:/program files/microchip/xc32/v2.40/bin/bin/../../lib/gcc/pic32c/6.2.1/../../../../pic32c/lib\libpic32c.a(_lseek.o)
 .debug_info    0x00056dc0      0x1d5 c:/program files/microchip/xc32/v2.40/bin/bin/../../lib/gcc/pic32c/6.2.1/../../../../pic32c/lib\libpic32c.a(_read.o)
 .debug_info    0x00056f95      0x1d3 c:/program files/microchip/xc32/v2.40/bin/bin/../../lib/gcc/pic32c/6.2.1/../../../../pic32c/lib\libpic32c.a(sbrk.o)
 .debug_info    0x00057168      0x1d4 c:/program files/microchip/xc32/v2.40/bin/bin/../../lib/gcc/pic32c/6.2.1/../../../../pic32c/lib\libpic32c.a(close.o)
 .debug_info    0x0005733c      0x1d4 c:/program files/microchip/xc32/v2.40/bin/bin/../../lib/gcc/pic32c/6.2.1/../../../../pic32c/lib\libpic32c.a(fstat.o)
 .debug_info    0x00057510      0x1d6 c:/program files/microchip/xc32/v2.40/bin/bin/../../lib/gcc/pic32c/6.2.1/../../../../pic32c/lib\libpic32c.a(isatty.o)
 .debug_info    0x000576e6      0x1d4 c:/program files/microchip/xc32/v2.40/bin/bin/../../lib/gcc/pic32c/6.2.1/../../../../pic32c/lib\libpic32c.a(lseek.o)
 .debug_info    0x000578ba      0x1d3 c:/program files/microchip/xc32/v2.40/bin/bin/../../lib/gcc/pic32c/6.2.1/../../../../pic32c/lib\libpic32c.a(read.o)
 .debug_info    0x00057a8d       0xee c:/program files/microchip/xc32/v2.40/bin/bin/../../lib/gcc/pic32c/6.2.1\libgcc.a(_divsi3.o)
 .debug_info    0x00057b7b      0xa41 c:/program files/microchip/xc32/v2.40/bin/bin/../../lib/gcc/pic32c/6.2.1\libgcc.a(muldf3.o)
 .debug_info    0x000585bc      0x415 c:/program files/microchip/xc32/v2.40/bin/bin/../../lib/gcc/pic32c/6.2.1\libgcc.a(unorddf2.o)
 .debug_info    0x000589d1      0x3bc c:/program files/microchip/xc32/v2.40/bin/bin/../../lib/gcc/pic32c/6.2.1\libgcc.a(fixdfsi.o)
 .debug_info    0x00058d8d      0x4fc c:/program files/microchip/xc32/v2.40/bin/bin/../../lib/gcc/pic32c/6.2.1\libgcc.a(floatsidf.o)
 .debug_info    0x00059289      0x4f4 c:/program files/microchip/xc32/v2.40/bin/bin/../../lib/gcc/pic32c/6.2.1\libgcc.a(floatunsidf.o)

.debug_abbrev   0x00000000     0xa423
 .debug_abbrev  0x00000000      0x106 build/default/production/Source/startup_atsamc21a.o
 .debug_abbrev  0x00000106      0x1d7 build/default/production/Source/main.o
 .debug_abbrev  0x000002dd      0x1b4 build/default/production/Source/system.o
 .debug_abbrev  0x00000491       0x9c build/default/production/Source/port.o
 .debug_abbrev  0x0000052d      0x27c build/default/production/Source/uart.o
 .debug_abbrev  0x000007a9      0x10c build/default/production/Source/timer.o
 .debug_abbrev  0x000008b5      0x1e4 build/default/production/Source/analog.o
 .debug_abbrev  0x00000a99      0x23d build/default/production/Source/cal_temp.o
 .debug_abbrev  0x00000cd6       0xc5 build/default/production/Source/dac.o
 .debug_abbrev  0x00000d9b      0x22d build/default/production/Source/flash.o
 .debug_abbrev  0x00000fc8       0xb7 build/default/production/Source/systick.o
 .debug_abbrev  0x0000107f      0x24e build/default/production/Source/fis.o
 .debug_abbrev  0x000012cd      0x1a3 c:/program files/microchip/xc32/v2.40/bin/bin/../../lib/gcc/pic32c/6.2.1/../../../../pic32c/lib\libm_nano.a(lib_a-s_fmin.o)
 .debug_abbrev  0x00001470      0x1b3 c:/program files/microchip/xc32/v2.40/bin/bin/../../lib/gcc/pic32c/6.2.1/../../../../pic32c/lib\libm_nano.a(lib_a-s_fpclassify.o)
 .debug_abbrev  0x00001623      0x1b1 c:/program files/microchip/xc32/v2.40/bin/bin/../../lib/gcc/pic32c/6.2.1/../../../../pic32c/lib\libm_nano.a(lib_a-sf_round.o)
 .debug_abbrev  0x000017d4      0x20a c:/program files/microchip/xc32/v2.40/bin/bin/../../lib/gcc/pic32c/6.2.1/../../../../pic32c/lib\libm_nano.a(lib_a-wf_exp.o)
 .debug_abbrev  0x000019de      0x1fb c:/program files/microchip/xc32/v2.40/bin/bin/../../lib/gcc/pic32c/6.2.1/../../../../pic32c/lib\libm_nano.a(lib_a-wf_log.o)
 .debug_abbrev  0x00001bd9      0x206 c:/program files/microchip/xc32/v2.40/bin/bin/../../lib/gcc/pic32c/6.2.1/../../../../pic32c/lib\libm_nano.a(lib_a-wf_pow.o)
 .debug_abbrev  0x00001ddf      0x1e1 c:/program files/microchip/xc32/v2.40/bin/bin/../../lib/gcc/pic32c/6.2.1/../../../../pic32c/lib\libm_nano.a(lib_a-ef_exp.o)
 .debug_abbrev  0x00001fc0      0x1c2 c:/program files/microchip/xc32/v2.40/bin/bin/../../lib/gcc/pic32c/6.2.1/../../../../pic32c/lib\libm_nano.a(lib_a-ef_log.o)
 .debug_abbrev  0x00002182      0x247 c:/program files/microchip/xc32/v2.40/bin/bin/../../lib/gcc/pic32c/6.2.1/../../../../pic32c/lib\libm_nano.a(lib_a-ef_pow.o)
 .debug_abbrev  0x000023c9      0x1c4 c:/program files/microchip/xc32/v2.40/bin/bin/../../lib/gcc/pic32c/6.2.1/../../../../pic32c/lib\libm_nano.a(lib_a-ef_sqrt.o)
 .debug_abbrev  0x0000258d      0x1b1 c:/program files/microchip/xc32/v2.40/bin/bin/../../lib/gcc/pic32c/6.2.1/../../../../pic32c/lib\libm_nano.a(lib_a-sf_fabs.o)
 .debug_abbrev  0x0000273e      0x1a6 c:/program files/microchip/xc32/v2.40/bin/bin/../../lib/gcc/pic32c/6.2.1/../../../../pic32c/lib\libm_nano.a(lib_a-sf_finite.o)
 .debug_abbrev  0x000028e4      0x17a c:/program files/microchip/xc32/v2.40/bin/bin/../../lib/gcc/pic32c/6.2.1/../../../../pic32c/lib\libm_nano.a(lib_a-sf_nan.o)
 .debug_abbrev  0x00002a5e      0x1e3 c:/program files/microchip/xc32/v2.40/bin/bin/../../lib/gcc/pic32c/6.2.1/../../../../pic32c/lib\libm_nano.a(lib_a-sf_scalbn.o)
 .debug_abbrev  0x00002c41      0x149 c:/program files/microchip/xc32/v2.40/bin/bin/../../lib/gcc/pic32c/6.2.1/../../../../pic32c/lib\libm_nano.a(lib_a-s_lib_ver.o)
 .debug_abbrev  0x00002d8a      0x17c c:/program files/microchip/xc32/v2.40/bin/bin/../../lib/gcc/pic32c/6.2.1/../../../../pic32c/lib\libm_nano.a(lib_a-s_matherr.o)
 .debug_abbrev  0x00002f06      0x17a c:/program files/microchip/xc32/v2.40/bin/bin/../../lib/gcc/pic32c/6.2.1/../../../../pic32c/lib\libm_nano.a(lib_a-s_nan.o)
 .debug_abbrev  0x00003080      0x1e6 c:/program files/microchip/xc32/v2.40/bin/bin/../../lib/gcc/pic32c/6.2.1/../../../../pic32c/lib\libm_nano.a(lib_a-s_rint.o)
 .debug_abbrev  0x00003266      0x1b1 c:/program files/microchip/xc32/v2.40/bin/bin/../../lib/gcc/pic32c/6.2.1/../../../../pic32c/lib\libm_nano.a(lib_a-sf_copysign.o)
 .debug_abbrev  0x00003417       0x2a c:/program files/microchip/xc32/v2.40/bin/bin/../../lib/gcc/pic32c/6.2.1/../../../../pic32c/lib\libpic32c.a(data_init.o)
 .debug_abbrev  0x00003441       0x14 c:/program files/microchip/xc32/v2.40/bin/bin/../../lib/gcc/pic32c/6.2.1\libgcc.a(_arm_cmpdf2.o)
 .debug_abbrev  0x00003455       0x14 c:/program files/microchip/xc32/v2.40/bin/bin/../../lib/gcc/pic32c/6.2.1\libgcc.a(_arm_cmpsf2.o)
 .debug_abbrev  0x00003469      0x11b c:/program files/microchip/xc32/v2.40/bin/bin/../../lib/gcc/pic32c/6.2.1\libgcc.a(_fixunssfsi.o)
 .debug_abbrev  0x00003584      0x149 c:/program files/microchip/xc32/v2.40/bin/bin/../../lib/gcc/pic32c/6.2.1\libgcc.a(addsf3.o)
 .debug_abbrev  0x000036cd      0x135 c:/program files/microchip/xc32/v2.40/bin/bin/../../lib/gcc/pic32c/6.2.1\libgcc.a(divsf3.o)
 .debug_abbrev  0x00003802      0x128 c:/program files/microchip/xc32/v2.40/bin/bin/../../lib/gcc/pic32c/6.2.1\libgcc.a(eqsf2.o)
 .debug_abbrev  0x0000392a      0x12a c:/program files/microchip/xc32/v2.40/bin/bin/../../lib/gcc/pic32c/6.2.1\libgcc.a(gesf2.o)
 .debug_abbrev  0x00003a54      0x135 c:/program files/microchip/xc32/v2.40/bin/bin/../../lib/gcc/pic32c/6.2.1\libgcc.a(lesf2.o)
 .debug_abbrev  0x00003b89      0x13c c:/program files/microchip/xc32/v2.40/bin/bin/../../lib/gcc/pic32c/6.2.1\libgcc.a(mulsf3.o)
 .debug_abbrev  0x00003cc5      0x149 c:/program files/microchip/xc32/v2.40/bin/bin/../../lib/gcc/pic32c/6.2.1\libgcc.a(subsf3.o)
 .debug_abbrev  0x00003e0e      0x128 c:/program files/microchip/xc32/v2.40/bin/bin/../../lib/gcc/pic32c/6.2.1\libgcc.a(unordsf2.o)
 .debug_abbrev  0x00003f36      0x12e c:/program files/microchip/xc32/v2.40/bin/bin/../../lib/gcc/pic32c/6.2.1\libgcc.a(fixsfsi.o)
 .debug_abbrev  0x00004064      0x12d c:/program files/microchip/xc32/v2.40/bin/bin/../../lib/gcc/pic32c/6.2.1\libgcc.a(floatsisf.o)
 .debug_abbrev  0x00004191      0x12d c:/program files/microchip/xc32/v2.40/bin/bin/../../lib/gcc/pic32c/6.2.1\libgcc.a(floatunsisf.o)
 .debug_abbrev  0x000042be      0x150 c:/program files/microchip/xc32/v2.40/bin/bin/../../lib/gcc/pic32c/6.2.1\libgcc.a(adddf3.o)
 .debug_abbrev  0x0000440e      0x143 c:/program files/microchip/xc32/v2.40/bin/bin/../../lib/gcc/pic32c/6.2.1\libgcc.a(divdf3.o)
 .debug_abbrev  0x00004551      0x128 c:/program files/microchip/xc32/v2.40/bin/bin/../../lib/gcc/pic32c/6.2.1\libgcc.a(eqdf2.o)
 .debug_abbrev  0x00004679      0x135 c:/program files/microchip/xc32/v2.40/bin/bin/../../lib/gcc/pic32c/6.2.1\libgcc.a(gedf2.o)
 .debug_abbrev  0x000047ae      0x12a c:/program files/microchip/xc32/v2.40/bin/bin/../../lib/gcc/pic32c/6.2.1\libgcc.a(ledf2.o)
 .debug_abbrev  0x000048d8      0x150 c:/program files/microchip/xc32/v2.40/bin/bin/../../lib/gcc/pic32c/6.2.1\libgcc.a(subdf3.o)
 .debug_abbrev  0x00004a28      0x114 c:/program files/microchip/xc32/v2.40/bin/bin/../../lib/gcc/pic32c/6.2.1\libgcc.a(extendsfdf2.o)
 .debug_abbrev  0x00004b3c      0x10e c:/program files/microchip/xc32/v2.40/bin/bin/../../lib/gcc/pic32c/6.2.1\libgcc.a(truncdfsf2.o)
 .debug_abbrev  0x00004c4a       0x14 c:/program files/microchip/xc32/v2.40/bin/bin/../../lib/gcc/pic32c/6.2.1\libgcc.a(_thumb1_case_uqi.o)
 .debug_abbrev  0x00004c5e       0x14 c:/program files/microchip/xc32/v2.40/bin/bin/../../lib/gcc/pic32c/6.2.1\libgcc.a(_thumb1_case_uhi.o)
 .debug_abbrev  0x00004c72       0x14 c:/program files/microchip/xc32/v2.40/bin/bin/../../lib/gcc/pic32c/6.2.1\libgcc.a(_udivsi3.o)
 .debug_abbrev  0x00004c86       0x14 c:/program files/microchip/xc32/v2.40/bin/bin/../../lib/gcc/pic32c/6.2.1\libgcc.a(_dvmd_tls.o)
 .debug_abbrev  0x00004c9a       0x14 c:/program files/microchip/xc32/v2.40/bin/bin/../../lib/gcc/pic32c/6.2.1\libgcc.a(_clzsi2.o)
 .debug_abbrev  0x00004cae      0x14f c:/program files/microchip/xc32/v2.40/bin/bin/../../lib/gcc/pic32c/6.2.1/../../../../pic32c/lib\libc_nano.a(lib_a-errno.o)
 .debug_abbrev  0x00004dfd      0x131 c:/program files/microchip/xc32/v2.40/bin/bin/../../lib/gcc/pic32c/6.2.1/../../../../pic32c/lib\libc_nano.a(lib_a-impure.o)
 .debug_abbrev  0x00004f2e       0xa3 c:/program files/microchip/xc32/v2.40/bin/bin/../../lib/gcc/pic32c/6.2.1/../../../../pic32c/lib\libc_nano.a(lib_a-init.o)
 .debug_abbrev  0x00004fd1      0x264 c:/program files/microchip/xc32/v2.40/bin/bin/../../lib/gcc/pic32c/6.2.1/../../../../pic32c/lib\libc_nano.a(lib_a-locale.o)
 .debug_abbrev  0x00005235      0x1cd c:/program files/microchip/xc32/v2.40/bin/bin/../../lib/gcc/pic32c/6.2.1/../../../../pic32c/lib\libc_nano.a(lib_a-mbtowc_r.o)
 .debug_abbrev  0x00005402      0x17c c:/program files/microchip/xc32/v2.40/bin/bin/../../lib/gcc/pic32c/6.2.1/../../../../pic32c/lib\libc_nano.a(lib_a-memcpy-stub.o)
 .debug_abbrev  0x0000557e      0x170 c:/program files/microchip/xc32/v2.40/bin/bin/../../lib/gcc/pic32c/6.2.1/../../../../pic32c/lib\libc_nano.a(lib_a-memset.o)
 .debug_abbrev  0x000056ee      0x3c3 c:/program files/microchip/xc32/v2.40/bin/bin/../../lib/gcc/pic32c/6.2.1/../../../../pic32c/lib\libc_nano.a(_lib_a-nano-vfprintf.cdeEfFgGnopsuxX.o)
 .debug_abbrev  0x00005ab1      0x25f c:/program files/microchip/xc32/v2.40/bin/bin/../../lib/gcc/pic32c/6.2.1/../../../../pic32c/lib\libc_nano.a(lib_a-nano-vfprintf_i.o)
 .debug_abbrev  0x00005d10      0x196 c:/program files/microchip/xc32/v2.40/bin/bin/../../lib/gcc/pic32c/6.2.1/../../../../pic32c/lib\libc_nano.a(_lib_a-printf.fFgGs.o)
 .debug_abbrev  0x00005ea6      0x24a c:/program files/microchip/xc32/v2.40/bin/bin/../../lib/gcc/pic32c/6.2.1/../../../../pic32c/lib\libc_nano.a(lib_a-puts.o)
 .debug_abbrev  0x000060f0      0x1f6 c:/program files/microchip/xc32/v2.40/bin/bin/../../lib/gcc/pic32c/6.2.1/../../../../pic32c/lib\libc_nano.a(lib_a-__ssfputs.o)
 .debug_abbrev  0x000062e6       0x14 c:/program files/microchip/xc32/v2.40/bin/bin/../../lib/gcc/pic32c/6.2.1/../../../../pic32c/lib\libc_nano.a(lib_a-strlen.o)
 .debug_abbrev  0x000062fa      0x208 c:/program files/microchip/xc32/v2.40/bin/bin/../../lib/gcc/pic32c/6.2.1/../../../../pic32c/lib\libc_nano.a(lib_a-wbuf.o)
 .debug_abbrev  0x00006502      0x1ce c:/program files/microchip/xc32/v2.40/bin/bin/../../lib/gcc/pic32c/6.2.1/../../../../pic32c/lib\libc_nano.a(lib_a-wctomb_r.o)
 .debug_abbrev  0x000066d0      0x1ec c:/program files/microchip/xc32/v2.40/bin/bin/../../lib/gcc/pic32c/6.2.1/../../../../pic32c/lib\libc_nano.a(lib_a-wsetup.o)
 .debug_abbrev  0x000068bc      0x131 c:/program files/microchip/xc32/v2.40/bin/bin/../../lib/gcc/pic32c/6.2.1/../../../../pic32c/lib\libc_nano.a(lib_a-ctype_.o)
 .debug_abbrev  0x000069ed      0x265 c:/program files/microchip/xc32/v2.40/bin/bin/../../lib/gcc/pic32c/6.2.1/../../../../pic32c/lib\libc_nano.a(lib_a-dtoa.o)
 .debug_abbrev  0x00006c52      0x263 c:/program files/microchip/xc32/v2.40/bin/bin/../../lib/gcc/pic32c/6.2.1/../../../../pic32c/lib\libc_nano.a(lib_a-fflush.o)
 .debug_abbrev  0x00006eb5      0x295 c:/program files/microchip/xc32/v2.40/bin/bin/../../lib/gcc/pic32c/6.2.1/../../../../pic32c/lib\libc_nano.a(lib_a-findfp.o)
 .debug_abbrev  0x0000714a      0x233 c:/program files/microchip/xc32/v2.40/bin/bin/../../lib/gcc/pic32c/6.2.1/../../../../pic32c/lib\libc_nano.a(lib_a-fputwc.o)
 .debug_abbrev  0x0000737d      0x1b0 c:/program files/microchip/xc32/v2.40/bin/bin/../../lib/gcc/pic32c/6.2.1/../../../../pic32c/lib\libc_nano.a(lib_a-fwalk.o)
 .debug_abbrev  0x0000752d      0x1fc c:/program files/microchip/xc32/v2.40/bin/bin/../../lib/gcc/pic32c/6.2.1/../../../../pic32c/lib\libc_nano.a(lib_a-localeconv.o)
 .debug_abbrev  0x00007729      0x268 c:/program files/microchip/xc32/v2.40/bin/bin/../../lib/gcc/pic32c/6.2.1/../../../../pic32c/lib\libc_nano.a(lib_a-makebuf.o)
 .debug_abbrev  0x00007991      0x1b0 c:/program files/microchip/xc32/v2.40/bin/bin/../../lib/gcc/pic32c/6.2.1/../../../../pic32c/lib\libc_nano.a(lib_a-malloc.o)
 .debug_abbrev  0x00007b41      0x16d c:/program files/microchip/xc32/v2.40/bin/bin/../../lib/gcc/pic32c/6.2.1/../../../../pic32c/lib\libc_nano.a(lib_a-memchr-stub.o)
 .debug_abbrev  0x00007cae      0x31e c:/program files/microchip/xc32/v2.40/bin/bin/../../lib/gcc/pic32c/6.2.1/../../../../pic32c/lib\libc_nano.a(lib_a-mprec.o)
 .debug_abbrev  0x00007fcc      0x1b9 c:/program files/microchip/xc32/v2.40/bin/bin/../../lib/gcc/pic32c/6.2.1/../../../../pic32c/lib\libc_nano.a(lib_a-nano-callocr.o)
 .debug_abbrev  0x00008185      0x24f c:/program files/microchip/xc32/v2.40/bin/bin/../../lib/gcc/pic32c/6.2.1/../../../../pic32c/lib\libc_nano.a(lib_a-nano-freer.o)
 .debug_abbrev  0x000083d4      0x286 c:/program files/microchip/xc32/v2.40/bin/bin/../../lib/gcc/pic32c/6.2.1/../../../../pic32c/lib\libc_nano.a(lib_a-nano-mallocr.o)
 .debug_abbrev  0x0000865a      0x3c1 c:/program files/microchip/xc32/v2.40/bin/bin/../../lib/gcc/pic32c/6.2.1/../../../../pic32c/lib\libc_nano.a(_lib_a-nano-vfprintf.fFgGs.o)
 .debug_abbrev  0x00008a1b      0x1a8 c:/program files/microchip/xc32/v2.40/bin/bin/../../lib/gcc/pic32c/6.2.1/../../../../pic32c/lib\libc_nano.a(lib_a-sbrkr.o)
 .debug_abbrev  0x00008bc3      0x224 c:/program files/microchip/xc32/v2.40/bin/bin/../../lib/gcc/pic32c/6.2.1/../../../../pic32c/lib\libc_nano.a(lib_a-stdio.o)
 .debug_abbrev  0x00008de7      0x1d5 c:/program files/microchip/xc32/v2.40/bin/bin/../../lib/gcc/pic32c/6.2.1/../../../../pic32c/lib\libc_nano.a(lib_a-wcrtomb.o)
 .debug_abbrev  0x00008fbc      0x198 c:/program files/microchip/xc32/v2.40/bin/bin/../../lib/gcc/pic32c/6.2.1/../../../../pic32c/lib\libc_nano.a(lib_a-writer.o)
 .debug_abbrev  0x00009154      0x193 c:/program files/microchip/xc32/v2.40/bin/bin/../../lib/gcc/pic32c/6.2.1/../../../../pic32c/lib\libc_nano.a(lib_a-closer.o)
 .debug_abbrev  0x000092e7      0x193 c:/program files/microchip/xc32/v2.40/bin/bin/../../lib/gcc/pic32c/6.2.1/../../../../pic32c/lib\libc_nano.a(lib_a-fstatr.o)
 .debug_abbrev  0x0000947a      0x193 c:/program files/microchip/xc32/v2.40/bin/bin/../../lib/gcc/pic32c/6.2.1/../../../../pic32c/lib\libc_nano.a(lib_a-isattyr.o)
 .debug_abbrev  0x0000960d      0x193 c:/program files/microchip/xc32/v2.40/bin/bin/../../lib/gcc/pic32c/6.2.1/../../../../pic32c/lib\libc_nano.a(lib_a-lseekr.o)
 .debug_abbrev  0x000097a0      0x165 c:/program files/microchip/xc32/v2.40/bin/bin/../../lib/gcc/pic32c/6.2.1/../../../../pic32c/lib\libc_nano.a(lib_a-mlock.o)
 .debug_abbrev  0x00009905      0x193 c:/program files/microchip/xc32/v2.40/bin/bin/../../lib/gcc/pic32c/6.2.1/../../../../pic32c/lib\libc_nano.a(lib_a-readr.o)
 .debug_abbrev  0x00009a98      0x1ea c:/program files/microchip/xc32/v2.40/bin/bin/../../lib/gcc/pic32c/6.2.1/../../../../pic32c/lib\libc_nano.a(lib_a-reent.o)
 .debug_abbrev  0x00009c82       0x2a c:/program files/microchip/xc32/v2.40/bin/bin/../../lib/gcc/pic32c/6.2.1/../../../../pic32c/lib\libpic32c.a(_close.o)
 .debug_abbrev  0x00009cac       0x2a c:/program files/microchip/xc32/v2.40/bin/bin/../../lib/gcc/pic32c/6.2.1/../../../../pic32c/lib\libpic32c.a(_fstat.o)
 .debug_abbrev  0x00009cd6       0x2a c:/program files/microchip/xc32/v2.40/bin/bin/../../lib/gcc/pic32c/6.2.1/../../../../pic32c/lib\libpic32c.a(_isatty.o)
 .debug_abbrev  0x00009d00       0x2a c:/program files/microchip/xc32/v2.40/bin/bin/../../lib/gcc/pic32c/6.2.1/../../../../pic32c/lib\libpic32c.a(_lseek.o)
 .debug_abbrev  0x00009d2a       0x2a c:/program files/microchip/xc32/v2.40/bin/bin/../../lib/gcc/pic32c/6.2.1/../../../../pic32c/lib\libpic32c.a(_read.o)
 .debug_abbrev  0x00009d54       0x2a c:/program files/microchip/xc32/v2.40/bin/bin/../../lib/gcc/pic32c/6.2.1/../../../../pic32c/lib\libpic32c.a(sbrk.o)
 .debug_abbrev  0x00009d7e       0x2a c:/program files/microchip/xc32/v2.40/bin/bin/../../lib/gcc/pic32c/6.2.1/../../../../pic32c/lib\libpic32c.a(close.o)
 .debug_abbrev  0x00009da8       0x2a c:/program files/microchip/xc32/v2.40/bin/bin/../../lib/gcc/pic32c/6.2.1/../../../../pic32c/lib\libpic32c.a(fstat.o)
 .debug_abbrev  0x00009dd2       0x2a c:/program files/microchip/xc32/v2.40/bin/bin/../../lib/gcc/pic32c/6.2.1/../../../../pic32c/lib\libpic32c.a(isatty.o)
 .debug_abbrev  0x00009dfc       0x2a c:/program files/microchip/xc32/v2.40/bin/bin/../../lib/gcc/pic32c/6.2.1/../../../../pic32c/lib\libpic32c.a(lseek.o)
 .debug_abbrev  0x00009e26       0x2a c:/program files/microchip/xc32/v2.40/bin/bin/../../lib/gcc/pic32c/6.2.1/../../../../pic32c/lib\libpic32c.a(read.o)
 .debug_abbrev  0x00009e50       0x14 c:/program files/microchip/xc32/v2.40/bin/bin/../../lib/gcc/pic32c/6.2.1\libgcc.a(_divsi3.o)
 .debug_abbrev  0x00009e64      0x14a c:/program files/microchip/xc32/v2.40/bin/bin/../../lib/gcc/pic32c/6.2.1\libgcc.a(muldf3.o)
 .debug_abbrev  0x00009fae      0x119 c:/program files/microchip/xc32/v2.40/bin/bin/../../lib/gcc/pic32c/6.2.1\libgcc.a(unorddf2.o)
 .debug_abbrev  0x0000a0c7      0x12c c:/program files/microchip/xc32/v2.40/bin/bin/../../lib/gcc/pic32c/6.2.1\libgcc.a(fixdfsi.o)
 .debug_abbrev  0x0000a1f3      0x118 c:/program files/microchip/xc32/v2.40/bin/bin/../../lib/gcc/pic32c/6.2.1\libgcc.a(floatsidf.o)
 .debug_abbrev  0x0000a30b      0x118 c:/program files/microchip/xc32/v2.40/bin/bin/../../lib/gcc/pic32c/6.2.1\libgcc.a(floatunsidf.o)

.debug_aranges  0x00000000     0x11f0
 .debug_aranges
                0x00000000       0x28 build/default/production/Source/startup_atsamc21a.o
 .debug_aranges
                0x00000028       0x20 build/default/production/Source/main.o
 .debug_aranges
                0x00000048       0x78 build/default/production/Source/system.o
 .debug_aranges
                0x000000c0       0x20 build/default/production/Source/port.o
 .debug_aranges
                0x000000e0       0x60 build/default/production/Source/uart.o
 .debug_aranges
                0x00000140       0x40 build/default/production/Source/timer.o
 .debug_aranges
                0x00000180       0x40 build/default/production/Source/analog.o
 .debug_aranges
                0x000001c0       0x48 build/default/production/Source/cal_temp.o
 .debug_aranges
                0x00000208       0x30 build/default/production/Source/dac.o
 .debug_aranges
                0x00000238       0x68 build/default/production/Source/flash.o
 .debug_aranges
                0x000002a0       0x30 build/default/production/Source/systick.o
 .debug_aranges
                0x000002d0       0x50 build/default/production/Source/fis.o
 .debug_aranges
                0x00000320       0x20 c:/program files/microchip/xc32/v2.40/bin/bin/../../lib/gcc/pic32c/6.2.1/../../../../pic32c/lib\libm_nano.a(lib_a-s_fmin.o)
 .debug_aranges
                0x00000340       0x20 c:/program files/microchip/xc32/v2.40/bin/bin/../../lib/gcc/pic32c/6.2.1/../../../../pic32c/lib\libm_nano.a(lib_a-s_fpclassify.o)
 .debug_aranges
                0x00000360       0x20 c:/program files/microchip/xc32/v2.40/bin/bin/../../lib/gcc/pic32c/6.2.1/../../../../pic32c/lib\libm_nano.a(lib_a-sf_round.o)
 .debug_aranges
                0x00000380       0x20 c:/program files/microchip/xc32/v2.40/bin/bin/../../lib/gcc/pic32c/6.2.1/../../../../pic32c/lib\libm_nano.a(lib_a-wf_exp.o)
 .debug_aranges
                0x000003a0       0x20 c:/program files/microchip/xc32/v2.40/bin/bin/../../lib/gcc/pic32c/6.2.1/../../../../pic32c/lib\libm_nano.a(lib_a-wf_log.o)
 .debug_aranges
                0x000003c0       0x20 c:/program files/microchip/xc32/v2.40/bin/bin/../../lib/gcc/pic32c/6.2.1/../../../../pic32c/lib\libm_nano.a(lib_a-wf_pow.o)
 .debug_aranges
                0x000003e0       0x20 c:/program files/microchip/xc32/v2.40/bin/bin/../../lib/gcc/pic32c/6.2.1/../../../../pic32c/lib\libm_nano.a(lib_a-ef_exp.o)
 .debug_aranges
                0x00000400       0x20 c:/program files/microchip/xc32/v2.40/bin/bin/../../lib/gcc/pic32c/6.2.1/../../../../pic32c/lib\libm_nano.a(lib_a-ef_log.o)
 .debug_aranges
                0x00000420       0x20 c:/program files/microchip/xc32/v2.40/bin/bin/../../lib/gcc/pic32c/6.2.1/../../../../pic32c/lib\libm_nano.a(lib_a-ef_pow.o)
 .debug_aranges
                0x00000440       0x20 c:/program files/microchip/xc32/v2.40/bin/bin/../../lib/gcc/pic32c/6.2.1/../../../../pic32c/lib\libm_nano.a(lib_a-ef_sqrt.o)
 .debug_aranges
                0x00000460       0x20 c:/program files/microchip/xc32/v2.40/bin/bin/../../lib/gcc/pic32c/6.2.1/../../../../pic32c/lib\libm_nano.a(lib_a-sf_fabs.o)
 .debug_aranges
                0x00000480       0x20 c:/program files/microchip/xc32/v2.40/bin/bin/../../lib/gcc/pic32c/6.2.1/../../../../pic32c/lib\libm_nano.a(lib_a-sf_finite.o)
 .debug_aranges
                0x000004a0       0x20 c:/program files/microchip/xc32/v2.40/bin/bin/../../lib/gcc/pic32c/6.2.1/../../../../pic32c/lib\libm_nano.a(lib_a-sf_nan.o)
 .debug_aranges
                0x000004c0       0x20 c:/program files/microchip/xc32/v2.40/bin/bin/../../lib/gcc/pic32c/6.2.1/../../../../pic32c/lib\libm_nano.a(lib_a-sf_scalbn.o)
 .debug_aranges
                0x000004e0       0x18 c:/program files/microchip/xc32/v2.40/bin/bin/../../lib/gcc/pic32c/6.2.1/../../../../pic32c/lib\libm_nano.a(lib_a-s_lib_ver.o)
 .debug_aranges
                0x000004f8       0x20 c:/program files/microchip/xc32/v2.40/bin/bin/../../lib/gcc/pic32c/6.2.1/../../../../pic32c/lib\libm_nano.a(lib_a-s_matherr.o)
 .debug_aranges
                0x00000518       0x20 c:/program files/microchip/xc32/v2.40/bin/bin/../../lib/gcc/pic32c/6.2.1/../../../../pic32c/lib\libm_nano.a(lib_a-s_nan.o)
 .debug_aranges
                0x00000538       0x20 c:/program files/microchip/xc32/v2.40/bin/bin/../../lib/gcc/pic32c/6.2.1/../../../../pic32c/lib\libm_nano.a(lib_a-s_rint.o)
 .debug_aranges
                0x00000558       0x20 c:/program files/microchip/xc32/v2.40/bin/bin/../../lib/gcc/pic32c/6.2.1/../../../../pic32c/lib\libm_nano.a(lib_a-sf_copysign.o)
 .debug_aranges
                0x00000578       0x20 c:/program files/microchip/xc32/v2.40/bin/bin/../../lib/gcc/pic32c/6.2.1/../../../../pic32c/lib\libpic32c.a(data_init.o)
 .debug_aranges
                0x00000598       0x20 c:/program files/microchip/xc32/v2.40/bin/bin/../../lib/gcc/pic32c/6.2.1\libgcc.a(_arm_cmpdf2.o)
 .debug_aranges
                0x000005b8       0x20 c:/program files/microchip/xc32/v2.40/bin/bin/../../lib/gcc/pic32c/6.2.1\libgcc.a(_arm_cmpsf2.o)
 .debug_aranges
                0x000005d8       0x20 c:/program files/microchip/xc32/v2.40/bin/bin/../../lib/gcc/pic32c/6.2.1\libgcc.a(_fixunssfsi.o)
 .debug_aranges
                0x000005f8       0x20 c:/program files/microchip/xc32/v2.40/bin/bin/../../lib/gcc/pic32c/6.2.1\libgcc.a(addsf3.o)
 .debug_aranges
                0x00000618       0x20 c:/program files/microchip/xc32/v2.40/bin/bin/../../lib/gcc/pic32c/6.2.1\libgcc.a(divsf3.o)
 .debug_aranges
                0x00000638       0x20 c:/program files/microchip/xc32/v2.40/bin/bin/../../lib/gcc/pic32c/6.2.1\libgcc.a(eqsf2.o)
 .debug_aranges
                0x00000658       0x20 c:/program files/microchip/xc32/v2.40/bin/bin/../../lib/gcc/pic32c/6.2.1\libgcc.a(gesf2.o)
 .debug_aranges
                0x00000678       0x20 c:/program files/microchip/xc32/v2.40/bin/bin/../../lib/gcc/pic32c/6.2.1\libgcc.a(lesf2.o)
 .debug_aranges
                0x00000698       0x20 c:/program files/microchip/xc32/v2.40/bin/bin/../../lib/gcc/pic32c/6.2.1\libgcc.a(mulsf3.o)
 .debug_aranges
                0x000006b8       0x20 c:/program files/microchip/xc32/v2.40/bin/bin/../../lib/gcc/pic32c/6.2.1\libgcc.a(subsf3.o)
 .debug_aranges
                0x000006d8       0x20 c:/program files/microchip/xc32/v2.40/bin/bin/../../lib/gcc/pic32c/6.2.1\libgcc.a(unordsf2.o)
 .debug_aranges
                0x000006f8       0x20 c:/program files/microchip/xc32/v2.40/bin/bin/../../lib/gcc/pic32c/6.2.1\libgcc.a(fixsfsi.o)
 .debug_aranges
                0x00000718       0x20 c:/program files/microchip/xc32/v2.40/bin/bin/../../lib/gcc/pic32c/6.2.1\libgcc.a(floatsisf.o)
 .debug_aranges
                0x00000738       0x20 c:/program files/microchip/xc32/v2.40/bin/bin/../../lib/gcc/pic32c/6.2.1\libgcc.a(floatunsisf.o)
 .debug_aranges
                0x00000758       0x20 c:/program files/microchip/xc32/v2.40/bin/bin/../../lib/gcc/pic32c/6.2.1\libgcc.a(adddf3.o)
 .debug_aranges
                0x00000778       0x20 c:/program files/microchip/xc32/v2.40/bin/bin/../../lib/gcc/pic32c/6.2.1\libgcc.a(divdf3.o)
 .debug_aranges
                0x00000798       0x20 c:/program files/microchip/xc32/v2.40/bin/bin/../../lib/gcc/pic32c/6.2.1\libgcc.a(eqdf2.o)
 .debug_aranges
                0x000007b8       0x20 c:/program files/microchip/xc32/v2.40/bin/bin/../../lib/gcc/pic32c/6.2.1\libgcc.a(gedf2.o)
 .debug_aranges
                0x000007d8       0x20 c:/program files/microchip/xc32/v2.40/bin/bin/../../lib/gcc/pic32c/6.2.1\libgcc.a(ledf2.o)
 .debug_aranges
                0x000007f8       0x20 c:/program files/microchip/xc32/v2.40/bin/bin/../../lib/gcc/pic32c/6.2.1\libgcc.a(subdf3.o)
 .debug_aranges
                0x00000818       0x20 c:/program files/microchip/xc32/v2.40/bin/bin/../../lib/gcc/pic32c/6.2.1\libgcc.a(extendsfdf2.o)
 .debug_aranges
                0x00000838       0x20 c:/program files/microchip/xc32/v2.40/bin/bin/../../lib/gcc/pic32c/6.2.1\libgcc.a(truncdfsf2.o)
 .debug_aranges
                0x00000858       0x20 c:/program files/microchip/xc32/v2.40/bin/bin/../../lib/gcc/pic32c/6.2.1\libgcc.a(_thumb1_case_uqi.o)
 .debug_aranges
                0x00000878       0x20 c:/program files/microchip/xc32/v2.40/bin/bin/../../lib/gcc/pic32c/6.2.1\libgcc.a(_thumb1_case_uhi.o)
 .debug_aranges
                0x00000898       0x20 c:/program files/microchip/xc32/v2.40/bin/bin/../../lib/gcc/pic32c/6.2.1\libgcc.a(_udivsi3.o)
 .debug_aranges
                0x000008b8       0x20 c:/program files/microchip/xc32/v2.40/bin/bin/../../lib/gcc/pic32c/6.2.1\libgcc.a(_dvmd_tls.o)
 .debug_aranges
                0x000008d8       0x20 c:/program files/microchip/xc32/v2.40/bin/bin/../../lib/gcc/pic32c/6.2.1\libgcc.a(_clzsi2.o)
 .debug_aranges
                0x000008f8       0x20 c:/program files/microchip/xc32/v2.40/bin/bin/../../lib/gcc/pic32c/6.2.1/../../../../pic32c/lib\libc_nano.a(lib_a-errno.o)
 .debug_aranges
                0x00000918       0x18 c:/program files/microchip/xc32/v2.40/bin/bin/../../lib/gcc/pic32c/6.2.1/../../../../pic32c/lib\libc_nano.a(lib_a-impure.o)
 .debug_aranges
                0x00000930       0x20 c:/program files/microchip/xc32/v2.40/bin/bin/../../lib/gcc/pic32c/6.2.1/../../../../pic32c/lib\libc_nano.a(lib_a-init.o)
 .debug_aranges
                0x00000950       0x40 c:/program files/microchip/xc32/v2.40/bin/bin/../../lib/gcc/pic32c/6.2.1/../../../../pic32c/lib\libc_nano.a(lib_a-locale.o)
 .debug_aranges
                0x00000990       0x28 c:/program files/microchip/xc32/v2.40/bin/bin/../../lib/gcc/pic32c/6.2.1/../../../../pic32c/lib\libc_nano.a(lib_a-mbtowc_r.o)
 .debug_aranges
                0x000009b8       0x20 c:/program files/microchip/xc32/v2.40/bin/bin/../../lib/gcc/pic32c/6.2.1/../../../../pic32c/lib\libc_nano.a(lib_a-memcpy-stub.o)
 .debug_aranges
                0x000009d8       0x20 c:/program files/microchip/xc32/v2.40/bin/bin/../../lib/gcc/pic32c/6.2.1/../../../../pic32c/lib\libc_nano.a(lib_a-memset.o)
 .debug_aranges
                0x000009f8       0x30 c:/program files/microchip/xc32/v2.40/bin/bin/../../lib/gcc/pic32c/6.2.1/../../../../pic32c/lib\libc_nano.a(_lib_a-nano-vfprintf.cdeEfFgGnopsuxX.o)
 .debug_aranges
                0x00000a28       0x28 c:/program files/microchip/xc32/v2.40/bin/bin/../../lib/gcc/pic32c/6.2.1/../../../../pic32c/lib\libc_nano.a(lib_a-nano-vfprintf_i.o)
 .debug_aranges
                0x00000a50       0x20 c:/program files/microchip/xc32/v2.40/bin/bin/../../lib/gcc/pic32c/6.2.1/../../../../pic32c/lib\libc_nano.a(_lib_a-printf.fFgGs.o)
 .debug_aranges
                0x00000a70       0x28 c:/program files/microchip/xc32/v2.40/bin/bin/../../lib/gcc/pic32c/6.2.1/../../../../pic32c/lib\libc_nano.a(lib_a-puts.o)
 .debug_aranges
                0x00000a98       0x28 c:/program files/microchip/xc32/v2.40/bin/bin/../../lib/gcc/pic32c/6.2.1/../../../../pic32c/lib\libc_nano.a(lib_a-__ssfputs.o)
 .debug_aranges
                0x00000ac0       0x20 c:/program files/microchip/xc32/v2.40/bin/bin/../../lib/gcc/pic32c/6.2.1/../../../../pic32c/lib\libc_nano.a(lib_a-strlen.o)
 .debug_aranges
                0x00000ae0       0x28 c:/program files/microchip/xc32/v2.40/bin/bin/../../lib/gcc/pic32c/6.2.1/../../../../pic32c/lib\libc_nano.a(lib_a-wbuf.o)
 .debug_aranges
                0x00000b08       0x28 c:/program files/microchip/xc32/v2.40/bin/bin/../../lib/gcc/pic32c/6.2.1/../../../../pic32c/lib\libc_nano.a(lib_a-wctomb_r.o)
 .debug_aranges
                0x00000b30       0x20 c:/program files/microchip/xc32/v2.40/bin/bin/../../lib/gcc/pic32c/6.2.1/../../../../pic32c/lib\libc_nano.a(lib_a-wsetup.o)
 .debug_aranges
                0x00000b50       0x18 c:/program files/microchip/xc32/v2.40/bin/bin/../../lib/gcc/pic32c/6.2.1/../../../../pic32c/lib\libc_nano.a(lib_a-ctype_.o)
 .debug_aranges
                0x00000b68       0x28 c:/program files/microchip/xc32/v2.40/bin/bin/../../lib/gcc/pic32c/6.2.1/../../../../pic32c/lib\libc_nano.a(lib_a-dtoa.o)
 .debug_aranges
                0x00000b90       0x30 c:/program files/microchip/xc32/v2.40/bin/bin/../../lib/gcc/pic32c/6.2.1/../../../../pic32c/lib\libc_nano.a(lib_a-fflush.o)
 .debug_aranges
                0x00000bc0       0x48 c:/program files/microchip/xc32/v2.40/bin/bin/../../lib/gcc/pic32c/6.2.1/../../../../pic32c/lib\libc_nano.a(lib_a-findfp.o)
 .debug_aranges
                0x00000c08       0x30 c:/program files/microchip/xc32/v2.40/bin/bin/../../lib/gcc/pic32c/6.2.1/../../../../pic32c/lib\libc_nano.a(lib_a-fputwc.o)
 .debug_aranges
                0x00000c38       0x28 c:/program files/microchip/xc32/v2.40/bin/bin/../../lib/gcc/pic32c/6.2.1/../../../../pic32c/lib\libc_nano.a(lib_a-fwalk.o)
 .debug_aranges
                0x00000c60       0x30 c:/program files/microchip/xc32/v2.40/bin/bin/../../lib/gcc/pic32c/6.2.1/../../../../pic32c/lib\libc_nano.a(lib_a-localeconv.o)
 .debug_aranges
                0x00000c90       0x28 c:/program files/microchip/xc32/v2.40/bin/bin/../../lib/gcc/pic32c/6.2.1/../../../../pic32c/lib\libc_nano.a(lib_a-makebuf.o)
 .debug_aranges
                0x00000cb8       0x28 c:/program files/microchip/xc32/v2.40/bin/bin/../../lib/gcc/pic32c/6.2.1/../../../../pic32c/lib\libc_nano.a(lib_a-malloc.o)
 .debug_aranges
                0x00000ce0       0x20 c:/program files/microchip/xc32/v2.40/bin/bin/../../lib/gcc/pic32c/6.2.1/../../../../pic32c/lib\libc_nano.a(lib_a-memchr-stub.o)
 .debug_aranges
                0x00000d00       0xb0 c:/program files/microchip/xc32/v2.40/bin/bin/../../lib/gcc/pic32c/6.2.1/../../../../pic32c/lib\libc_nano.a(lib_a-mprec.o)
 .debug_aranges
                0x00000db0       0x20 c:/program files/microchip/xc32/v2.40/bin/bin/../../lib/gcc/pic32c/6.2.1/../../../../pic32c/lib\libc_nano.a(lib_a-nano-callocr.o)
 .debug_aranges
                0x00000dd0       0x20 c:/program files/microchip/xc32/v2.40/bin/bin/../../lib/gcc/pic32c/6.2.1/../../../../pic32c/lib\libc_nano.a(lib_a-nano-freer.o)
 .debug_aranges
                0x00000df0       0x20 c:/program files/microchip/xc32/v2.40/bin/bin/../../lib/gcc/pic32c/6.2.1/../../../../pic32c/lib\libc_nano.a(lib_a-nano-mallocr.o)
 .debug_aranges
                0x00000e10       0x30 c:/program files/microchip/xc32/v2.40/bin/bin/../../lib/gcc/pic32c/6.2.1/../../../../pic32c/lib\libc_nano.a(_lib_a-nano-vfprintf.fFgGs.o)
 .debug_aranges
                0x00000e40       0x20 c:/program files/microchip/xc32/v2.40/bin/bin/../../lib/gcc/pic32c/6.2.1/../../../../pic32c/lib\libc_nano.a(lib_a-sbrkr.o)
 .debug_aranges
                0x00000e60       0x40 c:/program files/microchip/xc32/v2.40/bin/bin/../../lib/gcc/pic32c/6.2.1/../../../../pic32c/lib\libc_nano.a(lib_a-stdio.o)
 .debug_aranges
                0x00000ea0       0x28 c:/program files/microchip/xc32/v2.40/bin/bin/../../lib/gcc/pic32c/6.2.1/../../../../pic32c/lib\libc_nano.a(lib_a-wcrtomb.o)
 .debug_aranges
                0x00000ec8       0x20 c:/program files/microchip/xc32/v2.40/bin/bin/../../lib/gcc/pic32c/6.2.1/../../../../pic32c/lib\libc_nano.a(lib_a-writer.o)
 .debug_aranges
                0x00000ee8       0x20 c:/program files/microchip/xc32/v2.40/bin/bin/../../lib/gcc/pic32c/6.2.1/../../../../pic32c/lib\libc_nano.a(lib_a-closer.o)
 .debug_aranges
                0x00000f08       0x20 c:/program files/microchip/xc32/v2.40/bin/bin/../../lib/gcc/pic32c/6.2.1/../../../../pic32c/lib\libc_nano.a(lib_a-fstatr.o)
 .debug_aranges