Archive member included to satisfy reference by file (symbol)

c:/program files/microchip/xc32/v2.40/bin/bin/../../lib/gcc/pic32c/6.2.1/../../../../pic32c/lib\libm_nano.a(lib_a-wf_log.o)
                              build/default/production/Source/cal_temp.o (logf)
c:/program files/microchip/xc32/v2.40/bin/bin/../../lib/gcc/pic32c/6.2.1/../../../../pic32c/lib\libm_nano.a(lib_a-ef_log.o)
                              c:/program files/microchip/xc32/v2.40/bin/bin/../../lib/gcc/pic32c/6.2.1/../../../../pic32c/lib\libm_nano.a(lib_a-wf_log.o) (__ieee754_logf)
c:/program files/microchip/xc32/v2.40/bin/bin/../../lib/gcc/pic32c/6.2.1/../../../../pic32c/lib\libm_nano.a(lib_a-s_lib_ver.o)
                              c:/program files/microchip/xc32/v2.40/bin/bin/../../lib/gcc/pic32c/6.2.1/../../../../pic32c/lib\libm_nano.a(lib_a-wf_log.o) (__fdlib_version)
c:/program files/microchip/xc32/v2.40/bin/bin/../../lib/gcc/pic32c/6.2.1/../../../../pic32c/lib\libm_nano.a(lib_a-s_matherr.o)
                              c:/program files/microchip/xc32/v2.40/bin/bin/../../lib/gcc/pic32c/6.2.1/../../../../pic32c/lib\libm_nano.a(lib_a-wf_log.o) (matherr)
c:/program files/microchip/xc32/v2.40/bin/bin/../../lib/gcc/pic32c/6.2.1/../../../../pic32c/lib\libm_nano.a(lib_a-s_nan.o)
                              c:/program files/microchip/xc32/v2.40/bin/bin/../../lib/gcc/pic32c/6.2.1/../../../../pic32c/lib\libm_nano.a(lib_a-wf_log.o) (nan)
c:/program files/microchip/xc32/v2.40/bin/bin/../../lib/gcc/pic32c/6.2.1/../../../../pic32c/lib\libpic32c.a(data_init.o)
                              build/default/production/Source/startup_atsamc21a.o (__pic32c_data_initialization)
c:/program files/microchip/xc32/v2.40/bin/bin/../../lib/gcc/pic32c/6.2.1\libgcc.a(_udivsi3.o)
                              build/default/production/Source/timer.o (__aeabi_uidiv)
c:/program files/microchip/xc32/v2.40/bin/bin/../../lib/gcc/pic32c/6.2.1\libgcc.a(_dvmd_tls.o)
                              c:/program files/microchip/xc32/v2.40/bin/bin/../../lib/gcc/pic32c/6.2.1\libgcc.a(_udivsi3.o) (__aeabi_idiv0)
c:/program files/microchip/xc32/v2.40/bin/bin/../../lib/gcc/pic32c/6.2.1\libgcc.a(_arm_cmpsf2.o)
                              c:/program files/microchip/xc32/v2.40/bin/bin/../../lib/gcc/pic32c/6.2.1/../../../../pic32c/lib\libm_nano.a(lib_a-wf_log.o) (__aeabi_fcmpeq)
c:/program files/microchip/xc32/v2.40/bin/bin/../../lib/gcc/pic32c/6.2.1\libgcc.a(_fixunssfsi.o)
                              build/default/production/Source/timer.o (__aeabi_f2uiz)
c:/program files/microchip/xc32/v2.40/bin/bin/../../lib/gcc/pic32c/6.2.1\libgcc.a(addsf3.o)
                              build/default/production/Source/cal_temp.o (__aeabi_fadd)
c:/program files/microchip/xc32/v2.40/bin/bin/../../lib/gcc/pic32c/6.2.1\libgcc.a(divsf3.o)
                              build/default/production/Source/cal_temp.o (__aeabi_fdiv)
c:/program files/microchip/xc32/v2.40/bin/bin/../../lib/gcc/pic32c/6.2.1\libgcc.a(eqsf2.o)
                              c:/program files/microchip/xc32/v2.40/bin/bin/../../lib/gcc/pic32c/6.2.1\libgcc.a(_arm_cmpsf2.o) (__eqsf2)
c:/program files/microchip/xc32/v2.40/bin/bin/../../lib/gcc/pic32c/6.2.1\libgcc.a(gesf2.o)
                              c:/program files/microchip/xc32/v2.40/bin/bin/../../lib/gcc/pic32c/6.2.1\libgcc.a(_arm_cmpsf2.o) (__gesf2)
c:/program files/microchip/xc32/v2.40/bin/bin/../../lib/gcc/pic32c/6.2.1\libgcc.a(lesf2.o)
                              c:/program files/microchip/xc32/v2.40/bin/bin/../../lib/gcc/pic32c/6.2.1\libgcc.a(_arm_cmpsf2.o) (__lesf2)
c:/program files/microchip/xc32/v2.40/bin/bin/../../lib/gcc/pic32c/6.2.1\libgcc.a(mulsf3.o)
                              build/default/production/Source/cal_temp.o (__aeabi_fmul)
c:/program files/microchip/xc32/v2.40/bin/bin/../../lib/gcc/pic32c/6.2.1\libgcc.a(subsf3.o)
                              build/default/production/Source/cal_temp.o (__aeabi_fsub)
c:/program files/microchip/xc32/v2.40/bin/bin/../../lib/gcc/pic32c/6.2.1\libgcc.a(unordsf2.o)
                              c:/program files/microchip/xc32/v2.40/bin/bin/../../lib/gcc/pic32c/6.2.1/../../../../pic32c/lib\libm_nano.a(lib_a-wf_log.o) (__aeabi_fcmpun)
c:/program files/microchip/xc32/v2.40/bin/bin/../../lib/gcc/pic32c/6.2.1\libgcc.a(fixsfsi.o)
                              c:/program files/microchip/xc32/v2.40/bin/bin/../../lib/gcc/pic32c/6.2.1\libgcc.a(_fixunssfsi.o) (__aeabi_f2iz)
c:/program files/microchip/xc32/v2.40/bin/bin/../../lib/gcc/pic32c/6.2.1\libgcc.a(floatsisf.o)
                              build/default/production/Source/timer.o (__aeabi_i2f)
c:/program files/microchip/xc32/v2.40/bin/bin/../../lib/gcc/pic32c/6.2.1\libgcc.a(floatunsisf.o)
                              build/default/production/Source/timer.o (__aeabi_ui2f)
c:/program files/microchip/xc32/v2.40/bin/bin/../../lib/gcc/pic32c/6.2.1\libgcc.a(extendsfdf2.o)
[...]
Memory Configuration

Name             Origin             Length             Attributes
rom              0x00000000         0x00040000         xrl
ram              0x20000000         0x00008000         xw !r
config_00804000  0x00804000         0x00000004
config_00804004  0x00804004         0x00000004
*default*        0x00000000         0xffffffff

Linker script and memory map

LOAD c:/program files/microchip/xc32/v2.40/bin/bin/../../lib/gcc/pic32c/6.2.1/crti.o
LOAD c:/program files/microchip/xc32/v2.40/bin/bin/../../lib/gcc/pic32c/6.2.1/crtbegin.o
LOAD build/default/production/Source/startup_atsamc21a.o
LOAD build/default/production/Source/main.o
LOAD build/default/production/Source/system.o
LOAD build/default/production/Source/port.o
LOAD build/default/production/Source/uart.o
LOAD build/default/production/Source/timer.o
LOAD build/default/production/Source/analog.o
LOAD build/default/production/Source/cal_temp.o
LOAD build/default/production/Source/dac.o
LOAD build/default/production/Source/flash.o
LOAD build/default/production/Source/systick.o
                0x00000001                __MPLAB_BUILD = 0x1
                0x00040000                __rom_end = (ORIGIN (rom) + LENGTH (rom))
                0x20008000                __ram_end = (ORIGIN (ram) + LENGTH (ram))

.config_00804000
 *(.config_00804000)
 *(.config_00804000)

.config_00804004
 *(.config_00804004)
 *(.config_00804004)

.vectors        0x00000000      0x178
                0x00000000                . = ALIGN (0x4)
                0x00000000                _sfixed = .
 *(.vectors .vectors.* .vectors_default .vectors_default.*)
 .vectors.default
                0x00000000       0xbc build/default/production/Source/startup_atsamc21a.o
                0x00000000                exception_table
 .vectors.default
                0x000000bc       0xbc C:\Users\Danfi\AppData\Local\Temp\ccrNAP7m.o
 *(.isr_vector)
 *(.reset*)
 *(.after_vectors)
                0x00000178                . = ALIGN (0x4)
                0x00000178                _sfixed = .
 *(.vectors .vectors.* .vectors_default .vectors_default.*)
 *(.isr_vector)
 *(.reset*)
 *(.after_vectors)

.text           0x00000178       0x20
                0x00000178                . = ALIGN (0x4)
 *(.glue_7t)
 .glue_7t       0x00000178        0x0 linker stubs
 *(.glue_7)
 .glue_7        0x00000178        0x0 linker stubs
 *(.gnu.linkonce.r.*)
 *(.ARM.extab* .gnu.linkonce.armextab.*)
                0x00000178                . = ALIGN (0x4)
 *(.init)
 .init          0x00000178        0x4 c:/program files/microchip/xc32/v2.40/bin/bin/../../lib/gcc/pic32c/6.2.1/crti.o
                0x00000178                _init
 .init          0x0000017c        0x8 c:/program files/microchip/xc32/v2.40/bin/bin/../../lib/gcc/pic32c/6.2.1/crtn.o
                0x00000184                . = ALIGN (0x4)
                0x00000184                __preinit_array_start = .
 *(.preinit_array)
                0x00000184                __preinit_array_end = .
                0x00000184                . = ALIGN (0x4)
                0x00000184                __init_array_start = .
 *(SORT(.init_array.*))
 *(.init_array)
 .init_array    0x00000184        0x4 c:/program files/microchip/xc32/v2.40/bin/bin/../../lib/gcc/pic32c/6.2.1/crtbegin.o
                0x00000188                __init_array_end = .
                0x00000188                . = ALIGN (0x4)
 *crtbegin.o(.ctors)
 *(EXCLUDE_FILE(*crtend.o) .ctors)
 *(SORT(.ctors.*))
 *crtend.o(.ctors)
                0x00000188                . = ALIGN (0x4)
 *(.fini)
 .fini          0x00000188        0x4 c:/program files/microchip/xc32/v2.40/bin/bin/../../lib/gcc/pic32c/6.2.1/crti.o
                0x00000188                _fini
 .fini          0x0000018c        0x8 c:/program files/microchip/xc32/v2.40/bin/bin/../../lib/gcc/pic32c/6.2.1/crtn.o
                0x00000194                . = ALIGN (0x4)
                0x00000194                __fini_array_start = .
 *(.fini_array)
 .fini_array    0x00000194        0x4 c:/program files/microchip/xc32/v2.40/bin/bin/../../lib/gcc/pic32c/6.2.1/crtbegin.o
 *(SORT(.fini_array.*))
                0x00000198                __fini_array_end = .
 *crtbegin.o(.dtors)
 *(EXCLUDE_FILE(*crtend.o) .dtors)
 *(SORT(.dtors.*))
 *crtend.o(.dtors)
                0x00000198                . = ALIGN (0x4)
                0x00000198                _efixed = .
                0x00000198                . = ALIGN (0x4)
 *(.glue_7t)
 *(.glue_7)
 *(.gnu.linkonce.r.*)
 *(.ARM.extab* .gnu.linkonce.armextab.*)
                0x00000198                . = ALIGN (0x4)
 *(.init)
                0x00000198                . = ALIGN (0x4)
                0x00000198                __preinit_array_start = .
 *(.preinit_array)
                0x00000198                __preinit_array_end = .
                0x00000198                . = ALIGN (0x4)
                0x00000198                __init_array_start = .
 *(SORT(.init_array.*))
 *(.init_array)
                0x00000198                __init_array_end = .
                0x00000198                . = ALIGN (0x4)
 *crtbegin.o(.ctors)
 *(EXCLUDE_FILE(*crtend.o) .ctors)
 *(SORT(.ctors.*))
 *crtend.o(.ctors)
                0x00000198                . = ALIGN (0x4)
 *(.fini)
                0x00000198                . = ALIGN (0x4)
                0x00000198                __fini_array_start = .
 *(.fini_array)
 *(SORT(.fini_array.*))
                0x00000198                __fini_array_end = .
 *crtbegin.o(.dtors)
 *(EXCLUDE_FILE(*crtend.o) .dtors)
 *(SORT(.dtors.*))
 *crtend.o(.dtors)
                0x00000198                . = ALIGN (0x4)
                0x00000198                _efixed = .
                [!provide]                PROVIDE (__exidx_start, .)

.ARM.exidx
 *(.ARM.exidx* .gnu.linkonce.armexidx.*)
 *(.ARM.exidx* .gnu.linkonce.armexidx.*)
                [!provide]                PROVIDE (__exidx_end, .)
                0x00000198                . = ALIGN (0x4)
                0x00000198                _etext = .

.bss            0x20000000        0x4
                0x20000000                . = ALIGN (0x4)
                0x20000000                __bss_start__ = .
                0x20000000                _sbss = .
                0x20000000                _szero = .
 *(COMMON)
 COMMON         0x20000000        0x4 c:/program files/microchip/xc32/v2.40/bin/bin/../../lib/gcc/pic32c/6.2.1/../../../../pic32c/lib\libc_nano.a(lib_a-reent.o)
                0x20000000                errno
                0x20000004                . = ALIGN (0x4)
                0x20000004                __bss_end__ = .
                0x20000004                _ebss = .
                0x20000004                _ezero = .
                0x20000004                . = ALIGN (0x4)
                0x20000004                __bss_start__ = .
                0x20000004                _sbss = .
                0x20000004                _szero = .
 *(COMMON)
                0x20000004                . = ALIGN (0x4)
                0x20000004                __bss_end__ = .
                0x20000004                _ebss = .
                0x20000004                _ezero = .
                0x20000004                . = ALIGN (0x4)
                0x20000004                _end = .
                0x20007fff                _ram_end_ = ((ORIGIN (ram) + LENGTH (ram)) - 0x1)
                0x00000200                _min_heap_size = 0x200
                0x00040000                __rom_end = (ORIGIN (rom) + LENGTH (rom))
                0x20008000                __ram_end = (ORIGIN (ram) + LENGTH (ram))
                [!provide]                PROVIDE (__exidx_start, .)
                [!provide]                PROVIDE (__exidx_end, .)
                0x20000004                . = ALIGN (0x4)
                0x20000004                _etext = .
                0x20000004                . = ALIGN (0x4)
                0x20000004                _end = .
                0x20007fff                _ram_end_ = ((ORIGIN (ram) + LENGTH (ram)) - 0x1)
LOAD c:/program files/microchip/xc32/v2.40/bin/bin/../../lib/gcc/pic32c/6.2.1/../../../../pic32c/lib\libm_nano.a
LOAD C:\Users\Danfi\AppData\Local\Temp\ccrNAP7m.o
START GROUP
LOAD c:/program files/microchip/xc32/v2.40/bin/bin/../../lib/gcc/pic32c/6.2.1/../../../../pic32c/lib\libpic32c.a
LOAD c:/program files/microchip/xc32/v2.40/bin/bin/../../lib/gcc/pic32c/6.2.1\libgcc.a
LOAD c:/program files/microchip/xc32/v2.40/bin/bin/../../lib/gcc/pic32c/6.2.1/../../../../pic32c/lib\libm_nano.a
LOAD c:/program files/microchip/xc32/v2.40/bin/bin/../../lib/gcc/pic32c/6.2.1/../../../../pic32c/lib\libc_nano.a
END GROUP
LOAD c:/program files/microchip/xc32/v2.40/bin/bin/../../lib/gcc/pic32c/6.2.1/crtend.o
LOAD c:/program files/microchip/xc32/v2.40/bin/bin/../../lib/gcc/pic32c/6.2.1/crtn.o
OUTPUT(dist/default/production/code_2.1.production.elf elf32-littlearm)
LOAD stack
LOAD data_init

.ARM.attributes
                0x00000000       0x28
 .ARM.attributes
                0x00000000       0x1e c:/program files/microchip/xc32/v2.40/bin/bin/../../lib/gcc/pic32c/6.2.1/crti.o
 .ARM.attributes
                0x0000001e       0x2c c:/program files/microchip/xc32/v2.40/bin/bin/../../lib/gcc/pic32c/6.2.1/crtbegin.o
 .ARM.attributes
                0x0000004a       0x32 build/default/production/Source/startup_atsamc21a.o
 .ARM.attributes
                0x0000007c       0x32 build/default/production/Source/main.o
 .ARM.attributes
                0x000000ae       0x32 build/default/production/Source/system.o
 .ARM.attributes
                0x000000e0       0x32 build/default/production/Source/port.o
 .ARM.attributes
                0x00000112       0x32 build/default/production/Source/uart.o
 .ARM.attributes
                0x00000144       0x32 build/default/production/Source/analog.o
 .ARM.attributes
                0x00000176       0x32 build/default/production/Source/systick.o
 .ARM.attributes
                0x000001a8       0x32 C:\Users\Danfi\AppData\Local\Temp\ccrNAP7m.o
 .ARM.attributes
                0x000001da       0x2c c:/program files/microchip/xc32/v2.40/bin/bin/../../lib/gcc/pic32c/6.2.1/../../../../pic32c/lib\libpic32c.a(data_init.o)
 .ARM.attributes
                0x00000206       0x1e c:/program files/microchip/xc32/v2.40/bin/bin/../../lib/gcc/pic32c/6.2.1\libgcc.a(_udivsi3.o)
 .ARM.attributes
                0x00000224       0x1e c:/program files/microchip/xc32/v2.40/bin/bin/../../lib/gcc/pic32c/6.2.1\libgcc.a(_dvmd_tls.o)
 .ARM.attributes
                0x00000242       0x1e c:/program files/microchip/xc32/v2.40/bin/bin/../../lib/gcc/pic32c/6.2.1\libgcc.a(_thumb1_case_uqi.o)
 .ARM.attributes
                0x00000260       0x1e c:/program files/microchip/xc32/v2.40/bin/bin/../../lib/gcc/pic32c/6.2.1\libgcc.a(_clzsi2.o)
 .ARM.attributes
                0x0000027e       0x2c c:/program files/microchip/xc32/v2.40/bin/bin/../../lib/gcc/pic32c/6.2.1/../../../../pic32c/lib\libc_nano.a(lib_a-impure.o)
 .ARM.attributes
                0x000002aa       0x2c c:/program files/microchip/xc32/v2.40/bin/bin/../../lib/gcc/pic32c/6.2.1/../../../../pic32c/lib\libc_nano.a(lib_a-init.o)
 .ARM.attributes
                0x000002d6       0x2c c:/program files/microchip/xc32/v2.40/bin/bin/../../lib/gcc/pic32c/6.2.1/../../../../pic32c/lib\libc_nano.a(lib_a-locale.o)
 .ARM.attributes
                0x00000302       0x2c c:/program files/microchip/xc32/v2.40/bin/bin/../../lib/gcc/pic32c/6.2.1/../../../../pic32c/lib\libc_nano.a(lib_a-mbtowc_r.o)
 .ARM.attributes
                0x0000032e       0x2c c:/program files/microchip/xc32/v2.40/bin/bin/../../lib/gcc/pic32c/6.2.1/../../../../pic32c/lib\libc_nano.a(lib_a-memcpy-stub.o)
 .ARM.attributes
                0x0000035a       0x2c c:/program files/microchip/xc32/v2.40/bin/bin/../../lib/gcc/pic32c/6.2.1/../../../../pic32c/lib\libc_nano.a(lib_a-memset.o)
 .ARM.attributes
                0x00000386       0x2c c:/program files/microchip/xc32/v2.40/bin/bin/../../lib/gcc/pic32c/6.2.1/../../../../pic32c/lib\libc_nano.a(_lib_a-nano-vfprintf.cdeEfFgGnopsuxX.o)
 .ARM.attributes
                0x000003b2       0x2c c:/program files/microchip/xc32/v2.40/bin/bin/../../lib/gcc/pic32c/6.2.1/../../../../pic32c/lib\libc_nano.a(lib_a-nano-vfprintf_i.o)
 .ARM.attributes
                0x000003de       0x2c c:/program files/microchip/xc32/v2.40/bin/bin/../../lib/gcc/pic32c/6.2.1/../../../../pic32c/lib\libc_nano.a(lib_a-puts.o)
 .ARM.attributes
                0x0000040a       0x1c c:/program files/microchip/xc32/v2.40/bin/bin/../../lib/gcc/pic32c/6.2.1/../../../../pic32c/lib\libc_nano.a(lib_a-strlen.o)
 .ARM.attributes
                0x00000426       0x2c c:/program files/microchip/xc32/v2.40/bin/bin/../../lib/gcc/pic32c/6.2.1/../../../../pic32c/lib\libc_nano.a(lib_a-wbuf.o)
 .ARM.attributes
                0x00000452       0x2c c:/program files/microchip/xc32/v2.40/bin/bin/../../lib/gcc/pic32c/6.2.1/../../../../pic32c/lib\libc_nano.a(lib_a-wctomb_r.o)
 .ARM.attributes
                0x0000047e       0x2c c:/program files/microchip/xc32/v2.40/bin/bin/../../lib/gcc/pic32c/6.2.1/../../../../pic32c/lib\libc_nano.a(lib_a-wsetup.o)
 .ARM.attributes
                0x000004aa       0x2c c:/program files/microchip/xc32/v2.40/bin/bin/../../lib/gcc/pic32c/6.2.1/../../../../pic32c/lib\libc_nano.a(lib_a-ctype_.o)
 .ARM.attributes
                0x000004d6       0x2c c:/program files/microchip/xc32/v2.40/bin/bin/../../lib/gcc/pic32c/6.2.1/../../../../pic32c/lib\libc_nano.a(lib_a-dtoa.o)
 .ARM.attributes
                0x00000502       0x2c c:/program files/microchip/xc32/v2.40/bin/bin/../../lib/gcc/pic32c/6.2.1/../../../../pic32c/lib\libc_nano.a(lib_a-fflush.o)
 .ARM.attributes
                0x0000052e       0x2c c:/program files/microchip/xc32/v2.40/bin/bin/../../lib/gcc/pic32c/6.2.1/../../../../pic32c/lib\libc_nano.a(lib_a-findfp.o)
 .ARM.attributes
                0x0000055a       0x2c c:/program files/microchip/xc32/v2.40/bin/bin/../../lib/gcc/pic32c/6.2.1/../../../../pic32c/lib\libc_nano.a(lib_a-fwalk.o)
 .ARM.attributes
                0x00000586       0x2c c:/program files/microchip/xc32/v2.40/bin/bin/../../lib/gcc/pic32c/6.2.1/../../../../pic32c/lib\libc_nano.a(lib_a-localeconv.o)
 .ARM.attributes
                0x000005b2       0x2c c:/program files/microchip/xc32/v2.40/bin/bin/../../lib/gcc/pic32c/6.2.1/../../../../pic32c/lib\libc_nano.a(lib_a-makebuf.o)
 .ARM.attributes
                0x000005de       0x2c c:/program files/microchip/xc32/v2.40/bin/bin/../../lib/gcc/pic32c/6.2.1/../../../../pic32c/lib\libc_nano.a(lib_a-malloc.o)
 .ARM.attributes
                0x0000060a       0x2c c:/program files/microchip/xc32/v2.40/bin/bin/../../lib/gcc/pic32c/6.2.1/../../../../pic32c/lib\libc_nano.a(lib_a-mprec.o)
 .ARM.attributes
                0x00000636       0x2c c:/program files/microchip/xc32/v2.40/bin/bin/../../lib/gcc/pic32c/6.2.1/../../../../pic32c/lib\libc_nano.a(lib_a-nano-callocr.o)
 .ARM.attributes
                0x00000662       0x2c c:/program files/microchip/xc32/v2.40/bin/bin/../../lib/gcc/pic32c/6.2.1/../../../../pic32c/lib\libc_nano.a(lib_a-nano-freer.o)
 .ARM.attributes
                0x0000068e       0x2c c:/program files/microchip/xc32/v2.40/bin/bin/../../lib/gcc/pic32c/6.2.1/../../../../pic32c/lib\libc_nano.a(lib_a-nano-mallocr.o)
 .ARM.attributes
                0x000006ba       0x2c c:/program files/microchip/xc32/v2.40/bin/bin/../../lib/gcc/pic32c/6.2.1/../../../../pic32c/lib\libc_nano.a(lib_a-sbrkr.o)
 .ARM.attributes
                0x000006e6       0x2c c:/program files/microchip/xc32/v2.40/bin/bin/../../lib/gcc/pic32c/6.2.1/../../../../pic32c/lib\libc_nano.a(lib_a-stdio.o)
 .ARM.attributes
                0x00000712       0x2c c:/program files/microchip/xc32/v2.40/bin/bin/../../lib/gcc/pic32c/6.2.1/../../../../pic32c/lib\libc_nano.a(lib_a-writer.o)
 .ARM.attributes
                0x0000073e       0x2c c:/program files/microchip/xc32/v2.40/bin/bin/../../lib/gcc/pic32c/6.2.1/../../../../pic32c/lib\libc_nano.a(lib_a-closer.o)
 .ARM.attributes
                0x0000076a       0x2c c:/program files/microchip/xc32/v2.40/bin/bin/../../lib/gcc/pic32c/6.2.1/../../../../pic32c/lib\libc_nano.a(lib_a-fstatr.o)
 .ARM.attributes
                0x00000796       0x2c c:/program files/microchip/xc32/v2.40/bin/bin/../../lib/gcc/pic32c/6.2.1/../../../../pic32c/lib\libc_nano.a(lib_a-isattyr.o)
 .ARM.attributes
                0x000007c2       0x2c c:/program files/microchip/xc32/v2.40/bin/bin/../../lib/gcc/pic32c/6.2.1/../../../../pic32c/lib\libc_nano.a(lib_a-lseekr.o)
 .ARM.attributes
                0x000007ee       0x2c c:/program files/microchip/xc32/v2.40/bin/bin/../../lib/gcc/pic32c/6.2.1/../../../../pic32c/lib\libc_nano.a(lib_a-mlock.o)
 .ARM.attributes
                0x0000081a       0x2c c:/program files/microchip/xc32/v2.40/bin/bin/../../lib/gcc/pic32c/6.2.1/../../../../pic32c/lib\libc_nano.a(lib_a-readr.o)
 .ARM.attributes
                0x00000846       0x2c c:/program files/microchip/xc32/v2.40/bin/bin/../../lib/gcc/pic32c/6.2.1/../../../../pic32c/lib\libc_nano.a(lib_a-reent.o)
 .ARM.attributes
                0x00000872       0x2c c:/program files/microchip/xc32/v2.40/bin/bin/../../lib/gcc/pic32c/6.2.1/../../../../pic32c/lib\libpic32c.a(_close.o)
 .ARM.attributes
                0x0000089e       0x2c c:/program files/microchip/xc32/v2.40/bin/bin/../../lib/gcc/pic32c/6.2.1/../../../../pic32c/lib\libpic32c.a(_fstat.o)
 .ARM.attributes
                0x000008ca       0x2c c:/program files/microchip/xc32/v2.40/bin/bin/../../lib/gcc/pic32c/6.2.1/../../../../pic32c/lib\libpic32c.a(_isatty.o)
 .ARM.attributes
                0x000008f6       0x2c c:/program files/microchip/xc32/v2.40/bin/bin/../../lib/gcc/pic32c/6.2.1/../../../../pic32c/lib\libpic32c.a(_lseek.o)
 .ARM.attributes
                0x00000922       0x2c c:/program files/microchip/xc32/v2.40/bin/bin/../../lib/gcc/pic32c/6.2.1/../../../../pic32c/lib\libpic32c.a(_read.o)
 .ARM.attributes
                0x0000094e       0x2c c:/program files/microchip/xc32/v2.40/bin/bin/../../lib/gcc/pic32c/6.2.1/../../../../pic32c/lib\libpic32c.a(sbrk.o)
 .ARM.attributes
                0x0000097a       0x2c c:/program files/microchip/xc32/v2.40/bin/bin/../../lib/gcc/pic32c/6.2.1/../../../../pic32c/lib\libpic32c.a(_write.o)
 .ARM.attributes
                0x000009a6       0x2c c:/program files/microchip/xc32/v2.40/bin/bin/../../lib/gcc/pic32c/6.2.1/../../../../pic32c/lib\libpic32c.a(close.o)
 .ARM.attributes
                0x000009d2       0x2c c:/program files/microchip/xc32/v2.40/bin/bin/../../lib/gcc/pic32c/6.2.1/../../../../pic32c/lib\libpic32c.a(fstat.o)
 .ARM.attributes
                0x000009fe       0x2c c:/program files/microchip/xc32/v2.40/bin/bin/../../lib/gcc/pic32c/6.2.1/../../../../pic32c/lib\libpic32c.a(isatty.o)
 .ARM.attributes
                0x00000a2a       0x2c c:/program files/microchip/xc32/v2.40/bin/bin/../../lib/gcc/pic32c/6.2.1/../../../../pic32c/lib\libpic32c.a(lseek.o)
 .ARM.attributes
                0x00000a56       0x2c c:/program files/microchip/xc32/v2.40/bin/bin/../../lib/gcc/pic32c/6.2.1/../../../../pic32c/lib\libpic32c.a(read.o)
 .ARM.attributes
                0x00000a82       0x2c c:/program files/microchip/xc32/v2.40/bin/bin/../../lib/gcc/pic32c/6.2.1/../../../../pic32c/lib\libpic32c.a(write.o)
 .ARM.attributes
                0x00000aae       0x2c c:/program files/microchip/xc32/v2.40/bin/bin/../../lib/gcc/pic32c/6.2.1/../../../../pic32c/lib\libpic32c.a(_mon_getc.o)
 .ARM.attributes
                0x00000ada       0x1e c:/program files/microchip/xc32/v2.40/bin/bin/../../lib/gcc/pic32c/6.2.1\libgcc.a(_divsi3.o)
 .ARM.attributes
                0x00000af8       0x1e c:/program files/microchip/xc32/v2.40/bin/bin/../../lib/gcc/pic32c/6.2.1\libgcc.a(_arm_cmpdf2.o)
 .ARM.attributes
                0x00000b16       0x2c c:/program files/microchip/xc32/v2.40/bin/bin/../../lib/gcc/pic32c/6.2.1\libgcc.a(adddf3.o)
 .ARM.attributes
                0x00000b42       0x2c c:/program files/microchip/xc32/v2.40/bin/bin/../../lib/gcc/pic32c/6.2.1\libgcc.a(divdf3.o)
 .ARM.attributes
                0x00000b6e       0x2c c:/program files/microchip/xc32/v2.40/bin/bin/../../lib/gcc/pic32c/6.2.1\libgcc.a(eqdf2.o)
 .ARM.attributes
                0x00000b9a       0x2c c:/program files/microchip/xc32/v2.40/bin/bin/../../lib/gcc/pic32c/6.2.1\libgcc.a(gedf2.o)
 .ARM.attributes
                0x00000bc6       0x2c c:/program files/microchip/xc32/v2.40/bin/bin/../../lib/gcc/pic32c/6.2.1\libgcc.a(ledf2.o)
 .ARM.attributes
                0x00000bf2       0x2c c:/program files/microchip/xc32/v2.40/bin/bin/../../lib/gcc/pic32c/6.2.1\libgcc.a(muldf3.o)
 .ARM.attributes
                0x00000c1e       0x2c c:/program files/microchip/xc32/v2.40/bin/bin/../../lib/gcc/pic32c/6.2.1\libgcc.a(subdf3.o)
 .ARM.attributes
                0x00000c4a       0x2c c:/program files/microchip/xc32/v2.40/bin/bin/../../lib/gcc/pic32c/6.2.1\libgcc.a(unorddf2.o)
 .ARM.attributes
                0x00000c76       0x2c c:/program files/microchip/xc32/v2.40/bin/bin/../../lib/gcc/pic32c/6.2.1\libgcc.a(fixdfsi.o)
 .ARM.attributes
                0x00000ca2       0x2c c:/program files/microchip/xc32/v2.40/bin/bin/../../lib/gcc/pic32c/6.2.1\libgcc.a(floatsidf.o)
 .ARM.attributes
                0x00000cce       0x2c c:/program files/microchip/xc32/v2.40/bin/bin/../../lib/gcc/pic32c/6.2.1\libgcc.a(floatunsidf.o)
 .ARM.attributes
                0x00000cfa       0x1e c:/program files/microchip/xc32/v2.40/bin/bin/../../lib/gcc/pic32c/6.2.1\libgcc.a(_thumb1_case_uhi.o)
 .ARM.attributes
                0x00000d18       0x1e c:/program files/microchip/xc32/v2.40/bin/bin/../../lib/gcc/pic32c/6.2.1/crtn.o

.comment        0x00000000       0x3c
 .comment       0x00000000       0x3c c:/program files/microchip/xc32/v2.40/bin/bin/../../lib/gcc/pic32c/6.2.1/crtbegin.o
                                 0x3d (size before relaxing)
 .comment       0x0000003c       0x3d build/default/production/Source/startup_atsamc21a.o
 .comment       0x0000003c       0x3d build/default/production/Source/main.o
 .comment       0x0000003c       0x3d build/default/production/Source/system.o
 .comment       0x0000003c       0x3d build/default/production/Source/port.o
 .comment       0x0000003c       0x3d build/default/production/Source/uart.o
 .comment       0x0000003c       0x3d build/default/production/Source/analog.o
 .comment       0x0000003c       0x3d build/default/production/Source/systick.o
 .comment       0x0000003c       0x3d C:\Users\Danfi\AppData\Local\Temp\ccrNAP7m.o
 .comment       0x0000003c       0x3d c:/program files/microchip/xc32/v2.40/bin/bin/../../lib/gcc/pic32c/6.2.1/../../../../pic32c/lib\libpic32c.a(data_init.o)
 .comment       0x0000003c       0x3d c:/program files/microchip/xc32/v2.40/bin/bin/../../lib/gcc/pic32c/6.2.1/../../../../pic32c/lib\libc_nano.a(lib_a-impure.o)
 .comment       0x0000003c       0x3d c:/program files/microchip/xc32/v2.40/bin/bin/../../lib/gcc/pic32c/6.2.1/../../../../pic32c/lib\libc_nano.a(lib_a-init.o)
 .comment       0x0000003c       0x3d c:/program files/microchip/xc32/v2.40/bin/bin/../../lib/gcc/pic32c/6.2.1/../../../../pic32c/lib\libc_nano.a(lib_a-locale.o)
 .comment       0x0000003c       0x3d c:/program files/microchip/xc32/v2.40/bin/bin/../../lib/gcc/pic32c/6.2.1/../../../../pic32c/lib\libc_nano.a(lib_a-mbtowc_r.o)
 .comment       0x0000003c       0x3d c:/program files/microchip/xc32/v2.40/bin/bin/../../lib/gcc/pic32c/6.2.1/../../../../pic32c/lib\libc_nano.a(lib_a-memcpy-stub.o)
 .comment       0x0000003c       0x3d c:/program files/microchip/xc32/v2.40/bin/bin/../../lib/gcc/pic32c/6.2.1/../../../../pic32c/lib\libc_nano.a(lib_a-memset.o)
 .comment       0x0000003c       0x3d c:/program files/microchip/xc32/v2.40/bin/bin/../../lib/gcc/pic32c/6.2.1/../../../../pic32c/lib\libc_nano.a(_lib_a-nano-vfprintf.cdeEfFgGnopsuxX.o)
 .comment       0x0000003c       0x3d c:/program files/microchip/xc32/v2.40/bin/bin/../../lib/gcc/pic32c/6.2.1/../../../../pic32c/lib\libc_nano.a(lib_a-nano-vfprintf_i.o)
 .comment       0x0000003c       0x3d c:/program files/microchip/xc32/v2.40/bin/bin/../../lib/gcc/pic32c/6.2.1/../../../../pic32c/lib\libc_nano.a(lib_a-puts.o)
 .comment       0x0000003c       0x3d c:/program files/microchip/xc32/v2.40/bin/bin/../../lib/gcc/pic32c/6.2.1/../../../../pic32c/lib\libc_nano.a(lib_a-wbuf.o)
 .comment       0x0000003c       0x3d c:/program files/microchip/xc32/v2.40/bin/bin/../../lib/gcc/pic32c/6.2.1/../../../../pic32c/lib\libc_nano.a(lib_a-wctomb_r.o)
 .comment       0x0000003c       0x3d c:/program files/microchip/xc32/v2.40/bin/bin/../../lib/gcc/pic32c/6.2.1/../../../../pic32c/lib\libc_nano.a(lib_a-wsetup.o)
 .comment       0x0000003c       0x3d c:/program files/microchip/xc32/v2.40/bin/bin/../../lib/gcc/pic32c/6.2.1/../../../../pic32c/lib\libc_nano.a(lib_a-ctype_.o)
 .comment       0x0000003c       0x3d c:/program files/microchip/xc32/v2.40/bin/bin/../../lib/gcc/pic32c/6.2.1/../../../../pic32c/lib\libc_nano.a(lib_a-dtoa.o)
 .comment       0x0000003c       0x3d c:/program files/microchip/xc32/v2.40/bin/bin/../../lib/gcc/pic32c/6.2.1/../../../../pic32c/lib\libc_nano.a(lib_a-fflush.o)
 .comment       0x0000003c       0x3d c:/program files/microchip/xc32/v2.40/bin/bin/../../lib/gcc/pic32c/6.2.1/../../../../pic32c/lib\libc_nano.a(lib_a-findfp.o)
 .comment       0x0000003c       0x3d c:/program files/microchip/xc32/v2.40/bin/bin/../../lib/gcc/pic32c/6.2.1/../../../../pic32c/lib\libc_nano.a(lib_a-fwalk.o)
 .comment       0x0000003c       0x3d c:/program files/microchip/xc32/v2.40/bin/bin/../../lib/gcc/pic32c/6.2.1/../../../../pic32c/lib\libc_nano.a(lib_a-localeconv.o)
 .comment       0x0000003c       0x3d c:/program files/microchip/xc32/v2.40/bin/bin/../../lib/gcc/pic32c/6.2.1/../../../../pic32c/lib\libc_nano.a(lib_a-makebuf.o)
 .comment       0x0000003c       0x3d c:/program files/microchip/xc32/v2.40/bin/bin/../../lib/gcc/pic32c/6.2.1/../../../../pic32c/lib\libc_nano.a(lib_a-malloc.o)
 .comment       0x0000003c       0x3d c:/program files/microchip/xc32/v2.40/bin/bin/../../lib/gcc/pic32c/6.2.1/../../../../pic32c/lib\libc_nano.a(lib_a-mprec.o)
 .comment       0x0000003c       0x3d c:/program files/microchip/xc32/v2.40/bin/bin/../../lib/gcc/pic32c/6.2.1/../../../../pic32c/lib\libc_nano.a(lib_a-nano-callocr.o)
 .comment       0x0000003c       0x3d c:/program files/microchip/xc32/v2.40/bin/bin/../../lib/gcc/pic32c/6.2.1/../../../../pic32c/lib\libc_nano.a(lib_a-nano-freer.o)
 .comment       0x0000003c       0x3d c:/program files/microchip/xc32/v2.40/bin/bin/../../lib/gcc/pic32c/6.2.1/../../../../pic32c/lib\libc_nano.a(lib_a-nano-mallocr.o)
 .comment       0x0000003c       0x3d c:/program files/microchip/xc32/v2.40/bin/bin/../../lib/gcc/pic32c/6.2.1/../../../../pic32c/lib\libc_nano.a(lib_a-sbrkr.o)
 .comment       0x0000003c       0x3d c:/program files/microchip/xc32/v2.40/bin/bin/../../lib/gcc/pic32c/6.2.1/../../../../pic32c/lib\libc_nano.a(lib_a-stdio.o)
 .comment       0x0000003c       0x3d c:/program files/microchip/xc32/v2.40/bin/bin/../../lib/gcc/pic32c/6.2.1/../../../../pic32c/lib\libc_nano.a(lib_a-writer.o)
 .comment       0x0000003c       0x3d c:/program files/microchip/xc32/v2.40/bin/bin/../../lib/gcc/pic32c/6.2.1/../../../../pic32c/lib\libc_nano.a(lib_a-closer.o)
 .comment       0x0000003c       0x3d c:/program files/microchip/xc32/v2.40/bin/bin/../../lib/gcc/pic32c/6.2.1/../../../../pic32c/lib\libc_nano.a(lib_a-fstatr.o)
 .comment       0x0000003c       0x3d c:/program files/microchip/xc32/v2.40/bin/bin/../../lib/gcc/pic32c/6.2.1/../../../../pic32c/lib\libc_nano.a(lib_a-isattyr.o)
 .comment       0x0000003c       0x3d c:/program files/microchip/xc32/v2.40/bin/bin/../../lib/gcc/pic32c/6.2.1/../../../../pic32c/lib\libc_nano.a(lib_a-lseekr.o)
 .comment       0x0000003c       0x3d c:/program files/microchip/xc32/v2.40/bin/bin/../../lib/gcc/pic32c/6.2.1/../../../../pic32c/lib\libc_nano.a(lib_a-mlock.o)
 .comment       0x0000003c       0x3d c:/program files/microchip/xc32/v2.40/bin/bin/../../lib/gcc/pic32c/6.2.1/../../../../pic32c/lib\libc_nano.a(lib_a-readr.o)
 .comment       0x0000003c       0x3d c:/program files/microchip/xc32/v2.40/bin/bin/../../lib/gcc/pic32c/6.2.1/../../../../pic32c/lib\libc_nano.a(lib_a-reent.o)
 .comment       0x0000003c       0x3d c:/program files/microchip/xc32/v2.40/bin/bin/../../lib/gcc/pic32c/6.2.1/../../../../pic32c/lib\libpic32c.a(_close.o)
 .comment       0x0000003c       0x3d c:/program files/microchip/xc32/v2.40/bin/bin/../../lib/gcc/pic32c/6.2.1/../../../../pic32c/lib\libpic32c.a(_fstat.o)
 .comment       0x0000003c       0x3d c:/program files/microchip/xc32/v2.40/bin/bin/../../lib/gcc/pic32c/6.2.1/../../../../pic32c/lib\libpic32c.a(_isatty.o)
 .comment       0x0000003c       0x3d c:/program files/microchip/xc32/v2.40/bin/bin/../../lib/gcc/pic32c/6.2.1/../../../../pic32c/lib\libpic32c.a(_lseek.o)
 .comment       0x0000003c       0x3d c:/program files/microchip/xc32/v2.40/bin/bin/../../lib/gcc/pic32c/6.2.1/../../../../pic32c/lib\libpic32c.a(_read.o)
 .comment       0x0000003c       0x3d c:/program files/microchip/xc32/v2.40/bin/bin/../../lib/gcc/pic32c/6.2.1/../../../../pic32c/lib\libpic32c.a(sbrk.o)
 .comment       0x0000003c       0x3d c:/program files/microchip/xc32/v2.40/bin/bin/../../lib/gcc/pic32c/6.2.1/../../../../pic32c/lib\libpic32c.a(_write.o)
 .comment       0x0000003c       0x3d c:/program files/microchip/xc32/v2.40/bin/bin/../../lib/gcc/pic32c/6.2.1/../../../../pic32c/lib\libpic32c.a(close.o)
 .comment       0x0000003c       0x3d c:/program files/microchip/xc32/v2.40/bin/bin/../../lib/gcc/pic32c/6.2.1/../../../../pic32c/lib\libpic32c.a(fstat.o)
 .comment       0x0000003c       0x3d c:/program files/microchip/xc32/v2.40/bin/bin/../../lib/gcc/pic32c/6.2.1/../../../../pic32c/lib\libpic32c.a(isatty.o)
 .comment       0x0000003c       0x3d c:/program files/microchip/xc32/v2.40/bin/bin/../../lib/gcc/pic32c/6.2.1/../../../../pic32c/lib\libpic32c.a(lseek.o)
 .comment       0x0000003c       0x3d c:/program files/microchip/xc32/v2.40/bin/bin/../../lib/gcc/pic32c/6.2.1/../../../../pic32c/lib\libpic32c.a(read.o)
 .comment       0x0000003c       0x3d c:/program files/microchip/xc32/v2.40/bin/bin/../../lib/gcc/pic32c/6.2.1/../../../../pic32c/lib\libpic32c.a(write.o)
 .comment       0x0000003c       0x3d c:/program files/microchip/xc32/v2.40/bin/bin/../../lib/gcc/pic32c/6.2.1/../../../../pic32c/lib\libpic32c.a(_mon_getc.o)
 .comment       0x0000003c       0x3d c:/program files/microchip/xc32/v2.40/bin/bin/../../lib/gcc/pic32c/6.2.1\libgcc.a(adddf3.o)
 .comment       0x0000003c       0x3d c:/program files/microchip/xc32/v2.40/bin/bin/../../lib/gcc/pic32c/6.2.1\libgcc.a(divdf3.o)
 .comment       0x0000003c       0x3d c:/program files/microchip/xc32/v2.40/bin/bin/../../lib/gcc/pic32c/6.2.1\libgcc.a(eqdf2.o)
 .comment       0x0000003c       0x3d c:/program files/microchip/xc32/v2.40/bin/bin/../../lib/gcc/pic32c/6.2.1\libgcc.a(gedf2.o)
 .comment       0x0000003c       0x3d c:/program files/microchip/xc32/v2.40/bin/bin/../../lib/gcc/pic32c/6.2.1\libgcc.a(ledf2.o)
 .comment       0x0000003c       0x3d c:/program files/microchip/xc32/v2.40/bin/bin/../../lib/gcc/pic32c/6.2.1\libgcc.a(muldf3.o)
 .comment       0x0000003c       0x3d c:/program files/microchip/xc32/v2.40/bin/bin/../../lib/gcc/pic32c/6.2.1\libgcc.a(subdf3.o)
 .comment       0x0000003c       0x3d c:/program files/microchip/xc32/v2.40/bin/bin/../../lib/gcc/pic32c/6.2.1\libgcc.a(unorddf2.o)
 .comment       0x0000003c       0x3d c:/program files/microchip/xc32/v2.40/bin/bin/../../lib/gcc/pic32c/6.2.1\libgcc.a(fixdfsi.o)
 .comment       0x0000003c       0x3d c:/program files/microchip/xc32/v2.40/bin/bin/../../lib/gcc/pic32c/6.2.1\libgcc.a(floatsidf.o)
 .comment       0x0000003c       0x3d c:/program files/microchip/xc32/v2.40/bin/bin/../../lib/gcc/pic32c/6.2.1\libgcc.a(floatunsidf.o)

.debug_info     0x00000000    0x3452c
 .debug_info    0x00000000      0x98a build/default/production/Source/startup_atsamc21a.o
 .debug_info    0x0000098a     0x1317 build/default/production/Source/main.o
 .debug_info    0x00001ca1     0x13e5 build/default/production/Source/system.o
 .debug_info    0x00003086      0x529 build/default/production/Source/port.o
 .debug_info    0x000035af     0x1a79 build/default/production/Source/uart.o
 .debug_info    0x00005028      0x71d build/default/production/Source/analog.o
 .debug_info    0x00005745      0x3d5 build/default/production/Source/systick.o
 .debug_info    0x00005b1a      0x1f0 c:/program files/microchip/xc32/v2.40/bin/bin/../../lib/gcc/pic32c/6.2.1/../../../../pic32c/lib\libpic32c.a(data_init.o)
 .debug_info    0x00005d0a       0xee c:/program files/microchip/xc32/v2.40/bin/bin/../../lib/gcc/pic32c/6.2.1\libgcc.a(_udivsi3.o)
 .debug_info    0x00005df8       0xee c:/program files/microchip/xc32/v2.40/bin/bin/../../lib/gcc/pic32c/6.2.1\libgcc.a(_dvmd_tls.o)
 .debug_info    0x00005ee6       0xee c:/program files/microchip/xc32/v2.40/bin/bin/../../lib/gcc/pic32c/6.2.1\libgcc.a(_thumb1_case_uqi.o)
 .debug_info    0x00005fd4       0xee c:/program files/microchip/xc32/v2.40/bin/bin/../../lib/gcc/pic32c/6.2.1\libgcc.a(_clzsi2.o)
 .debug_info    0x000060c2      0xd3c c:/program files/microchip/xc32/v2.40/bin/bin/../../lib/gcc/pic32c/6.2.1/../../../../pic32c/lib\libc_nano.a(lib_a-impure.o)
 .debug_info    0x00006dfe      0x359 c:/program files/microchip/xc32/v2.40/bin/bin/../../lib/gcc/pic32c/6.2.1/../../../../pic32c/lib\libc_nano.a(lib_a-init.o)
 .debug_info    0x00007157     0x17cf c:/program files/microchip/xc32/v2.40/bin/bin/../../lib/gcc/pic32c/6.2.1/../../../../pic32c/lib\libc_nano.a(lib_a-locale.o)
 .debug_info    0x00008926     0x16a8 c:/program files/microchip/xc32/v2.40/bin/bin/../../lib/gcc/pic32c/6.2.1/../../../../pic32c/lib\libc_nano.a(lib_a-mbtowc_r.o)
 .debug_info    0x00009fce      0xdb3 c:/program files/microchip/xc32/v2.40/bin/bin/../../lib/gcc/pic32c/6.2.1/../../../../pic32c/lib\libc_nano.a(lib_a-memcpy-stub.o)
 .debug_info    0x0000ad81     0x14e8 c:/program files/microchip/xc32/v2.40/bin/bin/../../lib/gcc/pic32c/6.2.1/../../../../pic32c/lib\libc_nano.a(lib_a-memset.o)
 .debug_info    0x0000c269     0x26b3 c:/program files/microchip/xc32/v2.40/bin/bin/../../lib/gcc/pic32c/6.2.1/../../../../pic32c/lib\libc_nano.a(_lib_a-nano-vfprintf.cdeEfFgGnopsuxX.o)
 .debug_info    0x0000e91c     0x1d15 c:/program files/microchip/xc32/v2.40/bin/bin/../../lib/gcc/pic32c/6.2.1/../../../../pic32c/lib\libc_nano.a(lib_a-nano-vfprintf_i.o)
 .debug_info    0x00010631     0x1223 c:/program files/microchip/xc32/v2.40/bin/bin/../../lib/gcc/pic32c/6.2.1/../../../../pic32c/lib\libc_nano.a(lib_a-puts.o)
 .debug_info    0x00011854      0x117 c:/program files/microchip/xc32/v2.40/bin/bin/../../lib/gcc/pic32c/6.2.1/../../../../pic32c/lib\libc_nano.a(lib_a-strlen.o)
 .debug_info    0x0001196b     0x11b3 c:/program files/microchip/xc32/v2.40/bin/bin/../../lib/gcc/pic32c/6.2.1/../../../../pic32c/lib\libc_nano.a(lib_a-wbuf.o)
 .debug_info    0x00012b1e     0x166c c:/program files/microchip/xc32/v2.40/bin/bin/../../lib/gcc/pic32c/6.2.1/../../../../pic32c/lib\libc_nano.a(lib_a-wctomb_r.o)
 .debug_info    0x0001418a     0x112e c:/program files/microchip/xc32/v2.40/bin/bin/../../lib/gcc/pic32c/6.2.1/../../../../pic32c/lib\libc_nano.a(lib_a-wsetup.o)
 .debug_info    0x000152b8     0x14b9 c:/program files/microchip/xc32/v2.40/bin/bin/../../lib/gcc/pic32c/6.2.1/../../../../pic32c/lib\libc_nano.a(lib_a-ctype_.o)
 .debug_info    0x00016771     0x2099 c:/program files/microchip/xc32/v2.40/bin/bin/../../lib/gcc/pic32c/6.2.1/../../../../pic32c/lib\libc_nano.a(lib_a-dtoa.o)
 .debug_info    0x0001880a     0x1298 c:/program files/microchip/xc32/v2.40/bin/bin/../../lib/gcc/pic32c/6.2.1/../../../../pic32c/lib\libc_nano.a(lib_a-fflush.o)
 .debug_info    0x00019aa2     0x1470 c:/program files/microchip/xc32/v2.40/bin/bin/../../lib/gcc/pic32c/6.2.1/../../../../pic32c/lib\libc_nano.a(lib_a-findfp.o)
 .debug_info    0x0001af12     0x11a9 c:/program files/microchip/xc32/v2.40/bin/bin/../../lib/gcc/pic32c/6.2.1/../../../../pic32c/lib\libc_nano.a(lib_a-fwalk.o)
 .debug_info    0x0001c0bb     0x1635 c:/program files/microchip/xc32/v2.40/bin/bin/../../lib/gcc/pic32c/6.2.1/../../../../pic32c/lib\libc_nano.a(lib_a-localeconv.o)
 .debug_info    0x0001d6f0     0x14e5 c:/program files/microchip/xc32/v2.40/bin/bin/../../lib/gcc/pic32c/6.2.1/../../../../pic32c/lib\libc_nano.a(lib_a-makebuf.o)
 .debug_info    0x0001ebd5      0xddf c:/program files/microchip/xc32/v2.40/bin/bin/../../lib/gcc/pic32c/6.2.1/../../../../pic32c/lib\libc_nano.a(lib_a-malloc.o)
 .debug_info    0x0001f9b4     0x24be c:/program files/microchip/xc32/v2.40/bin/bin/../../lib/gcc/pic32c/6.2.1/../../../../pic32c/lib\libc_nano.a(lib_a-mprec.o)
 .debug_info    0x00021e72     0x101b c:/program files/microchip/xc32/v2.40/bin/bin/../../lib/gcc/pic32c/6.2.1/../../../../pic32c/lib\libc_nano.a(lib_a-nano-callocr.o)
 .debug_info    0x00022e8d     0x10ed c:/program files/microchip/xc32/v2.40/bin/bin/../../lib/gcc/pic32c/6.2.1/../../../../pic32c/lib\libc_nano.a(lib_a-nano-freer.o)
 .debug_info    0x00023f7a     0x119a c:/program files/microchip/xc32/v2.40/bin/bin/../../lib/gcc/pic32c/6.2.1/../../../../pic32c/lib\libc_nano.a(lib_a-nano-mallocr.o)
 .debug_info    0x00025114      0xe2c c:/program files/microchip/xc32/v2.40/bin/bin/../../lib/gcc/pic32c/6.2.1/../../../../pic32c/lib\libc_nano.a(lib_a-sbrkr.o)
 .debug_info    0x00025f40     0x135a c:/program files/microchip/xc32/v2.40/bin/bin/../../lib/gcc/pic32c/6.2.1/../../../../pic32c/lib\libc_nano.a(lib_a-stdio.o)
 .debug_info    0x0002729a      0xe4b c:/program files/microchip/xc32/v2.40/bin/bin/../../lib/gcc/pic32c/6.2.1/../../../../pic32c/lib\libc_nano.a(lib_a-writer.o)
 .debug_info    0x000280e5      0xdfa c:/program files/microchip/xc32/v2.40/bin/bin/../../lib/gcc/pic32c/6.2.1/../../../../pic32c/lib\libc_nano.a(lib_a-closer.o)
 .debug_info    0x00028edf     0x10f5 c:/program files/microchip/xc32/v2.40/bin/bin/../../lib/gcc/pic32c/6.2.1/../../../../pic32c/lib\libc_nano.a(lib_a-fstatr.o)
 .debug_info    0x00029fd4      0xe07 c:/program files/microchip/xc32/v2.40/bin/bin/../../lib/gcc/pic32c/6.2.1/../../../../pic32c/lib\libc_nano.a(lib_a-isattyr.o)
 .debug_info    0x0002addb      0xe32 c:/program files/microchip/xc32/v2.40/bin/bin/../../lib/gcc/pic32c/6.2.1/../../../../pic32c/lib\libc_nano.a(lib_a-lseekr.o)
 .debug_info    0x0002bc0d      0xd79 c:/program files/microchip/xc32/v2.40/bin/bin/../../lib/gcc/pic32c/6.2.1/../../../../pic32c/lib\libc_nano.a(lib_a-mlock.o)
 .debug_info    0x0002c986      0xe49 c:/program files/microchip/xc32/v2.40/bin/bin/../../lib/gcc/pic32c/6.2.1/../../../../pic32c/lib\libc_nano.a(lib_a-readr.o)
 .debug_info    0x0002d7cf      0xf2f c:/program files/microchip/xc32/v2.40/bin/bin/../../lib/gcc/pic32c/6.2.1/../../../../pic32c/lib\libc_nano.a(lib_a-reent.o)
 .debug_info    0x0002e6fe      0x1d7 c:/program files/microchip/xc32/v2.40/bin/bin/../../lib/gcc/pic32c/6.2.1/../../../../pic32c/lib\libpic32c.a(_close.o)
 .debug_info    0x0002e8d5      0x1d7 c:/program files/microchip/xc32/v2.40/bin/bin/../../lib/gcc/pic32c/6.2.1/../../../../pic32c/lib\libpic32c.a(_fstat.o)
 .debug_info    0x0002eaac      0x1d9 c:/program files/microchip/xc32/v2.40/bin/bin/../../lib/gcc/pic32c/6.2.1/../../../../pic32c/lib\libpic32c.a(_isatty.o)
 .debug_info    0x0002ec85      0x1d7 c:/program files/microchip/xc32/v2.40/bin/bin/../../lib/gcc/pic32c/6.2.1/../../../../pic32c/lib\libpic32c.a(_lseek.o)
 .debug_info    0x0002ee5c      0x1d5 c:/program files/microchip/xc32/v2.40/bin/bin/../../lib/gcc/pic32c/6.2.1/../../../../pic32c/lib\libpic32c.a(_read.o)
 .debug_info    0x0002f031      0x1d3 c:/program files/microchip/xc32/v2.40/bin/bin/../../lib/gcc/pic32c/6.2.1/../../../../pic32c/lib\libpic32c.a(sbrk.o)
 .debug_info    0x0002f204      0x1d7 c:/program files/microchip/xc32/v2.40/bin/bin/../../lib/gcc/pic32c/6.2.1/../../../../pic32c/lib\libpic32c.a(_write.o)
 .debug_info    0x0002f3db      0x1d4 c:/program files/microchip/xc32/v2.40/bin/bin/../../lib/gcc/pic32c/6.2.1/../../../../pic32c/lib\libpic32c.a(close.o)
 .debug_info    0x0002f5af      0x1d4 c:/program files/microchip/xc32/v2.40/bin/bin/../../lib/gcc/pic32c/6.2.1/../../../../pic32c/lib\libpic32c.a(fstat.o)
 .debug_info    0x0002f783      0x1d6 c:/program files/microchip/xc32/v2.40/bin/bin/../../lib/gcc/pic32c/6.2.1/../../../../pic32c/lib\libpic32c.a(isatty.o)
 .debug_info    0x0002f959      0x1d4 c:/program files/microchip/xc32/v2.40/bin/bin/../../lib/gcc/pic32c/6.2.1/../../../../pic32c/lib\libpic32c.a(lseek.o)
 .debug_info    0x0002fb2d      0x1d3 c:/program files/microchip/xc32/v2.40/bin/bin/../../lib/gcc/pic32c/6.2.1/../../../../pic32c/lib\libpic32c.a(read.o)
 .debug_info    0x0002fd00      0x1d5 c:/program files/microchip/xc32/v2.40/bin/bin/../../lib/gcc/pic32c/6.2.1/../../../../pic32c/lib\libpic32c.a(write.o)
 .debug_info    0x0002fed5      0x1dc c:/program files/microchip/xc32/v2.40/bin/bin/../../lib/gcc/pic32c/6.2.1/../../../../pic32c/lib\libpic32c.a(_mon_getc.o)
 .debug_info    0x000300b1       0xee c:/program files/microchip/xc32/v2.40/bin/bin/../../lib/gcc/pic32c/6.2.1\libgcc.a(_divsi3.o)
 .debug_info    0x0003019f       0xee c:/program files/microchip/xc32/v2.40/bin/bin/../../lib/gcc/pic32c/6.2.1\libgcc.a(_arm_cmpdf2.o)
 .debug_info    0x0003028d      0x7b0 c:/program files/microchip/xc32/v2.40/bin/bin/../../lib/gcc/pic32c/6.2.1\libgcc.a(adddf3.o)
 .debug_info    0x00030a3d      0x9c6 c:/program files/microchip/xc32/v2.40/bin/bin/../../lib/gcc/pic32c/6.2.1\libgcc.a(divdf3.o)
 .debug_info    0x00031403      0x413 c:/program files/microchip/xc32/v2.40/bin/bin/../../lib/gcc/pic32c/6.2.1\libgcc.a(eqdf2.o)
 .debug_info    0x00031816      0x43f c:/program files/microchip/xc32/v2.40/bin/bin/../../lib/gcc/pic32c/6.2.1\libgcc.a(gedf2.o)
 .debug_info    0x00031c55      0x437 c:/program files/microchip/xc32/v2.40/bin/bin/../../lib/gcc/pic32c/6.2.1\libgcc.a(ledf2.o)
 .debug_info    0x0003208c      0xa41 c:/program files/microchip/xc32/v2.40/bin/bin/../../lib/gcc/pic32c/6.2.1\libgcc.a(muldf3.o)
 .debug_info    0x00032acd      0x7b0 c:/program files/microchip/xc32/v2.40/bin/bin/../../lib/gcc/pic32c/6.2.1\libgcc.a(subdf3.o)
 .debug_info    0x0003327d      0x415 c:/program files/microchip/xc32/v2.40/bin/bin/../../lib/gcc/pic32c/6.2.1\libgcc.a(unorddf2.o)
 .debug_info    0x00033692      0x3bc c:/program files/microchip/xc32/v2.40/bin/bin/../../lib/gcc/pic32c/6.2.1\libgcc.a(fixdfsi.o)
 .debug_info    0x00033a4e      0x4fc c:/program files/microchip/xc32/v2.40/bin/bin/../../lib/gcc/pic32c/6.2.1\libgcc.a(floatsidf.o)
 .debug_info    0x00033f4a      0x4f4 c:/program files/microchip/xc32/v2.40/bin/bin/../../lib/gcc/pic32c/6.2.1\libgcc.a(floatunsidf.o)
 .debug_info    0x0003443e       0xee c:/program files/microchip/xc32/v2.40/bin/bin/../../lib/gcc/pic32c/6.2.1\libgcc.a(_thumb1_case_uhi.o)

.debug_abbrev   0x00000000     0x5b08
 .debug_abbrev  0x00000000      0x106 build/default/production/Source/startup_atsamc21a.o
 .debug_abbrev  0x00000106      0x1bb build/default/production/Source/main.o
 .debug_abbrev  0x000002c1      0x1df build/default/production/Source/system.o
 .debug_abbrev  0x000004a0       0x9c build/default/production/Source/port.o
 .debug_abbrev  0x0000053c      0x27a build/default/production/Source/uart.o
 .debug_abbrev  0x000007b6       0xad build/default/production/Source/analog.o
 .debug_abbrev  0x00000863       0xb7 build/default/production/Source/systick.o
 .debug_abbrev  0x0000091a       0x2a c:/program files/microchip/xc32/v2.40/bin/bin/../../lib/gcc/pic32c/6.2.1/../../../../pic32c/lib\libpic32c.a(data_init.o)
 .debug_abbrev  0x00000944       0x14 c:/program files/microchip/xc32/v2.40/bin/bin/../../lib/gcc/pic32c/6.2.1\libgcc.a(_udivsi3.o)
 .debug_abbrev  0x00000958       0x14 c:/program files/microchip/xc32/v2.40/bin/bin/../../lib/gcc/pic32c/6.2.1\libgcc.a(_dvmd_tls.o)
 .debug_abbrev  0x0000096c       0x14 c:/program files/microchip/xc32/v2.40/bin/bin/../../lib/gcc/pic32c/6.2.1\libgcc.a(_thumb1_case_uqi.o)
 .debug_abbrev  0x00000980       0x14 c:/program files/microchip/xc32/v2.40/bin/bin/../../lib/gcc/pic32c/6.2.1\libgcc.a(_clzsi2.o)
 .debug_abbrev  0x00000994      0x131 c:/program files/microchip/xc32/v2.40/bin/bin/../../lib/gcc/pic32c/6.2.1/../../../../pic32c/lib\libc_nano.a(lib_a-impure.o)
 .debug_abbrev  0x00000ac5       0xa3 c:/program files/microchip/xc32/v2.40/bin/bin/../../lib/gcc/pic32c/6.2.1/../../../../pic32c/lib\libc_nano.a(lib_a-init.o)
 .debug_abbrev  0x00000b68      0x264 c:/program files/microchip/xc32/v2.40/bin/bin/../../lib/gcc/pic32c/6.2.1/../../../../pic32c/lib\libc_nano.a(lib_a-locale.o)
 .debug_abbrev  0x00000dcc      0x1cd c:/program files/microchip/xc32/v2.40/bin/bin/../../lib/gcc/pic32c/6.2.1/../../../../pic32c/lib\libc_nano.a(lib_a-mbtowc_r.o)
 .debug_abbrev  0x00000f99      0x17c c:/program files/microchip/xc32/v2.40/bin/bin/../../lib/gcc/pic32c/6.2.1/../../../../pic32c/lib\libc_nano.a(lib_a-memcpy-stub.o)
 .debug_abbrev  0x00001115      0x170 c:/program files/microchip/xc32/v2.40/bin/bin/../../lib/gcc/pic32c/6.2.1/../../../../pic32c/lib\libc_nano.a(lib_a-memset.o)
 .debug_abbrev  0x00001285      0x3c3 c:/program files/microchip/xc32/v2.40/bin/bin/../../lib/gcc/pic32c/6.2.1/../../../../pic32c/lib\libc_nano.a(_lib_a-nano-vfprintf.cdeEfFgGnopsuxX.o)
 .debug_abbrev  0x00001648      0x25f c:/program files/microchip/xc32/v2.40/bin/bin/../../lib/gcc/pic32c/6.2.1/../../../../pic32c/lib\libc_nano.a(lib_a-nano-vfprintf_i.o)
 .debug_abbrev  0x000018a7      0x24a c:/program files/microchip/xc32/v2.40/bin/bin/../../lib/gcc/pic32c/6.2.1/../../../../pic32c/lib\libc_nano.a(lib_a-puts.o)
 .debug_abbrev  0x00001af1       0x14 c:/program files/microchip/xc32/v2.40/bin/bin/../../lib/gcc/pic32c/6.2.1/../../../../pic32c/lib\libc_nano.a(lib_a-strlen.o)
 .debug_abbrev  0x00001b05      0x208 c:/program files/microchip/xc32/v2.40/bin/bin/../../lib/gcc/pic32c/6.2.1/../../../../pic32c/lib\libc_nano.a(lib_a-wbuf.o)
 .debug_abbrev  0x00001d0d      0x1ce c:/program files/microchip/xc32/v2.40/bin/bin/../../lib/gcc/pic32c/6.2.1/../../../../pic32c/lib\libc_nano.a(lib_a-wctomb_r.o)
 .debug_abbrev  0x00001edb      0x1ec c:/program files/microchip/xc32/v2.40/bin/bin/../../lib/gcc/pic32c/6.2.1/../../../../pic32c/lib\libc_nano.a(lib_a-wsetup.o)
 .debug_abbrev  0x000020c7      0x131 c:/program files/microchip/xc32/v2.40/bin/bin/../../lib/gcc/pic32c/6.2.1/../../../../pic32c/lib\libc_nano.a(lib_a-ctype_.o)
 .debug_abbrev  0x000021f8      0x265 c:/program files/microchip/xc32/v2.40/bin/bin/../../lib/gcc/pic32c/6.2.1/../../../../pic32c/lib\libc_nano.a(lib_a-dtoa.o)
 .debug_abbrev  0x0000245d      0x263 c:/program files/microchip/xc32/v2.40/bin/bin/../../lib/gcc/pic32c/6.2.1/../../../../pic32c/lib\libc_nano.a(lib_a-fflush.o)
 .debug_abbrev  0x000026c0      0x295 c:/program files/microchip/xc32/v2.40/bin/bin/../../lib/gcc/pic32c/6.2.1/../../../../pic32c/lib\libc_nano.a(lib_a-findfp.o)
 .debug_abbrev  0x00002955      0x1b0 c:/program files/microchip/xc32/v2.40/bin/bin/../../lib/gcc/pic32c/6.2.1/../../../../pic32c/lib\libc_nano.a(lib_a-fwalk.o)
 .debug_abbrev  0x00002b05      0x1fc c:/program files/microchip/xc32/v2.40/bin/bin/../../lib/gcc/pic32c/6.2.1/../../../../pic32c/lib\libc_nano.a(lib_a-localeconv.o)
 .debug_abbrev  0x00002d01      0x268 c:/program files/microchip/xc32/v2.40/bin/bin/../../lib/gcc/pic32c/6.2.1/../../../../pic32c/lib\libc_nano.a(lib_a-makebuf.o)
 .debug_abbrev  0x00002f69      0x1b0 c:/program files/microchip/xc32/v2.40/bin/bin/../../lib/gcc/pic32c/6.2.1/../../../../pic32c/lib\libc_nano.a(lib_a-malloc.o)
 .debug_abbrev  0x00003119      0x31e c:/program files/microchip/xc32/v2.40/bin/bin/../../lib/gcc/pic32c/6.2.1/../../../../pic32c/lib\libc_nano.a(lib_a-mprec.o)
 .debug_abbrev  0x00003437      0x1b9 c:/program files/microchip/xc32/v2.40/bin/bin/../../lib/gcc/pic32c/6.2.1/../../../../pic32c/lib\libc_nano.a(lib_a-nano-callocr.o)
 .debug_abbrev  0x000035f0      0x24f c:/program files/microchip/xc32/v2.40/bin/bin/../../lib/gcc/pic32c/6.2.1/../../../../pic32c/lib\libc_nano.a(lib_a-nano-freer.o)
 .debug_abbrev  0x0000383f      0x286 c:/program files/microchip/xc32/v2.40/bin/bin/../../lib/gcc/pic32c/6.2.1/../../../../pic32c/lib\libc_nano.a(lib_a-nano-mallocr.o)
 .debug_abbrev  0x00003ac5      0x1a8 c:/program files/microchip/xc32/v2.40/bin/bin/../../lib/gcc/pic32c/6.2.1/../../../../pic32c/lib\libc_nano.a(lib_a-sbrkr.o)
 .debug_abbrev  0x00003c6d      0x224 c:/program files/microchip/xc32/v2.40/bin/bin/../../lib/gcc/pic32c/6.2.1/../../../../pic32c/lib\libc_nano.a(lib_a-stdio.o)
 .debug_abbrev  0x00003e91      0x198 c:/program files/microchip/xc32/v2.40/bin/bin/../../lib/gcc/pic32c/6.2.1/../../../../pic32c/lib\libc_nano.a(lib_a-writer.o)
 .debug_abbrev  0x00004029      0x193 c:/program files/microchip/xc32/v2.40/bin/bin/../../lib/gcc/pic32c/6.2.1/../../../../pic32c/lib\libc_nano.a(lib_a-closer.o)
 .debug_abbrev  0x000041bc      0x193 c:/program files/microchip/xc32/v2.40/bin/bin/../../lib/gcc/pic32c/6.2.1/../../../../pic32c/lib\libc_nano.a(lib_a-fstatr.o)
 .debug_abbrev  0x0000434f      0x193 c:/program files/microchip/xc32/v2.40/bin/bin/../../lib/gcc/pic32c/6.2.1/../../../../pic32c/lib\libc_nano.a(lib_a-isattyr.o)
 .debug_abbrev  0x000044e2      0x193 c:/program files/microchip/xc32/v2.40/bin/bin/../../lib/gcc/pic32c/6.2.1/../../../../pic32c/lib\libc_nano.a(lib_a-lseekr.o)
 .debug_abbrev  0x00004675      0x165 c:/program files/microchip/xc32/v2.40/bin/bin/../../lib/gcc/pic32c/6.2.1/../../../../pic32c/lib\libc_nano.a(lib_a-mlock.o)
 .debug_abbrev  0x000047da      0x193 c:/program files/microchip/xc32/v2.40/bin/bin/../../lib/gcc/pic32c/6.2.1/../../../../pic32c/lib\libc_nano.a(lib_a-readr.o)
 .debug_abbrev  0x0000496d      0x1ea c:/program files/microchip/xc32/v2.40/bin/bin/../../lib/gcc/pic32c/6.2.1/../../../../pic32c/lib\libc_nano.a(lib_a-reent.o)
 .debug_abbrev  0x00004b57       0x2a c:/program files/microchip/xc32/v2.40/bin/bin/../../lib/gcc/pic32c/6.2.1/../../../../pic32c/lib\libpic32c.a(_close.o)
 .debug_abbrev  0x00004b81       0x2a c:/program files/microchip/xc32/v2.40/bin/bin/../../lib/gcc/pic32c/6.2.1/../../../../pic32c/lib\libpic32c.a(_fstat.o)
 .debug_abbrev  0x00004bab       0x2a c:/program files/microchip/xc32/v2.40/bin/bin/../../lib/gcc/pic32c/6.2.1/../../../../pic32c/lib\libpic32c.a(_isatty.o)
 .debug_abbrev  0x00004bd5       0x2a c:/program files/microchip/xc32/v2.40/bin/bin/../../lib/gcc/pic32c/6.2.1/../../../../pic32c/lib\libpic32c.a(_lseek.o)
 .debug_abbrev  0x00004bff       0x2a c:/program files/microchip/xc32/v2.40/bin/bin/../../lib/gcc/pic32c/6.2.1/../../../../pic32c/lib\libpic32c.a(_read.o)
 .debug_abbrev  0x00004c29       0x2a c:/program files/microchip/xc32/v2.40/bin/bin/../../lib/gcc/pic32c/6.2.1/../../../../pic32c/lib\libpic32c.a(sbrk.o)
 .debug_abbrev  0x00004c53       0x2a c:/program files/microchip/xc32/v2.40/bin/bin/../../lib/gcc/pic32c/6.2.1/../../../../pic32c/lib\libpic32c.a(_write.o)
 .debug_abbrev  0x00004c7d       0x2a c:/program files/microchip/xc32/v2.40/bin/bin/../../lib/gcc/pic32c/6.2.1/../../../../pic32c/lib\libpic32c.a(close.o)
 .debug_abbrev  0x00004ca7       0x2a c:/program files/microchip/xc32/v2.40/bin/bin/../../lib/gcc/pic32c/6.2.1/../../../../pic32c/lib\libpic32c.a(fstat.o)
 .debug_abbrev  0x00004cd1       0x2a c:/program files/microchip/xc32/v2.40/bin/bin/../../lib/gcc/pic32c/6.2.1/../../../../pic32c/lib\libpic32c.a(isatty.o)
 .debug_abbrev  0x00004cfb       0x2a c:/program files/microchip/xc32/v2.40/bin/bin/../../lib/gcc/pic32c/6.2.1/../../../../pic32c/lib\libpic32c.a(lseek.o)
 .debug_abbrev  0x00004d25       0x2a c:/program files/microchip/xc32/v2.40/bin/bin/../../lib/gcc/pic32c/6.2.1/../../../../pic32c/lib\libpic32c.a(read.o)
 .debug_abbrev  0x00004d4f       0x2a c:/program files/microchip/xc32/v2.40/bin/bin/../../lib/gcc/pic32c/6.2.1/../../../../pic32c/lib\libpic32c.a(write.o)
 .debug_abbrev  0x00004d79       0x2a c:/program files/microchip/xc32/v2.40/bin/bin/../../lib/gcc/pic32c/6.2.1/../../../../pic32c/lib\libpic32c.a(_mon_getc.o)
 .debug_abbrev  0x00004da3       0x14 c:/program files/microchip/xc32/v2.40/bin/bin/../../lib/gcc/pic32c/6.2.1\libgcc.a(_divsi3.o)
 .debug_abbrev  0x00004db7       0x14 c:/program files/microchip/xc32/v2.40/bin/bin/../../lib/gcc/pic32c/6.2.1\libgcc.a(_arm_cmpdf2.o)
 .debug_abbrev  0x00004dcb      0x150 c:/program files/microchip/xc32/v2.40/bin/bin/../../lib/gcc/pic32c/6.2.1\libgcc.a(adddf3.o)
 .debug_abbrev  0x00004f1b      0x143 c:/program files/microchip/xc32/v2.40/bin/bin/../../lib/gcc/pic32c/6.2.1\libgcc.a(divdf3.o)
 .debug_abbrev  0x0000505e      0x128 c:/program files/microchip/xc32/v2.40/bin/bin/../../lib/gcc/pic32c/6.2.1\libgcc.a(eqdf2.o)
 .debug_abbrev  0x00005186      0x135 c:/program files/microchip/xc32/v2.40/bin/bin/../../lib/gcc/pic32c/6.2.1\libgcc.a(gedf2.o)
 .debug_abbrev  0x000052bb      0x12a c:/program files/microchip/xc32/v2.40/bin/bin/../../lib/gcc/pic32c/6.2.1\libgcc.a(ledf2.o)
 .debug_abbrev  0x000053e5      0x14a c:/program files/microchip/xc32/v2.40/bin/bin/../../lib/gcc/pic32c/6.2.1\libgcc.a(muldf3.o)
 .debug_abbrev  0x0000552f      0x150 c:/program files/microchip/xc32/v2.40/bin/bin/../../lib/gcc/pic32c/6.2.1\libgcc.a(subdf3.o)
 .debug_abbrev  0x0000567f      0x119 c:/program files/microchip/xc32/v2.40/bin/bin/../../lib/gcc/pic32c/6.2.1\libgcc.a(unorddf2.o)
 .debug_abbrev  0x00005798      0x12c c:/program files/microchip/xc32/v2.40/bin/bin/../../lib/gcc/pic32c/6.2.1\libgcc.a(fixdfsi.o)
 .debug_abbrev  0x000058c4      0x118 c:/program files/microchip/xc32/v2.40/bin/bin/../../lib/gcc/pic32c/6.2.1\libgcc.a(floatsidf.o)
 .debug_abbrev  0x000059dc      0x118 c:/program files/microchip/xc32/v2.40/bin/bin/../../lib/gcc/pic32c/6.2.1\libgcc.a(floatunsidf.o)
 .debug_abbrev  0x00005af4       0x14 c:/program files/microchip/xc32/v2.40/bin/bin/../../lib/gcc/pic32c/6.2.1\libgcc.a(_thumb1_case_uhi.o)

.debug_aranges  0x00000000      0xb78
 .debug_aranges
                0x00000000       0x28 build/default/production/Source/startup_atsamc21a.o
 .debug_aranges
                0x00000028       0x20 build/default/production/Source/main.o
 .debug_aranges
                0x00000048       0x70 build/default/production/Source/system.o
 .debug_aranges
                0x000000b8       0x20 build/default/production/Source/port.o
 .debug_aranges
                0x000000d8       0x50 build/default/production/Source/uart.o
 .debug_aranges
                0x00000128       0x38 build/default/production/Source/analog.o
 .debug_aranges
                0x00000160       0x30 build/default/production/Source/systick.o
 .debug_aranges
                0x00000190       0x20 c:/program files/microchip/xc32/v2.40/bin/bin/../../lib/gcc/pic32c/6.2.1/../../../../pic32c/lib\libpic32c.a(data_init.o)
 .debug_aranges
                0x000001b0       0x20 c:/program files/microchip/xc32/v2.40/bin/bin/../../lib/gcc/pic32c/6.2.1\libgcc.a(_udivsi3.o)
 .debug_aranges
                0x000001d0       0x20 c:/program files/microchip/xc32/v2.40/bin/bin/../../lib/gcc/pic32c/6.2.1\libgcc.a(_dvmd_tls.o)
 .debug_aranges
                0x000001f0       0x20 c:/program files/microchip/xc32/v2.40/bin/bin/../../lib/gcc/pic32c/6.2.1\libgcc.a(_thumb1_case_uqi.o)
 .debug_aranges
                0x00000210       0x20 c:/program files/microchip/xc32/v2.40/bin/bin/../../lib/gcc/pic32c/6.2.1\libgcc.a(_clzsi2.o)
 .debug_aranges
                0x00000230       0x18 c:/program files/microchip/xc32/v2.40/bin/bin/../../lib/gcc/pic32c/6.2.1/../../../../pic32c/lib\libc_nano.a(lib_a-impure.o)
 .debug_aranges
                0x00000248       0x20 c:/program files/microchip/xc32/v2.40/bin/bin/../../lib/gcc/pic32c/6.2.1/../../../../pic32c/lib\libc_nano.a(lib_a-init.o)
 .debug_aranges
                0x00000268       0x40 c:/program files/microchip/xc32/v2.40/bin/bin/../../lib/gcc/pic32c/6.2.1/../../../../pic32c/lib\libc_nano.a(lib_a-locale.o)
 .debug_aranges
                0x000002a8       0x28 c:/program files/microchip/xc32/v2.40/bin/bin/../../lib/gcc/pic32c/6.2.1/../../../../pic32c/lib\libc_nano.a(lib_a-mbtowc_r.o)
 .debug_aranges
                0x000002d0       0x20 c:/program files/microchip/xc32/v2.40/bin/bin/../../lib/gcc/pic32c/6.2.1/../../../../pic32c/lib\libc_nano.a(lib_a-memcpy-stub.o)
 .debug_aranges
                0x000002f0       0x20 c:/program files/microchip/xc32/v2.40/bin/bin/../../lib/gcc/pic32c/6.2.1/../../../../pic32c/lib\libc_nano.a(lib_a-memset.o)
 .debug_aranges
                0x00000310       0x30 c:/program files/microchip/xc32/v2.40/bin/bin/../../lib/gcc/pic32c/6.2.1/../../../../pic32c/lib\libc_nano.a(_lib_a-nano-vfprintf.cdeEfFgGnopsuxX.o)
 .debug_aranges
                0x00000340       0x28 c:/program files/microchip/xc32/v2.40/bin/bin/../../lib/gcc/pic32c/6.2.1/../../../../pic32c/lib\libc_nano.a(lib_a-nano-vfprintf_i.o)
 .debug_aranges
                0x00000368       0x28 c:/program files/microchip/xc32/v2.40/bin/bin/../../lib/gcc/pic32c/6.2.1/../../../../pic32c/lib\libc_nano.a(lib_a-puts.o)
 .debug_aranges
                0x00000390       0x20 c:/program files/microchip/xc32/v2.40/bin/bin/../../lib/gcc/pic32c/6.2.1/../../../../pic32c/lib\libc_nano.a(lib_a-strlen.o)
 .debug_aranges
                0x000003b0       0x28 c:/program files/microchip/xc32/v2.40/bin/bin/../../lib/gcc/pic32c/6.2.1/../../../../pic32c/lib\libc_nano.a(lib_a-wbuf.o)
 .debug_aranges
                0x000003d8       0x28 c:/program files/microchip/xc32/v2.40/bin/bin/../../lib/gcc/pic32c/6.2.1/../../../../pic32c/lib\libc_nano.a(lib_a-wctomb_r.o)
 .debug_aranges
                0x00000400       0x20 c:/program files/microchip/xc32/v2.40/bin/bin/../../lib/gcc/pic32c/6.2.1/../../../../pic32c/lib\libc_nano.a(lib_a-wsetup.o)
 .debug_aranges
                0x00000420       0x18 c:/program files/microchip/xc32/v2.40/bin/bin/../../lib/gcc/pic32c/6.2.1/../../../../pic32c/lib\libc_nano.a(lib_a-ctype_.o)
 .debug_aranges
                0x00000438       0x28 c:/program files/microchip/xc32/v2.40/bin/bin/../../lib/gcc/pic32c/6.2.1/../../../../pic32c/lib\libc_nano.a(lib_a-dtoa.o)
 .debug_aranges
                0x00000460       0x30 c:/program files/microchip/xc32/v2.40/bin/bin/../../lib/gcc/pic32c/6.2.1/../../../../pic32c/lib\libc_nano.a(lib_a-fflush.o)
 .debug_aranges
                0x00000490       0x48 c:/program files/microchip/xc32/v2.40/bin/bin/../../lib/gcc/pic32c/6.2.1/../../../../pic32c/lib\libc_nano.a(lib_a-findfp.o)
 .debug_aranges
                0x000004d8       0x28 c:/program files/microchip/xc32/v2.40/bin/bin/../../lib/gcc/pic32c/6.2.1/../../../../pic32c/lib\libc_nano.a(lib_a-fwalk.o)
 .debug_aranges
                0x00000500       0x30 c:/program files/microchip/xc32/v2.40/bin/bin/../../lib/gcc/pic32c/6.2.1/../../../../pic32c/lib\libc_nano.a(lib_a-localeconv.o)
 .debug_aranges
                0x00000530       0x28 c:/program files/microchip/xc32/v2.40/bin/bin/../../lib/gcc/pic32c/6.2.1/../../../../pic32c/lib\libc_nano.a(lib_a-makebuf.o)
 .debug_aranges
                0x00000558       0x28 c:/program files/microchip/xc32/v2.40/bin/bin/../../lib/gcc/pic32c/6.2.1/../../../../pic32c/lib\libc_nano.a(lib_a-malloc.o)
 .debug_aranges
                0x00000580       0xb0 c:/program files/microchip/xc32/v2.40/bin/bin/../../lib/gcc/pic32c/6.2.1/../../../../pic32c/lib\libc_nano.a(lib_a-mprec.o)
 .debug_aranges
                0x00000630       0x20 c:/program files/microchip/xc32/v2.40/bin/bin/../../lib/gcc/pic32c/6.2.1/../../../../pic32c/lib\libc_nano.a(lib_a-nano-callocr.o)
 .debug_aranges
                0x00000650       0x20 c:/program files/microchip/xc32/v2.40/bin/bin/../../lib/gcc/pic32c/6.2.1/../../../../pic32c/lib\libc_nano.a(lib_a-nano-freer.o)
 .debug_aranges
                0x00000670       0x20 c:/program files/microchip/xc32/v2.40/bin/bin/../../lib/gcc/pic32c/6.2.1/../../../../pic32c/lib\libc_nano.a(lib_a-nano-mallocr.o)
 .debug_aranges
                0x00000690       0x20 c:/program files/microchip/xc32/v2.40/bin/bin/../../lib/gcc/pic32c/6.2.1/../../../../pic32c/lib\libc_nano.a(lib_a-sbrkr.o)
 .debug_aranges
                0x000006b0       0x40 c:/program files/microchip/xc32/v2.40/bin/bin/../../lib/gcc/pic32c/6.2.1/../../../../pic32c/lib\libc_nano.a(lib_a-stdio.o)
 .debug_aranges
                0x000006f0       0x20 c:/program files/microchip/xc32/v2.40/bin/bin/../../lib/gcc/pic32c/6.2.1/../../../../pic32c/lib\libc_nano.a(lib_a-writer.o)
 .debug_aranges
                0x00000710       0x20 c:/program files/microchip/xc32/v2.40/bin/bin/../../lib/gcc/pic32c/6.2.1/../../../../pic32c/lib\libc_nano.a(lib_a-closer.o)
 .debug_aranges
                0x00000730       0x20 c:/program files/microchip/xc32/v2.40/bin/bin/../../lib/gcc/pic32c/6.2.1/../../../../pic32c/lib\libc_nano.a(lib_a-fstatr.o)
 .debug_aranges
                0x00000750       0x20 c:/program files/microchip/xc32/v2.40/bin/bin/../../lib/gcc/pic32c/6.2.1/../../../../pic32c/lib\libc_nano.a(lib_a-isattyr.o)
 .debug_aranges
                0x00000770       0x20 c:/program files/microchip/xc32/v2.40/bin/bin/../../lib/gcc/pic32c/6.2.1/../../../../pic32c/lib\libc_nano.a(lib_a-lseekr.o)
 .debug_aranges
                0x00000790       0x20 c:/program files/microchip/xc32/v2.40/bin/bin/../../lib/gcc/pic32c/6.2.1/../../../../pic32c/lib\libc_nano.a(lib_a-mlock.o)
 .debug_aranges
                0x000007b0       0x20 c:/program files/microchip/xc32/v2.40/bin/bin/../../lib/gcc/pic32c/6.2.1/../../../../pic32c/lib\libc_nano.a(lib_a-readr.o)
 .debug_aranges
                0x000007d0       0x28 c:/program files/microchip/xc32/v2.40/bin/bin/../../lib/gcc/pic32c/6.2.1/../../../../pic32c/lib\libc_nano.a(lib_a-reent.o)
 .debug_aranges
                0x000007f8       0x20 c:/program files/microchip/xc32/v2.40/bin/bin/../../lib/gcc/pic32c/6.2.1/../../../../pic32c/lib\libpic32c.a(_close.o)
 .debug_aranges
                0x00000818       0x20 c:/program files/microchip/xc32/v2.40/bin/bin/../../lib/gcc/pic32c/6.2.1/../../../../pic32c/lib\libpic32c.a(_fstat.o)
 .debug_aranges
                0x00000838       0x20 c:/program files/microchip/xc32/v2.40/bin/bin/../../lib/gcc/pic32c/6.2.1/../../../../pic32c/lib\libpic32c.a(_isatty.o)
 .debug_aranges
                0x00000858       0x20 c:/program files/microchip/xc32/v2.40/bin/bin/../../lib/gcc/pic32c/6.2.1/../../../../pic32c/lib\libpic32c.a(_lseek.o)
 .debug_aranges
                0x00000878       0x20 c:/program files/microchip/xc32/v2.40/bin/bin/../../lib/gcc/pic32c/6.2.1/../../../../pic32c/lib\libpic32c.a(_read.o)
 .debug_aranges
                0x00000898       0x20 c:/program files/microchip/xc32/v2.40/bin/bin/../../lib/gcc/pic32c/6.2.1/../../../../pic32c/lib\libpic32c.a(sbrk.o)
 .debug_aranges
                0x000008b8       0x20 c:/program files/microchip/xc32/v2.40/bin/bin/../../lib/gcc/pic32c/6.2.1/../../../../pic32c/lib\libpic32c.a(_write.o)
 .debug_aranges
                0x000008d8       0x20 c:/program files/microchip/xc32/v2.40/bin/bin/../../lib/gcc/pic32c/6.2.1/../../../../pic32c/lib\libpic32c.a(close.o)
 .debug_aranges
                0x000008f8       0x20 c:/program files/microchip/xc32/v2.40/bin/bin/../../lib/gcc/pic32c/6.2.1/../../../../pic32c/lib\libpic32c.a(fstat.o)
 .debug_aranges
                0x00000918       0x20 c:/program files/microchip/xc32/v2.40/bin/bin/../../lib/gcc/pic32c/6.2.1/../../../../pic32c/lib\libpic32c.a(isatty.o)
 .debug_aranges
                0x00000938       0x20 c:/program files/microchip/xc32/v2.40/bin/bin/../../lib/gcc/pic32c/6.2.1/../../../../pic32c/lib\libpic32c.a(lseek.o)
 .debug_aranges
                0x00000958       0x20 c:/program files/microchip/xc32/v2.40/bin/bin/../../lib/gcc/pic32c/6.2.1/../../../../pic32c/lib\libpic32c.a(read.o)
 .debug_aranges
                0x00000978       0x20 c:/program files/microchip/xc32/v2.40/bin/bin/../../lib/gcc/pic32c/6.2.1/../../../../pic32c/lib\libpic32c.a(write.o)
 .debug_aranges
                0x00000998       0x20 c:/program files/microchip/xc32/v2.40/bin/bin/../../lib/gcc/pic32c/6.2.1/../../../../pic32c/lib\libpic32c.a(_mon_getc.o)
 .debug_aranges
                0x000009b8       0x20 c:/program files/microchip/xc32/v2.40/bin/bin/../../lib/gcc/pic32c/6.2.1\libgcc.a(_divsi3.o)
 .debug_aranges
                0x000009d8       0x20 c:/program files/microchip/xc32/v2.40/bin/bin/../../lib/gcc/pic32c/6.2.1\libgcc.a(_arm_cmpdf2.o)
 .debug_aranges
                0x000009f8       0x20 c:/program files/microchip/xc32/v2.40/bin/bin/../../lib/gcc/pic32c/6.2.1\libgcc.a(adddf3.o)
 .debug_aranges
                0x00000a18       0x20 c:/program files/microchip/xc32/v2.40/bin/bin/../../lib/gcc/pic32c/6.2.1\libgcc.a(divdf3.o)
 .debug_aranges
                0x00000a38       0x20 c:/program files/microchip/xc32/v2.40/bin/bin/../../lib/gcc/pic32c/6.2.1\libgcc.a(eqdf2.o)
 .debug_aranges
                0x00000a58       0x20 c:/program files/microchip/xc32/v2.40/bin/bin/../../lib/gcc/pic32c/6.2.1\libgcc.a(gedf2.o)
 .debug_aranges
                0x00000a78       0x20 c:/program files/microchip/xc32/v2.40/bin/bin/../../lib/gcc/pic32c/6.2.1\libgcc.a(ledf2.o)
 .debug_aranges
                0x00000a98       0x20 c:/program files/microchip/xc32/v2.40/bin/bin/../../lib/gcc/pic32c/6.2.1\libgcc.a(muldf3.o)
 .debug_aranges
                0x00000ab8       0x20 c:/program files/microchip/xc32/v2.40/bin/bin/../../lib/gcc/pic32c/6.2.1\libgcc.a(subdf3.o)
 .debug_aranges
                0x00000ad8       0x20 c:/program files/microchip/xc32/v2.40/bin/bin/../../lib/gcc/pic32c/6.2.1\libgcc.a(unorddf2.o)
 .debug_aranges
                0x00000af8       0x20 c:/program files/microchip/xc32/v2.40/bin/bin/../../lib/gcc/pic32c/6.2.1\libgcc.a(fixdfsi.o)
 .debug_aranges
                0x00000b18       0x20 c:/program files/microchip/xc32/v2.40/bin/bin/../../lib/gcc/pic32c/6.2.1\libgcc.a(floatsidf.o)
 .debug_aranges
                0x00000b38       0x20 c:/program files/microchip/xc32/v2.40/bin/bin/../../lib/gcc/pic32c/6.2.1\libgcc.a(floatunsidf.o)
 .debug_aranges
                0x00000b58       0x20 c:/program files/microchip/xc32/v2.40/bin/bin/../../lib/gcc/pic32c/6.2.1\libgcc.a(_thumb1_case_uhi.o)

.debug_ranges   0x00000000     0x11d0
 .debug_ranges  0x00000000       0x18 build/default/production/Source/startup_atsamc21a.o
 .debug_ranges  0x00000018       0x10 build/default/production/Source/main.o
 .debug_ranges  0x00000028       0x60 build/default/production/Source/system.o
 .debug_ranges  0x00000088       0x10 build/default/production/Source/port.o
 .debug_ranges  0x00000098       0x40 build/default/production/Source/uart.o
 .debug_ranges  0x000000d8       0x28 build/default/production/Source/analog.o
 .debug_ranges  0x00000100       0x20 build/default/production/Source/systick.o
 .debug_ranges  0x00000120       0x10 c:/program files/microchip/xc32/v2.40/bin/bin/../../lib/gcc/pic32c/6.2.1/../../../../pic32c/lib\libpic32c.a(data_init.o)
 .debug_ranges  0x00000130       0x10 c:/program files/microchip/xc32/v2.40/bin/bin/../../lib/gcc/pic32c/6.2.1/../../../../pic32c/lib\libc_nano.a(lib_a-init.o)
 .debug_ranges  0x00000140       0x30 c:/program files/microchip/xc32/v2.40/bin/bin/../../lib/gcc/pic32c/6.2.1/../../../../pic32c/lib\libc_nano.a(lib_a-locale.o)
 .debug_ranges  0x00000170       0x18 c:/program files/microchip/xc32/v2.40/bin/bin/../../lib/gcc/pic32c/6.2.1/../../../../pic32c/lib\libc_nano.a(lib_a-mbtowc_r.o)
 .debug_ranges  0x00000188       0x10 c:/program files/microchip/xc32/v2.40/bin/bin/../../lib/gcc/pic32c/6.2.1/../../../../pic32c/lib\libc_nano.a(lib_a-memcpy-stub.o)
 .debug_ranges  0x00000198       0x10 c:/program files/microchip/xc32/v2.40/bin/bin/../../lib/gcc/pic32c/6.2.1/../../../../pic32c/lib\libc_nano.a(lib_a-memset.o)
 .debug_ranges  0x000001a8      0x1b0 c:/program files/microchip/xc32/v2.40/bin/bin/../../lib/gcc/pic32c/6.2.1/../../../../pic32c/lib\libc_nano.a(_lib_a-nano-vfprintf.cdeEfFgGnopsuxX.o)
 .debug_ranges  0x00000358       0x90 c:/program files/microchip/xc32/v2.40/bin/bin/../../lib/gcc/pic32c/6.2.1/../../../../pic32c/lib\libc_nano.a(lib_a-nano-vfprintf_i.o)
 .debug_ranges  0x000003e8       0x70 c:/program files/microchip/xc32/v2.40/bin/bin/../../lib/gcc/pic32c/6.2.1/../../../../pic32c/lib\libc_nano.a(lib_a-puts.o)
 .debug_ranges  0x00000458       0x30 c:/program files/microchip/xc32/v2.40/bin/bin/../../lib/gcc/pic32c/6.2.1/../../../../pic32c/lib\libc_nano.a(lib_a-wbuf.o)
 .debug_ranges  0x00000488       0x18 c:/program files/microchip/xc32/v2.40/bin/bin/../../lib/gcc/pic32c/6.2.1/../../../../pic32c/lib\libc_nano.a(lib_a-wctomb_r.o)
 .debug_ranges  0x000004a0       0x38 c:/program files/microchip/xc32/v2.40/bin/bin/../../lib/gcc/pic32c/6.2.1/../../../../pic32c/lib\libc_nano.a(lib_a-wsetup.o)
 .debug_ranges  0x000004d8       0x30 c:/program files/microchip/xc32/v2.40/bin/bin/../../lib/gcc/pic32c/6.2.1/../../../../pic32c/lib\libc_nano.a(lib_a-dtoa.o)
 .debug_ranges  0x00000508       0x68 c:/program files/microchip/xc32/v2.40/bin/bin/../../lib/gcc/pic32c/6.2.1/../../../../pic32c/lib\libc_nano.a(lib_a-fflush.o)
 .debug_ranges  0x00000570       0x38 c:/program files/microchip/xc32/v2.40/bin/bin/../../lib/gcc/pic32c/6.2.1/../../../../pic32c/lib\libc_nano.a(lib_a-findfp.o)
 .debug_ranges  0x000005a8       0x18 c:/program files/microchip/xc32/v2.40/bin/bin/../../lib/gcc/pic32c/6.2.1/../../../../pic32c/lib\libc_nano.a(lib_a-fwalk.o)
 .debug_ranges  0x000005c0       0x20 c:/program files/microchip/xc32/v2.40/bin/bin/../../lib/gcc/pic32c/6.2.1/../../../../pic32c/lib\libc_nano.a(lib_a-localeconv.o)
 .debug_ranges  0x000005e0       0x30 c:/program files/microchip/xc32/v2.40/bin/bin/../../lib/gcc/pic32c/6.2.1/../../../../pic32c/lib\libc_nano.a(lib_a-makebuf.o)
 .debug_ranges  0x00000610       0x18 c:/program files/microchip/xc32/v2.40/bin/bin/../../lib/gcc/pic32c/6.2.1/../../../../pic32c/lib\libc_nano.a(lib_a-malloc.o)
 .debug_ranges  0x00000628       0xd0 c:/program files/microchip/xc32/v2.40/bin/bin/../../lib/gcc/pic32c/6.2.1/../../../../pic32c/lib\libc_nano.a(lib_a-mprec.o)
 .debug_ranges  0x000006f8       0x10 c:/program files/microchip/xc32/v2.40/bin/bin/../../lib/gcc/pic32c/6.2.1/../../../../pic32c/lib\libc_nano.a(lib_a-nano-callocr.o)
 .debug_ranges  0x00000708       0x28 c:/program files/microchip/xc32/v2.40/bin/bin/../../lib/gcc/pic32c/6.2.1/../../../../pic32c/lib\libc_nano.a(lib_a-nano-freer.o)
 .debug_ranges  0x00000730       0x60 c:/program files/microchip/xc32/v2.40/bin/bin/../../lib/gcc/pic32c/6.2.1/../../../../pic32c/lib\libc_nano.a(lib_a-nano-mallocr.o)
 .debug_ranges  0x00000790       0x10 c:/program files/microchip/xc32/v2.40/bin/bin/../../lib/gcc/pic32c/6.2.1/../../../../pic32c/lib\libc_nano.a(lib_a-sbrkr.o)
 .debug_ranges  0x000007a0       0x30 c:/program files/microchip/xc32/v2.40/bin/bin/../../lib/gcc/pic32c/6.2.1/../../../../pic32c/lib\libc_nano.a(lib_a-stdio.o)
 .debug_ranges  0x000007d0       0x10 c:/program files/microchip/xc32/v2.40/bin/bin/../../lib/gcc/pic32c/6.2.1/../../../../pic32c/lib\libc_nano.a(lib_a-writer.o)
 .debug_ranges  0x000007e0       0x10 c:/program files/microchip/xc32/v2.40/bin/bin/../../lib/gcc/pic32c/6.2.1/../../../../pic32c/lib\libc_nano.a(lib_a-closer.o)
 .debug_ranges  0x000007f0       0x10 c:/program files/microchip/xc32/v2.40/bin/bin/../../lib/gcc/pic32c/6.2.1/../../../../pic32c/lib\libc_nano.a(lib_a-fstatr.o)
 .debug_ranges  0x00000800       0x10 c:/program files/microchip/xc32/v2.40/bin/bin/../../lib/gcc/pic32c/6.2.1/../../../../pic32c/lib\libc_nano.a(lib_a-isattyr.o)
 .debug_ranges  0x00000810       0x10 c:/program files/microchip/xc32/v2.40/bin/bin/../../lib/gcc/pic32c/6.2.1/../../../../pic32c/lib\libc_nano.a(lib_a-lseekr.o)
 .debug_ranges  0x00000820       0x10 c:/program files/microchip/xc32/v2.40/bin/bin/../../lib/gcc/pic32c/6.2.1/../../../../pic32c/lib\libc_nano.a(lib_a-mlock.o)
 .debug_ranges  0x00000830       0x10 c:/program files/microchip/xc32/v2.40/bin/bin/../../lib/gcc/pic32c/6.2.1/../../../../pic32c/lib\libc_nano.a(lib_a-readr.o)
 .debug_ranges  0x00000840       0x48 c:/program files/microchip/xc32/v2.40/bin/bin/../../lib/gcc/pic32c/6.2.1/../../../../pic32c/lib\libc_nano.a(lib_a-reent.o)
 .debug_ranges  0x00000888       0x10 c:/program files/microchip/xc32/v2.40/bin/bin/../../lib/gcc/pic32c/6.2.1/../../../../pic32c/lib\libpic32c.a(_close.o)
 .debug_ranges  0x00000898       0x10 c:/program files/microchip/xc32/v2.40/bin/bin/../../lib/gcc/pic32c/6.2.1/../../../../pic32c/lib\libpic32c.a(_fstat.o)
 .debug_ranges  0x000008a8       0x10 c:/program files/microchip/xc32/v2.40/bin/bin/../../lib/gcc/pic32c/6.2.1/../../../../pic32c/lib\libpic32c.a(_isatty.o)
 .debug_ranges  0x000008b8       0x10 c:/program files/microchip/xc32/v2.40/bin/bin/../../lib/gcc/pic32c/6.2.1/../../../../pic32c/lib\libpic32c.a(_lseek.o)
 .debug_ranges  0x000008c8       0x10 c:/program files/microchip/xc32/v2.40/bin/bin/../../lib/gcc/pic32c/6.2.1/../../../../pic32c/lib\libpic32c.a(_read.o)
 .debug_ranges  0x000008d8       0x10 c:/program files/microchip/xc32/v2.40/bin/bin/../../lib/gcc/pic32c/6.2.1/../../../../pic32c/lib\libpic32c.a(sbrk.o)
 .debug_ranges  0x000008e8       0x10 c:/program files/microchip/xc32/v2.40/bin/bin/../../lib/gcc/pic32c/6.2.1/../../../../pic32c/lib\libpic32c.a(_write.o)
 .debug_ranges  0x000008f8       0x10 c:/program files/microchip/xc32/v2.40/bin/bin/../../lib/gcc/pic32c/6.2.1/../../../../pic32c/lib\libpic32c.a(close.o)
 .debug_ranges  0x00000908       0x10 c:/program files/microchip/xc32/v2.40/bin/bin/../../lib/gcc/pic32c/6.2.1/../../../../pic32c/lib\libpic32c.a(fstat.o)
 .debug_ranges  0x00000918       0x10 c:/program files/microchip/xc32/v2.40/bin/bin/../../lib/gcc/pic32c/6.2.1/../../../../pic32c/lib\libpic32c.a(isatty.o)
 .debug_ranges  0x00000928       0x10 c:/program files/microchip/xc32/v2.40/bin/bin/../../lib/gcc/pic32c/6.2.1/../../../../pic32c/lib\libpic32c.a(lseek.o)
 .debug_ranges  0x00000938       0x10 c:/program files/microchip/xc32/v2.40/bin/bin/../../lib/gcc/pic32c/6.2.1/../../../../pic32c/lib\libpic32c.a(read.o)
 .debug_ranges  0x00000948       0x10 c:/program files/microchip/xc32/v2.40/bin/bin/../../lib/gcc/pic32c/6.2.1/../../../../pic32c/lib\libpic32c.a(write.o)
 .debug_ranges  0x00000958       0x10 c:/program files/microchip/xc32/v2.40/bin/bin/../../lib/gcc/pic32c/6.2.1/../../../../pic32c/lib\libpic32c.a(_mon_getc.o)
 .debug_ranges  0x00000968      0x1b0 c:/program files/microchip/xc32/v2.40/bin/bin/../../lib/gcc/pic32c/6.2.1\libgcc.a(adddf3.o)
 .debug_ranges  0x00000b18      0x178 c:/program files/microchip/xc32/v2.40/bin/bin/../../lib/gcc/pic32c/6.2.1\libgcc.a(divdf3.o)
 .debug_ranges  0x00000c90       0x50 c:/program files/microchip/xc32/v2.40/bin/bin/../../lib/gcc/pic32c/6.2.1\libgcc.a(eqdf2.o)
 .debug_ranges  0x00000ce0       0x30 c:/program files/microchip/xc32/v2.40/bin/bin/../../lib/gcc/pic32c/6.2.1\libgcc.a(gedf2.o)
 .debug_ranges  0x00000d10       0x48 c:/program files/microchip/xc32/v2.40/bin/bin/../../lib/gcc/pic32c/6.2.1\libgcc.a(ledf2.o)
 .debug_ranges  0x00000d58      0x1d0 c:/program files/microchip/xc32/v2.40/bin/bin/../../lib/gcc/pic32c/6.2.1\libgcc.a(muldf3.o)
 .debug_ranges  0x00000f28      0x1b8 c:/program files/microchip/xc32/v2.40/bin/bin/../../lib/gcc/pic32c/6.2.1\libgcc.a(subdf3.o)
 .debug_ranges  0x000010e0       0x40 c:/program files/microchip/xc32/v2.40/bin/bin/../../lib/gcc/pic32c/6.2.1\libgcc.a(unorddf2.o)
 .debug_ranges  0x00001120       0x18 c:/program files/microchip/xc32/v2.40/bin/bin/../../lib/gcc/pic32c/6.2.1\libgcc.a(fixdfsi.o)
 .debug_ranges  0x00001138       0x50 c:/program files/microchip/xc32/v2.40/bin/bin/../../lib/gcc/pic32c/6.2.1\libgcc.a(floatsidf.o)
 .debug_ranges  0x00001188       0x48 c:/program files/microchip/xc32/v2.40/bin/bin/../../lib/gcc/pic32c/6.2.1\libgcc.a(floatunsidf.o)

.debug_line     0x00000000     0x8c56
 .debug_line    0x00000000      0x1ce build/default/production/Source/startup_atsamc21a.o
 .debug_line    0x000001ce      0x22f build/default/production/Source/main.o
 .debug_line    0x000003fd      0x389 build/default/production/Source/system.o
 .debug_line    0x00000786      0x168 build/default/production/Source/port.o
 .debug_line    0x000008ee      0x354 build/default/production/Source/uart.o
 .debug_line    0x00000c42      0x21e build/default/production/Source/analog.o
 .debug_line    0x00000e60      0x1ce build/default/production/Source/systick.o
 .debug_line    0x0000102e       0xe3 c:/program files/microchip/xc32/v2.40/bin/bin/../../lib/gcc/pic32c/6.2.1/../../../../pic32c/lib\libpic32c.a(data_init.o)
 .debug_line    0x00001111       0xb3 c:/program files/microchip/xc32/v2.40/bin/bin/../../lib/gcc/pic32c/6.2.1\libgcc.a(_udivsi3.o)
 .debug_line    0x000011c4       0x9c c:/program files/microchip/xc32/v2.40/bin/bin/../../lib/gcc/pic32c/6.2.1\libgcc.a(_dvmd_tls.o)
 .debug_line    0x00001260       0xa4 c:/program files/microchip/xc32/v2.40/bin/bin/../../lib/gcc/pic32c/6.2.1\libgcc.a(_thumb1_case_uqi.o)
 .debug_line    0x00001304       0xb0 c:/program files/microchip/xc32/v2.40/bin/bin/../../lib/gcc/pic32c/6.2.1\libgcc.a(_clzsi2.o)
 .debug_line    0x000013b4      0x17e c:/program files/microchip/xc32/v2.40/bin/bin/../../lib/gcc/pic32c/6.2.1/../../../../pic32c/lib\libc_nano.a(lib_a-impure.o)
 .debug_line    0x00001532      0x118 c:/program files/microchip/xc32/v2.40/bin/bin/../../lib/gcc/pic32c/6.2.1/../../../../pic32c/lib\libc_nano.a(lib_a-init.o)
 .debug_line    0x0000164a      0x32f c:/program files/microchip/xc32/v2.40/bin/bin/../../lib/gcc/pic32c/6.2.1/../../../../pic32c/lib\libc_nano.a(lib_a-locale.o)
 .debug_line    0x00001979      0x2d9 c:/program files/microchip/xc32/v2.40/bin/bin/../../lib/gcc/pic32c/6.2.1/../../../../pic32c/lib\libc_nano.a(lib_a-mbtowc_r.o)
 .debug_line    0x00001c52      0x21c c:/program files/microchip/xc32/v2.40/bin/bin/../../lib/gcc/pic32c/6.2.1/../../../../pic32c/lib\libc_nano.a(lib_a-memcpy-stub.o)
 .debug_line    0x00001e6e      0x2ad c:/program files/microchip/xc32/v2.40/bin/bin/../../lib/gcc/pic32c/6.2.1/../../../../pic32c/lib\libc_nano.a(lib_a-memset.o)
 .debug_line    0x0000211b      0x59a c:/program files/microchip/xc32/v2.40/bin/bin/../../lib/gcc/pic32c/6.2.1/../../../../pic32c/lib\libc_nano.a(_lib_a-nano-vfprintf.cdeEfFgGnopsuxX.o)
 .debug_line    0x000026b5      0x490 c:/program files/microchip/xc32/v2.40/bin/bin/../../lib/gcc/pic32c/6.2.1/../../../../pic32c/lib\libc_nano.a(lib_a-nano-vfprintf_i.o)
 .debug_line    0x00002b45      0x2a6 c:/program files/microchip/xc32/v2.40/bin/bin/../../lib/gcc/pic32c/6.2.1/../../../../pic32c/lib\libc_nano.a(lib_a-puts.o)
 .debug_line    0x00002deb       0xb1 c:/program files/microchip/xc32/v2.40/bin/bin/../../lib/gcc/pic32c/6.2.1/../../../../pic32c/lib\libc_nano.a(lib_a-strlen.o)
 .debug_line    0x00002e9c      0x27d c:/program files/microchip/xc32/v2.40/bin/bin/../../lib/gcc/pic32c/6.2.1/../../../../pic32c/lib\libc_nano.a(lib_a-wbuf.o)
 .debug_line    0x00003119      0x2cf c:/program files/microchip/xc32/v2.40/bin/bin/../../lib/gcc/pic32c/6.2.1/../../../../pic32c/lib\libc_nano.a(lib_a-wctomb_r.o)
 .debug_line    0x000033e8      0x26c c:/program files/microchip/xc32/v2.40/bin/bin/../../lib/gcc/pic32c/6.2.1/../../../../pic32c/lib\libc_nano.a(lib_a-wsetup.o)
 .debug_line    0x00003654      0x21e c:/program files/microchip/xc32/v2.40/bin/bin/../../lib/gcc/pic32c/6.2.1/../../../../pic32c/lib\libc_nano.a(lib_a-ctype_.o)
 .debug_line    0x00003872      0x65e c:/program files/microchip/xc32/v2.40/bin/bin/../../lib/gcc/pic32c/6.2.1/../../../../pic32c/lib\libc_nano.a(lib_a-dtoa.o)
 .debug_line    0x00003ed0      0x2d3 c:/program files/microchip/xc32/v2.40/bin/bin/../../lib/gcc/pic32c/6.2.1/../../../../pic32c/lib\libc_nano.a(lib_a-fflush.o)
 .debug_line    0x000041a3      0x315 c:/program files/microchip/xc32/v2.40/bin/bin/../../lib/gcc/pic32c/6.2.1/../../../../pic32c/lib\libc_nano.a(lib_a-findfp.o)
 .debug_line    0x000044b8      0x269 c:/program files/microchip/xc32/v2.40/bin/bin/../../lib/gcc/pic32c/6.2.1/../../../../pic32c/lib\libc_nano.a(lib_a-fwalk.o)
 .debug_line    0x00004721      0x268 c:/program files/microchip/xc32/v2.40/bin/bin/../../lib/gcc/pic32c/6.2.1/../../../../pic32c/lib\libc_nano.a(lib_a-localeconv.o)
 .debug_line    0x00004989      0x328 c:/program files/microchip/xc32/v2.40/bin/bin/../../lib/gcc/pic32c/6.2.1/../../../../pic32c/lib\libc_nano.a(lib_a-makebuf.o)
 .debug_line    0x00004cb1      0x224 c:/program files/microchip/xc32/v2.40/bin/bin/../../lib/gcc/pic32c/6.2.1/../../../../pic32c/lib\libc_nano.a(lib_a-malloc.o)
 .debug_line    0x00004ed5      0x6f2 c:/program files/microchip/xc32/v2.40/bin/bin/../../lib/gcc/pic32c/6.2.1/../../../../pic32c/lib\libc_nano.a(lib_a-mprec.o)
 .debug_line    0x000055c7      0x219 c:/program files/microchip/xc32/v2.40/bin/bin/../../lib/gcc/pic32c/6.2.1/../../../../pic32c/lib\libc_nano.a(lib_a-nano-callocr.o)
 .debug_line    0x000057e0      0x1d4 c:/program files/microchip/xc32/v2.40/bin/bin/../../lib/gcc/pic32c/6.2.1/../../../../pic32c/lib\libc_nano.a(lib_a-nano-freer.o)
 .debug_line    0x000059b4      0x259 c:/program files/microchip/xc32/v2.40/bin/bin/../../lib/gcc/pic32c/6.2.1/../../../../pic32c/lib\libc_nano.a(lib_a-nano-mallocr.o)
 .debug_line    0x00005c0d      0x214 c:/program files/microchip/xc32/v2.40/bin/bin/../../lib/gcc/pic32c/6.2.1/../../../../pic32c/lib\libc_nano.a(lib_a-sbrkr.o)
 .debug_line    0x00005e21      0x2a3 c:/program files/microchip/xc32/v2.40/bin/bin/../../lib/gcc/pic32c/6.2.1/../../../../pic32c/lib\libc_nano.a(lib_a-stdio.o)
 .debug_line    0x000060c4      0x211 c:/program files/microchip/xc32/v2.40/bin/bin/../../lib/gcc/pic32c/6.2.1/../../../../pic32c/lib\libc_nano.a(lib_a-writer.o)
 .debug_line    0x000062d5      0x215 c:/program files/microchip/xc32/v2.40/bin/bin/../../lib/gcc/pic32c/6.2.1/../../../../pic32c/lib\libc_nano.a(lib_a-closer.o)
 .debug_line    0x000064ea      0x2c3 c:/program files/microchip/xc32/v2.40/bin/bin/../../lib/gcc/pic32c/6.2.1/../../../../pic32c/lib\libc_nano.a(lib_a-fstatr.o)
 .debug_line    0x000067ad      0x216 c:/program files/microchip/xc32/v2.40/bin/bin/../../lib/gcc/pic32c/6.2.1/../../../../pic32c/lib\libc_nano.a(lib_a-isattyr.o)
 .debug_line    0x000069c3      0x211 c:/program files/microchip/xc32/v2.40/bin/bin/../../lib/gcc/pic32c/6.2.1/../../../../pic32c/lib\libc_nano.a(lib_a-lseekr.o)
 .debug_line    0x00006bd4      0x18e c:/program files/microchip/xc32/v2.40/bin/bin/../../lib/gcc/pic32c/6.2.1/../../../../pic32c/lib\libc_nano.a(lib_a-mlock.o)
 .debug_line    0x00006d62      0x210 c:/program files/microchip/xc32/v2.40/bin/bin/../../lib/gcc/pic32c/6.2.1/../../../../pic32c/lib\libc_nano.a(lib_a-readr.o)
 .debug_line    0x00006f72      0x23f c:/program files/microchip/xc32/v2.40/bin/bin/../../lib/gcc/pic32c/6.2.1/../../../../pic32c/lib\libc_nano.a(lib_a-reent.o)
 .debug_line    0x000071b1       0x9d c:/program files/microchip/xc32/v2.40/bin/bin/../../lib/gcc/pic32c/6.2.1/../../../../pic32c/lib\libpic32c.a(_close.o)
 .debug_line    0x0000724e       0x9d c:/program files/microchip/xc32/v2.40/bin/bin/../../lib/gcc/pic32c/6.2.1/../../../../pic32c/lib\libpic32c.a(_fstat.o)
 .debug_line    0x000072eb       0x9e c:/program files/microchip/xc32/v2.40/bin/bin/../../lib/gcc/pic32c/6.2.1/../../../../pic32c/lib\libpic32c.a(_isatty.o)
 .debug_line    0x00007389       0x9d c:/program files/microchip/xc32/v2.40/bin/bin/../../lib/gcc/pic32c/6.2.1/../../../../pic32c/lib\libpic32c.a(_lseek.o)
 .debug_line    0x00007426       0x9c c:/program files/microchip/xc32/v2.40/bin/bin/../../lib/gcc/pic32c/6.2.1/../../../../pic32c/lib\libpic32c.a(_read.o)
 .debug_line    0x000074c2       0xa4 c:/program files/microchip/xc32/v2.40/bin/bin/../../lib/gcc/pic32c/6.2.1/../../../../pic32c/lib\libpic32c.a(sbrk.o)
 .debug_line    0x00007566       0x9d c:/program files/microchip/xc32/v2.40/bin/bin/../../lib/gcc/pic32c/6.2.1/../../../../pic32c/lib\libpic32c.a(_write.o)
 .debug_line    0x00007603       0x9b c:/program files/microchip/xc32/v2.40/bin/bin/../../lib/gcc/pic32c/6.2.1/../../../../pic32c/lib\libpic32c.a(close.o)
 .debug_line    0x0000769e      0x104 c:/program files/microchip/xc32/v2.40/bin/bin/../../lib/gcc/pic32c/6.2.1/../../../../pic32c/lib\libpic32c.a(fstat.o)
 .debug_line    0x000077a2       0x9c c:/program files/microchip/xc32/v2.40/bin/bin/../../lib/gcc/pic32c/6.2.1/../../../../pic32c/lib\libpic32c.a(isatty.o)
 .debug_line    0x0000783e       0x9b c:/program files/microchip/xc32/v2.40/bin/bin/../../lib/gcc/pic32c/6.2.1/../../../../pic32c/lib\libpic32c.a(lseek.o)
 .debug_line    0x000078d9       0xae c:/program files/microchip/xc32/v2.40/bin/bin/../../lib/gcc/pic32c/6.2.1/../../../../pic32c/lib\libpic32c.a(read.o)
 .debug_line    0x00007987       0xae c:/program files/microchip/xc32/v2.40/bin/bin/../../lib/gcc/pic32c/6.2.1/../../../../pic32c/lib\libpic32c.a(write.o)
 .debug_line    0x00007a35       0x9f c:/program files/microchip/xc32/v2.40/bin/bin/../../lib/gcc/pic32c/6.2.1/../../../../pic32c/lib\libpic32c.a(_mon_getc.o)
 .debug_line    0x00007ad4       0xc1 c:/program files/microchip/xc32/v2.40/bin/bin/../../lib/gcc/pic32c/6.2.1\libgcc.a(_divsi3.o)
 .debug_line    0x00007b95       0xb4 c:/program files/microchip/xc32/v2.40/bin/bin/../../lib/gcc/pic32c/6.2.1\libgcc.a(_arm_cmpdf2.o)
 .debug_line    0x00007c49      0x1c8 c:/program files/microchip/xc32/v2.40/bin/bin/../../lib/gcc/pic32c/6.2.1\libgcc.a(adddf3.o)
 .debug_line    0x00007e11      0x1a4 c:/program files/microchip/xc32/v2.40/bin/bin/../../lib/gcc/pic32c/6.2.1\libgcc.a(divdf3.o)
 .debug_line    0x00007fb5      0x14c c:/program files/microchip/xc32/v2.40/bin/bin/../../lib/gcc/pic32c/6.2.1\libgcc.a(eqdf2.o)
 .debug_line    0x00008101      0x14c c:/program files/microchip/xc32/v2.40/bin/bin/../../lib/gcc/pic32c/6.2.1\libgcc.a(gedf2.o)
 .debug_line    0x0000824d      0x14f c:/program files/microchip/xc32/v2.40/bin/bin/../../lib/gcc/pic32c/6.2.1\libgcc.a(ledf2.o)
 .debug_line    0x0000839c      0x182 c:/program files/microchip/xc32/v2.40/bin/bin/../../lib/gcc/pic32c/6.2.1\libgcc.a(muldf3.o)
 .debug_line    0x0000851e      0x1cd c:/program files/microchip/xc32/v2.40/bin/bin/../../lib/gcc/pic32c/6.2.1\libgcc.a(subdf3.o)
 .debug_line    0x000086eb      0x141 c:/program files/microchip/xc32/v2.40/bin/bin/../../lib/gcc/pic32c/6.2.1\libgcc.a(unorddf2.o)
 .debug_line    0x0000882c      0x12f c:/program files/microchip/xc32/v2.40/bin/bin/../../lib/gcc/pic32c/6.2.1\libgcc.a(fixdfsi.o)
 .debug_line    0x0000895b      0x12a c:/program files/microchip/xc32/v2.40/bin/bin/../../lib/gcc/pic32c/6.2.1\libgcc.a(floatsidf.o)
 .debug_line    0x00008a85      0x12c c:/program files/microchip/xc32/v2.40/bin/bin/../../lib/gcc/pic32c/6.2.1\libgcc.a(floatunsidf.o)
 .debug_line    0x00008bb1       0xa5 c:/program files/microchip/xc32/v2.40/bin/bin/../../lib/gcc/pic32c/6.2.1\libgcc.a(_thumb1_case_uhi.o)

.debug_str      0x00000000     0x1002
 .debug_str     0x00000000        0x0 build/default/production/Source/startup_atsamc21a.o
 .debug_str     0x00000000        0xe build/default/production/Source/main.o
 .debug_str     0x0000000e       0x1e build/default/production/Source/system.o
 .debug_str     0x0000002c        0x0 build/default/production/Source/port.o
 .debug_str     0x0000002c      0x107 build/default/production/Source/uart.o
 .debug_str     0x00000133        0x0 build/default/production/Source/analog.o
 .debug_str     0x00000133        0x0 build/default/production/Source/systick.o
 .debug_str     0x00000133        0x0 c:/program files/microchip/xc32/v2.40/bin/bin/../../lib/gcc/pic32c/6.2.1/../../../../pic32c/lib\libpic32c.a(data_init.o)
 .debug_str     0x00000133        0x9 c:/program files/microchip/xc32/v2.40/bin/bin/../../lib/gcc/pic32c/6.2.1/../../../../pic32c/lib\libc_nano.a(lib_a-impure.o)
 .debug_str     0x0000013c        0x0 c:/program files/microchip/xc32/v2.40/bin/bin/../../lib/gcc/pic32c/6.2.1/../../../../pic32c/lib\libc_nano.a(lib_a-init.o)
 .debug_str     0x0000013c      0x134 c:/program files/microchip/xc32/v2.40/bin/bin/../../lib/gcc/pic32c/6.2.1/../../../../pic32c/lib\libc_nano.a(lib_a-locale.o)
 .debug_str     0x00000270      0x114 c:/program files/microchip/xc32/v2.40/bin/bin/../../lib/gcc/pic32c/6.2.1/../../../../pic32c/lib\libc_nano.a(lib_a-mbtowc_r.o)
 .debug_str     0x00000384        0x9 c:/program files/microchip/xc32/v2.40/bin/bin/../../lib/gcc/pic32c/6.2.1/../../../../pic32c/lib\libc_nano.a(lib_a-memcpy-stub.o)
 .debug_str     0x0000038d      0x114 c:/program files/microchip/xc32/v2.40/bin/bin/../../lib/gcc/pic32c/6.2.1/../../../../pic32c/lib\libc_nano.a(lib_a-memset.o)
 .debug_str     0x000004a1      0x150 c:/program files/microchip/xc32/v2.40/bin/bin/../../lib/gcc/pic32c/6.2.1/../../../../pic32c/lib\libc_nano.a(_lib_a-nano-vfprintf.cdeEfFgGnopsuxX.o)
 .debug_str     0x000005f1      0x11b c:/program files/microchip/xc32/v2.40/bin/bin/../../lib/gcc/pic32c/6.2.1/../../../../pic32c/lib\libc_nano.a(lib_a-nano-vfprintf_i.o)
 .debug_str     0x0000070c       0x1f c:/program files/microchip/xc32/v2.40/bin/bin/../../lib/gcc/pic32c/6.2.1/../../../../pic32c/lib\libc_nano.a(lib_a-puts.o)
 .debug_str     0x0000072b       0x1f c:/program files/microchip/xc32/v2.40/bin/bin/../../lib/gcc/pic32c/6.2.1/../../../../pic32c/lib\libc_nano.a(lib_a-wbuf.o)
 .debug_str     0x0000074a      0x114 c:/program files/microchip/xc32/v2.40/bin/bin/../../lib/gcc/pic32c/6.2.1/../../../../pic32c/lib\libc_nano.a(lib_a-wctomb_r.o)
 .debug_str     0x0000085e       0x16 c:/program files/microchip/xc32/v2.40/bin/bin/../../lib/gcc/pic32c/6.2.1/../../../../pic32c/lib\libc_nano.a(lib_a-wsetup.o)
 .debug_str     0x00000874      0x114 c:/program files/microchip/xc32/v2.40/bin/bin/../../lib/gcc/pic32c/6.2.1/../../../../pic32c/lib\libc_nano.a(lib_a-ctype_.o)
 .debug_str     0x00000988      0x147 c:/program files/microchip/xc32/v2.40/bin/bin/../../lib/gcc/pic32c/6.2.1/../../../../pic32c/lib\libc_nano.a(lib_a-dtoa.o)
 .debug_str     0x00000acf       0x16 c:/program files/microchip/xc32/v2.40/bin/bin/../../lib/gcc/pic32c/6.2.1/../../../../pic32c/lib\libc_nano.a(lib_a-fflush.o)
 .debug_str     0x00000ae5       0x20 c:/program files/microchip/xc32/v2.40/bin/bin/../../lib/gcc/pic32c/6.2.1/../../../../pic32c/lib\libc_nano.a(lib_a-findfp.o)
 .debug_str     0x00000b05        0x9 c:/program files/microchip/xc32/v2.40/bin/bin/../../lib/gcc/pic32c/6.2.1/../../../../pic32c/lib\libc_nano.a(lib_a-fwalk.o)
 .debug_str     0x00000b0e      0x114 c:/program files/microchip/xc32/v2.40/bin/bin/../../lib/gcc/pic32c/6.2.1/../../../../pic32c/lib\libc_nano.a(lib_a-localeconv.o)
 .debug_str     0x00000c22       0x31 c:/program files/microchip/xc32/v2.40/bin/bin/../../lib/gcc/pic32c/6.2.1/../../../../pic32c/lib\libc_nano.a(lib_a-makebuf.o)
 .debug_str     0x00000c53       0x13 c:/program files/microchip/xc32/v2.40/bin/bin/../../lib/gcc/pic32c/6.2.1/../../../../pic32c/lib\libc_nano.a(lib_a-malloc.o)
 .debug_str     0x00000c66      0x11e c:/program files/microchip/xc32/v2.40/bin/bin/../../lib/gcc/pic32c/6.2.1/../../../../pic32c/lib\libc_nano.a(lib_a-mprec.o)
 .debug_str     0x00000d84       0x13 c:/program files/microchip/xc32/v2.40/bin/bin/../../lib/gcc/pic32c/6.2.1/../../../../pic32c/lib\libc_nano.a(lib_a-nano-callocr.o)
 .debug_str     0x00000d97       0x27 c:/program files/microchip/xc32/v2.40/bin/bin/../../lib/gcc/pic32c/6.2.1/../../../../pic32c/lib\libc_nano.a(lib_a-nano-freer.o)
 .debug_str     0x00000dbe       0x31 c:/program files/microchip/xc32/v2.40/bin/bin/../../lib/gcc/pic32c/6.2.1/../../../../pic32c/lib\libc_nano.a(lib_a-nano-mallocr.o)
 .debug_str     0x00000def        0x9 c:/program files/microchip/xc32/v2.40/bin/bin/../../lib/gcc/pic32c/6.2.1/../../../../pic32c/lib\libc_nano.a(lib_a-sbrkr.o)
 .debug_str     0x00000df8       0x2b c:/program files/microchip/xc32/v2.40/bin/bin/../../lib/gcc/pic32c/6.2.1/../../../../pic32c/lib\libc_nano.a(lib_a-stdio.o)
 .debug_str     0x00000e23       0x10 c:/program files/microchip/xc32/v2.40/bin/bin/../../lib/gcc/pic32c/6.2.1/../../../../pic32c/lib\libc_nano.a(lib_a-writer.o)
 .debug_str     0x00000e33       0x10 c:/program files/microchip/xc32/v2.40/bin/bin/../../lib/gcc/pic32c/6.2.1/../../../../pic32c/lib\libc_nano.a(lib_a-closer.o)
 .debug_str     0x00000e43        0x9 c:/program files/microchip/xc32/v2.40/bin/bin/../../lib/gcc/pic32c/6.2.1/../../../../pic32c/lib\libc_nano.a(lib_a-fstatr.o)
 .debug_str     0x00000e4c        0x9 c:/program files/microchip/xc32/v2.40/bin/bin/../../lib/gcc/pic32c/6.2.1/../../../../pic32c/lib\libc_nano.a(lib_a-isattyr.o)
 .debug_str     0x00000e55        0x9 c:/program files/microchip/xc32/v2.40/bin/bin/../../lib/gcc/pic32c/6.2.1/../../../../pic32c/lib\libc_nano.a(lib_a-lseekr.o)
 .debug_str     0x00000e5e        0x9 c:/program files/microchip/xc32/v2.40/bin/bin/../../lib/gcc/pic32c/6.2.1/../../../../pic32c/lib\libc_nano.a(lib_a-mlock.o)
 .debug_str     0x00000e67        0x9 c:/program files/microchip/xc32/v2.40/bin/bin/../../lib/gcc/pic32c/6.2.1/../../../../pic32c/lib\libc_nano.a(lib_a-readr.o)
 .debug_str     0x00000e70        0x9 c:/program files/microchip/xc32/v2.40/bin/bin/../../lib/gcc/pic32c/6.2.1/../../../../pic32c/lib\libc_nano.a(lib_a-reent.o)
 .debug_str     0x00000e79        0x0 c:/program files/microchip/xc32/v2.40/bin/bin/../../lib/gcc/pic32c/6.2.1/../../../../pic32c/lib\libpic32c.a(_close.o)
 .debug_str     0x00000e79        0x0 c:/program files/microchip/xc32/v2.40/bin/bin/../../lib/gcc/pic32c/6.2.1/../../../../pic32c/lib\libpic32c.a(_fstat.o)
 .debug_str     0x00000e79        0x0 c:/program files/microchip/xc32/v2.40/bin/bin/../../lib/gcc/pic32c/6.2.1/../../../../pic32c/lib\libpic32c.a(_isatty.o)
 .debug_str     0x00000e79        0x0 c:/program files/microchip/xc32/v2.40/bin/bin/../../lib/gcc/pic32c/6.2.1/../../../../pic32c/lib\libpic32c.a(_lseek.o)
 .debug_str     0x00000e79        0x0 c:/program files/microchip/xc32/v2.40/bin/bin/../../lib/gcc/pic32c/6.2.1/../../../../pic32c/lib\libpic32c.a(_read.o)
 .debug_str     0x00000e79        0x0 c:/program files/microchip/xc32/v2.40/bin/bin/../../lib/gcc/pic32c/6.2.1/../../../../pic32c/lib\libpic32c.a(sbrk.o)
 .debug_str     0x00000e79        0x0 c:/program files/microchip/xc32/v2.40/bin/bin/../../lib/gcc/pic32c/6.2.1/../../../../pic32c/lib\libpic32c.a(_write.o)
 .debug_str     0x00000e79        0x0 c:/program files/microchip/xc32/v2.40/bin/bin/../../lib/gcc/pic32c/6.2.1/../../../../pic32c/lib\libpic32c.a(close.o)
 .debug_str     0x00000e79        0x0 c:/program files/microchip/xc32/v2.40/bin/bin/../../lib/gcc/pic32c/6.2.1/../../../../pic32c/lib\libpic32c.a(fstat.o)
 .debug_str     0x00000e79        0x0 c:/program files/microchip/xc32/v2.40/bin/bin/../../lib/gcc/pic32c/6.2.1/../../../../pic32c/lib\libpic32c.a(isatty.o)
 .debug_str     0x00000e79        0x0 c:/program files/microchip/xc32/v2.40/bin/bin/../../lib/gcc/pic32c/6.2.1/../../../../pic32c/lib\libpic32c.a(lseek.o)