Archive member included to satisfy reference by file (symbol)

c:/program files/microchip/xc32/v4.45/bin/bin/../../lib/gcc/pic32c/8.3.1/../../../../pic32c/lib/thumb/v6-m/nofp\libpic32c.a(data_init.o)
                              build/default/production/Source/startup_atsamc21a.o (__pic32c_data_initialization)
c:/program files/microchip/xc32/v4.45/bin/bin/../../lib/gcc/pic32c/8.3.1/../../../../pic32c/lib/thumb/v6-m/nofp\libc-size-musl.a(strlen.o)
                              build/default/production/Source/uart.o (strlen)
c:/program files/microchip/xc32/v4.45/bin/bin/../../lib/gcc/pic32c/8.3.1/../../../../pic32c/lib/thumb/v6-m/nofp\libc-size-musl.a(strncmp.o)
                              build/default/production/Source/uart.o (strncmp)
c:/program files/microchip/xc32/v4.45/bin/bin/../../lib/gcc/pic32c/8.3.1/../../../../pic32c/lib/thumb/v6-m/nofp\libc-size-musl.a(strncpy.o)
                              build/default/production/Source/uart.o (strncpy)
c:/program files/microchip/xc32/v4.45/bin/bin/../../lib/gcc/pic32c/8.3.1/../../../../pic32c/lib/thumb/v6-m/nofp\libc-size-musl.a(stpncpy.o)
                              c:/program files/microchip/xc32/v4.45/bin/bin/../../lib/gcc/pic32c/8.3.1/../../../../pic32c/lib/thumb/v6-m/nofp\libc-size-musl.a(strncpy.o) (__stpncpy)
c:/program files/microchip/xc32/v4.45/bin/bin/../../lib/gcc/pic32c/8.3.1/../../../../pic32c/lib/thumb/v6-m/nofp\libc-musl.a(__libc_start_main.o)
                              build/default/production/Source/startup_atsamc21a.o (__libc_init_array)
c:/program files/microchip/xc32/v4.45/bin/bin/../../lib/gcc/pic32c/8.3.1/../../../../pic32c/lib/thumb/v6-m/nofp\libc-musl.a(libc.o)
                              c:/program files/microchip/xc32/v4.45/bin/bin/../../lib/gcc/pic32c/8.3.1/../../../../pic32c/lib/thumb/v6-m/nofp\libc-musl.a(__libc_start_main.o) (__progname_full)
c:/program files/microchip/xc32/v4.45/bin/bin/../../lib/gcc/pic32c/8.3.1/../../../../pic32c/lib/thumb/v6-m/nofp\libc-musl.a(puts.o)
                              build/default/production/Source/uart.o (puts)
c:/program files/microchip/xc32/v4.45/bin/bin/../../lib/gcc/pic32c/8.3.1/../../../../pic32c/lib/thumb/v6-m/nofp\libc-musl.a(__environ.o)
                              c:/program files/microchip/xc32/v4.45/bin/bin/../../lib/gcc/pic32c/8.3.1/../../../../pic32c/lib/thumb/v6-m/nofp\libc-musl.a(__libc_start_main.o) (__environ)
c:/program files/microchip/xc32/v4.45/bin/bin/../../lib/gcc/pic32c/8.3.1/../../../../pic32c/lib/thumb/v6-m/nofp\libc-musl.a(fputs.o)
                              c:/program files/microchip/xc32/v4.45/bin/bin/../../lib/gcc/pic32c/8.3.1/../../../../pic32c/lib/thumb/v6-m/nofp\libc-musl.a(puts.o) (fputs)
c:/program files/microchip/xc32/v4.45/bin/bin/../../lib/gcc/pic32c/8.3.1/../../../../pic32c/lib/thumb/v6-m/nofp\libc-musl.a(fwrite.o)
                              c:/program files/microchip/xc32/v4.45/bin/bin/../../lib/gcc/pic32c/8.3.1/../../../../pic32c/lib/thumb/v6-m/nofp\libc-musl.a(fputs.o) (fwrite)
c:/program files/microchip/xc32/v4.45/bin/bin/../../lib/gcc/pic32c/8.3.1/../../../../pic32c/lib/thumb/v6-m/nofp\libc-musl.a(putc.o)
                              c:/program files/microchip/xc32/v4.45/bin/bin/../../lib/gcc/pic32c/8.3.1/../../../../pic32c/lib/thumb/v6-m/nofp\libc-musl.a(puts.o) (putc_unlocked)
c:/program files/microchip/xc32/v4.45/bin/bin/../../lib/gcc/pic32c/8.3.1/../../../../pic32c/lib/thumb/v6-m/nofp\libc-musl.a(stdout.o)
                              c:/program files/microchip/xc32/v4.45/bin/bin/../../lib/gcc/pic32c/8.3.1/../../../../pic32c/lib/thumb/v6-m/nofp\libc-musl.a(puts.o) (_stdout)
c:/program files/microchip/xc32/v4.45/bin/bin/../../lib/gcc/pic32c/8.3.1/../../../../pic32c/lib/thumb/v6-m/nofp\libc-musl.a(__io_init_needed.o)
                              c:/program files/microchip/xc32/v4.45/bin/bin/../../lib/gcc/pic32c/8.3.1/../../../../pic32c/lib/thumb/v6-m/nofp\libc-musl.a(stdout.o) (__io_init_needed)
c:/program files/microchip/xc32/v4.45/bin/bin/../../lib/gcc/pic32c/8.3.1/../../../../pic32c/lib/thumb/v6-m/nofp\libc-musl.a(__out.o)
                              c:/program files/microchip/xc32/v4.45/bin/bin/../../lib/gcc/pic32c/8.3.1/../../../../pic32c/lib/thumb/v6-m/nofp\libc-musl.a(putc.o) (__out_needed)
c:/program files/microchip/xc32/v4.45/bin/bin/../../lib/gcc/pic32c/8.3.1/../../../../pic32c/lib/thumb/v6-m/nofp\libc-musl.a(__init_stdio.o)
                              c:/program files/microchip/xc32/v4.45/bin/bin/../../lib/gcc/pic32c/8.3.1/../../../../pic32c/lib/thumb/v6-m/nofp\libc-musl.a(__io_init_needed.o) (__init_stdio_needed)
c:/program files/microchip/xc32/v4.45/bin/bin/../../lib/gcc/pic32c/8.3.1/../../../../pic32c/lib/thumb/v6-m/nofp\libc-musl.a(__io_file_needed.o)
                              c:/program files/microchip/xc32/v4.45/bin/bin/../../lib/gcc/pic32c/8.3.1/../../../../pic32c/lib/thumb/v6-m/nofp\libc-musl.a(__io_init_needed.o) (__io_file_needed)
[...]
Memory Configuration

Name             Origin             Length             Attributes
rom              0x0000000000000000 0x0000000000040000 xrl
ram              0x0000000020000000 0x0000000000008000 xw !r
config_00804000  0x0000000000804000 0x0000000000000004
config_00804004  0x0000000000804004 0x0000000000000004
*default*        0x0000000000000000 0xffffffffffffffff

Linker script and memory map

LOAD c:/program files/microchip/xc32/v4.45/bin/bin/../../lib/gcc/pic32c/8.3.1/thumb/v6-m/nofp/crti.o
LOAD c:/program files/microchip/xc32/v4.45/bin/bin/../../lib/gcc/pic32c/8.3.1/thumb/v6-m/nofp/crtbegin.o
LOAD build/default/production/Source/startup_atsamc21a.o
LOAD build/default/production/Source/main.o
LOAD build/default/production/Source/system.o
LOAD build/default/production/Source/port.o
LOAD build/default/production/Source/uart.o
                0x0000000000000001                __MPLAB_BUILD = 0x1
                0x0000000000040000                __rom_end = (ORIGIN (rom) + LENGTH (rom))
                0x0000000020008000                __ram_end = (ORIGIN (ram) + LENGTH (ram))

.config_00804000
 *(.config_00804000)
 *(.config_00804000)

.config_00804004
 *(.config_00804004)
 *(.config_00804004)

.vectors        0x0000000000000000      0x178
                0x0000000000000000                . = ALIGN (0x4)
                0x0000000000000178                _sfixed = .
 *(.vectors .vectors.* .vectors_default .vectors_default.*)
 .vectors.default.exception_table
                0x0000000000000000       0xbc build/default/production/Source/startup_atsamc21a.o
                0x0000000000000000                exception_table
 .vectors.default
                0x00000000000000bc       0xbc C:\Users\Danfi\AppData\Local\Temp\ccKJ5Q9k.o
 *(.isr_vector)
 *(.reset*)
 *(.after_vectors)
                0x0000000000000178                . = ALIGN (0x4)
                0x0000000000000178                _sfixed = .
 *(.vectors .vectors.* .vectors_default .vectors_default.*)
 *(.isr_vector)
 *(.reset*)
 *(.after_vectors)

.text           0x0000000000000178       0x20
                0x0000000000000178                . = ALIGN (0x4)
 *(.glue_7t)
 .glue_7t       0x0000000000000178        0x0 linker stubs
 *(.glue_7)
 .glue_7        0x0000000000000178        0x0 linker stubs
 *(.gnu.linkonce.r.*)
 *(.ARM.extab* .gnu.linkonce.armextab.*)
                0x0000000000000178                . = ALIGN (0x4)
 *(.init)
 .init          0x0000000000000178        0x4 c:/program files/microchip/xc32/v4.45/bin/bin/../../lib/gcc/pic32c/8.3.1/thumb/v6-m/nofp/crti.o
                0x0000000000000178                _init
 .init          0x000000000000017c        0x8 c:/program files/microchip/xc32/v4.45/bin/bin/../../lib/gcc/pic32c/8.3.1/thumb/v6-m/nofp/crtn.o
                0x0000000000000184                . = ALIGN (0x4)
                0x0000000000000198                __preinit_array_start = .
 *(.preinit_array)
                0x0000000000000198                __preinit_array_end = .
                0x0000000000000184                . = ALIGN (0x4)
                0x0000000000000198                __init_array_start = .
 *(SORT_BY_NAME(.init_array.*))
 *(.init_array)
 .init_array    0x0000000000000184        0x4 c:/program files/microchip/xc32/v4.45/bin/bin/../../lib/gcc/pic32c/8.3.1/thumb/v6-m/nofp/crtbegin.o
                0x0000000000000198                __init_array_end = .
                0x0000000000000188                . = ALIGN (0x4)
 *crtbegin.o(.ctors)
 *(EXCLUDE_FILE(*crtend.o) .ctors)
 *(SORT_BY_NAME(.ctors.*))
 *crtend.o(.ctors)
                0x0000000000000188                . = ALIGN (0x4)
 *(.fini)
 .fini          0x0000000000000188        0x4 c:/program files/microchip/xc32/v4.45/bin/bin/../../lib/gcc/pic32c/8.3.1/thumb/v6-m/nofp/crti.o
                0x0000000000000188                _fini
 .fini          0x000000000000018c        0x8 c:/program files/microchip/xc32/v4.45/bin/bin/../../lib/gcc/pic32c/8.3.1/thumb/v6-m/nofp/crtn.o
                0x0000000000000194                . = ALIGN (0x4)
                0x0000000000000198                __fini_array_start = .
 *(.fini_array)
 .fini_array    0x0000000000000194        0x4 c:/program files/microchip/xc32/v4.45/bin/bin/../../lib/gcc/pic32c/8.3.1/thumb/v6-m/nofp/crtbegin.o
 *(SORT_BY_NAME(.fini_array.*))
                0x0000000000000198                __fini_array_end = .
 *crtbegin.o(.dtors)
 *(EXCLUDE_FILE(*crtend.o) .dtors)
 *(SORT_BY_NAME(.dtors.*))
 *crtend.o(.dtors)
                0x0000000000000198                . = ALIGN (0x4)
                0x0000000000000198                _efixed = .
                0x0000000000000198                . = ALIGN (0x4)
 *(.glue_7t)
 *(.glue_7)
 *(.gnu.linkonce.r.*)
 *(.ARM.extab* .gnu.linkonce.armextab.*)
                0x0000000000000198                . = ALIGN (0x4)
 *(.init)
                0x0000000000000198                . = ALIGN (0x4)
                0x0000000000000198                __preinit_array_start = .
 *(.preinit_array)
                0x0000000000000198                __preinit_array_end = .
                0x0000000000000198                . = ALIGN (0x4)
                0x0000000000000198                __init_array_start = .
 *(SORT_BY_NAME(.init_array.*))
 *(.init_array)
                0x0000000000000198                __init_array_end = .
                0x0000000000000198                . = ALIGN (0x4)
 *crtbegin.o(.ctors)
 *(EXCLUDE_FILE(*crtend.o) .ctors)
 *(SORT_BY_NAME(.ctors.*))
 *crtend.o(.ctors)
                0x0000000000000198                . = ALIGN (0x4)
 *(.fini)
                0x0000000000000198                . = ALIGN (0x4)
                0x0000000000000198                __fini_array_start = .
 *(.fini_array)
 *(SORT_BY_NAME(.fini_array.*))
                0x0000000000000198                __fini_array_end = .
 *crtbegin.o(.dtors)
 *(EXCLUDE_FILE(*crtend.o) .dtors)
 *(SORT_BY_NAME(.dtors.*))
 *crtend.o(.dtors)
                0x0000000000000198                . = ALIGN (0x4)
                0x0000000000000198                _efixed = .
                [!provide]                        PROVIDE (__exidx_start = .)

.ARM.exidx
 *(.ARM.exidx* .gnu.linkonce.armexidx.*)
 *(.ARM.exidx* .gnu.linkonce.armexidx.*)
                [!provide]                        PROVIDE (__exidx_end = .)
                0x0000000000000198                . = ALIGN (0x4)
                0x0000000020000000                _etext = .

.bss            0x0000000020000000        0x0
                0x0000000020000000                . = ALIGN (0x4)
                0x0000000020000000                __bss_start__ = .
                0x0000000020000000                _sbss = .
                0x0000000020000000                _szero = .
 *(COMMON)
                0x0000000020000000                . = ALIGN (0x4)
                0x0000000020000000                __bss_end__ = .
                0x0000000020000000                _ebss = .
                0x0000000020000000                _ezero = .
                0x0000000020000000                . = ALIGN (0x4)
                0x0000000020000000                __bss_start__ = .
                0x0000000020000000                _sbss = .
                0x0000000020000000                _szero = .
 *(COMMON)
                0x0000000020000000                . = ALIGN (0x4)
                0x0000000020000000                __bss_end__ = .
                0x0000000020000000                _ebss = .
                0x0000000020000000                _ezero = .
                0x0000000020000000                . = ALIGN (0x4)
                0x0000000020000000                _end = .
                0x0000000020007fff                _ram_end_ = ((ORIGIN (ram) + LENGTH (ram)) - 0x1)
                0x0000000000000000                _min_heap_size = 0x0
                0x0000000000040000                __rom_end = (ORIGIN (rom) + LENGTH (rom))
                0x0000000020008000                __ram_end = (ORIGIN (ram) + LENGTH (ram))
                [!provide]                        PROVIDE (__exidx_start = .)
                [!provide]                        PROVIDE (__exidx_end = .)
                0x0000000020000000                . = ALIGN (0x4)
                0x0000000020000000                _etext = .
                0x0000000020000000                . = ALIGN (0x4)
                0x0000000020000000                _end = .
                0x0000000020007fff                _ram_end_ = ((ORIGIN (ram) + LENGTH (ram)) - 0x1)
LOAD C:\Users\Danfi\AppData\Local\Temp\ccKJ5Q9k.o
START GROUP
LOAD c:/program files/microchip/xc32/v4.45/bin/bin/../../lib/gcc/pic32c/8.3.1/../../../../pic32c/lib/thumb/v6-m/nofp\libpic32c.a
LOAD c:/program files/microchip/xc32/v4.45/bin/bin/../../lib/gcc/pic32c/8.3.1/../../../../pic32c/lib/thumb/v6-m/nofp\libc-size-musl.a
LOAD c:/program files/microchip/xc32/v4.45/bin/bin/../../lib/gcc/pic32c/8.3.1/../../../../pic32c/lib/thumb/v6-m/nofp\liblmalloc-musl.a
LOAD c:/program files/microchip/xc32/v4.45/bin/bin/../../lib/gcc/pic32c/8.3.1/../../../../pic32c/lib/thumb/v6-m/nofp\libm-fast-emfloat.a
LOAD c:/program files/microchip/xc32/v4.45/bin/bin/../../lib/gcc/pic32c/8.3.1/../../../../pic32c/lib/thumb/v6-m/nofp\libm-musl.a
LOAD c:/program files/microchip/xc32/v4.45/bin/bin/../../lib/gcc/pic32c/8.3.1/../../../../pic32c/lib/thumb/v6-m/nofp\libc-musl.a
LOAD c:/program files/microchip/xc32/v4.45/bin/bin/../../lib/gcc/pic32c/8.3.1/../../../../pic32c/lib/thumb/v6-m/nofp\libm-fast-emfloat.a
LOAD c:/program files/microchip/xc32/v4.45/bin/bin/../../lib/gcc/pic32c/8.3.1/../../../../pic32c/lib/thumb/v6-m/nofp\libm-musl.a
LOAD c:/program files/microchip/xc32/v4.45/bin/bin/../../lib/gcc/pic32c/8.3.1/thumb/v6-m/nofp\libgcc.a
END GROUP
LOAD c:/program files/microchip/xc32/v4.45/bin/bin/../../lib/gcc/pic32c/8.3.1/thumb/v6-m/nofp/crtend.o
LOAD c:/program files/microchip/xc32/v4.45/bin/bin/../../lib/gcc/pic32c/8.3.1/thumb/v6-m/nofp/crtn.o
OUTPUT(dist/default/production/code_2.1.production.elf elf32-littlearm)
LOAD data_init
LOAD stack

.ARM.attributes
                0x0000000000000000       0x2c
 .ARM.attributes
                0x0000000000000000       0x1e c:/program files/microchip/xc32/v4.45/bin/bin/../../lib/gcc/pic32c/8.3.1/thumb/v6-m/nofp/crti.o
 .ARM.attributes
                0x000000000000001e       0x2c c:/program files/microchip/xc32/v4.45/bin/bin/../../lib/gcc/pic32c/8.3.1/thumb/v6-m/nofp/crtbegin.o
 .ARM.attributes
                0x000000000000004a       0x2c build/default/production/Source/startup_atsamc21a.o
 .ARM.attributes
                0x0000000000000076       0x2c build/default/production/Source/main.o
 .ARM.attributes
                0x00000000000000a2       0x2c build/default/production/Source/system.o
 .ARM.attributes
                0x00000000000000ce       0x2c build/default/production/Source/port.o
 .ARM.attributes
                0x00000000000000fa       0x2c build/default/production/Source/uart.o
 .ARM.attributes
                0x0000000000000126       0x2c C:\Users\Danfi\AppData\Local\Temp\ccKJ5Q9k.o
 .ARM.attributes
                0x0000000000000152       0x2c c:/program files/microchip/xc32/v4.45/bin/bin/../../lib/gcc/pic32c/8.3.1/../../../../pic32c/lib/thumb/v6-m/nofp\libpic32c.a(data_init.o)
 .ARM.attributes
                0x000000000000017e       0x2e c:/program files/microchip/xc32/v4.45/bin/bin/../../lib/gcc/pic32c/8.3.1/../../../../pic32c/lib/thumb/v6-m/nofp\libc-musl.a(__libc_start_main.o)
 .ARM.attributes
                0x00000000000001ac       0x2e c:/program files/microchip/xc32/v4.45/bin/bin/../../lib/gcc/pic32c/8.3.1/../../../../pic32c/lib/thumb/v6-m/nofp\libc-musl.a(libc.o)
 .ARM.attributes
                0x00000000000001da       0x2e c:/program files/microchip/xc32/v4.45/bin/bin/../../lib/gcc/pic32c/8.3.1/../../../../pic32c/lib/thumb/v6-m/nofp\libc-musl.a(__environ.o)
 .ARM.attributes
                0x0000000000000208       0x2e c:/program files/microchip/xc32/v4.45/bin/bin/../../lib/gcc/pic32c/8.3.1/../../../../pic32c/lib/thumb/v6-m/nofp\libc-musl.a(stdout.o)
 .ARM.attributes
                0x0000000000000236       0x2e c:/program files/microchip/xc32/v4.45/bin/bin/../../lib/gcc/pic32c/8.3.1/../../../../pic32c/lib/thumb/v6-m/nofp\libc-musl.a(__init_stdio.o)
 .ARM.attributes
                0x0000000000000264       0x1e c:/program files/microchip/xc32/v4.45/bin/bin/../../lib/gcc/pic32c/8.3.1/thumb/v6-m/nofp/crtn.o
 .ARM.attributes
                0x0000000000000282       0x2c c:/program files/microchip/xc32/v4.45/bin/bin/../../lib/gcc/pic32c/8.3.1/../../../../pic32c/lib/thumb/v6-m/nofp\libpic32c.a(pic32_data_init_clear.o)
 .ARM.attributes
                0x00000000000002ae       0x2c c:/program files/microchip/xc32/v4.45/bin/bin/../../lib/gcc/pic32c/8.3.1/../../../../pic32c/lib/thumb/v6-m/nofp\libpic32c.a(pic32_data_init_copy.o)

.comment        0x0000000000000000       0x2b
 .comment       0x0000000000000000       0x2b c:/program files/microchip/xc32/v4.45/bin/bin/../../lib/gcc/pic32c/8.3.1/thumb/v6-m/nofp/crtbegin.o
                                         0x2c (size before relaxing)
 .comment       0x000000000000002b       0x2c build/default/production/Source/startup_atsamc21a.o
 .comment       0x000000000000002b       0x2c build/default/production/Source/main.o
 .comment       0x000000000000002b       0x2c build/default/production/Source/system.o
 .comment       0x000000000000002b       0x2c build/default/production/Source/port.o
 .comment       0x000000000000002b       0x2c build/default/production/Source/uart.o
 .comment       0x000000000000002b       0x2c C:\Users\Danfi\AppData\Local\Temp\ccKJ5Q9k.o
 .comment       0x000000000000002b       0x2c c:/program files/microchip/xc32/v4.45/bin/bin/../../lib/gcc/pic32c/8.3.1/../../../../pic32c/lib/thumb/v6-m/nofp\libpic32c.a(data_init.o)
 .comment       0x000000000000002b       0x2c c:/program files/microchip/xc32/v4.45/bin/bin/../../lib/gcc/pic32c/8.3.1/../../../../pic32c/lib/thumb/v6-m/nofp\libc-musl.a(__libc_start_main.o)
 .comment       0x000000000000002b       0x2c c:/program files/microchip/xc32/v4.45/bin/bin/../../lib/gcc/pic32c/8.3.1/../../../../pic32c/lib/thumb/v6-m/nofp\libc-musl.a(libc.o)
 .comment       0x000000000000002b       0x2c c:/program files/microchip/xc32/v4.45/bin/bin/../../lib/gcc/pic32c/8.3.1/../../../../pic32c/lib/thumb/v6-m/nofp\libc-musl.a(__environ.o)
 .comment       0x000000000000002b       0x2c c:/program files/microchip/xc32/v4.45/bin/bin/../../lib/gcc/pic32c/8.3.1/../../../../pic32c/lib/thumb/v6-m/nofp\libc-musl.a(stdout.o)
 .comment       0x000000000000002b       0x2c c:/program files/microchip/xc32/v4.45/bin/bin/../../lib/gcc/pic32c/8.3.1/../../../../pic32c/lib/thumb/v6-m/nofp\libc-musl.a(__init_stdio.o)
 .comment       0x000000000000002b       0x2c c:/program files/microchip/xc32/v4.45/bin/bin/../../lib/gcc/pic32c/8.3.1/../../../../pic32c/lib/thumb/v6-m/nofp\libpic32c.a(pic32_data_init_clear.o)
 .comment       0x000000000000002b       0x2c c:/program files/microchip/xc32/v4.45/bin/bin/../../lib/gcc/pic32c/8.3.1/../../../../pic32c/lib/thumb/v6-m/nofp\libpic32c.a(pic32_data_init_copy.o)

.debug_info     0x0000000000000000     0x2906
 .debug_info    0x0000000000000000      0x557 build/default/production/Source/startup_atsamc21a.o
 .debug_info    0x0000000000000557      0x121 build/default/production/Source/main.o
 .debug_info    0x0000000000000678      0x62e build/default/production/Source/system.o
 .debug_info    0x0000000000000ca6      0x240 build/default/production/Source/port.o
 .debug_info    0x0000000000000ee6     0x1099 build/default/production/Source/uart.o
 .debug_info    0x0000000000001f7f       0x54 c:/program files/microchip/xc32/v4.45/bin/bin/../../lib/gcc/pic32c/8.3.1/../../../../pic32c/lib/thumb/v6-m/nofp\libpic32c.a(data_init.o)
 .debug_info    0x0000000000001fd3      0x2fb c:/program files/microchip/xc32/v4.45/bin/bin/../../lib/gcc/pic32c/8.3.1/../../../../pic32c/lib/thumb/v6-m/nofp\libc-musl.a(__libc_start_main.o)
 .debug_info    0x00000000000022ce      0x276 c:/program files/microchip/xc32/v4.45/bin/bin/../../lib/gcc/pic32c/8.3.1/../../../../pic32c/lib/thumb/v6-m/nofp\libc-musl.a(libc.o)
 .debug_info    0x0000000000002544       0x97 c:/program files/microchip/xc32/v4.45/bin/bin/../../lib/gcc/pic32c/8.3.1/../../../../pic32c/lib/thumb/v6-m/nofp\libc-musl.a(__environ.o)
 .debug_info    0x00000000000025db      0x1e9 c:/program files/microchip/xc32/v4.45/bin/bin/../../lib/gcc/pic32c/8.3.1/../../../../pic32c/lib/thumb/v6-m/nofp\libc-musl.a(stdout.o)
 .debug_info    0x00000000000027c4       0xc3 c:/program files/microchip/xc32/v4.45/bin/bin/../../lib/gcc/pic32c/8.3.1/../../../../pic32c/lib/thumb/v6-m/nofp\libc-musl.a(__init_stdio.o)
 .debug_info    0x0000000000002887       0x3f c:/program files/microchip/xc32/v4.45/bin/bin/../../lib/gcc/pic32c/8.3.1/../../../../pic32c/lib/thumb/v6-m/nofp\libpic32c.a(pic32_data_init_clear.o)
 .debug_info    0x00000000000028c6       0x40 c:/program files/microchip/xc32/v4.45/bin/bin/../../lib/gcc/pic32c/8.3.1/../../../../pic32c/lib/thumb/v6-m/nofp\libpic32c.a(pic32_data_init_copy.o)

.debug_abbrev   0x0000000000000000      0xb67
 .debug_abbrev  0x0000000000000000      0x157 build/default/production/Source/startup_atsamc21a.o
 .debug_abbrev  0x0000000000000157       0xa0 build/default/production/Source/main.o
 .debug_abbrev  0x00000000000001f7      0x12a build/default/production/Source/system.o
 .debug_abbrev  0x0000000000000321       0xb3 build/default/production/Source/port.o
 .debug_abbrev  0x00000000000003d4      0x2e0 build/default/production/Source/uart.o
 .debug_abbrev  0x00000000000006b4       0x44 c:/program files/microchip/xc32/v4.45/bin/bin/../../lib/gcc/pic32c/8.3.1/../../../../pic32c/lib/thumb/v6-m/nofp\libpic32c.a(data_init.o)
 .debug_abbrev  0x00000000000006f8      0x133 c:/program files/microchip/xc32/v4.45/bin/bin/../../lib/gcc/pic32c/8.3.1/../../../../pic32c/lib/thumb/v6-m/nofp\libc-musl.a(__libc_start_main.o)
 .debug_abbrev  0x000000000000082b       0xd4 c:/program files/microchip/xc32/v4.45/bin/bin/../../lib/gcc/pic32c/8.3.1/../../../../pic32c/lib/thumb/v6-m/nofp\libc-musl.a(libc.o)
 .debug_abbrev  0x00000000000008ff       0x62 c:/program files/microchip/xc32/v4.45/bin/bin/../../lib/gcc/pic32c/8.3.1/../../../../pic32c/lib/thumb/v6-m/nofp\libc-musl.a(__environ.o)
 .debug_abbrev  0x0000000000000961      0x145 c:/program files/microchip/xc32/v4.45/bin/bin/../../lib/gcc/pic32c/8.3.1/../../../../pic32c/lib/thumb/v6-m/nofp\libc-musl.a(stdout.o)
 .debug_abbrev  0x0000000000000aa6       0x65 c:/program files/microchip/xc32/v4.45/bin/bin/../../lib/gcc/pic32c/8.3.1/../../../../pic32c/lib/thumb/v6-m/nofp\libc-musl.a(__init_stdio.o)
 .debug_abbrev  0x0000000000000b0b       0x2e c:/program files/microchip/xc32/v4.45/bin/bin/../../lib/gcc/pic32c/8.3.1/../../../../pic32c/lib/thumb/v6-m/nofp\libpic32c.a(pic32_data_init_clear.o)
 .debug_abbrev  0x0000000000000b39       0x2e c:/program files/microchip/xc32/v4.45/bin/bin/../../lib/gcc/pic32c/8.3.1/../../../../pic32c/lib/thumb/v6-m/nofp\libpic32c.a(pic32_data_init_copy.o)

.debug_aranges  0x0000000000000000      0x240
 .debug_aranges
                0x0000000000000000       0x28 build/default/production/Source/startup_atsamc21a.o
 .debug_aranges
                0x0000000000000028       0x20 build/default/production/Source/main.o
 .debug_aranges
                0x0000000000000048       0x58 build/default/production/Source/system.o
 .debug_aranges
                0x00000000000000a0       0x20 build/default/production/Source/port.o
 .debug_aranges
                0x00000000000000c0       0x68 build/default/production/Source/uart.o
 .debug_aranges
                0x0000000000000128       0x28 c:/program files/microchip/xc32/v4.45/bin/bin/../../lib/gcc/pic32c/8.3.1/../../../../pic32c/lib/thumb/v6-m/nofp\libpic32c.a(data_init.o)
 .debug_aranges
                0x0000000000000150       0x28 c:/program files/microchip/xc32/v4.45/bin/bin/../../lib/gcc/pic32c/8.3.1/../../../../pic32c/lib/thumb/v6-m/nofp\libc-musl.a(__libc_start_main.o)
 .debug_aranges
                0x0000000000000178       0x18 c:/program files/microchip/xc32/v4.45/bin/bin/../../lib/gcc/pic32c/8.3.1/../../../../pic32c/lib/thumb/v6-m/nofp\libc-musl.a(libc.o)
 .debug_aranges
                0x0000000000000190       0x18 c:/program files/microchip/xc32/v4.45/bin/bin/../../lib/gcc/pic32c/8.3.1/../../../../pic32c/lib/thumb/v6-m/nofp\libc-musl.a(__environ.o)
 .debug_aranges
                0x00000000000001a8       0x30 c:/program files/microchip/xc32/v4.45/bin/bin/../../lib/gcc/pic32c/8.3.1/../../../../pic32c/lib/thumb/v6-m/nofp\libc-musl.a(stdout.o)
 .debug_aranges
                0x00000000000001d8       0x28 c:/program files/microchip/xc32/v4.45/bin/bin/../../lib/gcc/pic32c/8.3.1/../../../../pic32c/lib/thumb/v6-m/nofp\libc-musl.a(__init_stdio.o)
 .debug_aranges
                0x0000000000000200       0x20 c:/program files/microchip/xc32/v4.45/bin/bin/../../lib/gcc/pic32c/8.3.1/../../../../pic32c/lib/thumb/v6-m/nofp\libpic32c.a(pic32_data_init_clear.o)
 .debug_aranges
                0x0000000000000220       0x20 c:/program files/microchip/xc32/v4.45/bin/bin/../../lib/gcc/pic32c/8.3.1/../../../../pic32c/lib/thumb/v6-m/nofp\libpic32c.a(pic32_data_init_copy.o)

.debug_ranges   0x0000000000000000      0x190
 .debug_ranges  0x0000000000000000       0x18 build/default/production/Source/startup_atsamc21a.o
 .debug_ranges  0x0000000000000018       0x10 build/default/production/Source/main.o
 .debug_ranges  0x0000000000000028       0x48 build/default/production/Source/system.o
 .debug_ranges  0x0000000000000070       0x10 build/default/production/Source/port.o
 .debug_ranges  0x0000000000000080       0x70 build/default/production/Source/uart.o
 .debug_ranges  0x00000000000000f0       0x18 c:/program files/microchip/xc32/v4.45/bin/bin/../../lib/gcc/pic32c/8.3.1/../../../../pic32c/lib/thumb/v6-m/nofp\libpic32c.a(data_init.o)
 .debug_ranges  0x0000000000000108       0x30 c:/program files/microchip/xc32/v4.45/bin/bin/../../lib/gcc/pic32c/8.3.1/../../../../pic32c/lib/thumb/v6-m/nofp\libc-musl.a(__libc_start_main.o)
 .debug_ranges  0x0000000000000138       0x20 c:/program files/microchip/xc32/v4.45/bin/bin/../../lib/gcc/pic32c/8.3.1/../../../../pic32c/lib/thumb/v6-m/nofp\libc-musl.a(stdout.o)
 .debug_ranges  0x0000000000000158       0x18 c:/program files/microchip/xc32/v4.45/bin/bin/../../lib/gcc/pic32c/8.3.1/../../../../pic32c/lib/thumb/v6-m/nofp\libc-musl.a(__init_stdio.o)
 .debug_ranges  0x0000000000000170       0x10 c:/program files/microchip/xc32/v4.45/bin/bin/../../lib/gcc/pic32c/8.3.1/../../../../pic32c/lib/thumb/v6-m/nofp\libpic32c.a(pic32_data_init_clear.o)
 .debug_ranges  0x0000000000000180       0x10 c:/program files/microchip/xc32/v4.45/bin/bin/../../lib/gcc/pic32c/8.3.1/../../../../pic32c/lib/thumb/v6-m/nofp\libpic32c.a(pic32_data_init_copy.o)

.debug_line     0x0000000000000000     0x147a
 .debug_line    0x0000000000000000      0x206 build/default/production/Source/startup_atsamc21a.o
 .debug_line    0x0000000000000206       0xc7 build/default/production/Source/main.o
 .debug_line    0x00000000000002cd      0x2f3 build/default/production/Source/system.o
 .debug_line    0x00000000000005c0      0x1b4 build/default/production/Source/port.o
 .debug_line    0x0000000000000774      0x5b4 build/default/production/Source/uart.o
 .debug_line    0x0000000000000d28       0x8e c:/program files/microchip/xc32/v4.45/bin/bin/../../lib/gcc/pic32c/8.3.1/../../../../pic32c/lib/thumb/v6-m/nofp\libpic32c.a(data_init.o)
 .debug_line    0x0000000000000db6      0x1bc c:/program files/microchip/xc32/v4.45/bin/bin/../../lib/gcc/pic32c/8.3.1/../../../../pic32c/lib/thumb/v6-m/nofp\libc-musl.a(__libc_start_main.o)
 .debug_line    0x0000000000000f72       0xb5 c:/program files/microchip/xc32/v4.45/bin/bin/../../lib/gcc/pic32c/8.3.1/../../../../pic32c/lib/thumb/v6-m/nofp\libc-musl.a(libc.o)
 .debug_line    0x0000000000001027       0xfb c:/program files/microchip/xc32/v4.45/bin/bin/../../lib/gcc/pic32c/8.3.1/../../../../pic32c/lib/thumb/v6-m/nofp\libc-musl.a(__environ.o)
 .debug_line    0x0000000000001122      0x191 c:/program files/microchip/xc32/v4.45/bin/bin/../../lib/gcc/pic32c/8.3.1/../../../../pic32c/lib/thumb/v6-m/nofp\libc-musl.a(stdout.o)
 .debug_line    0x00000000000012b3       0xd0 c:/program files/microchip/xc32/v4.45/bin/bin/../../lib/gcc/pic32c/8.3.1/../../../../pic32c/lib/thumb/v6-m/nofp\libc-musl.a(__init_stdio.o)
 .debug_line    0x0000000000001383       0x6f c:/program files/microchip/xc32/v4.45/bin/bin/../../lib/gcc/pic32c/8.3.1/../../../../pic32c/lib/thumb/v6-m/nofp\libpic32c.a(pic32_data_init_clear.o)
 .debug_line    0x00000000000013f2       0x88 c:/program files/microchip/xc32/v4.45/bin/bin/../../lib/gcc/pic32c/8.3.1/../../../../pic32c/lib/thumb/v6-m/nofp\libpic32c.a(pic32_data_init_copy.o)

.debug_str      0x0000000000000000     0x2f08
 .debug_str     0x0000000000000000      0x670 build/default/production/Source/startup_atsamc21a.o
 .debug_str     0x0000000000000670      0x2b5 build/default/production/Source/main.o
 .debug_str     0x0000000000000925      0x61f build/default/production/Source/system.o
 .debug_str     0x0000000000000f44      0x356 build/default/production/Source/port.o
 .debug_str     0x000000000000129a      0x805 build/default/production/Source/uart.o
 .debug_str     0x0000000000001a9f      0x1eb c:/program files/microchip/xc32/v4.45/bin/bin/../../lib/gcc/pic32c/8.3.1/../../../../pic32c/lib/thumb/v6-m/nofp\libpic32c.a(data_init.o)
 .debug_str     0x0000000000001c8a      0x3ca c:/program files/microchip/xc32/v4.45/bin/bin/../../lib/gcc/pic32c/8.3.1/../../../../pic32c/lib/thumb/v6-m/nofp\libc-musl.a(__libc_start_main.o)
 .debug_str     0x0000000000002054      0x335 c:/program files/microchip/xc32/v4.45/bin/bin/../../lib/gcc/pic32c/8.3.1/../../../../pic32c/lib/thumb/v6-m/nofp\libc-musl.a(libc.o)
 .debug_str     0x0000000000002389      0x235 c:/program files/microchip/xc32/v4.45/bin/bin/../../lib/gcc/pic32c/8.3.1/../../../../pic32c/lib/thumb/v6-m/nofp\libc-musl.a(__environ.o)
 .debug_str     0x00000000000025be      0x308 c:/program files/microchip/xc32/v4.45/bin/bin/../../lib/gcc/pic32c/8.3.1/../../../../pic32c/lib/thumb/v6-m/nofp\libc-musl.a(stdout.o)
 .debug_str     0x00000000000028c6      0x29a c:/program files/microchip/xc32/v4.45/bin/bin/../../lib/gcc/pic32c/8.3.1/../../../../pic32c/lib/thumb/v6-m/nofp\libc-musl.a(__init_stdio.o)
 .debug_str     0x0000000000002b60      0x1d5 c:/program files/microchip/xc32/v4.45/bin/bin/../../lib/gcc/pic32c/8.3.1/../../../../pic32c/lib/thumb/v6-m/nofp\libpic32c.a(pic32_data_init_clear.o)
 .debug_str     0x0000000000002d35      0x1d3 c:/program files/microchip/xc32/v4.45/bin/bin/../../lib/gcc/pic32c/8.3.1/../../../../pic32c/lib/thumb/v6-m/nofp\libpic32c.a(pic32_data_init_copy.o)

.debug_frame    0x0000000000000000      0x33c
 .debug_frame   0x0000000000000000       0x30 build/default/production/Source/startup_atsamc21a.o
 .debug_frame   0x0000000000000030       0x28 build/default/production/Source/main.o
 .debug_frame   0x0000000000000058       0x98 build/default/production/Source/system.o
 .debug_frame   0x00000000000000f0       0x28 build/default/production/Source/port.o
 .debug_frame   0x0000000000000118       0xe4 build/default/production/Source/uart.o
 .debug_frame   0x00000000000001fc       0x38 c:/program files/microchip/xc32/v4.45/bin/bin/../../lib/gcc/pic32c/8.3.1/../../../../pic32c/lib/thumb/v6-m/nofp\libpic32c.a(data_init.o)
 .debug_frame   0x0000000000000234       0x38 c:/program files/microchip/xc32/v4.45/bin/bin/../../lib/gcc/pic32c/8.3.1/../../../../pic32c/lib/thumb/v6-m/nofp\libc-musl.a(__libc_start_main.o)
 .debug_frame   0x000000000000026c       0x50 c:/program files/microchip/xc32/v4.45/bin/bin/../../lib/gcc/pic32c/8.3.1/../../../../pic32c/lib/thumb/v6-m/nofp\libc-musl.a(stdout.o)
 .debug_frame   0x00000000000002bc       0x38 c:/program files/microchip/xc32/v4.45/bin/bin/../../lib/gcc/pic32c/8.3.1/../../../../pic32c/lib/thumb/v6-m/nofp\libc-musl.a(__init_stdio.o)
 .debug_frame   0x00000000000002f4       0x20 c:/program files/microchip/xc32/v4.45/bin/bin/../../lib/gcc/pic32c/8.3.1/../../../../pic32c/lib/thumb/v6-m/nofp\libpic32c.a(pic32_data_init_clear.o)
 .debug_frame   0x0000000000000314       0x28 c:/program files/microchip/xc32/v4.45/bin/bin/../../lib/gcc/pic32c/8.3.1/../../../../pic32c/lib/thumb/v6-m/nofp\libpic32c.a(pic32_data_init_copy.o)

.debug_loc      0x0000000000000000      0x411
 .debug_loc     0x0000000000000000       0x20 build/default/production/Source/main.o
 .debug_loc     0x0000000000000020       0x8e build/default/production/Source/system.o
 .debug_loc     0x00000000000000ae       0x20 build/default/production/Source/port.o
 .debug_loc     0x00000000000000ce      0x25d build/default/production/Source/uart.o
 .debug_loc     0x000000000000032b       0x14 c:/program files/microchip/xc32/v4.45/bin/bin/../../lib/gcc/pic32c/8.3.1/../../../../pic32c/lib/thumb/v6-m/nofp\libpic32c.a(data_init.o)
 .debug_loc     0x000000000000033f       0x5e c:/program files/microchip/xc32/v4.45/bin/bin/../../lib/gcc/pic32c/8.3.1/../../../../pic32c/lib/thumb/v6-m/nofp\libc-musl.a(__libc_start_main.o)
 .debug_loc     0x000000000000039d       0x40 c:/program files/microchip/xc32/v4.45/bin/bin/../../lib/gcc/pic32c/8.3.1/../../../../pic32c/lib/thumb/v6-m/nofp\libc-musl.a(stdout.o)
 .debug_loc     0x00000000000003dd       0x20 c:/program files/microchip/xc32/v4.45/bin/bin/../../lib/gcc/pic32c/8.3.1/../../../../pic32c/lib/thumb/v6-m/nofp\libc-musl.a(__init_stdio.o)
 .debug_loc     0x00000000000003fd       0x14 c:/program files/microchip/xc32/v4.45/bin/bin/../../lib/gcc/pic32c/8.3.1/../../../../pic32c/lib/thumb/v6-m/nofp\libpic32c.a(pic32_data_init_copy.o)

.note.GNU-stack
                0x0000000000000000        0x0
 .note.GNU-stack
                0x0000000000000000        0x0 c:/program files/microchip/xc32/v4.45/bin/bin/../../lib/gcc/pic32c/8.3.1/../../../../pic32c/lib/thumb/v6-m/nofp\libc-musl.a(__libc_start_main.o)
 .note.GNU-stack
                0x0000000000000000        0x0 c:/program files/microchip/xc32/v4.45/bin/bin/../../lib/gcc/pic32c/8.3.1/../../../../pic32c/lib/thumb/v6-m/nofp\libc-musl.a(libc.o)
 .note.GNU-stack
                0x0000000000000000        0x0 c:/program files/microchip/xc32/v4.45/bin/bin/../../lib/gcc/pic32c/8.3.1/../../../../pic32c/lib/thumb/v6-m/nofp\libc-musl.a(__environ.o)
 .note.GNU-stack
                0x0000000000000000        0x0 c:/program files/microchip/xc32/v4.45/bin/bin/../../lib/gcc/pic32c/8.3.1/../../../../pic32c/lib/thumb/v6-m/nofp\libc-musl.a(stdout.o)
 .note.GNU-stack
                0x0000000000000000        0x0 c:/program files/microchip/xc32/v4.45/bin/bin/../../lib/gcc/pic32c/8.3.1/../../../../pic32c/lib/thumb/v6-m/nofp\libc-musl.a(__init_stdio.o)

__xc_reference_data
                0x0000000000000000       0x28
 __xc_reference_data
                0x0000000000000000        0x8 c:/program files/microchip/xc32/v4.45/bin/bin/../../lib/gcc/pic32c/8.3.1/../../../../pic32c/lib/thumb/v6-m/nofp\libc-musl.a(stdout.o)
                0x0000000000000000                __stdout_needs_init
 __xc_reference_data
                0x0000000000000008       0x14 c:/program files/microchip/xc32/v4.45/bin/bin/../../lib/gcc/pic32c/8.3.1/../../../../pic32c/lib/thumb/v6-m/nofp\libc-musl.a(__io_init_needed.o)
                0x0000000000000008                __io_init_needed
                0x0000000000000014                __io_init_needs_file
 __xc_reference_data
                0x000000000000001c        0xc c:/program files/microchip/xc32/v4.45/bin/bin/../../lib/gcc/pic32c/8.3.1/../../../../pic32c/lib/thumb/v6-m/nofp\libc-musl.a(__io_file_needed.o)
                0x000000000000001c                __io_file_needed

.stack          0x0000000020000100      0x100
 .stack         0x0000000020000100      0x100 stack

.bss%1          0x0000000020000000       0x50
 .bss           0x0000000020000000       0x50 c:/program files/microchip/xc32/v4.45/bin/bin/../../lib/gcc/pic32c/8.3.1/../../../../pic32c/lib/thumb/v6-m/nofp\libc-musl.a(libc.o)
                0x0000000020000000                __progname_full
                0x0000000020000000                program_invocation_name
                0x0000000020000004                program_invocation_short_name
                0x0000000020000004                __progname
                0x0000000020000008                __sysinfo
                0x000000002000000c                __hwcap
                0x0000000020000010                __libc

.bss.tx_buffer%2
                0x0000000020000050       0x40
 .bss.tx_buffer
                0x0000000020000050       0x40 build/default/production/Source/uart.o
                0x0000000020000050                tx_buffer

.bss%3          0x0000000020000090       0x1c
 .bss           0x0000000020000090       0x1c c:/program files/microchip/xc32/v4.45/bin/bin/../../lib/gcc/pic32c/8.3.1/thumb/v6-m/nofp/crtbegin.o

.bss%4          0x00000000200000ac        0x8
 .bss           0x00000000200000ac        0x8 c:/program files/microchip/xc32/v4.45/bin/bin/../../lib/gcc/pic32c/8.3.1/../../../../pic32c/lib/thumb/v6-m/nofp\libc-musl.a(stdout.o)
                0x00000000200000b0                __stdout_used

.bss%5          0x00000000200000b4        0x4
 .bss           0x00000000200000b4        0x4 c:/program files/microchip/xc32/v4.45/bin/bin/../../lib/gcc/pic32c/8.3.1/../../../../pic32c/lib/thumb/v6-m/nofp\libpic32c.a(data_init.o)

.bss%6          0x00000000200000b8        0x4
 .bss           0x00000000200000b8        0x4 c:/program files/microchip/xc32/v4.45/bin/bin/../../lib/gcc/pic32c/8.3.1/../../../../pic32c/lib/thumb/v6-m/nofp\libc-musl.a(__environ.o)
                0x00000000200000b8                __environ
                0x00000000200000b8                environ
                0x00000000200000b8                ___environ
                0x00000000200000b8                _environ

.bss.tx_head%7  0x00000000200000bc        0x1
 .bss.tx_head   0x00000000200000bc        0x1 build/default/production/Source/uart.o
                0x00000000200000bc                tx_head

.bss.tx_tail%8  0x00000000200000bd        0x1
 .bss.tx_tail   0x00000000200000bd        0x1 build/default/production/Source/uart.o
                0x00000000200000bd                tx_tail

.data%9         0x00000000200000c0       0x20
 .data          0x00000000200000c0       0x20 c:/program files/microchip/xc32/v4.45/bin/bin/../../lib/gcc/pic32c/8.3.1/../../../../pic32c/lib/thumb/v6-m/nofp\libc-musl.a(stdout.o)
                0x00000000200000dc                _stdout

.eh_frame%z1    0x0000000000000000        0x0
 .eh_frame      0x0000000000000000        0x0 c:/program files/microchip/xc32/v4.45/bin/bin/../../lib/gcc/pic32c/8.3.1/thumb/v6-m/nofp/crtbegin.o

.dinit%10       0x0000000000000198       0x90
 .dinit         0x0000000000000198       0x90 data_init

.text.pin_init%11
                0x0000000000000228       0x6e
 .text.pin_init
                0x0000000000000228       0x6e build/default/production/Source/port.o
                0x0000000000000228                pin_init

.text.__libc_start_init%12
                0x0000000000000298       0x5c
 .text.__libc_start_init
                0x0000000000000298       0x5c c:/program files/microchip/xc32/v4.45/bin/bin/../../lib/gcc/pic32c/8.3.1/../../../../pic32c/lib/thumb/v6-m/nofp\libc-musl.a(__libc_start_main.o)
                0x0000000000000298                __libc_init_array

.text.Reset_Handler%13
                0x00000000000002f4       0x54
 .text.Reset_Handler
                0x00000000000002f4       0x54 build/default/production/Source/startup_atsamc21a.o
                0x00000000000002f4                Reset_Handler

.text.uart_init%14
                0x0000000000000348       0x54
 .text.uart_init
                0x0000000000000348       0x54 build/default/production/Source/uart.o
                0x0000000000000348                uart_init

.text.dpll_init%15
                0x000000000000039c       0x4c
 .text.dpll_init
                0x000000000000039c       0x4c build/default/production/Source/system.o
                0x000000000000039c                dpll_init

.text%16        0x00000000000003e8       0x48
 .text          0x00000000000003e8       0x48 c:/program files/microchip/xc32/v4.45/bin/bin/../../lib/gcc/pic32c/8.3.1/thumb/v6-m/nofp/crtbegin.o

.text.osc48m_init%17
                0x0000000000000430       0x44
 .text.osc48m_init
                0x0000000000000430       0x44 build/default/production/Source/system.o
                0x0000000000000430                osc48m_init

.text.uart_write%18
                0x0000000000000474       0x3c
 .text.uart_write
                0x0000000000000474       0x3c build/default/production/Source/uart.o
                0x0000000000000474                uart_write

.text.__pic32c_data_initialization%19
                0x00000000000004b0       0x34
 .text.__pic32c_data_initialization
                0x00000000000004b0       0x34 c:/program files/microchip/xc32/v4.45/bin/bin/../../lib/gcc/pic32c/8.3.1/../../../../pic32c/lib/thumb/v6-m/nofp\libpic32c.a(data_init.o)
                0x00000000000004b0                __pic32c_data_initialization

.text.gclk0_init%20
                0x00000000000004e4       0x28
 .text.gclk0_init
                0x00000000000004e4       0x28 build/default/production/Source/system.o
                0x00000000000004e4                gclk0_init

.text.__dinit_copy%21
                0x000000000000050c       0x1e
 .text.__dinit_copy
                0x000000000000050c       0x1e c:/program files/microchip/xc32/v4.45/bin/bin/../../lib/gcc/pic32c/8.3.1/../../../../pic32c/lib/thumb/v6-m/nofp\libpic32c.a(pic32_data_init_copy.o)
                0x000000000000050c                __dinit_copy_needed
                0x000000000000050c                __dinit_copy

.text.gclk1_init%22
                0x000000000000052c       0x1c
 .text.gclk1_init
                0x000000000000052c       0x1c build/default/production/Source/system.o
                0x000000000000052c                gclk1_init

.text.peripheral_clk_init%23
                0x0000000000000548       0x1c
 .text.peripheral_clk_init
                0x0000000000000548       0x1c build/default/production/Source/system.o
                0x0000000000000548                peripheral_clk_init

.text.clocks_init%24
                0x0000000000000564       0x1c
 .text.clocks_init
                0x0000000000000564       0x1c build/default/production/Source/system.o
                0x0000000000000564                clocks_init

.text.main%25   0x0000000000000580       0x16
 .text.main     0x0000000000000580       0x16 build/default/production/Source/main.o
                0x0000000000000580                main

.text.mclk_init%26
                0x0000000000000598       0x14
 .text.mclk_init
                0x0000000000000598       0x14 build/default/production/Source/system.o
                0x0000000000000598                mclk_init

.rodata%27      0x00000000000005ac       0x14
 .rodata        0x00000000000005ac       0x14 c:/program files/microchip/xc32/v4.45/bin/bin/../../lib/gcc/pic32c/8.3.1/../../../../pic32c/lib/thumb/v6-m/nofp\libpic32c.a(data_init.o)

.text.__init_stdout%28
                0x00000000000005c0       0x14
 .text.__init_stdout
                0x00000000000005c0       0x14 c:/program files/microchip/xc32/v4.45/bin/bin/../../lib/gcc/pic32c/8.3.1/../../../../pic32c/lib/thumb/v6-m/nofp\libc-musl.a(stdout.o)
                0x00000000000005c0                __init_stdout

.text.__dinit_clear%29
                0x00000000000005d4       0x12
 .text.__dinit_clear
                0x00000000000005d4       0x12 c:/program files/microchip/xc32/v4.45/bin/bin/../../lib/gcc/pic32c/8.3.1/../../../../pic32c/lib/thumb/v6-m/nofp\libpic32c.a(pic32_data_init_clear.o)
                0x00000000000005d4                __dinit_clear
                0x00000000000005d4                __dinit_clear_needed

.text.__init_stdio%30
                0x00000000000005e6       0x10
 .text.__init_stdio
                0x00000000000005e6       0x10 c:/program files/microchip/xc32/v4.45/bin/bin/../../lib/gcc/pic32c/8.3.1/../../../../pic32c/lib/thumb/v6-m/nofp\libc-musl.a(__init_stdio.o)
                0x00000000000005e6                __init_stdio_needed
                0x00000000000005e6                __init_stdio

.text.__dummy%31
                0x00000000000005f8        0x8
 .text.__dummy  0x00000000000005f8        0x8 c:/program files/microchip/xc32/v4.45/bin/bin/../../lib/gcc/pic32c/8.3.1/../../../../pic32c/lib/thumb/v6-m/nofp\libc-musl.a(stdout.o)
                0x00000000000005f8                __get_stdout

.text.__dummy_decompress%32
                0x0000000000000600        0x4
 .text.__dummy_decompress
                0x0000000000000600        0x4 c:/program files/microchip/xc32/v4.45/bin/bin/../../lib/gcc/pic32c/8.3.1/../../../../pic32c/lib/thumb/v6-m/nofp\libpic32c.a(data_init.o)
                0x0000000000000600                __dinit_decompress
                0x0000000000000600                __dinit_copy_val_data
                0x0000000000000600                __dinit_copy_emb

.text.Dummy_Handler%33
                0x0000000000000296        0x2
 .text.Dummy_Handler
                0x0000000000000296        0x2 build/default/production/Source/startup_atsamc21a.o
                0x0000000000000296                SVCall_Handler
                0x0000000000000296                DMAC_Handler
                0x0000000000000296                HardFault_Handler
                0x0000000000000296                TC2_Handler
                0x0000000000000296                AC_Handler
                0x0000000000000296                SysTick_Handler
                0x0000000000000296                PendSV_Handler
                0x0000000000000296                SERCOM1_Handler
                0x0000000000000296                NonMaskableInt_Handler
                0x0000000000000296                TCC1_Handler
                0x0000000000000296                SERCOM2_Handler
                0x0000000000000296                TCC0_Handler
                0x0000000000000296                RTC_Handler
                0x0000000000000296                ADC1_Handler
                0x0000000000000296                EIC_Handler
                0x0000000000000296                WDT_Handler
                0x0000000000000296                CAN0_Handler
                0x0000000000000296                TC4_Handler
                0x0000000000000296                TC1_Handler
                0x0000000000000296                TC3_Handler
                0x0000000000000296                SDADC_Handler
                0x0000000000000296                Dummy_Handler
                0x0000000000000296                Reserved14_Handler
                0x0000000000000296                ADC0_Handler
                0x0000000000000296                TSENS_Handler
                0x0000000000000296                TCC2_Handler
                0x0000000000000296                EVSYS_Handler
                0x0000000000000296                SERCOM3_Handler
                0x0000000000000296                NVMCTRL_Handler
                0x0000000000000296                SYSTEM_Handler
                0x0000000000000296                SERCOM0_Handler
                0x0000000000000296                Reserved13_Handler
                0x0000000000000296                Reserved16_Handler
                0x0000000000000296                DAC_Handler
                0x0000000000000296                PTC_Handler
                0x0000000000000296                FREQM_Handler
                0x0000000000000296                TC0_Handler

.text.__dummy%34
                0x000000000000052a        0x2
 .text.__dummy  0x000000000000052a        0x2 c:/program files/microchip/xc32/v4.45/bin/bin/../../lib/gcc/pic32c/8.3.1/../../../../pic32c/lib/thumb/v6-m/nofp\libc-musl.a(__libc_start_main.o)
                0x000000000000052a                __init_host

.text.__dummy%35
                0x0000000000000596        0x2
 .text.__dummy  0x0000000000000596        0x2 c:/program files/microchip/xc32/v4.45/bin/bin/../../lib/gcc/pic32c/8.3.1/../../../../pic32c/lib/thumb/v6-m/nofp\libc-musl.a(__init_stdio.o)
                0x0000000000000596                __init_stdin
                0x0000000000000596                __init_stderr
