Archive member included to satisfy reference by file (symbol)

c:/program files/microchip/xc32/v2.40/bin/bin/../../lib/gcc/pic32c/6.2.1/../../../../pic32c/lib\libm_nano.a(lib_a-s_fmin.o)
                              build/default/production/Source/fis.o (fmin)
c:/program files/microchip/xc32/v2.40/bin/bin/../../lib/gcc/pic32c/6.2.1/../../../../pic32c/lib\libm_nano.a(lib_a-s_fpclassify.o)
                              c:/program files/microchip/xc32/v2.40/bin/bin/../../lib/gcc/pic32c/6.2.1/../../../../pic32c/lib\libm_nano.a(lib_a-s_fmin.o) (__fpclassifyd)
c:/program files/microchip/xc32/v2.40/bin/bin/../../lib/gcc/pic32c/6.2.1/../../../../pic32c/lib\libm_nano.a(lib_a-sf_round.o)
                              build/default/production/Source/fis.o (roundf)
c:/program files/microchip/xc32/v2.40/bin/bin/../../lib/gcc/pic32c/6.2.1/../../../../pic32c/lib\libm_nano.a(lib_a-wf_exp.o)
                              build/default/production/Source/fis.o (expf)
c:/program files/microchip/xc32/v2.40/bin/bin/../../lib/gcc/pic32c/6.2.1/../../../../pic32c/lib\libm_nano.a(lib_a-wf_log.o)
                              build/default/production/Source/cal_temp.o (logf)
c:/program files/microchip/xc32/v2.40/bin/bin/../../lib/gcc/pic32c/6.2.1/../../../../pic32c/lib\libm_nano.a(lib_a-wf_pow.o)
                              build/default/production/Source/cal_temp.o (powf)
c:/program files/microchip/xc32/v2.40/bin/bin/../../lib/gcc/pic32c/6.2.1/../../../../pic32c/lib\libm_nano.a(lib_a-ef_exp.o)
                              c:/program files/microchip/xc32/v2.40/bin/bin/../../lib/gcc/pic32c/6.2.1/../../../../pic32c/lib\libm_nano.a(lib_a-wf_exp.o) (__ieee754_expf)
c:/program files/microchip/xc32/v2.40/bin/bin/../../lib/gcc/pic32c/6.2.1/../../../../pic32c/lib\libm_nano.a(lib_a-ef_log.o)
                              c:/program files/microchip/xc32/v2.40/bin/bin/../../lib/gcc/pic32c/6.2.1/../../../../pic32c/lib\libm_nano.a(lib_a-wf_log.o) (__ieee754_logf)
c:/program files/microchip/xc32/v2.40/bin/bin/../../lib/gcc/pic32c/6.2.1/../../../../pic32c/lib\libm_nano.a(lib_a-ef_pow.o)
                              c:/program files/microchip/xc32/v2.40/bin/bin/../../lib/gcc/pic32c/6.2.1/../../../../pic32c/lib\libm_nano.a(lib_a-wf_pow.o) (__ieee754_powf)
c:/program files/microchip/xc32/v2.40/bin/bin/../../lib/gcc/pic32c/6.2.1/../../../../pic32c/lib\libm_nano.a(lib_a-ef_sqrt.o)
                              c:/program files/microchip/xc32/v2.40/bin/bin/../../lib/gcc/pic32c/6.2.1/../../../../pic32c/lib\libm_nano.a(lib_a-ef_pow.o) (__ieee754_sqrtf)
c:/program files/microchip/xc32/v2.40/bin/bin/../../lib/gcc/pic32c/6.2.1/../../../../pic32c/lib\libm_nano.a(lib_a-sf_fabs.o)
                              c:/program files/microchip/xc32/v2.40/bin/bin/../../lib/gcc/pic32c/6.2.1/../../../../pic32c/lib\libm_nano.a(lib_a-ef_pow.o) (fabsf)
c:/program files/microchip/xc32/v2.40/bin/bin/../../lib/gcc/pic32c/6.2.1/../../../../pic32c/lib\libm_nano.a(lib_a-sf_finite.o)
                              c:/program files/microchip/xc32/v2.40/bin/bin/../../lib/gcc/pic32c/6.2.1/../../../../pic32c/lib\libm_nano.a(lib_a-wf_exp.o) (finitef)
c:/program files/microchip/xc32/v2.40/bin/bin/../../lib/gcc/pic32c/6.2.1/../../../../pic32c/lib\libm_nano.a(lib_a-sf_nan.o)
                              c:/program files/microchip/xc32/v2.40/bin/bin/../../lib/gcc/pic32c/6.2.1/../../../../pic32c/lib\libm_nano.a(lib_a-ef_pow.o) (nanf)
c:/program files/microchip/xc32/v2.40/bin/bin/../../lib/gcc/pic32c/6.2.1/../../../../pic32c/lib\libm_nano.a(lib_a-sf_scalbn.o)
                              c:/program files/microchip/xc32/v2.40/bin/bin/../../lib/gcc/pic32c/6.2.1/../../../../pic32c/lib\libm_nano.a(lib_a-ef_pow.o) (scalbnf)
c:/program files/microchip/xc32/v2.40/bin/bin/../../lib/gcc/pic32c/6.2.1/../../../../pic32c/lib\libm_nano.a(lib_a-s_lib_ver.o)
                              c:/program files/microchip/xc32/v2.40/bin/bin/../../lib/gcc/pic32c/6.2.1/../../../../pic32c/lib\libm_nano.a(lib_a-wf_exp.o) (__fdlib_version)
c:/program files/microchip/xc32/v2.40/bin/bin/../../lib/gcc/pic32c/6.2.1/../../../../pic32c/lib\libm_nano.a(lib_a-s_matherr.o)
                              c:/program files/microchip/xc32/v2.40/bin/bin/../../lib/gcc/pic32c/6.2.1/../../../../pic32c/lib\libm_nano.a(lib_a-wf_exp.o) (matherr)
c:/program files/microchip/xc32/v2.40/bin/bin/../../lib/gcc/pic32c/6.2.1/../../../../pic32c/lib\libm_nano.a(lib_a-s_nan.o)
                              c:/program files/microchip/xc32/v2.40/bin/bin/../../lib/gcc/pic32c/6.2.1/../../../../pic32c/lib\libm_nano.a(lib_a-wf_log.o) (nan)
c:/program files/microchip/xc32/v2.40/bin/bin/../../lib/gcc/pic32c/6.2.1/../../../../pic32c/lib\libm_nano.a(lib_a-s_rint.o)
                              c:/program files/microchip/xc32/v2.40/bin/bin/../../lib/gcc/pic32c/6.2.1/../../../../pic32c/lib\libm_nano.a(lib_a-wf_pow.o) (rint)
c:/program files/microchip/xc32/v2.40/bin/bin/../../lib/gcc/pic32c/6.2.1/../../../../pic32c/lib\libm_nano.a(lib_a-sf_copysign.o)
[...]
Memory Configuration

Name             Origin             Length             Attributes
rom              0x00000000         0x00040000         xrl
ram              0x20000000         0x00008000         xw !r
config_00804000  0x00804000         0x00000004
config_00804004  0x00804004         0x00000004
*default*        0x00000000         0xffffffff

Linker script and memory map

LOAD c:/program files/microchip/xc32/v2.40/bin/bin/../../lib/gcc/pic32c/6.2.1/crti.o
LOAD c:/program files/microchip/xc32/v2.40/bin/bin/../../lib/gcc/pic32c/6.2.1/crtbegin.o
LOAD build/default/production/Source/startup_atsamc21a.o
LOAD build/default/production/Source/main.o
LOAD build/default/production/Source/system.o
LOAD build/default/production/Source/port.o
LOAD build/default/production/Source/uart.o
LOAD build/default/production/Source/timer.o
LOAD build/default/production/Source/analog.o
LOAD build/default/production/Source/cal_temp.o
LOAD build/default/production/Source/dac.o
LOAD build/default/production/Source/flash.o
LOAD build/default/production/Source/systick.o
LOAD build/default/production/Source/fis.o
LOAD build/default/production/Source/spi.o
LOAD build/default/production/Source/fis2.o
                0x00000001                __MPLAB_BUILD = 0x1
                0x00040000                __rom_end = (ORIGIN (rom) + LENGTH (rom))
                0x20008000                __ram_end = (ORIGIN (ram) + LENGTH (ram))

.config_00804000
 *(.config_00804000)
 *(.config_00804000)

.config_00804004
 *(.config_00804004)
 *(.config_00804004)

.vectors        0x00000000      0x178
                0x00000000                . = ALIGN (0x4)
                0x00000000                _sfixed = .
 *(.vectors .vectors.* .vectors_default .vectors_default.*)
 .vectors.default
                0x00000000       0xbc build/default/production/Source/startup_atsamc21a.o
                0x00000000                exception_table
 .vectors.default
                0x000000bc       0xbc C:\Users\Danfi\AppData\Local\Temp\cc88U0dH.o
 *(.isr_vector)
 *(.reset*)
 *(.after_vectors)
                0x00000178                . = ALIGN (0x4)
                0x00000178                _sfixed = .
 *(.vectors .vectors.* .vectors_default .vectors_default.*)
 *(.isr_vector)
 *(.reset*)
 *(.after_vectors)

.text           0x00000178       0x20
                0x00000178                . = ALIGN (0x4)
 *(.glue_7t)
 .glue_7t       0x00000178        0x0 linker stubs
 *(.glue_7)
 .glue_7        0x00000178        0x0 linker stubs
 *(.gnu.linkonce.r.*)
 *(.ARM.extab* .gnu.linkonce.armextab.*)
                0x00000178                . = ALIGN (0x4)
 *(.init)
 .init          0x00000178        0x4 c:/program files/microchip/xc32/v2.40/bin/bin/../../lib/gcc/pic32c/6.2.1/crti.o
                0x00000178                _init
 .init          0x0000017c        0x8 c:/program files/microchip/xc32/v2.40/bin/bin/../../lib/gcc/pic32c/6.2.1/crtn.o
                0x00000184                . = ALIGN (0x4)
                0x00000184                __preinit_array_start = .
 *(.preinit_array)
                0x00000184                __preinit_array_end = .
                0x00000184                . = ALIGN (0x4)
                0x00000184                __init_array_start = .
 *(SORT(.init_array.*))
 *(.init_array)
 .init_array    0x00000184        0x4 c:/program files/microchip/xc32/v2.40/bin/bin/../../lib/gcc/pic32c/6.2.1/crtbegin.o
                0x00000188                __init_array_end = .
                0x00000188                . = ALIGN (0x4)
 *crtbegin.o(.ctors)
 *(EXCLUDE_FILE(*crtend.o) .ctors)
 *(SORT(.ctors.*))
 *crtend.o(.ctors)
                0x00000188                . = ALIGN (0x4)
 *(.fini)
 .fini          0x00000188        0x4 c:/program files/microchip/xc32/v2.40/bin/bin/../../lib/gcc/pic32c/6.2.1/crti.o
                0x00000188                _fini
 .fini          0x0000018c        0x8 c:/program files/microchip/xc32/v2.40/bin/bin/../../lib/gcc/pic32c/6.2.1/crtn.o
                0x00000194                . = ALIGN (0x4)
                0x00000194                __fini_array_start = .
 *(.fini_array)
 .fini_array    0x00000194        0x4 c:/program files/microchip/xc32/v2.40/bin/bin/../../lib/gcc/pic32c/6.2.1/crtbegin.o
 *(SORT(.fini_array.*))
                0x00000198                __fini_array_end = .
 *crtbegin.o(.dtors)
 *(EXCLUDE_FILE(*crtend.o) .dtors)
 *(SORT(.dtors.*))
 *crtend.o(.dtors)
                0x00000198                . = ALIGN (0x4)
                0x00000198                _efixed = .
                0x00000198                . = ALIGN (0x4)
 *(.glue_7t)
 *(.glue_7)
 *(.gnu.linkonce.r.*)
 *(.ARM.extab* .gnu.linkonce.armextab.*)
                0x00000198                . = ALIGN (0x4)
 *(.init)
                0x00000198                . = ALIGN (0x4)
                0x00000198                __preinit_array_start = .
 *(.preinit_array)
                0x00000198                __preinit_array_end = .
                0x00000198                . = ALIGN (0x4)
                0x00000198                __init_array_start = .
 *(SORT(.init_array.*))
 *(.init_array)
                0x00000198                __init_array_end = .
                0x00000198                . = ALIGN (0x4)
 *crtbegin.o(.ctors)
 *(EXCLUDE_FILE(*crtend.o) .ctors)
 *(SORT(.ctors.*))
 *crtend.o(.ctors)
                0x00000198                . = ALIGN (0x4)
 *(.fini)
                0x00000198                . = ALIGN (0x4)
                0x00000198                __fini_array_start = .
 *(.fini_array)
 *(SORT(.fini_array.*))
                0x00000198                __fini_array_end = .
 *crtbegin.o(.dtors)
 *(EXCLUDE_FILE(*crtend.o) .dtors)
 *(SORT(.dtors.*))
 *crtend.o(.dtors)
                0x00000198                . = ALIGN (0x4)
                0x00000198                _efixed = .
                [!provide]                PROVIDE (__exidx_start, .)

.ARM.exidx
 *(.ARM.exidx* .gnu.linkonce.armexidx.*)
 *(.ARM.exidx* .gnu.linkonce.armexidx.*)
                [!provide]                PROVIDE (__exidx_end, .)
                0x00000198                . = ALIGN (0x4)
                0x00000198                _etext = .

.bss            0x20000000        0x4
                0x20000000                . = ALIGN (0x4)
                0x20000000                __bss_start__ = .
                0x20000000                _sbss = .
                0x20000000                _szero = .
 *(COMMON)
 COMMON         0x20000000        0x4 c:/program files/microchip/xc32/v2.40/bin/bin/../../lib/gcc/pic32c/6.2.1/../../../../pic32c/lib\libc_nano.a(lib_a-reent.o)
                0x20000000                errno
                0x20000004                . = ALIGN (0x4)
                0x20000004                __bss_end__ = .
                0x20000004                _ebss = .
                0x20000004                _ezero = .
                0x20000004                . = ALIGN (0x4)
                0x20000004                __bss_start__ = .
                0x20000004                _sbss = .
                0x20000004                _szero = .
 *(COMMON)
                0x20000004                . = ALIGN (0x4)
                0x20000004                __bss_end__ = .
                0x20000004                _ebss = .
                0x20000004                _ezero = .
                0x20000004                . = ALIGN (0x4)
                0x20000004                _end = .
                0x20007fff                _ram_end_ = ((ORIGIN (ram) + LENGTH (ram)) - 0x1)
                0x00001000                _min_heap_size = 0x1000
                0x00040000                __rom_end = (ORIGIN (rom) + LENGTH (rom))
                0x20008000                __ram_end = (ORIGIN (ram) + LENGTH (ram))
                [!provide]                PROVIDE (__exidx_start, .)
                [!provide]                PROVIDE (__exidx_end, .)
                0x20000004                . = ALIGN (0x4)
                0x20000004                _etext = .
                0x20000004                . = ALIGN (0x4)
                0x20000004                _end = .
                0x20007fff                _ram_end_ = ((ORIGIN (ram) + LENGTH (ram)) - 0x1)
LOAD c:/program files/microchip/xc32/v2.40/bin/bin/../../lib/gcc/pic32c/6.2.1/../../../../pic32c/lib\libm_nano.a
LOAD C:\Users\Danfi\AppData\Local\Temp\cc88U0dH.o
START GROUP
LOAD c:/program files/microchip/xc32/v2.40/bin/bin/../../lib/gcc/pic32c/6.2.1/../../../../pic32c/lib\libpic32c.a
LOAD c:/program files/microchip/xc32/v2.40/bin/bin/../../lib/gcc/pic32c/6.2.1\libgcc.a
LOAD c:/program files/microchip/xc32/v2.40/bin/bin/../../lib/gcc/pic32c/6.2.1/../../../../pic32c/lib\libm_nano.a
LOAD c:/program files/microchip/xc32/v2.40/bin/bin/../../lib/gcc/pic32c/6.2.1/../../../../pic32c/lib\libc_nano.a
END GROUP
LOAD c:/program files/microchip/xc32/v2.40/bin/bin/../../lib/gcc/pic32c/6.2.1/crtend.o
LOAD c:/program files/microchip/xc32/v2.40/bin/bin/../../lib/gcc/pic32c/6.2.1/crtn.o
OUTPUT(dist/default/production/code_2.1.production.elf elf32-littlearm)
LOAD stack
LOAD data_init

.ARM.attributes
                0x00000000       0x28
 .ARM.attributes
                0x00000000       0x1e c:/program files/microchip/xc32/v2.40/bin/bin/../../lib/gcc/pic32c/6.2.1/crti.o
 .ARM.attributes
                0x0000001e       0x2c c:/program files/microchip/xc32/v2.40/bin/bin/../../lib/gcc/pic32c/6.2.1/crtbegin.o
 .ARM.attributes
                0x0000004a       0x32 build/default/production/Source/startup_atsamc21a.o
 .ARM.attributes
                0x0000007c       0x32 build/default/production/Source/main.o
 .ARM.attributes
                0x000000ae       0x32 build/default/production/Source/system.o
 .ARM.attributes
                0x000000e0       0x32 build/default/production/Source/port.o
 .ARM.attributes
                0x00000112       0x32 build/default/production/Source/uart.o
 .ARM.attributes
                0x00000144       0x32 build/default/production/Source/timer.o
 .ARM.attributes
                0x00000176       0x32 build/default/production/Source/analog.o
 .ARM.attributes
                0x000001a8       0x32 build/default/production/Source/cal_temp.o
 .ARM.attributes
                0x000001da       0x32 build/default/production/Source/dac.o
 .ARM.attributes
                0x0000020c       0x32 build/default/production/Source/flash.o
 .ARM.attributes
                0x0000023e       0x32 build/default/production/Source/systick.o
 .ARM.attributes
                0x00000270       0x32 build/default/production/Source/fis.o
 .ARM.attributes
                0x000002a2       0x2c c:/program files/microchip/xc32/v2.40/bin/bin/../../lib/gcc/pic32c/6.2.1/../../../../pic32c/lib\libm_nano.a(lib_a-s_fmin.o)
 .ARM.attributes
                0x000002ce       0x2c c:/program files/microchip/xc32/v2.40/bin/bin/../../lib/gcc/pic32c/6.2.1/../../../../pic32c/lib\libm_nano.a(lib_a-s_fpclassify.o)
 .ARM.attributes
                0x000002fa       0x2c c:/program files/microchip/xc32/v2.40/bin/bin/../../lib/gcc/pic32c/6.2.1/../../../../pic32c/lib\libm_nano.a(lib_a-sf_round.o)
 .ARM.attributes
                0x00000326       0x2c c:/program files/microchip/xc32/v2.40/bin/bin/../../lib/gcc/pic32c/6.2.1/../../../../pic32c/lib\libm_nano.a(lib_a-wf_exp.o)
 .ARM.attributes
                0x00000352       0x2c c:/program files/microchip/xc32/v2.40/bin/bin/../../lib/gcc/pic32c/6.2.1/../../../../pic32c/lib\libm_nano.a(lib_a-wf_log.o)
 .ARM.attributes
                0x0000037e       0x2c c:/program files/microchip/xc32/v2.40/bin/bin/../../lib/gcc/pic32c/6.2.1/../../../../pic32c/lib\libm_nano.a(lib_a-wf_pow.o)
 .ARM.attributes
                0x000003aa       0x2c c:/program files/microchip/xc32/v2.40/bin/bin/../../lib/gcc/pic32c/6.2.1/../../../../pic32c/lib\libm_nano.a(lib_a-ef_exp.o)
 .ARM.attributes
                0x000003d6       0x2c c:/program files/microchip/xc32/v2.40/bin/bin/../../lib/gcc/pic32c/6.2.1/../../../../pic32c/lib\libm_nano.a(lib_a-ef_log.o)
 .ARM.attributes
                0x00000402       0x2c c:/program files/microchip/xc32/v2.40/bin/bin/../../lib/gcc/pic32c/6.2.1/../../../../pic32c/lib\libm_nano.a(lib_a-ef_pow.o)
 .ARM.attributes
                0x0000042e       0x2c c:/program files/microchip/xc32/v2.40/bin/bin/../../lib/gcc/pic32c/6.2.1/../../../../pic32c/lib\libm_nano.a(lib_a-ef_sqrt.o)
 .ARM.attributes
                0x0000045a       0x2c c:/program files/microchip/xc32/v2.40/bin/bin/../../lib/gcc/pic32c/6.2.1/../../../../pic32c/lib\libm_nano.a(lib_a-sf_fabs.o)
 .ARM.attributes
                0x00000486       0x2c c:/program files/microchip/xc32/v2.40/bin/bin/../../lib/gcc/pic32c/6.2.1/../../../../pic32c/lib\libm_nano.a(lib_a-sf_finite.o)
 .ARM.attributes
                0x000004b2       0x2c c:/program files/microchip/xc32/v2.40/bin/bin/../../lib/gcc/pic32c/6.2.1/../../../../pic32c/lib\libm_nano.a(lib_a-sf_nan.o)
 .ARM.attributes
                0x000004de       0x2c c:/program files/microchip/xc32/v2.40/bin/bin/../../lib/gcc/pic32c/6.2.1/../../../../pic32c/lib\libm_nano.a(lib_a-sf_scalbn.o)
 .ARM.attributes
                0x0000050a       0x2c c:/program files/microchip/xc32/v2.40/bin/bin/../../lib/gcc/pic32c/6.2.1/../../../../pic32c/lib\libm_nano.a(lib_a-s_lib_ver.o)
 .ARM.attributes
                0x00000536       0x2c c:/program files/microchip/xc32/v2.40/bin/bin/../../lib/gcc/pic32c/6.2.1/../../../../pic32c/lib\libm_nano.a(lib_a-s_matherr.o)
 .ARM.attributes
                0x00000562       0x2c c:/program files/microchip/xc32/v2.40/bin/bin/../../lib/gcc/pic32c/6.2.1/../../../../pic32c/lib\libm_nano.a(lib_a-s_nan.o)
 .ARM.attributes
                0x0000058e       0x2c c:/program files/microchip/xc32/v2.40/bin/bin/../../lib/gcc/pic32c/6.2.1/../../../../pic32c/lib\libm_nano.a(lib_a-s_rint.o)
 .ARM.attributes
                0x000005ba       0x2c c:/program files/microchip/xc32/v2.40/bin/bin/../../lib/gcc/pic32c/6.2.1/../../../../pic32c/lib\libm_nano.a(lib_a-sf_copysign.o)
 .ARM.attributes
                0x000005e6       0x32 C:\Users\Danfi\AppData\Local\Temp\cc88U0dH.o
 .ARM.attributes
                0x00000618       0x2c c:/program files/microchip/xc32/v2.40/bin/bin/../../lib/gcc/pic32c/6.2.1/../../../../pic32c/lib\libpic32c.a(data_init.o)
 .ARM.attributes
                0x00000644       0x1e c:/program files/microchip/xc32/v2.40/bin/bin/../../lib/gcc/pic32c/6.2.1\libgcc.a(_arm_cmpdf2.o)
 .ARM.attributes
                0x00000662       0x1e c:/program files/microchip/xc32/v2.40/bin/bin/../../lib/gcc/pic32c/6.2.1\libgcc.a(_arm_cmpsf2.o)
 .ARM.attributes
                0x00000680       0x2c c:/program files/microchip/xc32/v2.40/bin/bin/../../lib/gcc/pic32c/6.2.1\libgcc.a(_fixunssfsi.o)
 .ARM.attributes
                0x000006ac       0x2c c:/program files/microchip/xc32/v2.40/bin/bin/../../lib/gcc/pic32c/6.2.1\libgcc.a(addsf3.o)
 .ARM.attributes
                0x000006d8       0x2c c:/program files/microchip/xc32/v2.40/bin/bin/../../lib/gcc/pic32c/6.2.1\libgcc.a(divsf3.o)
 .ARM.attributes
                0x00000704       0x2c c:/program files/microchip/xc32/v2.40/bin/bin/../../lib/gcc/pic32c/6.2.1\libgcc.a(eqsf2.o)
 .ARM.attributes
                0x00000730       0x2c c:/program files/microchip/xc32/v2.40/bin/bin/../../lib/gcc/pic32c/6.2.1\libgcc.a(gesf2.o)
 .ARM.attributes
                0x0000075c       0x2c c:/program files/microchip/xc32/v2.40/bin/bin/../../lib/gcc/pic32c/6.2.1\libgcc.a(lesf2.o)
 .ARM.attributes
                0x00000788       0x2c c:/program files/microchip/xc32/v2.40/bin/bin/../../lib/gcc/pic32c/6.2.1\libgcc.a(mulsf3.o)
 .ARM.attributes
                0x000007b4       0x2c c:/program files/microchip/xc32/v2.40/bin/bin/../../lib/gcc/pic32c/6.2.1\libgcc.a(subsf3.o)
 .ARM.attributes
                0x000007e0       0x2c c:/program files/microchip/xc32/v2.40/bin/bin/../../lib/gcc/pic32c/6.2.1\libgcc.a(unordsf2.o)
 .ARM.attributes
                0x0000080c       0x2c c:/program files/microchip/xc32/v2.40/bin/bin/../../lib/gcc/pic32c/6.2.1\libgcc.a(fixsfsi.o)
 .ARM.attributes
                0x00000838       0x2c c:/program files/microchip/xc32/v2.40/bin/bin/../../lib/gcc/pic32c/6.2.1\libgcc.a(floatsisf.o)
 .ARM.attributes
                0x00000864       0x2c c:/program files/microchip/xc32/v2.40/bin/bin/../../lib/gcc/pic32c/6.2.1\libgcc.a(floatunsisf.o)
 .ARM.attributes
                0x00000890       0x2c c:/program files/microchip/xc32/v2.40/bin/bin/../../lib/gcc/pic32c/6.2.1\libgcc.a(adddf3.o)
 .ARM.attributes
                0x000008bc       0x2c c:/program files/microchip/xc32/v2.40/bin/bin/../../lib/gcc/pic32c/6.2.1\libgcc.a(divdf3.o)
 .ARM.attributes
                0x000008e8       0x2c c:/program files/microchip/xc32/v2.40/bin/bin/../../lib/gcc/pic32c/6.2.1\libgcc.a(eqdf2.o)
 .ARM.attributes
                0x00000914       0x2c c:/program files/microchip/xc32/v2.40/bin/bin/../../lib/gcc/pic32c/6.2.1\libgcc.a(gedf2.o)
 .ARM.attributes
                0x00000940       0x2c c:/program files/microchip/xc32/v2.40/bin/bin/../../lib/gcc/pic32c/6.2.1\libgcc.a(ledf2.o)
 .ARM.attributes
                0x0000096c       0x2c c:/program files/microchip/xc32/v2.40/bin/bin/../../lib/gcc/pic32c/6.2.1\libgcc.a(subdf3.o)
 .ARM.attributes
                0x00000998       0x2c c:/program files/microchip/xc32/v2.40/bin/bin/../../lib/gcc/pic32c/6.2.1\libgcc.a(extendsfdf2.o)
 .ARM.attributes
                0x000009c4       0x2c c:/program files/microchip/xc32/v2.40/bin/bin/../../lib/gcc/pic32c/6.2.1\libgcc.a(truncdfsf2.o)
 .ARM.attributes
                0x000009f0       0x1e c:/program files/microchip/xc32/v2.40/bin/bin/../../lib/gcc/pic32c/6.2.1\libgcc.a(_thumb1_case_uqi.o)
 .ARM.attributes
                0x00000a0e       0x1e c:/program files/microchip/xc32/v2.40/bin/bin/../../lib/gcc/pic32c/6.2.1\libgcc.a(_thumb1_case_uhi.o)
 .ARM.attributes
                0x00000a2c       0x1e c:/program files/microchip/xc32/v2.40/bin/bin/../../lib/gcc/pic32c/6.2.1\libgcc.a(_udivsi3.o)
 .ARM.attributes
                0x00000a4a       0x1e c:/program files/microchip/xc32/v2.40/bin/bin/../../lib/gcc/pic32c/6.2.1\libgcc.a(_dvmd_tls.o)
 .ARM.attributes
                0x00000a68       0x1e c:/program files/microchip/xc32/v2.40/bin/bin/../../lib/gcc/pic32c/6.2.1\libgcc.a(_clzsi2.o)
 .ARM.attributes
                0x00000a86       0x2c c:/program files/microchip/xc32/v2.40/bin/bin/../../lib/gcc/pic32c/6.2.1/../../../../pic32c/lib\libc_nano.a(lib_a-errno.o)
 .ARM.attributes
                0x00000ab2       0x2c c:/program files/microchip/xc32/v2.40/bin/bin/../../lib/gcc/pic32c/6.2.1/../../../../pic32c/lib\libc_nano.a(lib_a-impure.o)
 .ARM.attributes
                0x00000ade       0x2c c:/program files/microchip/xc32/v2.40/bin/bin/../../lib/gcc/pic32c/6.2.1/../../../../pic32c/lib\libc_nano.a(lib_a-init.o)
 .ARM.attributes
                0x00000b0a       0x2c c:/program files/microchip/xc32/v2.40/bin/bin/../../lib/gcc/pic32c/6.2.1/../../../../pic32c/lib\libc_nano.a(lib_a-locale.o)
 .ARM.attributes
                0x00000b36       0x2c c:/program files/microchip/xc32/v2.40/bin/bin/../../lib/gcc/pic32c/6.2.1/../../../../pic32c/lib\libc_nano.a(lib_a-mbtowc_r.o)
 .ARM.attributes
                0x00000b62       0x2c c:/program files/microchip/xc32/v2.40/bin/bin/../../lib/gcc/pic32c/6.2.1/../../../../pic32c/lib\libc_nano.a(lib_a-memcpy-stub.o)
 .ARM.attributes
                0x00000b8e       0x2c c:/program files/microchip/xc32/v2.40/bin/bin/../../lib/gcc/pic32c/6.2.1/../../../../pic32c/lib\libc_nano.a(lib_a-memset.o)
 .ARM.attributes
                0x00000bba       0x2c c:/program files/microchip/xc32/v2.40/bin/bin/../../lib/gcc/pic32c/6.2.1/../../../../pic32c/lib\libc_nano.a(_lib_a-nano-vfprintf.cdeEfFgGnopsuxX.o)
 .ARM.attributes
                0x00000be6       0x2c c:/program files/microchip/xc32/v2.40/bin/bin/../../lib/gcc/pic32c/6.2.1/../../../../pic32c/lib\libc_nano.a(lib_a-nano-vfprintf_i.o)
 .ARM.attributes
                0x00000c12       0x2c c:/program files/microchip/xc32/v2.40/bin/bin/../../lib/gcc/pic32c/6.2.1/../../../../pic32c/lib\libc_nano.a(lib_a-printf.o)
 .ARM.attributes
                0x00000c3e       0x2c c:/program files/microchip/xc32/v2.40/bin/bin/../../lib/gcc/pic32c/6.2.1/../../../../pic32c/lib\libc_nano.a(lib_a-puts.o)
 .ARM.attributes
                0x00000c6a       0x2c c:/program files/microchip/xc32/v2.40/bin/bin/../../lib/gcc/pic32c/6.2.1/../../../../pic32c/lib\libc_nano.a(lib_a-__ssfputs.o)
 .ARM.attributes
                0x00000c96       0x1c c:/program files/microchip/xc32/v2.40/bin/bin/../../lib/gcc/pic32c/6.2.1/../../../../pic32c/lib\libc_nano.a(lib_a-strlen.o)
 .ARM.attributes
                0x00000cb2       0x2c c:/program files/microchip/xc32/v2.40/bin/bin/../../lib/gcc/pic32c/6.2.1/../../../../pic32c/lib\libc_nano.a(lib_a-wbuf.o)
 .ARM.attributes
                0x00000cde       0x2c c:/program files/microchip/xc32/v2.40/bin/bin/../../lib/gcc/pic32c/6.2.1/../../../../pic32c/lib\libc_nano.a(lib_a-wctomb_r.o)
 .ARM.attributes
                0x00000d0a       0x2c c:/program files/microchip/xc32/v2.40/bin/bin/../../lib/gcc/pic32c/6.2.1/../../../../pic32c/lib\libc_nano.a(lib_a-wsetup.o)
 .ARM.attributes
                0x00000d36       0x2c c:/program files/microchip/xc32/v2.40/bin/bin/../../lib/gcc/pic32c/6.2.1/../../../../pic32c/lib\libc_nano.a(lib_a-ctype_.o)
 .ARM.attributes
                0x00000d62       0x2c c:/program files/microchip/xc32/v2.40/bin/bin/../../lib/gcc/pic32c/6.2.1/../../../../pic32c/lib\libc_nano.a(lib_a-dtoa.o)
 .ARM.attributes
                0x00000d8e       0x2c c:/program files/microchip/xc32/v2.40/bin/bin/../../lib/gcc/pic32c/6.2.1/../../../../pic32c/lib\libc_nano.a(lib_a-fflush.o)
 .ARM.attributes
                0x00000dba       0x2c c:/program files/microchip/xc32/v2.40/bin/bin/../../lib/gcc/pic32c/6.2.1/../../../../pic32c/lib\libc_nano.a(lib_a-findfp.o)
 .ARM.attributes
                0x00000de6       0x2c c:/program files/microchip/xc32/v2.40/bin/bin/../../lib/gcc/pic32c/6.2.1/../../../../pic32c/lib\libc_nano.a(lib_a-fputwc.o)
 .ARM.attributes
                0x00000e12       0x2c c:/program files/microchip/xc32/v2.40/bin/bin/../../lib/gcc/pic32c/6.2.1/../../../../pic32c/lib\libc_nano.a(lib_a-fwalk.o)
 .ARM.attributes
                0x00000e3e       0x2c c:/program files/microchip/xc32/v2.40/bin/bin/../../lib/gcc/pic32c/6.2.1/../../../../pic32c/lib\libc_nano.a(lib_a-localeconv.o)
 .ARM.attributes
                0x00000e6a       0x2c c:/program files/microchip/xc32/v2.40/bin/bin/../../lib/gcc/pic32c/6.2.1/../../../../pic32c/lib\libc_nano.a(lib_a-makebuf.o)
 .ARM.attributes
                0x00000e96       0x2c c:/program files/microchip/xc32/v2.40/bin/bin/../../lib/gcc/pic32c/6.2.1/../../../../pic32c/lib\libc_nano.a(lib_a-malloc.o)
 .ARM.attributes
                0x00000ec2       0x2c c:/program files/microchip/xc32/v2.40/bin/bin/../../lib/gcc/pic32c/6.2.1/../../../../pic32c/lib\libc_nano.a(lib_a-memchr-stub.o)
 .ARM.attributes
                0x00000eee       0x2c c:/program files/microchip/xc32/v2.40/bin/bin/../../lib/gcc/pic32c/6.2.1/../../../../pic32c/lib\libc_nano.a(lib_a-mprec.o)
 .ARM.attributes
                0x00000f1a       0x2c c:/program files/microchip/xc32/v2.40/bin/bin/../../lib/gcc/pic32c/6.2.1/../../../../pic32c/lib\libc_nano.a(lib_a-nano-callocr.o)
 .ARM.attributes
                0x00000f46       0x2c c:/program files/microchip/xc32/v2.40/bin/bin/../../lib/gcc/pic32c/6.2.1/../../../../pic32c/lib\libc_nano.a(lib_a-nano-freer.o)
 .ARM.attributes
                0x00000f72       0x2c c:/program files/microchip/xc32/v2.40/bin/bin/../../lib/gcc/pic32c/6.2.1/../../../../pic32c/lib\libc_nano.a(lib_a-nano-mallocr.o)
 .ARM.attributes
                0x00000f9e       0x2c c:/program files/microchip/xc32/v2.40/bin/bin/../../lib/gcc/pic32c/6.2.1/../../../../pic32c/lib\libc_nano.a(lib_a-nano-vfprintf.o)
 .ARM.attributes
                0x00000fca       0x2c c:/program files/microchip/xc32/v2.40/bin/bin/../../lib/gcc/pic32c/6.2.1/../../../../pic32c/lib\libc_nano.a(lib_a-sbrkr.o)
 .ARM.attributes
                0x00000ff6       0x2c c:/program files/microchip/xc32/v2.40/bin/bin/../../lib/gcc/pic32c/6.2.1/../../../../pic32c/lib\libc_nano.a(lib_a-stdio.o)
 .ARM.attributes
                0x00001022       0x2c c:/program files/microchip/xc32/v2.40/bin/bin/../../lib/gcc/pic32c/6.2.1/../../../../pic32c/lib\libc_nano.a(lib_a-wcrtomb.o)
 .ARM.attributes
                0x0000104e       0x2c c:/program files/microchip/xc32/v2.40/bin/bin/../../lib/gcc/pic32c/6.2.1/../../../../pic32c/lib\libc_nano.a(lib_a-writer.o)
 .ARM.attributes
                0x0000107a       0x2c c:/program files/microchip/xc32/v2.40/bin/bin/../../lib/gcc/pic32c/6.2.1/../../../../pic32c/lib\libc_nano.a(lib_a-closer.o)
 .ARM.attributes
                0x000010a6       0x2c c:/program files/microchip/xc32/v2.40/bin/bin/../../lib/gcc/pic32c/6.2.1/../../../../pic32c/lib\libc_nano.a(lib_a-fstatr.o)
 .ARM.attributes
                0x000010d2       0x2c c:/program files/microchip/xc32/v2.40/bin/bin/../../lib/gcc/pic32c/6.2.1/../../../../pic32c/lib\libc_nano.a(lib_a-isattyr.o)
 .ARM.attributes
                0x000010fe       0x2c c:/program files/microchip/xc32/v2.40/bin/bin/../../lib/gcc/pic32c/6.2.1/../../../../pic32c/lib\libc_nano.a(lib_a-lseekr.o)
 .ARM.attributes
                0x0000112a       0x2c c:/program files/microchip/xc32/v2.40/bin/bin/../../lib/gcc/pic32c/6.2.1/../../../../pic32c/lib\libc_nano.a(lib_a-mlock.o)
 .ARM.attributes
                0x00001156       0x2c c:/program files/microchip/xc32/v2.40/bin/bin/../../lib/gcc/pic32c/6.2.1/../../../../pic32c/lib\libc_nano.a(lib_a-readr.o)
 .ARM.attributes
                0x00001182       0x2c c:/program files/microchip/xc32/v2.40/bin/bin/../../lib/gcc/pic32c/6.2.1/../../../../pic32c/lib\libc_nano.a(lib_a-reent.o)
 .ARM.attributes
                0x000011ae       0x2c c:/program files/microchip/xc32/v2.40/bin/bin/../../lib/gcc/pic32c/6.2.1/../../../../pic32c/lib\libpic32c.a(_close.o)
 .ARM.attributes
                0x000011da       0x2c c:/program files/microchip/xc32/v2.40/bin/bin/../../lib/gcc/pic32c/6.2.1/../../../../pic32c/lib\libpic32c.a(_fstat.o)
 .ARM.attributes
                0x00001206       0x2c c:/program files/microchip/xc32/v2.40/bin/bin/../../lib/gcc/pic32c/6.2.1/../../../../pic32c/lib\libpic32c.a(_isatty.o)
 .ARM.attributes
                0x00001232       0x2c c:/program files/microchip/xc32/v2.40/bin/bin/../../lib/gcc/pic32c/6.2.1/../../../../pic32c/lib\libpic32c.a(_lseek.o)
 .ARM.attributes
                0x0000125e       0x2c c:/program files/microchip/xc32/v2.40/bin/bin/../../lib/gcc/pic32c/6.2.1/../../../../pic32c/lib\libpic32c.a(_read.o)
 .ARM.attributes
                0x0000128a       0x2c c:/program files/microchip/xc32/v2.40/bin/bin/../../lib/gcc/pic32c/6.2.1/../../../../pic32c/lib\libpic32c.a(sbrk.o)
 .ARM.attributes
                0x000012b6       0x2c c:/program files/microchip/xc32/v2.40/bin/bin/../../lib/gcc/pic32c/6.2.1/../../../../pic32c/lib\libpic32c.a(close.o)
 .ARM.attributes
                0x000012e2       0x2c c:/program files/microchip/xc32/v2.40/bin/bin/../../lib/gcc/pic32c/6.2.1/../../../../pic32c/lib\libpic32c.a(fstat.o)
 .ARM.attributes
                0x0000130e       0x2c c:/program files/microchip/xc32/v2.40/bin/bin/../../lib/gcc/pic32c/6.2.1/../../../../pic32c/lib\libpic32c.a(isatty.o)
 .ARM.attributes
                0x0000133a       0x2c c:/program files/microchip/xc32/v2.40/bin/bin/../../lib/gcc/pic32c/6.2.1/../../../../pic32c/lib\libpic32c.a(lseek.o)
 .ARM.attributes
                0x00001366       0x2c c:/program files/microchip/xc32/v2.40/bin/bin/../../lib/gcc/pic32c/6.2.1/../../../../pic32c/lib\libpic32c.a(read.o)
 .ARM.attributes
                0x00001392       0x1e c:/program files/microchip/xc32/v2.40/bin/bin/../../lib/gcc/pic32c/6.2.1\libgcc.a(_divsi3.o)
 .ARM.attributes
                0x000013b0       0x2c c:/program files/microchip/xc32/v2.40/bin/bin/../../lib/gcc/pic32c/6.2.1\libgcc.a(muldf3.o)
 .ARM.attributes
                0x000013dc       0x2c c:/program files/microchip/xc32/v2.40/bin/bin/../../lib/gcc/pic32c/6.2.1\libgcc.a(unorddf2.o)
 .ARM.attributes
                0x00001408       0x2c c:/program files/microchip/xc32/v2.40/bin/bin/../../lib/gcc/pic32c/6.2.1\libgcc.a(fixdfsi.o)
 .ARM.attributes
                0x00001434       0x2c c:/program files/microchip/xc32/v2.40/bin/bin/../../lib/gcc/pic32c/6.2.1\libgcc.a(floatsidf.o)
 .ARM.attributes
                0x00001460       0x2c c:/program files/microchip/xc32/v2.40/bin/bin/../../lib/gcc/pic32c/6.2.1\libgcc.a(floatunsidf.o)
 .ARM.attributes
                0x0000148c       0x1e c:/program files/microchip/xc32/v2.40/bin/bin/../../lib/gcc/pic32c/6.2.1/crtn.o

.comment        0x00000000       0x3c
 .comment       0x00000000       0x3c c:/program files/microchip/xc32/v2.40/bin/bin/../../lib/gcc/pic32c/6.2.1/crtbegin.o
                                 0x3d (size before relaxing)
 .comment       0x0000003c       0x3d build/default/production/Source/startup_atsamc21a.o
 .comment       0x0000003c       0x3d build/default/production/Source/main.o
 .comment       0x0000003c       0x3d build/default/production/Source/system.o
 .comment       0x0000003c       0x3d build/default/production/Source/port.o
 .comment       0x0000003c       0x3d build/default/production/Source/uart.o
 .comment       0x0000003c       0x3d build/default/production/Source/timer.o
 .comment       0x0000003c       0x3d build/default/production/Source/analog.o
 .comment       0x0000003c       0x3d build/default/production/Source/cal_temp.o
 .comment       0x0000003c       0x3d build/default/production/Source/dac.o
 .comment       0x0000003c       0x3d build/default/production/Source/flash.o
 .comment       0x0000003c       0x3d build/default/production/Source/systick.o
 .comment       0x0000003c       0x3d build/default/production/Source/fis.o
 .comment       0x0000003c       0x3d c:/program files/microchip/xc32/v2.40/bin/bin/../../lib/gcc/pic32c/6.2.1/../../../../pic32c/lib\libm_nano.a(lib_a-s_fmin.o)
 .comment       0x0000003c       0x3d c:/program files/microchip/xc32/v2.40/bin/bin/../../lib/gcc/pic32c/6.2.1/../../../../pic32c/lib\libm_nano.a(lib_a-s_fpclassify.o)
 .comment       0x0000003c       0x3d c:/program files/microchip/xc32/v2.40/bin/bin/../../lib/gcc/pic32c/6.2.1/../../../../pic32c/lib\libm_nano.a(lib_a-sf_round.o)
 .comment       0x0000003c       0x3d c:/program files/microchip/xc32/v2.40/bin/bin/../../lib/gcc/pic32c/6.2.1/../../../../pic32c/lib\libm_nano.a(lib_a-wf_exp.o)
 .comment       0x0000003c       0x3d c:/program files/microchip/xc32/v2.40/bin/bin/../../lib/gcc/pic32c/6.2.1/../../../../pic32c/lib\libm_nano.a(lib_a-wf_log.o)
 .comment       0x0000003c       0x3d c:/program files/microchip/xc32/v2.40/bin/bin/../../lib/gcc/pic32c/6.2.1/../../../../pic32c/lib\libm_nano.a(lib_a-wf_pow.o)
 .comment       0x0000003c       0x3d c:/program files/microchip/xc32/v2.40/bin/bin/../../lib/gcc/pic32c/6.2.1/../../../../pic32c/lib\libm_nano.a(lib_a-ef_exp.o)
 .comment       0x0000003c       0x3d c:/program files/microchip/xc32/v2.40/bin/bin/../../lib/gcc/pic32c/6.2.1/../../../../pic32c/lib\libm_nano.a(lib_a-ef_log.o)
 .comment       0x0000003c       0x3d c:/program files/microchip/xc32/v2.40/bin/bin/../../lib/gcc/pic32c/6.2.1/../../../../pic32c/lib\libm_nano.a(lib_a-ef_pow.o)
 .comment       0x0000003c       0x3d c:/program files/microchip/xc32/v2.40/bin/bin/../../lib/gcc/pic32c/6.2.1/../../../../pic32c/lib\libm_nano.a(lib_a-ef_sqrt.o)
 .comment       0x0000003c       0x3d c:/program files/microchip/xc32/v2.40/bin/bin/../../lib/gcc/pic32c/6.2.1/../../../../pic32c/lib\libm_nano.a(lib_a-sf_fabs.o)
 .comment       0x0000003c       0x3d c:/program files/microchip/xc32/v2.40/bin/bin/../../lib/gcc/pic32c/6.2.1/../../../../pic32c/lib\libm_nano.a(lib_a-sf_finite.o)
 .comment       0x0000003c       0x3d c:/program files/microchip/xc32/v2.40/bin/bin/../../lib/gcc/pic32c/6.2.1/../../../../pic32c/lib\libm_nano.a(lib_a-sf_nan.o)
 .comment       0x0000003c       0x3d c:/program files/microchip/xc32/v2.40/bin/bin/../../lib/gcc/pic32c/6.2.1/../../../../pic32c/lib\libm_nano.a(lib_a-sf_scalbn.o)
 .comment       0x0000003c       0x3d c:/program files/microchip/xc32/v2.40/bin/bin/../../lib/gcc/pic32c/6.2.1/../../../../pic32c/lib\libm_nano.a(lib_a-s_lib_ver.o)
 .comment       0x0000003c       0x3d c:/program files/microchip/xc32/v2.40/bin/bin/../../lib/gcc/pic32c/6.2.1/../../../../pic32c/lib\libm_nano.a(lib_a-s_matherr.o)
 .comment       0x0000003c       0x3d c:/program files/microchip/xc32/v2.40/bin/bin/../../lib/gcc/pic32c/6.2.1/../../../../pic32c/lib\libm_nano.a(lib_a-s_nan.o)
 .comment       0x0000003c       0x3d c:/program files/microchip/xc32/v2.40/bin/bin/../../lib/gcc/pic32c/6.2.1/../../../../pic32c/lib\libm_nano.a(lib_a-s_rint.o)
 .comment       0x0000003c       0x3d c:/program files/microchip/xc32/v2.40/bin/bin/../../lib/gcc/pic32c/6.2.1/../../../../pic32c/lib\libm_nano.a(lib_a-sf_copysign.o)
 .comment       0x0000003c       0x3d C:\Users\Danfi\AppData\Local\Temp\cc88U0dH.o
 .comment       0x0000003c       0x3d c:/program files/microchip/xc32/v2.40/bin/bin/../../lib/gcc/pic32c/6.2.1/../../../../pic32c/lib\libpic32c.a(data_init.o)
 .comment       0x0000003c       0x3d c:/program files/microchip/xc32/v2.40/bin/bin/../../lib/gcc/pic32c/6.2.1\libgcc.a(_fixunssfsi.o)
 .comment       0x0000003c       0x3d c:/program files/microchip/xc32/v2.40/bin/bin/../../lib/gcc/pic32c/6.2.1\libgcc.a(addsf3.o)
 .comment       0x0000003c       0x3d c:/program files/microchip/xc32/v2.40/bin/bin/../../lib/gcc/pic32c/6.2.1\libgcc.a(divsf3.o)
 .comment       0x0000003c       0x3d c:/program files/microchip/xc32/v2.40/bin/bin/../../lib/gcc/pic32c/6.2.1\libgcc.a(eqsf2.o)
 .comment       0x0000003c       0x3d c:/program files/microchip/xc32/v2.40/bin/bin/../../lib/gcc/pic32c/6.2.1\libgcc.a(gesf2.o)
 .comment       0x0000003c       0x3d c:/program files/microchip/xc32/v2.40/bin/bin/../../lib/gcc/pic32c/6.2.1\libgcc.a(lesf2.o)
 .comment       0x0000003c       0x3d c:/program files/microchip/xc32/v2.40/bin/bin/../../lib/gcc/pic32c/6.2.1\libgcc.a(mulsf3.o)
 .comment       0x0000003c       0x3d c:/program files/microchip/xc32/v2.40/bin/bin/../../lib/gcc/pic32c/6.2.1\libgcc.a(subsf3.o)
 .comment       0x0000003c       0x3d c:/program files/microchip/xc32/v2.40/bin/bin/../../lib/gcc/pic32c/6.2.1\libgcc.a(unordsf2.o)
 .comment       0x0000003c       0x3d c:/program files/microchip/xc32/v2.40/bin/bin/../../lib/gcc/pic32c/6.2.1\libgcc.a(fixsfsi.o)
 .comment       0x0000003c       0x3d c:/program files/microchip/xc32/v2.40/bin/bin/../../lib/gcc/pic32c/6.2.1\libgcc.a(floatsisf.o)
 .comment       0x0000003c       0x3d c:/program files/microchip/xc32/v2.40/bin/bin/../../lib/gcc/pic32c/6.2.1\libgcc.a(floatunsisf.o)
 .comment       0x0000003c       0x3d c:/program files/microchip/xc32/v2.40/bin/bin/../../lib/gcc/pic32c/6.2.1\libgcc.a(adddf3.o)
 .comment       0x0000003c       0x3d c:/program files/microchip/xc32/v2.40/bin/bin/../../lib/gcc/pic32c/6.2.1\libgcc.a(divdf3.o)
 .comment       0x0000003c       0x3d c:/program files/microchip/xc32/v2.40/bin/bin/../../lib/gcc/pic32c/6.2.1\libgcc.a(eqdf2.o)
 .comment       0x0000003c       0x3d c:/program files/microchip/xc32/v2.40/bin/bin/../../lib/gcc/pic32c/6.2.1\libgcc.a(gedf2.o)
 .comment       0x0000003c       0x3d c:/program files/microchip/xc32/v2.40/bin/bin/../../lib/gcc/pic32c/6.2.1\libgcc.a(ledf2.o)
 .comment       0x0000003c       0x3d c:/program files/microchip/xc32/v2.40/bin/bin/../../lib/gcc/pic32c/6.2.1\libgcc.a(subdf3.o)
 .comment       0x0000003c       0x3d c:/program files/microchip/xc32/v2.40/bin/bin/../../lib/gcc/pic32c/6.2.1\libgcc.a(extendsfdf2.o)
 .comment       0x0000003c       0x3d c:/program files/microchip/xc32/v2.40/bin/bin/../../lib/gcc/pic32c/6.2.1\libgcc.a(truncdfsf2.o)
 .comment       0x0000003c       0x3d c:/program files/microchip/xc32/v2.40/bin/bin/../../lib/gcc/pic32c/6.2.1/../../../../pic32c/lib\libc_nano.a(lib_a-errno.o)
 .comment       0x0000003c       0x3d c:/program files/microchip/xc32/v2.40/bin/bin/../../lib/gcc/pic32c/6.2.1/../../../../pic32c/lib\libc_nano.a(lib_a-impure.o)
 .comment       0x0000003c       0x3d c:/program files/microchip/xc32/v2.40/bin/bin/../../lib/gcc/pic32c/6.2.1/../../../../pic32c/lib\libc_nano.a(lib_a-init.o)
 .comment       0x0000003c       0x3d c:/program files/microchip/xc32/v2.40/bin/bin/../../lib/gcc/pic32c/6.2.1/../../../../pic32c/lib\libc_nano.a(lib_a-locale.o)
 .comment       0x0000003c       0x3d c:/program files/microchip/xc32/v2.40/bin/bin/../../lib/gcc/pic32c/6.2.1/../../../../pic32c/lib\libc_nano.a(lib_a-mbtowc_r.o)
 .comment       0x0000003c       0x3d c:/program files/microchip/xc32/v2.40/bin/bin/../../lib/gcc/pic32c/6.2.1/../../../../pic32c/lib\libc_nano.a(lib_a-memcpy-stub.o)
 .comment       0x0000003c       0x3d c:/program files/microchip/xc32/v2.40/bin/bin/../../lib/gcc/pic32c/6.2.1/../../../../pic32c/lib\libc_nano.a(lib_a-memset.o)
 .comment       0x0000003c       0x3d c:/program files/microchip/xc32/v2.40/bin/bin/../../lib/gcc/pic32c/6.2.1/../../../../pic32c/lib\libc_nano.a(_lib_a-nano-vfprintf.cdeEfFgGnopsuxX.o)
 .comment       0x0000003c       0x3d c:/program files/microchip/xc32/v2.40/bin/bin/../../lib/gcc/pic32c/6.2.1/../../../../pic32c/lib\libc_nano.a(lib_a-nano-vfprintf_i.o)
 .comment       0x0000003c       0x3d c:/program files/microchip/xc32/v2.40/bin/bin/../../lib/gcc/pic32c/6.2.1/../../../../pic32c/lib\libc_nano.a(lib_a-printf.o)
 .comment       0x0000003c       0x3d c:/program files/microchip/xc32/v2.40/bin/bin/../../lib/gcc/pic32c/6.2.1/../../../../pic32c/lib\libc_nano.a(lib_a-puts.o)
 .comment       0x0000003c       0x3d c:/program files/microchip/xc32/v2.40/bin/bin/../../lib/gcc/pic32c/6.2.1/../../../../pic32c/lib\libc_nano.a(lib_a-__ssfputs.o)
 .comment       0x0000003c       0x3d c:/program files/microchip/xc32/v2.40/bin/bin/../../lib/gcc/pic32c/6.2.1/../../../../pic32c/lib\libc_nano.a(lib_a-wbuf.o)
 .comment       0x0000003c       0x3d c:/program files/microchip/xc32/v2.40/bin/bin/../../lib/gcc/pic32c/6.2.1/../../../../pic32c/lib\libc_nano.a(lib_a-wctomb_r.o)
 .comment       0x0000003c       0x3d c:/program files/microchip/xc32/v2.40/bin/bin/../../lib/gcc/pic32c/6.2.1/../../../../pic32c/lib\libc_nano.a(lib_a-wsetup.o)
 .comment       0x0000003c       0x3d c:/program files/microchip/xc32/v2.40/bin/bin/../../lib/gcc/pic32c/6.2.1/../../../../pic32c/lib\libc_nano.a(lib_a-ctype_.o)
 .comment       0x0000003c       0x3d c:/program files/microchip/xc32/v2.40/bin/bin/../../lib/gcc/pic32c/6.2.1/../../../../pic32c/lib\libc_nano.a(lib_a-dtoa.o)
 .comment       0x0000003c       0x3d c:/program files/microchip/xc32/v2.40/bin/bin/../../lib/gcc/pic32c/6.2.1/../../../../pic32c/lib\libc_nano.a(lib_a-fflush.o)
 .comment       0x0000003c       0x3d c:/program files/microchip/xc32/v2.40/bin/bin/../../lib/gcc/pic32c/6.2.1/../../../../pic32c/lib\libc_nano.a(lib_a-findfp.o)
 .comment       0x0000003c       0x3d c:/program files/microchip/xc32/v2.40/bin/bin/../../lib/gcc/pic32c/6.2.1/../../../../pic32c/lib\libc_nano.a(lib_a-fputwc.o)
 .comment       0x0000003c       0x3d c:/program files/microchip/xc32/v2.40/bin/bin/../../lib/gcc/pic32c/6.2.1/../../../../pic32c/lib\libc_nano.a(lib_a-fwalk.o)
 .comment       0x0000003c       0x3d c:/program files/microchip/xc32/v2.40/bin/bin/../../lib/gcc/pic32c/6.2.1/../../../../pic32c/lib\libc_nano.a(lib_a-localeconv.o)
 .comment       0x0000003c       0x3d c:/program files/microchip/xc32/v2.40/bin/bin/../../lib/gcc/pic32c/6.2.1/../../../../pic32c/lib\libc_nano.a(lib_a-makebuf.o)
 .comment       0x0000003c       0x3d c:/program files/microchip/xc32/v2.40/bin/bin/../../lib/gcc/pic32c/6.2.1/../../../../pic32c/lib\libc_nano.a(lib_a-malloc.o)
 .comment       0x0000003c       0x3d c:/program files/microchip/xc32/v2.40/bin/bin/../../lib/gcc/pic32c/6.2.1/../../../../pic32c/lib\libc_nano.a(lib_a-memchr-stub.o)
 .comment       0x0000003c       0x3d c:/program files/microchip/xc32/v2.40/bin/bin/../../lib/gcc/pic32c/6.2.1/../../../../pic32c/lib\libc_nano.a(lib_a-mprec.o)
 .comment       0x0000003c       0x3d c:/program files/microchip/xc32/v2.40/bin/bin/../../lib/gcc/pic32c/6.2.1/../../../../pic32c/lib\libc_nano.a(lib_a-nano-callocr.o)
 .comment       0x0000003c       0x3d c:/program files/microchip/xc32/v2.40/bin/bin/../../lib/gcc/pic32c/6.2.1/../../../../pic32c/lib\libc_nano.a(lib_a-nano-freer.o)
 .comment       0x0000003c       0x3d c:/program files/microchip/xc32/v2.40/bin/bin/../../lib/gcc/pic32c/6.2.1/../../../../pic32c/lib\libc_nano.a(lib_a-nano-mallocr.o)
 .comment       0x0000003c       0x3d c:/program files/microchip/xc32/v2.40/bin/bin/../../lib/gcc/pic32c/6.2.1/../../../../pic32c/lib\libc_nano.a(lib_a-nano-vfprintf.o)
 .comment       0x0000003c       0x3d c:/program files/microchip/xc32/v2.40/bin/bin/../../lib/gcc/pic32c/6.2.1/../../../../pic32c/lib\libc_nano.a(lib_a-sbrkr.o)
 .comment       0x0000003c       0x3d c:/program files/microchip/xc32/v2.40/bin/bin/../../lib/gcc/pic32c/6.2.1/../../../../pic32c/lib\libc_nano.a(lib_a-stdio.o)
 .comment       0x0000003c       0x3d c:/program files/microchip/xc32/v2.40/bin/bin/../../lib/gcc/pic32c/6.2.1/../../../../pic32c/lib\libc_nano.a(lib_a-wcrtomb.o)
 .comment       0x0000003c       0x3d c:/program files/microchip/xc32/v2.40/bin/bin/../../lib/gcc/pic32c/6.2.1/../../../../pic32c/lib\libc_nano.a(lib_a-writer.o)
 .comment       0x0000003c       0x3d c:/program files/microchip/xc32/v2.40/bin/bin/../../lib/gcc/pic32c/6.2.1/../../../../pic32c/lib\libc_nano.a(lib_a-closer.o)
 .comment       0x0000003c       0x3d c:/program files/microchip/xc32/v2.40/bin/bin/../../lib/gcc/pic32c/6.2.1/../../../../pic32c/lib\libc_nano.a(lib_a-fstatr.o)
 .comment       0x0000003c       0x3d c:/program files/microchip/xc32/v2.40/bin/bin/../../lib/gcc/pic32c/6.2.1/../../../../pic32c/lib\libc_nano.a(lib_a-isattyr.o)
 .comment       0x0000003c       0x3d c:/program files/microchip/xc32/v2.40/bin/bin/../../lib/gcc/pic32c/6.2.1/../../../../pic32c/lib\libc_nano.a(lib_a-lseekr.o)
 .comment       0x0000003c       0x3d c:/program files/microchip/xc32/v2.40/bin/bin/../../lib/gcc/pic32c/6.2.1/../../../../pic32c/lib\libc_nano.a(lib_a-mlock.o)
 .comment       0x0000003c       0x3d c:/program files/microchip/xc32/v2.40/bin/bin/../../lib/gcc/pic32c/6.2.1/../../../../pic32c/lib\libc_nano.a(lib_a-readr.o)
 .comment       0x0000003c       0x3d c:/program files/microchip/xc32/v2.40/bin/bin/../../lib/gcc/pic32c/6.2.1/../../../../pic32c/lib\libc_nano.a(lib_a-reent.o)
 .comment       0x0000003c       0x3d c:/program files/microchip/xc32/v2.40/bin/bin/../../lib/gcc/pic32c/6.2.1/../../../../pic32c/lib\libpic32c.a(_close.o)
 .comment       0x0000003c       0x3d c:/program files/microchip/xc32/v2.40/bin/bin/../../lib/gcc/pic32c/6.2.1/../../../../pic32c/lib\libpic32c.a(_fstat.o)
 .comment       0x0000003c       0x3d c:/program files/microchip/xc32/v2.40/bin/bin/../../lib/gcc/pic32c/6.2.1/../../../../pic32c/lib\libpic32c.a(_isatty.o)
 .comment       0x0000003c       0x3d c:/program files/microchip/xc32/v2.40/bin/bin/../../lib/gcc/pic32c/6.2.1/../../../../pic32c/lib\libpic32c.a(_lseek.o)
 .comment       0x0000003c       0x3d c:/program files/microchip/xc32/v2.40/bin/bin/../../lib/gcc/pic32c/6.2.1/../../../../pic32c/lib\libpic32c.a(_read.o)
 .comment       0x0000003c       0x3d c:/program files/microchip/xc32/v2.40/bin/bin/../../lib/gcc/pic32c/6.2.1/../../../../pic32c/lib\libpic32c.a(sbrk.o)
 .comment       0x0000003c       0x3d c:/program files/microchip/xc32/v2.40/bin/bin/../../lib/gcc/pic32c/6.2.1/../../../../pic32c/lib\libpic32c.a(close.o)
 .comment       0x0000003c       0x3d c:/program files/microchip/xc32/v2.40/bin/bin/../../lib/gcc/pic32c/6.2.1/../../../../pic32c/lib\libpic32c.a(fstat.o)
 .comment       0x0000003c       0x3d c:/program files/microchip/xc32/v2.40/bin/bin/../../lib/gcc/pic32c/6.2.1/../../../../pic32c/lib\libpic32c.a(isatty.o)
 .comment       0x0000003c       0x3d c:/program files/microchip/xc32/v2.40/bin/bin/../../lib/gcc/pic32c/6.2.1/../../../../pic32c/lib\libpic32c.a(lseek.o)
 .comment       0x0000003c       0x3d c:/program files/microchip/xc32/v2.40/bin/bin/../../lib/gcc/pic32c/6.2.1/../../../../pic32c/lib\libpic32c.a(read.o)
 .comment       0x0000003c       0x3d c:/program files/microchip/xc32/v2.40/bin/bin/../../lib/gcc/pic32c/6.2.1\libgcc.a(muldf3.o)
 .comment       0x0000003c       0x3d c:/program files/microchip/xc32/v2.40/bin/bin/../../lib/gcc/pic32c/6.2.1\libgcc.a(unorddf2.o)
 .comment       0x0000003c       0x3d c:/program files/microchip/xc32/v2.40/bin/bin/../../lib/gcc/pic32c/6.2.1\libgcc.a(fixdfsi.o)
 .comment       0x0000003c       0x3d c:/program files/microchip/xc32/v2.40/bin/bin/../../lib/gcc/pic32c/6.2.1\libgcc.a(floatsidf.o)
 .comment       0x0000003c       0x3d c:/program files/microchip/xc32/v2.40/bin/bin/../../lib/gcc/pic32c/6.2.1\libgcc.a(floatunsidf.o)

.debug_info     0x00000000    0x59cac
 .debug_info    0x00000000     0x14b5 build/default/production/Source/startup_atsamc21a.o
 .debug_info    0x000014b5     0x15e6 build/default/production/Source/main.o
 .debug_info    0x00002a9b     0x12c7 build/default/production/Source/system.o
 .debug_info    0x00003d62      0x529 build/default/production/Source/port.o
 .debug_info    0x0000428b     0x1b09 build/default/production/Source/uart.o
 .debug_info    0x00005d94      0x94d build/default/production/Source/timer.o
 .debug_info    0x000066e1     0x12c8 build/default/production/Source/analog.o
 .debug_info    0x000079a9     0x1273 build/default/production/Source/cal_temp.o
 .debug_info    0x00008c1c      0x52e build/default/production/Source/dac.o
 .debug_info    0x0000914a     0x1304 build/default/production/Source/flash.o
 .debug_info    0x0000a44e      0x3d5 build/default/production/Source/systick.o
 .debug_info    0x0000a823     0x159f build/default/production/Source/fis.o
 .debug_info    0x0000bdc2      0xe16 c:/program files/microchip/xc32/v2.40/bin/bin/../../lib/gcc/pic32c/6.2.1/../../../../pic32c/lib\libm_nano.a(lib_a-s_fmin.o)
 .debug_info    0x0000cbd8      0xe8b c:/program files/microchip/xc32/v2.40/bin/bin/../../lib/gcc/pic32c/6.2.1/../../../../pic32c/lib\libm_nano.a(lib_a-s_fpclassify.o)
 .debug_info    0x0000da63      0xead c:/program files/microchip/xc32/v2.40/bin/bin/../../lib/gcc/pic32c/6.2.1/../../../../pic32c/lib\libm_nano.a(lib_a-sf_round.o)
 .debug_info    0x0000e910      0xf76 c:/program files/microchip/xc32/v2.40/bin/bin/../../lib/gcc/pic32c/6.2.1/../../../../pic32c/lib\libm_nano.a(lib_a-wf_exp.o)
 .debug_info    0x0000f886      0xf55 c:/program files/microchip/xc32/v2.40/bin/bin/../../lib/gcc/pic32c/6.2.1/../../../../pic32c/lib\libm_nano.a(lib_a-wf_log.o)
 .debug_info    0x000107db      0xfff c:/program files/microchip/xc32/v2.40/bin/bin/../../lib/gcc/pic32c/6.2.1/../../../../pic32c/lib\libm_nano.a(lib_a-wf_pow.o)
 .debug_info    0x000117da     0x1031 c:/program files/microchip/xc32/v2.40/bin/bin/../../lib/gcc/pic32c/6.2.1/../../../../pic32c/lib\libm_nano.a(lib_a-ef_exp.o)
 .debug_info    0x0001280b      0xffb c:/program files/microchip/xc32/v2.40/bin/bin/../../lib/gcc/pic32c/6.2.1/../../../../pic32c/lib\libm_nano.a(lib_a-ef_log.o)
 .debug_info    0x00013806     0x1488 c:/program files/microchip/xc32/v2.40/bin/bin/../../lib/gcc/pic32c/6.2.1/../../../../pic32c/lib\libm_nano.a(lib_a-ef_pow.o)
 .debug_info    0x00014c8e      0xf12 c:/program files/microchip/xc32/v2.40/bin/bin/../../lib/gcc/pic32c/6.2.1/../../../../pic32c/lib\libm_nano.a(lib_a-ef_sqrt.o)
 .debug_info    0x00015ba0      0xe5c c:/program files/microchip/xc32/v2.40/bin/bin/../../lib/gcc/pic32c/6.2.1/../../../../pic32c/lib\libm_nano.a(lib_a-sf_fabs.o)
 .debug_info    0x000169fc      0xe58 c:/program files/microchip/xc32/v2.40/bin/bin/../../lib/gcc/pic32c/6.2.1/../../../../pic32c/lib\libm_nano.a(lib_a-sf_finite.o)
 .debug_info    0x00017854      0xde4 c:/program files/microchip/xc32/v2.40/bin/bin/../../lib/gcc/pic32c/6.2.1/../../../../pic32c/lib\libm_nano.a(lib_a-sf_nan.o)
 .debug_info    0x00018638      0xf4c c:/program files/microchip/xc32/v2.40/bin/bin/../../lib/gcc/pic32c/6.2.1/../../../../pic32c/lib\libm_nano.a(lib_a-sf_scalbn.o)
 .debug_info    0x00019584      0xdac c:/program files/microchip/xc32/v2.40/bin/bin/../../lib/gcc/pic32c/6.2.1/../../../../pic32c/lib\libm_nano.a(lib_a-s_lib_ver.o)
 .debug_info    0x0001a330      0xe60 c:/program files/microchip/xc32/v2.40/bin/bin/../../lib/gcc/pic32c/6.2.1/../../../../pic32c/lib\libm_nano.a(lib_a-s_matherr.o)
 .debug_info    0x0001b190      0xde6 c:/program files/microchip/xc32/v2.40/bin/bin/../../lib/gcc/pic32c/6.2.1/../../../../pic32c/lib\libm_nano.a(lib_a-s_nan.o)
 .debug_info    0x0001bf76      0xf6d c:/program files/microchip/xc32/v2.40/bin/bin/../../lib/gcc/pic32c/6.2.1/../../../../pic32c/lib\libm_nano.a(lib_a-s_rint.o)
 .debug_info    0x0001cee3      0xe93 c:/program files/microchip/xc32/v2.40/bin/bin/../../lib/gcc/pic32c/6.2.1/../../../../pic32c/lib\libm_nano.a(lib_a-sf_copysign.o)
 .debug_info    0x0001dd76      0x1f0 c:/program files/microchip/xc32/v2.40/bin/bin/../../lib/gcc/pic32c/6.2.1/../../../../pic32c/lib\libpic32c.a(data_init.o)
 .debug_info    0x0001df66       0xee c:/program files/microchip/xc32/v2.40/bin/bin/../../lib/gcc/pic32c/6.2.1\libgcc.a(_arm_cmpdf2.o)
 .debug_info    0x0001e054       0xee c:/program files/microchip/xc32/v2.40/bin/bin/../../lib/gcc/pic32c/6.2.1\libgcc.a(_arm_cmpsf2.o)
 .debug_info    0x0001e142     0x12a0 c:/program files/microchip/xc32/v2.40/bin/bin/../../lib/gcc/pic32c/6.2.1\libgcc.a(_fixunssfsi.o)
 .debug_info    0x0001f3e2      0x556 c:/program files/microchip/xc32/v2.40/bin/bin/../../lib/gcc/pic32c/6.2.1\libgcc.a(addsf3.o)
 .debug_info    0x0001f938      0x58b c:/program files/microchip/xc32/v2.40/bin/bin/../../lib/gcc/pic32c/6.2.1\libgcc.a(divsf3.o)
 .debug_info    0x0001fec3      0x3e0 c:/program files/microchip/xc32/v2.40/bin/bin/../../lib/gcc/pic32c/6.2.1\libgcc.a(eqsf2.o)
 .debug_info    0x000202a3      0x404 c:/program files/microchip/xc32/v2.40/bin/bin/../../lib/gcc/pic32c/6.2.1\libgcc.a(gesf2.o)
 .debug_info    0x000206a7      0x408 c:/program files/microchip/xc32/v2.40/bin/bin/../../lib/gcc/pic32c/6.2.1\libgcc.a(lesf2.o)
 .debug_info    0x00020aaf      0x5d5 c:/program files/microchip/xc32/v2.40/bin/bin/../../lib/gcc/pic32c/6.2.1\libgcc.a(mulsf3.o)
 .debug_info    0x00021084      0x556 c:/program files/microchip/xc32/v2.40/bin/bin/../../lib/gcc/pic32c/6.2.1\libgcc.a(subsf3.o)
 .debug_info    0x000215da      0x3db c:/program files/microchip/xc32/v2.40/bin/bin/../../lib/gcc/pic32c/6.2.1\libgcc.a(unordsf2.o)
 .debug_info    0x000219b5      0x39d c:/program files/microchip/xc32/v2.40/bin/bin/../../lib/gcc/pic32c/6.2.1\libgcc.a(fixsfsi.o)
 .debug_info    0x00021d52      0x477 c:/program files/microchip/xc32/v2.40/bin/bin/../../lib/gcc/pic32c/6.2.1\libgcc.a(floatsisf.o)
 .debug_info    0x000221c9      0x465 c:/program files/microchip/xc32/v2.40/bin/bin/../../lib/gcc/pic32c/6.2.1\libgcc.a(floatunsisf.o)
 .debug_info    0x0002262e      0x7b0 c:/program files/microchip/xc32/v2.40/bin/bin/../../lib/gcc/pic32c/6.2.1\libgcc.a(adddf3.o)
 .debug_info    0x00022dde      0x9c6 c:/program files/microchip/xc32/v2.40/bin/bin/../../lib/gcc/pic32c/6.2.1\libgcc.a(divdf3.o)
 .debug_info    0x000237a4      0x413 c:/program files/microchip/xc32/v2.40/bin/bin/../../lib/gcc/pic32c/6.2.1\libgcc.a(eqdf2.o)
 .debug_info    0x00023bb7      0x43f c:/program files/microchip/xc32/v2.40/bin/bin/../../lib/gcc/pic32c/6.2.1\libgcc.a(gedf2.o)
 .debug_info    0x00023ff6      0x437 c:/program files/microchip/xc32/v2.40/bin/bin/../../lib/gcc/pic32c/6.2.1\libgcc.a(ledf2.o)
 .debug_info    0x0002442d      0x7b0 c:/program files/microchip/xc32/v2.40/bin/bin/../../lib/gcc/pic32c/6.2.1\libgcc.a(subdf3.o)
 .debug_info    0x00024bdd      0x47d c:/program files/microchip/xc32/v2.40/bin/bin/../../lib/gcc/pic32c/6.2.1\libgcc.a(extendsfdf2.o)
 .debug_info    0x0002505a      0x4ee c:/program files/microchip/xc32/v2.40/bin/bin/../../lib/gcc/pic32c/6.2.1\libgcc.a(truncdfsf2.o)
 .debug_info    0x00025548       0xee c:/program files/microchip/xc32/v2.40/bin/bin/../../lib/gcc/pic32c/6.2.1\libgcc.a(_thumb1_case_uqi.o)
 .debug_info    0x00025636       0xee c:/program files/microchip/xc32/v2.40/bin/bin/../../lib/gcc/pic32c/6.2.1\libgcc.a(_thumb1_case_uhi.o)
 .debug_info    0x00025724       0xee c:/program files/microchip/xc32/v2.40/bin/bin/../../lib/gcc/pic32c/6.2.1\libgcc.a(_udivsi3.o)
 .debug_info    0x00025812       0xee c:/program files/microchip/xc32/v2.40/bin/bin/../../lib/gcc/pic32c/6.2.1\libgcc.a(_dvmd_tls.o)
 .debug_info    0x00025900       0xee c:/program files/microchip/xc32/v2.40/bin/bin/../../lib/gcc/pic32c/6.2.1\libgcc.a(_clzsi2.o)
 .debug_info    0x000259ee      0xd79 c:/program files/microchip/xc32/v2.40/bin/bin/../../lib/gcc/pic32c/6.2.1/../../../../pic32c/lib\libc_nano.a(lib_a-errno.o)
 .debug_info    0x00026767      0xd3c c:/program files/microchip/xc32/v2.40/bin/bin/../../lib/gcc/pic32c/6.2.1/../../../../pic32c/lib\libc_nano.a(lib_a-impure.o)
 .debug_info    0x000274a3      0x359 c:/program files/microchip/xc32/v2.40/bin/bin/../../lib/gcc/pic32c/6.2.1/../../../../pic32c/lib\libc_nano.a(lib_a-init.o)
 .debug_info    0x000277fc     0x17cf c:/program files/microchip/xc32/v2.40/bin/bin/../../lib/gcc/pic32c/6.2.1/../../../../pic32c/lib\libc_nano.a(lib_a-locale.o)
 .debug_info    0x00028fcb     0x16a8 c:/program files/microchip/xc32/v2.40/bin/bin/../../lib/gcc/pic32c/6.2.1/../../../../pic32c/lib\libc_nano.a(lib_a-mbtowc_r.o)
 .debug_info    0x0002a673      0xdb3 c:/program files/microchip/xc32/v2.40/bin/bin/../../lib/gcc/pic32c/6.2.1/../../../../pic32c/lib\libc_nano.a(lib_a-memcpy-stub.o)
 .debug_info    0x0002b426     0x14e8 c:/program files/microchip/xc32/v2.40/bin/bin/../../lib/gcc/pic32c/6.2.1/../../../../pic32c/lib\libc_nano.a(lib_a-memset.o)
 .debug_info    0x0002c90e     0x26b3 c:/program files/microchip/xc32/v2.40/bin/bin/../../lib/gcc/pic32c/6.2.1/../../../../pic32c/lib\libc_nano.a(_lib_a-nano-vfprintf.cdeEfFgGnopsuxX.o)
 .debug_info    0x0002efc1     0x1d15 c:/program files/microchip/xc32/v2.40/bin/bin/../../lib/gcc/pic32c/6.2.1/../../../../pic32c/lib\libc_nano.a(lib_a-nano-vfprintf_i.o)
 .debug_info    0x00030cd6     0x1186 c:/program files/microchip/xc32/v2.40/bin/bin/../../lib/gcc/pic32c/6.2.1/../../../../pic32c/lib\libc_nano.a(lib_a-printf.o)
 .debug_info    0x00031e5c     0x1223 c:/program files/microchip/xc32/v2.40/bin/bin/../../lib/gcc/pic32c/6.2.1/../../../../pic32c/lib\libc_nano.a(lib_a-puts.o)
 .debug_info    0x0003307f     0x188d c:/program files/microchip/xc32/v2.40/bin/bin/../../lib/gcc/pic32c/6.2.1/../../../../pic32c/lib\libc_nano.a(lib_a-__ssfputs.o)
 .debug_info    0x0003490c      0x117 c:/program files/microchip/xc32/v2.40/bin/bin/../../lib/gcc/pic32c/6.2.1/../../../../pic32c/lib\libc_nano.a(lib_a-strlen.o)
 .debug_info    0x00034a23     0x11b3 c:/program files/microchip/xc32/v2.40/bin/bin/../../lib/gcc/pic32c/6.2.1/../../../../pic32c/lib\libc_nano.a(lib_a-wbuf.o)
 .debug_info    0x00035bd6     0x166c c:/program files/microchip/xc32/v2.40/bin/bin/../../lib/gcc/pic32c/6.2.1/../../../../pic32c/lib\libc_nano.a(lib_a-wctomb_r.o)
 .debug_info    0x00037242     0x112e c:/program files/microchip/xc32/v2.40/bin/bin/../../lib/gcc/pic32c/6.2.1/../../../../pic32c/lib\libc_nano.a(lib_a-wsetup.o)
 .debug_info    0x00038370     0x14b9 c:/program files/microchip/xc32/v2.40/bin/bin/../../lib/gcc/pic32c/6.2.1/../../../../pic32c/lib\libc_nano.a(lib_a-ctype_.o)
 .debug_info    0x00039829     0x2099 c:/program files/microchip/xc32/v2.40/bin/bin/../../lib/gcc/pic32c/6.2.1/../../../../pic32c/lib\libc_nano.a(lib_a-dtoa.o)
 .debug_info    0x0003b8c2     0x1298 c:/program files/microchip/xc32/v2.40/bin/bin/../../lib/gcc/pic32c/6.2.1/../../../../pic32c/lib\libc_nano.a(lib_a-fflush.o)
 .debug_info    0x0003cb5a     0x1470 c:/program files/microchip/xc32/v2.40/bin/bin/../../lib/gcc/pic32c/6.2.1/../../../../pic32c/lib\libc_nano.a(lib_a-findfp.o)
 .debug_info    0x0003dfca     0x12ea c:/program files/microchip/xc32/v2.40/bin/bin/../../lib/gcc/pic32c/6.2.1/../../../../pic32c/lib\libc_nano.a(lib_a-fputwc.o)
 .debug_info    0x0003f2b4     0x11a9 c:/program files/microchip/xc32/v2.40/bin/bin/../../lib/gcc/pic32c/6.2.1/../../../../pic32c/lib\libc_nano.a(lib_a-fwalk.o)
 .debug_info    0x0004045d     0x1635 c:/program files/microchip/xc32/v2.40/bin/bin/../../lib/gcc/pic32c/6.2.1/../../../../pic32c/lib\libc_nano.a(lib_a-localeconv.o)
 .debug_info    0x00041a92     0x14e5 c:/program files/microchip/xc32/v2.40/bin/bin/../../lib/gcc/pic32c/6.2.1/../../../../pic32c/lib\libc_nano.a(lib_a-makebuf.o)
 .debug_info    0x00042f77      0xddf c:/program files/microchip/xc32/v2.40/bin/bin/../../lib/gcc/pic32c/6.2.1/../../../../pic32c/lib\libc_nano.a(lib_a-malloc.o)
 .debug_info    0x00043d56      0xdb2 c:/program files/microchip/xc32/v2.40/bin/bin/../../lib/gcc/pic32c/6.2.1/../../../../pic32c/lib\libc_nano.a(lib_a-memchr-stub.o)
 .debug_info    0x00044b08     0x24be c:/program files/microchip/xc32/v2.40/bin/bin/../../lib/gcc/pic32c/6.2.1/../../../../pic32c/lib\libc_nano.a(lib_a-mprec.o)
 .debug_info    0x00046fc6     0x101b c:/program files/microchip/xc32/v2.40/bin/bin/../../lib/gcc/pic32c/6.2.1/../../../../pic32c/lib\libc_nano.a(lib_a-nano-callocr.o)
 .debug_info    0x00047fe1     0x10ed c:/program files/microchip/xc32/v2.40/bin/bin/../../lib/gcc/pic32c/6.2.1/../../../../pic32c/lib\libc_nano.a(lib_a-nano-freer.o)
 .debug_info    0x000490ce     0x119a c:/program files/microchip/xc32/v2.40/bin/bin/../../lib/gcc/pic32c/6.2.1/../../../../pic32c/lib\libc_nano.a(lib_a-nano-mallocr.o)
 .debug_info    0x0004a268     0x1c9b c:/program files/microchip/xc32/v2.40/bin/bin/../../lib/gcc/pic32c/6.2.1/../../../../pic32c/lib\libc_nano.a(lib_a-nano-vfprintf.o)
 .debug_info    0x0004bf03      0xe2c c:/program files/microchip/xc32/v2.40/bin/bin/../../lib/gcc/pic32c/6.2.1/../../../../pic32c/lib\libc_nano.a(lib_a-sbrkr.o)
 .debug_info    0x0004cd2f     0x135a c:/program files/microchip/xc32/v2.40/bin/bin/../../lib/gcc/pic32c/6.2.1/../../../../pic32c/lib\libc_nano.a(lib_a-stdio.o)
 .debug_info    0x0004e089     0x16a4 c:/program files/microchip/xc32/v2.40/bin/bin/../../lib/gcc/pic32c/6.2.1/../../../../pic32c/lib\libc_nano.a(lib_a-wcrtomb.o)
 .debug_info    0x0004f72d      0xe4b c:/program files/microchip/xc32/v2.40/bin/bin/../../lib/gcc/pic32c/6.2.1/../../../../pic32c/lib\libc_nano.a(lib_a-writer.o)
 .debug_info    0x00050578      0xdfa c:/program files/microchip/xc32/v2.40/bin/bin/../../lib/gcc/pic32c/6.2.1/../../../../pic32c/lib\libc_nano.a(lib_a-closer.o)
 .debug_info    0x00051372     0x10f5 c:/program files/microchip/xc32/v2.40/bin/bin/../../lib/gcc/pic32c/6.2.1/../../../../pic32c/lib\libc_nano.a(lib_a-fstatr.o)
 .debug_info    0x00052467      0xe07 c:/program files/microchip/xc32/v2.40/bin/bin/../../lib/gcc/pic32c/6.2.1/../../../../pic32c/lib\libc_nano.a(lib_a-isattyr.o)
 .debug_info    0x0005326e      0xe32 c:/program files/microchip/xc32/v2.40/bin/bin/../../lib/gcc/pic32c/6.2.1/../../../../pic32c/lib\libc_nano.a(lib_a-lseekr.o)
 .debug_info    0x000540a0      0xd79 c:/program files/microchip/xc32/v2.40/bin/bin/../../lib/gcc/pic32c/6.2.1/../../../../pic32c/lib\libc_nano.a(lib_a-mlock.o)
 .debug_info    0x00054e19      0xe49 c:/program files/microchip/xc32/v2.40/bin/bin/../../lib/gcc/pic32c/6.2.1/../../../../pic32c/lib\libc_nano.a(lib_a-readr.o)
 .debug_info    0x00055c62      0xf2f c:/program files/microchip/xc32/v2.40/bin/bin/../../lib/gcc/pic32c/6.2.1/../../../../pic32c/lib\libc_nano.a(lib_a-reent.o)
 .debug_info    0x00056b91      0x1d7 c:/program files/microchip/xc32/v2.40/bin/bin/../../lib/gcc/pic32c/6.2.1/../../../../pic32c/lib\libpic32c.a(_close.o)
 .debug_info    0x00056d68      0x1d7 c:/program files/microchip/xc32/v2.40/bin/bin/../../lib/gcc/pic32c/6.2.1/../../../../pic32c/lib\libpic32c.a(_fstat.o)
 .debug_info    0x00056f3f      0x1d9 c:/program files/microchip/xc32/v2.40/bin/bin/../../lib/gcc/pic32c/6.2.1/../../../../pic32c/lib\libpic32c.a(_isatty.o)
 .debug_info    0x00057118      0x1d7 c:/program files/microchip/xc32/v2.40/bin/bin/../../lib/gcc/pic32c/6.2.1/../../../../pic32c/lib\libpic32c.a(_lseek.o)
 .debug_info    0x000572ef      0x1d5 c:/program files/microchip/xc32/v2.40/bin/bin/../../lib/gcc/pic32c/6.2.1/../../../../pic32c/lib\libpic32c.a(_read.o)
 .debug_info    0x000574c4      0x1d3 c:/program files/microchip/xc32/v2.40/bin/bin/../../lib/gcc/pic32c/6.2.1/../../../../pic32c/lib\libpic32c.a(sbrk.o)
 .debug_info    0x00057697      0x1d4 c:/program files/microchip/xc32/v2.40/bin/bin/../../lib/gcc/pic32c/6.2.1/../../../../pic32c/lib\libpic32c.a(close.o)
 .debug_info    0x0005786b      0x1d4 c:/program files/microchip/xc32/v2.40/bin/bin/../../lib/gcc/pic32c/6.2.1/../../../../pic32c/lib\libpic32c.a(fstat.o)
 .debug_info    0x00057a3f      0x1d6 c:/program files/microchip/xc32/v2.40/bin/bin/../../lib/gcc/pic32c/6.2.1/../../../../pic32c/lib\libpic32c.a(isatty.o)
 .debug_info    0x00057c15      0x1d4 c:/program files/microchip/xc32/v2.40/bin/bin/../../lib/gcc/pic32c/6.2.1/../../../../pic32c/lib\libpic32c.a(lseek.o)
 .debug_info    0x00057de9      0x1d3 c:/program files/microchip/xc32/v2.40/bin/bin/../../lib/gcc/pic32c/6.2.1/../../../../pic32c/lib\libpic32c.a(read.o)
 .debug_info    0x00057fbc       0xee c:/program files/microchip/xc32/v2.40/bin/bin/../../lib/gcc/pic32c/6.2.1\libgcc.a(_divsi3.o)
 .debug_info    0x000580aa      0xa41 c:/program files/microchip/xc32/v2.40/bin/bin/../../lib/gcc/pic32c/6.2.1\libgcc.a(muldf3.o)
 .debug_info    0x00058aeb      0x415 c:/program files/microchip/xc32/v2.40/bin/bin/../../lib/gcc/pic32c/6.2.1\libgcc.a(unorddf2.o)
 .debug_info    0x00058f00      0x3bc c:/program files/microchip/xc32/v2.40/bin/bin/../../lib/gcc/pic32c/6.2.1\libgcc.a(fixdfsi.o)
 .debug_info    0x000592bc      0x4fc c:/program files/microchip/xc32/v2.40/bin/bin/../../lib/gcc/pic32c/6.2.1\libgcc.a(floatsidf.o)
 .debug_info    0x000597b8      0x4f4 c:/program files/microchip/xc32/v2.40/bin/bin/../../lib/gcc/pic32c/6.2.1\libgcc.a(floatunsidf.o)

.debug_abbrev   0x00000000     0xa40a
 .debug_abbrev  0x00000000      0x1ce build/default/production/Source/startup_atsamc21a.o
 .debug_abbrev  0x000001ce      0x1e0 build/default/production/Source/main.o
 .debug_abbrev  0x000003ae      0x1b4 build/default/production/Source/system.o
 .debug_abbrev  0x00000562       0x9c build/default/production/Source/port.o
 .debug_abbrev  0x000005fe      0x27c build/default/production/Source/uart.o
 .debug_abbrev  0x0000087a      0x10c build/default/production/Source/timer.o
 .debug_abbrev  0x00000986      0x1e4 build/default/production/Source/analog.o
 .debug_abbrev  0x00000b6a      0x23d build/default/production/Source/cal_temp.o
 .debug_abbrev  0x00000da7       0xc5 build/default/production/Source/dac.o
 .debug_abbrev  0x00000e6c      0x22d build/default/production/Source/flash.o
 .debug_abbrev  0x00001099       0xb7 build/default/production/Source/systick.o
 .debug_abbrev  0x00001150      0x257 build/default/production/Source/fis.o
 .debug_abbrev  0x000013a7      0x1a3 c:/program files/microchip/xc32/v2.40/bin/bin/../../lib/gcc/pic32c/6.2.1/../../../../pic32c/lib\libm_nano.a(lib_a-s_fmin.o)
 .debug_abbrev  0x0000154a      0x1b3 c:/program files/microchip/xc32/v2.40/bin/bin/../../lib/gcc/pic32c/6.2.1/../../../../pic32c/lib\libm_nano.a(lib_a-s_fpclassify.o)
 .debug_abbrev  0x000016fd      0x1b1 c:/program files/microchip/xc32/v2.40/bin/bin/../../lib/gcc/pic32c/6.2.1/../../../../pic32c/lib\libm_nano.a(lib_a-sf_round.o)
 .debug_abbrev  0x000018ae      0x20a c:/program files/microchip/xc32/v2.40/bin/bin/../../lib/gcc/pic32c/6.2.1/../../../../pic32c/lib\libm_nano.a(lib_a-wf_exp.o)
 .debug_abbrev  0x00001ab8      0x1fb c:/program files/microchip/xc32/v2.40/bin/bin/../../lib/gcc/pic32c/6.2.1/../../../../pic32c/lib\libm_nano.a(lib_a-wf_log.o)
 .debug_abbrev  0x00001cb3      0x206 c:/program files/microchip/xc32/v2.40/bin/bin/../../lib/gcc/pic32c/6.2.1/../../../../pic32c/lib\libm_nano.a(lib_a-wf_pow.o)
 .debug_abbrev  0x00001eb9      0x1e1 c:/program files/microchip/xc32/v2.40/bin/bin/../../lib/gcc/pic32c/6.2.1/../../../../pic32c/lib\libm_nano.a(lib_a-ef_exp.o)
 .debug_abbrev  0x0000209a      0x1c2 c:/program files/microchip/xc32/v2.40/bin/bin/../../lib/gcc/pic32c/6.2.1/../../../../pic32c/lib\libm_nano.a(lib_a-ef_log.o)
 .debug_abbrev  0x0000225c      0x247 c:/program files/microchip/xc32/v2.40/bin/bin/../../lib/gcc/pic32c/6.2.1/../../../../pic32c/lib\libm_nano.a(lib_a-ef_pow.o)
 .debug_abbrev  0x000024a3      0x1c4 c:/program files/microchip/xc32/v2.40/bin/bin/../../lib/gcc/pic32c/6.2.1/../../../../pic32c/lib\libm_nano.a(lib_a-ef_sqrt.o)
 .debug_abbrev  0x00002667      0x1b1 c:/program files/microchip/xc32/v2.40/bin/bin/../../lib/gcc/pic32c/6.2.1/../../../../pic32c/lib\libm_nano.a(lib_a-sf_fabs.o)
 .debug_abbrev  0x00002818      0x1a6 c:/program files/microchip/xc32/v2.40/bin/bin/../../lib/gcc/pic32c/6.2.1/../../../../pic32c/lib\libm_nano.a(lib_a-sf_finite.o)
 .debug_abbrev  0x000029be      0x17a c:/program files/microchip/xc32/v2.40/bin/bin/../../lib/gcc/pic32c/6.2.1/../../../../pic32c/lib\libm_nano.a(lib_a-sf_nan.o)
 .debug_abbrev  0x00002b38      0x1e3 c:/program files/microchip/xc32/v2.40/bin/bin/../../lib/gcc/pic32c/6.2.1/../../../../pic32c/lib\libm_nano.a(lib_a-sf_scalbn.o)
 .debug_abbrev  0x00002d1b      0x149 c:/program files/microchip/xc32/v2.40/bin/bin/../../lib/gcc/pic32c/6.2.1/../../../../pic32c/lib\libm_nano.a(lib_a-s_lib_ver.o)
 .debug_abbrev  0x00002e64      0x17c c:/program files/microchip/xc32/v2.40/bin/bin/../../lib/gcc/pic32c/6.2.1/../../../../pic32c/lib\libm_nano.a(lib_a-s_matherr.o)
 .debug_abbrev  0x00002fe0      0x17a c:/program files/microchip/xc32/v2.40/bin/bin/../../lib/gcc/pic32c/6.2.1/../../../../pic32c/lib\libm_nano.a(lib_a-s_nan.o)
 .debug_abbrev  0x0000315a      0x1e6 c:/program files/microchip/xc32/v2.40/bin/bin/../../lib/gcc/pic32c/6.2.1/../../../../pic32c/lib\libm_nano.a(lib_a-s_rint.o)
 .debug_abbrev  0x00003340      0x1b1 c:/program files/microchip/xc32/v2.40/bin/bin/../../lib/gcc/pic32c/6.2.1/../../../../pic32c/lib\libm_nano.a(lib_a-sf_copysign.o)
 .debug_abbrev  0x000034f1       0x2a c:/program files/microchip/xc32/v2.40/bin/bin/../../lib/gcc/pic32c/6.2.1/../../../../pic32c/lib\libpic32c.a(data_init.o)
 .debug_abbrev  0x0000351b       0x14 c:/program files/microchip/xc32/v2.40/bin/bin/../../lib/gcc/pic32c/6.2.1\libgcc.a(_arm_cmpdf2.o)
 .debug_abbrev  0x0000352f       0x14 c:/program files/microchip/xc32/v2.40/bin/bin/../../lib/gcc/pic32c/6.2.1\libgcc.a(_arm_cmpsf2.o)
 .debug_abbrev  0x00003543      0x11b c:/program files/microchip/xc32/v2.40/bin/bin/../../lib/gcc/pic32c/6.2.1\libgcc.a(_fixunssfsi.o)
 .debug_abbrev  0x0000365e      0x149 c:/program files/microchip/xc32/v2.40/bin/bin/../../lib/gcc/pic32c/6.2.1\libgcc.a(addsf3.o)
 .debug_abbrev  0x000037a7      0x135 c:/program files/microchip/xc32/v2.40/bin/bin/../../lib/gcc/pic32c/6.2.1\libgcc.a(divsf3.o)
 .debug_abbrev  0x000038dc      0x128 c:/program files/microchip/xc32/v2.40/bin/bin/../../lib/gcc/pic32c/6.2.1\libgcc.a(eqsf2.o)
 .debug_abbrev  0x00003a04      0x12a c:/program files/microchip/xc32/v2.40/bin/bin/../../lib/gcc/pic32c/6.2.1\libgcc.a(gesf2.o)
 .debug_abbrev  0x00003b2e      0x135 c:/program files/microchip/xc32/v2.40/bin/bin/../../lib/gcc/pic32c/6.2.1\libgcc.a(lesf2.o)
 .debug_abbrev  0x00003c63      0x13c c:/program files/microchip/xc32/v2.40/bin/bin/../../lib/gcc/pic32c/6.2.1\libgcc.a(mulsf3.o)
 .debug_abbrev  0x00003d9f      0x149 c:/program files/microchip/xc32/v2.40/bin/bin/../../lib/gcc/pic32c/6.2.1\libgcc.a(subsf3.o)
 .debug_abbrev  0x00003ee8      0x128 c:/program files/microchip/xc32/v2.40/bin/bin/../../lib/gcc/pic32c/6.2.1\libgcc.a(unordsf2.o)
 .debug_abbrev  0x00004010      0x12e c:/program files/microchip/xc32/v2.40/bin/bin/../../lib/gcc/pic32c/6.2.1\libgcc.a(fixsfsi.o)
 .debug_abbrev  0x0000413e      0x12d c:/program files/microchip/xc32/v2.40/bin/bin/../../lib/gcc/pic32c/6.2.1\libgcc.a(floatsisf.o)
 .debug_abbrev  0x0000426b      0x12d c:/program files/microchip/xc32/v2.40/bin/bin/../../lib/gcc/pic32c/6.2.1\libgcc.a(floatunsisf.o)
 .debug_abbrev  0x00004398      0x150 c:/program files/microchip/xc32/v2.40/bin/bin/../../lib/gcc/pic32c/6.2.1\libgcc.a(adddf3.o)
 .debug_abbrev  0x000044e8      0x143 c:/program files/microchip/xc32/v2.40/bin/bin/../../lib/gcc/pic32c/6.2.1\libgcc.a(divdf3.o)
 .debug_abbrev  0x0000462b      0x128 c:/program files/microchip/xc32/v2.40/bin/bin/../../lib/gcc/pic32c/6.2.1\libgcc.a(eqdf2.o)
 .debug_abbrev  0x00004753      0x135 c:/program files/microchip/xc32/v2.40/bin/bin/../../lib/gcc/pic32c/6.2.1\libgcc.a(gedf2.o)
 .debug_abbrev  0x00004888      0x12a c:/program files/microchip/xc32/v2.40/bin/bin/../../lib/gcc/pic32c/6.2.1\libgcc.a(ledf2.o)
 .debug_abbrev  0x000049b2      0x150 c:/program files/microchip/xc32/v2.40/bin/bin/../../lib/gcc/pic32c/6.2.1\libgcc.a(subdf3.o)
 .debug_abbrev  0x00004b02      0x114 c:/program files/microchip/xc32/v2.40/bin/bin/../../lib/gcc/pic32c/6.2.1\libgcc.a(extendsfdf2.o)
 .debug_abbrev  0x00004c16      0x10e c:/program files/microchip/xc32/v2.40/bin/bin/../../lib/gcc/pic32c/6.2.1\libgcc.a(truncdfsf2.o)
 .debug_abbrev  0x00004d24       0x14 c:/program files/microchip/xc32/v2.40/bin/bin/../../lib/gcc/pic32c/6.2.1\libgcc.a(_thumb1_case_uqi.o)
 .debug_abbrev  0x00004d38       0x14 c:/program files/microchip/xc32/v2.40/bin/bin/../../lib/gcc/pic32c/6.2.1\libgcc.a(_thumb1_case_uhi.o)
 .debug_abbrev  0x00004d4c       0x14 c:/program files/microchip/xc32/v2.40/bin/bin/../../lib/gcc/pic32c/6.2.1\libgcc.a(_udivsi3.o)
 .debug_abbrev  0x00004d60       0x14 c:/program files/microchip/xc32/v2.40/bin/bin/../../lib/gcc/pic32c/6.2.1\libgcc.a(_dvmd_tls.o)
 .debug_abbrev  0x00004d74       0x14 c:/program files/microchip/xc32/v2.40/bin/bin/../../lib/gcc/pic32c/6.2.1\libgcc.a(_clzsi2.o)
 .debug_abbrev  0x00004d88      0x14f c:/program files/microchip/xc32/v2.40/bin/bin/../../lib/gcc/pic32c/6.2.1/../../../../pic32c/lib\libc_nano.a(lib_a-errno.o)
 .debug_abbrev  0x00004ed7      0x131 c:/program files/microchip/xc32/v2.40/bin/bin/../../lib/gcc/pic32c/6.2.1/../../../../pic32c/lib\libc_nano.a(lib_a-impure.o)
 .debug_abbrev  0x00005008       0xa3 c:/program files/microchip/xc32/v2.40/bin/bin/../../lib/gcc/pic32c/6.2.1/../../../../pic32c/lib\libc_nano.a(lib_a-init.o)
 .debug_abbrev  0x000050ab      0x264 c:/program files/microchip/xc32/v2.40/bin/bin/../../lib/gcc/pic32c/6.2.1/../../../../pic32c/lib\libc_nano.a(lib_a-locale.o)
 .debug_abbrev  0x0000530f      0x1cd c:/program files/microchip/xc32/v2.40/bin/bin/../../lib/gcc/pic32c/6.2.1/../../../../pic32c/lib\libc_nano.a(lib_a-mbtowc_r.o)
 .debug_abbrev  0x000054dc      0x17c c:/program files/microchip/xc32/v2.40/bin/bin/../../lib/gcc/pic32c/6.2.1/../../../../pic32c/lib\libc_nano.a(lib_a-memcpy-stub.o)
 .debug_abbrev  0x00005658      0x170 c:/program files/microchip/xc32/v2.40/bin/bin/../../lib/gcc/pic32c/6.2.1/../../../../pic32c/lib\libc_nano.a(lib_a-memset.o)
 .debug_abbrev  0x000057c8      0x3c3 c:/program files/microchip/xc32/v2.40/bin/bin/../../lib/gcc/pic32c/6.2.1/../../../../pic32c/lib\libc_nano.a(_lib_a-nano-vfprintf.cdeEfFgGnopsuxX.o)
 .debug_abbrev  0x00005b8b      0x25f c:/program files/microchip/xc32/v2.40/bin/bin/../../lib/gcc/pic32c/6.2.1/../../../../pic32c/lib\libc_nano.a(lib_a-nano-vfprintf_i.o)
 .debug_abbrev  0x00005dea      0x218 c:/program files/microchip/xc32/v2.40/bin/bin/../../lib/gcc/pic32c/6.2.1/../../../../pic32c/lib\libc_nano.a(lib_a-printf.o)
 .debug_abbrev  0x00006002      0x24a c:/program files/microchip/xc32/v2.40/bin/bin/../../lib/gcc/pic32c/6.2.1/../../../../pic32c/lib\libc_nano.a(lib_a-puts.o)
 .debug_abbrev  0x0000624c      0x1f6 c:/program files/microchip/xc32/v2.40/bin/bin/../../lib/gcc/pic32c/6.2.1/../../../../pic32c/lib\libc_nano.a(lib_a-__ssfputs.o)
 .debug_abbrev  0x00006442       0x14 c:/program files/microchip/xc32/v2.40/bin/bin/../../lib/gcc/pic32c/6.2.1/../../../../pic32c/lib\libc_nano.a(lib_a-strlen.o)
 .debug_abbrev  0x00006456      0x208 c:/program files/microchip/xc32/v2.40/bin/bin/../../lib/gcc/pic32c/6.2.1/../../../../pic32c/lib\libc_nano.a(lib_a-wbuf.o)
 .debug_abbrev  0x0000665e      0x1ce c:/program files/microchip/xc32/v2.40/bin/bin/../../lib/gcc/pic32c/6.2.1/../../../../pic32c/lib\libc_nano.a(lib_a-wctomb_r.o)
 .debug_abbrev  0x0000682c      0x1ec c:/program files/microchip/xc32/v2.40/bin/bin/../../lib/gcc/pic32c/6.2.1/../../../../pic32c/lib\libc_nano.a(lib_a-wsetup.o)
 .debug_abbrev  0x00006a18      0x131 c:/program files/microchip/xc32/v2.40/bin/bin/../../lib/gcc/pic32c/6.2.1/../../../../pic32c/lib\libc_nano.a(lib_a-ctype_.o)
 .debug_abbrev  0x00006b49      0x265 c:/program files/microchip/xc32/v2.40/bin/bin/../../lib/gcc/pic32c/6.2.1/../../../../pic32c/lib\libc_nano.a(lib_a-dtoa.o)
 .debug_abbrev  0x00006dae      0x263 c:/program files/microchip/xc32/v2.40/bin/bin/../../lib/gcc/pic32c/6.2.1/../../../../pic32c/lib\libc_nano.a(lib_a-fflush.o)
 .debug_abbrev  0x00007011      0x295 c:/program files/microchip/xc32/v2.40/bin/bin/../../lib/gcc/pic32c/6.2.1/../../../../pic32c/lib\libc_nano.a(lib_a-findfp.o)
 .debug_abbrev  0x000072a6      0x233 c:/program files/microchip/xc32/v2.40/bin/bin/../../lib/gcc/pic32c/6.2.1/../../../../pic32c/lib\libc_nano.a(lib_a-fputwc.o)
 .debug_abbrev  0x000074d9      0x1b0 c:/program files/microchip/xc32/v2.40/bin/bin/../../lib/gcc/pic32c/6.2.1/../../../../pic32c/lib\libc_nano.a(lib_a-fwalk.o)
 .debug_abbrev  0x00007689      0x1fc c:/program files/microchip/xc32/v2.40/bin/bin/../../lib/gcc/pic32c/6.2.1/../../../../pic32c/lib\libc_nano.a(lib_a-localeconv.o)
 .debug_abbrev  0x00007885      0x268 c:/program files/microchip/xc32/v2.40/bin/bin/../../lib/gcc/pic32c/6.2.1/../../../../pic32c/lib\libc_nano.a(lib_a-makebuf.o)
 .debug_abbrev  0x00007aed      0x1b0 c:/program files/microchip/xc32/v2.40/bin/bin/../../lib/gcc/pic32c/6.2.1/../../../../pic32c/lib\libc_nano.a(lib_a-malloc.o)
 .debug_abbrev  0x00007c9d      0x16d c:/program files/microchip/xc32/v2.40/bin/bin/../../lib/gcc/pic32c/6.2.1/../../../../pic32c/lib\libc_nano.a(lib_a-memchr-stub.o)
 .debug_abbrev  0x00007e0a      0x31e c:/program files/microchip/xc32/v2.40/bin/bin/../../lib/gcc/pic32c/6.2.1/../../../../pic32c/lib\libc_nano.a(lib_a-mprec.o)
 .debug_abbrev  0x00008128      0x1b9 c:/program files/microchip/xc32/v2.40/bin/bin/../../lib/gcc/pic32c/6.2.1/../../../../pic32c/lib\libc_nano.a(lib_a-nano-callocr.o)
 .debug_abbrev  0x000082e1      0x24f c:/program files/microchip/xc32/v2.40/bin/bin/../../lib/gcc/pic32c/6.2.1/../../../../pic32c/lib\libc_nano.a(lib_a-nano-freer.o)
 .debug_abbrev  0x00008530      0x286 c:/program files/microchip/xc32/v2.40/bin/bin/../../lib/gcc/pic32c/6.2.1/../../../../pic32c/lib\libc_nano.a(lib_a-nano-mallocr.o)
 .debug_abbrev  0x000087b6      0x24c c:/program files/microchip/xc32/v2.40/bin/bin/../../lib/gcc/pic32c/6.2.1/../../../../pic32c/lib\libc_nano.a(lib_a-nano-vfprintf.o)
 .debug_abbrev  0x00008a02      0x1a8 c:/program files/microchip/xc32/v2.40/bin/bin/../../lib/gcc/pic32c/6.2.1/../../../../pic32c/lib\libc_nano.a(lib_a-sbrkr.o)
 .debug_abbrev  0x00008baa      0x224 c:/program files/microchip/xc32/v2.40/bin/bin/../../lib/gcc/pic32c/6.2.1/../../../../pic32c/lib\libc_nano.a(lib_a-stdio.o)
 .debug_abbrev  0x00008dce      0x1d5 c:/program files/microchip/xc32/v2.40/bin/bin/../../lib/gcc/pic32c/6.2.1/../../../../pic32c/lib\libc_nano.a(lib_a-wcrtomb.o)
 .debug_abbrev  0x00008fa3      0x198 c:/program files/microchip/xc32/v2.40/bin/bin/../../lib/gcc/pic32c/6.2.1/../../../../pic32c/lib\libc_nano.a(lib_a-writer.o)
 .debug_abbrev  0x0000913b      0x193 c:/program files/microchip/xc32/v2.40/bin/bin/../../lib/gcc/pic32c/6.2.1/../../../../pic32c/lib\libc_nano.a(lib_a-closer.o)
 .debug_abbrev  0x000092ce      0x193 c:/program files/microchip/xc32/v2.40/bin/bin/../../lib/gcc/pic32c/6.2.1/../../../../pic32c/lib\libc_nano.a(lib_a-fstatr.o)
 .debug_abbrev  0x00009461      0x193 c:/program files/microchip/xc32/v2.40/bin/bin/../../lib/gcc/pic32c/6.2.1/../../../../pic32c/lib\libc_nano.a(lib_a-isattyr.o)
 .debug_abbrev  0x000095f4      0x193 c:/program files/microchip/xc32/v2.40/bin/bin/../../lib/gcc/pic32c/6.2.1/../../../../pic32c/lib\libc_nano.a(lib_a-lseekr.o)
 .debug_abbrev  0x00009787      0x165 c:/program files/microchip/xc32/v2.40/bin/bin/../../lib/gcc/pic32c/6.2.1/../../../../pic32c/lib\libc_nano.a(lib_a-mlock.o)
 .debug_abbrev  0x000098ec      0x193 c:/program files/microchip/xc32/v2.40/bin/bin/../../lib/gcc/pic32c/6.2.1/../../../../pic32c/lib\libc_nano.a(lib_a-readr.o)
 .debug_abbrev  0x00009a7f      0x1ea c:/program files/microchip/xc32/v2.40/bin/bin/../../lib/gcc/pic32c/6.2.1/../../../../pic32c/lib\libc_nano.a(lib_a-reent.o)
 .debug_abbrev  0x00009c69       0x2a c:/program files/microchip/xc32/v2.40/bin/bin/../../lib/gcc/pic32c/6.2.1/../../../../pic32c/lib\libpic32c.a(_close.o)
 .debug_abbrev  0x00009c93       0x2a c:/program files/microchip/xc32/v2.40/bin/bin/../../lib/gcc/pic32c/6.2.1/../../../../pic32c/lib\libpic32c.a(_fstat.o)
 .debug_abbrev  0x00009cbd       0x2a c:/program files/microchip/xc32/v2.40/bin/bin/../../lib/gcc/pic32c/6.2.1/../../../../pic32c/lib\libpic32c.a(_isatty.o)
 .debug_abbrev  0x00009ce7       0x2a c:/program files/microchip/xc32/v2.40/bin/bin/../../lib/gcc/pic32c/6.2.1/../../../../pic32c/lib\libpic32c.a(_lseek.o)
 .debug_abbrev  0x00009d11       0x2a c:/program files/microchip/xc32/v2.40/bin/bin/../../lib/gcc/pic32c/6.2.1/../../../../pic32c/lib\libpic32c.a(_read.o)
 .debug_abbrev  0x00009d3b       0x2a c:/program files/microchip/xc32/v2.40/bin/bin/../../lib/gcc/pic32c/6.2.1/../../../../pic32c/lib\libpic32c.a(sbrk.o)
 .debug_abbrev  0x00009d65       0x2a c:/program files/microchip/xc32/v2.40/bin/bin/../../lib/gcc/pic32c/6.2.1/../../../../pic32c/lib\libpic32c.a(close.o)
 .debug_abbrev  0x00009d8f       0x2a c:/program files/microchip/xc32/v2.40/bin/bin/../../lib/gcc/pic32c/6.2.1/../../../../pic32c/lib\libpic32c.a(fstat.o)
 .debug_abbrev  0x00009db9       0x2a c:/program files/microchip/xc32/v2.40/bin/bin/../../lib/gcc/pic32c/6.2.1/../../../../pic32c/lib\libpic32c.a(isatty.o)
 .debug_abbrev  0x00009de3       0x2a c:/program files/microchip/xc32/v2.40/bin/bin/../../lib/gcc/pic32c/6.2.1/../../../../pic32c/lib\libpic32c.a(lseek.o)
 .debug_abbrev  0x00009e0d       0x2a c:/program files/microchip/xc32/v2.40/bin/bin/../../lib/gcc/pic32c/6.2.1/../../../../pic32c/lib\libpic32c.a(read.o)
 .debug_abbrev  0x00009e37       0x14 c:/program files/microchip/xc32/v2.40/bin/bin/../../lib/gcc/pic32c/6.2.1\libgcc.a(_divsi3.o)
 .debug_abbrev  0x00009e4b      0x14a c:/program files/microchip/xc32/v2.40/bin/bin/../../lib/gcc/pic32c/6.2.1\libgcc.a(muldf3.o)
 .debug_abbrev  0x00009f95      0x119 c:/program files/microchip/xc32/v2.40/bin/bin/../../lib/gcc/pic32c/6.2.1\libgcc.a(unorddf2.o)
 .debug_abbrev  0x0000a0ae      0x12c c:/program files/microchip/xc32/v2.40/bin/bin/../../lib/gcc/pic32c/6.2.1\libgcc.a(fixdfsi.o)
 .debug_abbrev  0x0000a1da      0x118 c:/program files/microchip/xc32/v2.40/bin/bin/../../lib/gcc/pic32c/6.2.1\libgcc.a(floatsidf.o)
 .debug_abbrev  0x0000a2f2      0x118 c:/program files/microchip/xc32/v2.40/bin/bin/../../lib/gcc/pic32c/6.2.1\libgcc.a(floatunsidf.o)

.debug_loc      0x00000000    0x13cf4
 .debug_loc     0x00000000       0x20 build/default/production/Source/startup_atsamc21a.o
 .debug_loc     0x00000020       0x38 build/default/production/Source/main.o
 .debug_loc     0x00000058      0x240 build/default/production/Source/system.o
 .debug_loc     0x00000298       0x2c build/default/production/Source/port.o
 .debug_loc     0x000002c4      0x1e0 build/default/production/Source/uart.o
 .debug_loc     0x000004a4       0xe8 build/default/production/Source/timer.o
 .debug_loc     0x0000058c       0xe8 build/default/production/Source/analog.o
 .debug_loc     0x00000674      0x144 build/default/production/Source/cal_temp.o
 .debug_loc     0x000007b8       0x90 build/default/production/Source/dac.o
 .debug_loc     0x00000848      0x20c build/default/production/Source/flash.o
 .debug_loc     0x00000a54       0x90 build/default/production/Source/systick.o
 .debug_loc     0x00000ae4      0x198 build/default/production/Source/fis.o
 .debug_loc     0x00000c7c       0x72 c:/program files/microchip/xc32/v2.40/bin/bin/../../lib/gcc/pic32c/6.2.1/../../../../pic32c/lib\libm_nano.a(lib_a-s_fmin.o)
 .debug_loc     0x00000cee       0x6f c:/program files/microchip/xc32/v2.40/bin/bin/../../lib/gcc/pic32c/6.2.1/../../../../pic32c/lib\libm_nano.a(lib_a-s_fpclassify.o)
 .debug_loc     0x00000d5d      0x131 c:/program files/microchip/xc32/v2.40/bin/bin/../../lib/gcc/pic32c/6.2.1/../../../../pic32c/lib\libm_nano.a(lib_a-sf_round.o)
 .debug_loc     0x00000e8e       0x90 c:/program files/microchip/xc32/v2.40/bin/bin/../../lib/gcc/pic32c/6.2.1/../../../../pic32c/lib\libm_nano.a(lib_a-wf_exp.o)
 .debug_loc     0x00000f1e       0x7a c:/program files/microchip/xc32/v2.40/bin/bin/../../lib/gcc/pic32c/6.2.1/../../../../pic32c/lib\libm_nano.a(lib_a-wf_log.o)
 .debug_loc     0x00000f98      0x1cf c:/program files/microchip/xc32/v2.40/bin/bin/../../lib/gcc/pic32c/6.2.1/../../../../pic32c/lib\libm_nano.a(lib_a-wf_pow.o)
 .debug_loc     0x00001167      0x421 c:/program files/microchip/xc32/v2.40/bin/bin/../../lib/gcc/pic32c/6.2.1/../../../../pic32c/lib\libm_nano.a(lib_a-ef_exp.o)
 .debug_loc     0x00001588      0x6e8 c:/program files/microchip/xc32/v2.40/bin/bin/../../lib/gcc/pic32c/6.2.1/../../../../pic32c/lib\libm_nano.a(lib_a-ef_log.o)
 .debug_loc     0x00001c70     0x1044 c:/program files/microchip/xc32/v2.40/bin/bin/../../lib/gcc/pic32c/6.2.1/../../../../pic32c/lib\libm_nano.a(lib_a-ef_pow.o)
 .debug_loc     0x00002cb4      0x259 c:/program files/microchip/xc32/v2.40/bin/bin/../../lib/gcc/pic32c/6.2.1/../../../../pic32c/lib\libm_nano.a(lib_a-ef_sqrt.o)
 .debug_loc     0x00002f0d       0x3c c:/program files/microchip/xc32/v2.40/bin/bin/../../lib/gcc/pic32c/6.2.1/../../../../pic32c/lib\libm_nano.a(lib_a-sf_fabs.o)
 .debug_loc     0x00002f49       0x3f c:/program files/microchip/xc32/v2.40/bin/bin/../../lib/gcc/pic32c/6.2.1/../../../../pic32c/lib\libm_nano.a(lib_a-sf_finite.o)
 .debug_loc     0x00002f88       0x21 c:/program files/microchip/xc32/v2.40/bin/bin/../../lib/gcc/pic32c/6.2.1/../../../../pic32c/lib\libm_nano.a(lib_a-sf_nan.o)
 .debug_loc     0x00002fa9      0x266 c:/program files/microchip/xc32/v2.40/bin/bin/../../lib/gcc/pic32c/6.2.1/../../../../pic32c/lib\libm_nano.a(lib_a-sf_scalbn.o)
 .debug_loc     0x0000320f       0x21 c:/program files/microchip/xc32/v2.40/bin/bin/../../lib/gcc/pic32c/6.2.1/../../../../pic32c/lib\libm_nano.a(lib_a-s_matherr.o)
 .debug_loc     0x00003230       0x21 c:/program files/microchip/xc32/v2.40/bin/bin/../../lib/gcc/pic32c/6.2.1/../../../../pic32c/lib\libm_nano.a(lib_a-s_nan.o)
 .debug_loc     0x00003251      0x36c c:/program files/microchip/xc32/v2.40/bin/bin/../../lib/gcc/pic32c/6.2.1/../../../../pic32c/lib\libm_nano.a(lib_a-s_rint.o)
 .debug_loc     0x000035bd       0x7b c:/program files/microchip/xc32/v2.40/bin/bin/../../lib/gcc/pic32c/6.2.1/../../../../pic32c/lib\libm_nano.a(lib_a-sf_copysign.o)
 .debug_loc     0x00003638       0x14 c:/program files/microchip/xc32/v2.40/bin/bin/../../lib/gcc/pic32c/6.2.1/../../../../pic32c/lib\libpic32c.a(data_init.o)
 .debug_loc     0x0000364c       0x5a c:/program files/microchip/xc32/v2.40/bin/bin/../../lib/gcc/pic32c/6.2.1\libgcc.a(_fixunssfsi.o)
 .debug_loc     0x000036a6      0xb1f c:/program files/microchip/xc32/v2.40/bin/bin/../../lib/gcc/pic32c/6.2.1\libgcc.a(addsf3.o)
 .debug_loc     0x000041c5      0x6a6 c:/program files/microchip/xc32/v2.40/bin/bin/../../lib/gcc/pic32c/6.2.1\libgcc.a(divsf3.o)
 .debug_loc     0x0000486b       0xb8 c:/program files/microchip/xc32/v2.40/bin/bin/../../lib/gcc/pic32c/6.2.1\libgcc.a(eqsf2.o)
 .debug_loc     0x00004923      0x1ca c:/program files/microchip/xc32/v2.40/bin/bin/../../lib/gcc/pic32c/6.2.1\libgcc.a(gesf2.o)
 .debug_loc     0x00004aed      0x163 c:/program files/microchip/xc32/v2.40/bin/bin/../../lib/gcc/pic32c/6.2.1\libgcc.a(lesf2.o)
 .debug_loc     0x00004c50      0x791 c:/program files/microchip/xc32/v2.40/bin/bin/../../lib/gcc/pic32c/6.2.1\libgcc.a(mulsf3.o)
 .debug_loc     0x000053e1      0xb1b c:/program files/microchip/xc32/v2.40/bin/bin/../../lib/gcc/pic32c/6.2.1\libgcc.a(subsf3.o)
 .debug_loc     0x00005efc       0x5b c:/program files/microchip/xc32/v2.40/bin/bin/../../lib/gcc/pic32c/6.2.1\libgcc.a(unordsf2.o)
 .debug_loc     0x00005f57       0xe7 c:/program files/microchip/xc32/v2.40/bin/bin/../../lib/gcc/pic32c/6.2.1\libgcc.a(fixsfsi.o)
 .debug_loc     0x0000603e      0x180 c:/program files/microchip/xc32/v2.40/bin/bin/../../lib/gcc/pic32c/6.2.1\libgcc.a(floatsisf.o)
 .debug_loc     0x000061be      0x150 c:/program files/microchip/xc32/v2.40/bin/bin/../../lib/gcc/pic32c/6.2.1\libgcc.a(floatunsisf.o)
 .debug_loc     0x0000630e     0x147e c:/program files/microchip/xc32/v2.40/bin/bin/../../lib/gcc/pic32c/6.2.1\libgcc.a(adddf3.o)
 .debug_loc     0x0000778c     0x1513 c:/program files/microchip/xc32/v2.40/bin/bin/../../lib/gcc/pic32c/6.2.1\libgcc.a(divdf3.o)
 .debug_loc     0x00008c9f      0x120 c:/program files/microchip/xc32/v2.40/bin/bin/../../lib/gcc/pic32c/6.2.1\libgcc.a(eqdf2.o)
 .debug_loc     0x00008dbf      0x26c c:/program files/microchip/xc32/v2.40/bin/bin/../../lib/gcc/pic32c/6.2.1\libgcc.a(gedf2.o)
 .debug_loc     0x0000902b      0x1d5 c:/program files/microchip/xc32/v2.40/bin/bin/../../lib/gcc/pic32c/6.2.1\libgcc.a(ledf2.o)
 .debug_loc     0x00009200     0x1362 c:/program files/microchip/xc32/v2.40/bin/bin/../../lib/gcc/pic32c/6.2.1\libgcc.a(subdf3.o)
 .debug_loc     0x0000a562      0x260 c:/program files/microchip/xc32/v2.40/bin/bin/../../lib/gcc/pic32c/6.2.1\libgcc.a(extendsfdf2.o)
 .debug_loc     0x0000a7c2      0x2e6 c:/program files/microchip/xc32/v2.40/bin/bin/../../lib/gcc/pic32c/6.2.1\libgcc.a(truncdfsf2.o)
 .debug_loc     0x0000aaa8       0x72 c:/program files/microchip/xc32/v2.40/bin/bin/../../lib/gcc/pic32c/6.2.1/../../../../pic32c/lib\libc_nano.a(lib_a-init.o)
 .debug_loc     0x0000ab1a      0x174 c:/program files/microchip/xc32/v2.40/bin/bin/../../lib/gcc/pic32c/6.2.1/../../../../pic32c/lib\libc_nano.a(lib_a-locale.o)
 .debug_loc     0x0000ac8e      0x19a c:/program files/microchip/xc32/v2.40/bin/bin/../../lib/gcc/pic32c/6.2.1/../../../../pic32c/lib\libc_nano.a(lib_a-mbtowc_r.o)
 .debug_loc     0x0000ae28       0xde c:/program files/microchip/xc32/v2.40/bin/bin/../../lib/gcc/pic32c/6.2.1/../../../../pic32c/lib\libc_nano.a(lib_a-memcpy-stub.o)
 .debug_loc     0x0000af06       0x72 c:/program files/microchip/xc32/v2.40/bin/bin/../../lib/gcc/pic32c/6.2.1/../../../../pic32c/lib\libc_nano.a(lib_a-memset.o)
 .debug_loc     0x0000af78      0xe69 c:/program files/microchip/xc32/v2.40/bin/bin/../../lib/gcc/pic32c/6.2.1/../../../../pic32c/lib\libc_nano.a(_lib_a-nano-vfprintf.cdeEfFgGnopsuxX.o)
 .debug_loc     0x0000bde1      0x66f c:/program files/microchip/xc32/v2.40/bin/bin/../../lib/gcc/pic32c/6.2.1/../../../../pic32c/lib\libc_nano.a(lib_a-nano-vfprintf_i.o)
 .debug_loc     0x0000c450       0x97 c:/program files/microchip/xc32/v2.40/bin/bin/../../lib/gcc/pic32c/6.2.1/../../../../pic32c/lib\libc_nano.a(lib_a-printf.o)
 .debug_loc     0x0000c4e7      0x249 c:/program files/microchip/xc32/v2.40/bin/bin/../../lib/gcc/pic32c/6.2.1/../../../../pic32c/lib\libc_nano.a(lib_a-puts.o)
 .debug_loc     0x0000c730      0x1da c:/program files/microchip/xc32/v2.40/bin/bin/../../lib/gcc/pic32c/6.2.1/../../../../pic32c/lib\libc_nano.a(lib_a-__ssfputs.o)
 .debug_loc     0x0000c90a      0x194 c:/program files/microchip/xc32/v2.40/bin/bin/../../lib/gcc/pic32c/6.2.1/../../../../pic32c/lib\libc_nano.a(lib_a-wbuf.o)
 .debug_loc     0x0000ca9e       0xf1 c:/program files/microchip/xc32/v2.40/bin/bin/../../lib/gcc/pic32c/6.2.1/../../../../pic32c/lib\libc_nano.a(lib_a-wctomb_r.o)
 .debug_loc     0x0000cb8f       0x9e c:/program files/microchip/xc32/v2.40/bin/bin/../../lib/gcc/pic32c/6.2.1/../../../../pic32c/lib\libc_nano.a(lib_a-wsetup.o)
 .debug_loc     0x0000cc2d     0x1c81 c:/program files/microchip/xc32/v2.40/bin/bin/../../lib/gcc/pic32c/6.2.1/../../../../pic32c/lib\libc_nano.a(lib_a-dtoa.o)
 .debug_loc     0x0000e8ae      0x30b c:/program files/microchip/xc32/v2.40/bin/bin/../../lib/gcc/pic32c/6.2.1/../../../../pic32c/lib\libc_nano.a(lib_a-fflush.o)
 .debug_loc     0x0000ebb9      0x2b8 c:/program files/microchip/xc32/v2.40/bin/bin/../../lib/gcc/pic32c/6.2.1/../../../../pic32c/lib\libc_nano.a(lib_a-findfp.o)
 .debug_loc     0x0000ee71      0x2ac c:/program files/microchip/xc32/v2.40/bin/bin/../../lib/gcc/pic32c/6.2.1/../../../../pic32c/lib\libc_nano.a(lib_a-fputwc.o)
 .debug_loc     0x0000f11d      0x1d9 c:/program files/microchip/xc32/v2.40/bin/bin/../../lib/gcc/pic32c/6.2.1/../../../../pic32c/lib\libc_nano.a(lib_a-fwalk.o)
 .debug_loc     0x0000f2f6       0x63 c:/program files/microchip/xc32/v2.40/bin/bin/../../lib/gcc/pic32c/6.2.1/../../../../pic32c/lib\libc_nano.a(lib_a-localeconv.o)
 .debug_loc     0x0000f359      0x260 c:/program files/microchip/xc32/v2.40/bin/bin/../../lib/gcc/pic32c/6.2.1/../../../../pic32c/lib\libc_nano.a(lib_a-makebuf.o)
 .debug_loc     0x0000f5b9       0x98 c:/program files/microchip/xc32/v2.40/bin/bin/../../lib/gcc/pic32c/6.2.1/../../../../pic32c/lib\libc_nano.a(lib_a-malloc.o)
 .debug_loc     0x0000f651       0xb4 c:/program files/microchip/xc32/v2.40/bin/bin/../../lib/gcc/pic32c/6.2.1/../../../../pic32c/lib\libc_nano.a(lib_a-memchr-stub.o)
 .debug_loc     0x0000f705     0x1e16 c:/program files/microchip/xc32/v2.40/bin/bin/../../lib/gcc/pic32c/6.2.1/../../../../pic32c/lib\libc_nano.a(lib_a-mprec.o)
 .debug_loc     0x0001151b       0xac c:/program files/microchip/xc32/v2.40/bin/bin/../../lib/gcc/pic32c/6.2.1/../../../../pic32c/lib\libc_nano.a(lib_a-nano-callocr.o)
 .debug_loc     0x000115c7      0x108 c:/program files/microchip/xc32/v2.40/bin/bin/../../lib/gcc/pic32c/6.2.1/../../../../pic32c/lib\libc_nano.a(lib_a-nano-freer.o)
 .debug_loc     0x000116cf      0x242 c:/program files/microchip/xc32/v2.40/bin/bin/../../lib/gcc/pic32c/6.2.1/../../../../pic32c/lib\libc_nano.a(lib_a-nano-mallocr.o)
 .debug_loc     0x00011911      0x377 c:/program files/microchip/xc32/v2.40/bin/bin/../../lib/gcc/pic32c/6.2.1/../../../../pic32c/lib\libc_nano.a(lib_a-nano-vfprintf.o)
 .debug_loc     0x00011c88       0x6d c:/program files/microchip/xc32/v2.40/bin/bin/../../lib/gcc/pic32c/6.2.1/../../../../pic32c/lib\libc_nano.a(lib_a-sbrkr.o)
 .debug_loc     0x00011cf5      0x382 c:/program files/microchip/xc32/v2.40/bin/bin/../../lib/gcc/pic32c/6.2.1/../../../../pic32c/lib\libc_nano.a(lib_a-stdio.o)
 .debug_loc     0x00012077      0x1cb c:/program files/microchip/xc32/v2.40/bin/bin/../../lib/gcc/pic32c/6.2.1/../../../../pic32c/lib\libc_nano.a(lib_a-wcrtomb.o)
 .debug_loc     0x00012242       0xc5 c:/program files/microchip/xc32/v2.40/bin/bin/../../lib/gcc/pic32c/6.2.1/../../../../pic32c/lib\libc_nano.a(lib_a-writer.o)
 .debug_loc     0x00012307       0x6d c:/program files/microchip/xc32/v2.40/bin/bin/../../lib/gcc/pic32c/6.2.1/../../../../pic32c/lib\libc_nano.a(lib_a-closer.o)
 .debug_loc     0x00012374       0x99 c:/program files/microchip/xc32/v2.40/bin/bin/../../lib/gcc/pic32c/6.2.1/../../../../pic32c/lib\libc_nano.a(lib_a-fstatr.o)
 .debug_loc     0x0001240d       0x6d c:/program files/microchip/xc32/v2.40/bin/bin/../../lib/gcc/pic32c/6.2.1/../../../../pic32c/lib\libc_nano.a(lib_a-isattyr.o)
 .debug_loc     0x0001247a       0xc5 c:/program files/microchip/xc32/v2.40/bin/bin/../../lib/gcc/pic32c/6.2.1/../../../../pic32c/lib\libc_nano.a(lib_a-lseekr.o)
 .debug_loc     0x0001253f       0xc5 c:/program files/microchip/xc32/v2.40/bin/bin/../../lib/gcc/pic32c/6.2.1/../../../../pic32c/lib\libc_nano.a(lib_a-readr.o)
 .debug_loc     0x00012604      0x10b c:/program files/microchip/xc32/v2.40/bin/bin/../../lib/gcc/pic32c/6.2.1/../../../../pic32c/lib\libc_nano.a(lib_a-reent.o)
 .debug_loc     0x0001270f       0x14 c:/program files/microchip/xc32/v2.40/bin/bin/../../lib/gcc/pic32c/6.2.1/../../../../pic32c/lib\libpic32c.a(_close.o)
 .debug_loc     0x00012723       0x14 c:/program files/microchip/xc32/v2.40/bin/bin/../../lib/gcc/pic32c/6.2.1/../../../../pic32c/lib\libpic32c.a(_fstat.o)
 .debug_loc     0x00012737       0x14 c:/program files/microchip/xc32/v2.40/bin/bin/../../lib/gcc/pic32c/6.2.1/../../../../pic32c/lib\libpic32c.a(_isatty.o)
 .debug_loc     0x0001274b       0x14 c:/program files/microchip/xc32/v2.40/bin/bin/../../lib/gcc/pic32c/6.2.1/../../../../pic32c/lib\libpic32c.a(_lseek.o)
 .debug_loc     0x0001275f       0x14 c:/program files/microchip/xc32/v2.40/bin/bin/../../lib/gcc/pic32c/6.2.1/../../../../pic32c/lib\libpic32c.a(_read.o)
 .debug_loc     0x00012773       0x14 c:/program files/microchip/xc32/v2.40/bin/bin/../../lib/gcc/pic32c/6.2.1/../../../../pic32c/lib\libpic32c.a(read.o)
 .debug_loc     0x00012787      0xfde c:/program files/microchip/xc32/v2.40/bin/bin/../../lib/gcc/pic32c/6.2.1\libgcc.a(muldf3.o)
 .debug_loc     0x00013765       0xbe c:/program files/microchip/xc32/v2.40/bin/bin/../../lib/gcc/pic32c/6.2.1\libgcc.a(unorddf2.o)
 .debug_loc     0x00013823      0x131 c:/program files/microchip/xc32/v2.40/bin/bin/../../lib/gcc/pic32c/6.2.1\libgcc.a(fixdfsi.o)
 .debug_loc     0x00013954      0x1c1 c:/program files/microchip/xc32/v2.40/bin/bin/../../lib/gcc/pic32c/6.2.1\libgcc.a(floatsidf.o)
 .debug_loc     0x00013b15      0x1df c:/program files/microchip/xc32/v2.40/bin/bin/../../lib/gcc/pic32c/6.2.1\libgcc.a(floatunsidf.o)

.debug_aranges  0x00000000     0x11f0
 .debug_aranges
                0x00000000       0x28 build/default/production/Source/startup_atsamc21a.o
 .debug_aranges
                0x00000028       0x20 build/default/production/Source/main.o
 .debug_aranges
                0x00000048       0x78 build/default/production/Source/system.o
 .debug_aranges
                0x000000c0       0x20 build/default/production/Source/port.o
 .debug_aranges
                0x000000e0       0x60 build/default/production/Source/uart.o
 .debug_aranges
                0x00000140       0x40 build/default/production/Source/timer.o
 .debug_aranges
                0x00000180       0x40 build/default/production/Source/analog.o
 .debug_aranges
                0x000001c0       0x48 build/default/production/Source/cal_temp.o
 .debug_aranges
                0x00000208       0x30 build/default/production/Source/dac.o
 .debug_aranges
                0x00000238       0x68 build/default/production/Source/flash.o
 .debug_aranges
                0x000002a0       0x30 build/default/production/Source/systick.o
 .debug_aranges
                0x000002d0       0x50 build/default/production/Source/fis.o
 .debug_aranges